../Core/Src/main.c:170:5:main	8	static
../Core/Src/main.c:307:6:SystemClock_Config	88	static
../Core/Src/main.c:354:13:MX_I2C1_Init	8	static
../Core/Src/main.c:388:13:MX_I2C2_Init	8	static
../Core/Src/main.c:422:13:MX_TIM1_Init	96	static
../Core/Src/main.c:497:13:MX_TIM2_Init	32	static
../Core/Src/main.c:542:13:MX_TIM3_Init	64	static
../Core/Src/main.c:609:13:MX_TIM4_Init	32	static
../Core/Src/main.c:654:13:MX_TIM5_Init	32	static
../Core/Src/main.c:699:13:MX_TIM8_Init	96	static
../Core/Src/main.c:783:13:MX_TIM9_Init	24	static
../Core/Src/main.c:821:13:MX_USART1_UART_Init	8	static
../Core/Src/main.c:854:13:MX_USART2_UART_Init	8	static
../Core/Src/main.c:887:13:MX_USART6_UART_Init	8	static
../Core/Src/main.c:918:13:MX_DMA_Init	16	static
../Core/Src/main.c:946:13:MX_GPIO_Init	56	static
../Core/Src/main.c:1008:6:sendUART	16	static
../Core/Src/main.c:1013:6:I2C_ResetDataBusToPullUp	40	static
../Core/Src/main.c:1071:6:HAL_TIM_PeriodElapsedCallback	16	static
../Core/Src/main.c:1086:6:HAL_TIM_OC_DelayElapsedCallback	16	static
../Core/Src/main.c:1099:6:HAL_UART_RxCpltCallback	16	static
../Core/Src/main.c:1115:6:HAL_I2C_MemRxCpltCallback	16	static
../Core/Src/main.c:1127:6:DRONE_ESCSetUp	8	static
../Core/Src/main.c:1144:6:DRONE_SetStatus	16	static
../Core/Src/main.c:1211:6:DRONE_SetSpeed	16	static
../Core/Src/main.c:1234:6:DRONE_ReceiveCommand	8	static
../Core/Src/main.c:1280:6:DRONE_Hover	16	static
../Core/Src/main.c:1287:7:DRONE_LimitThrottle	24	static
../Core/Src/main.c:1298:6:DRONE_OnFlight	16	static
../Core/Src/main.c:1319:6:Error_Handler	4	static,ignoring_inline_asm
