../Core/Src/main.c:83:6:sendUART	8	static
../Core/Src/main.c:94:5:main	8	static
../Core/Src/main.c:147:6:SystemClock_Config	88	static
../Core/Src/main.c:194:13:MX_I2C1_Init	8	static
../Core/Src/main.c:228:13:MX_I2C2_Init	8	static
../Core/Src/main.c:262:13:MX_TIM2_Init	32	static
../Core/Src/main.c:307:13:MX_TIM3_Init	48	static
../Core/Src/main.c:356:13:MX_USART1_UART_Init	8	static
../Core/Src/main.c:389:13:MX_USART6_UART_Init	8	static
../Core/Src/main.c:422:13:MX_GPIO_Init	56	static
../Core/Src/main.c:545:6:Error_Handler	4	static,ignoring_inline_asm
