../Core/Src/WT61.c:42:6:WT61_Init	16	static
../Core/Src/WT61.c:48:6:WT61_SetBaudrate	16	static
../Core/Src/WT61.c:85:6:WT61_ResetAngle	8	static
../Core/Src/WT61.c:91:6:WT61_ReceiveDataPacket	8	static
../Core/Src/WT61.c:95:6:WT61_CheckProtocolHeader	8	static
../Core/Src/WT61.c:116:6:WT61_CheckDataField	4	static
../Core/Src/WT61.c:125:8:WT61_GetPitchAngle	8	static
../Core/Src/WT61.c:129:8:WT61_GetRollAngle	8	static
../Core/Src/WT61.c:133:8:WT61_GetYawAngle	8	static
../Core/Src/WT61.c:138:6:WT61_HandleAngleWrapAround	4	static
../Core/Src/WT61.c:152:6:WT61_CalculateFullAngles	8	static
../Core/Src/WT61.c:164:6:HAL_UART_RxCpltCallback	16	static
