11:26:49 **** Build of configuration Debug for project wit-liked-imu ****
make -j16 all 
arm-none-eabi-gcc "../Core/Src/WT61.c" -mcpu=cortex-m4 -std=gnu11 -g3 -DDEBUG -DUSE_HAL_DRIVER -DSTM32F407xx -c -I../Core/Inc -I../Drivers/STM32F4xx_HAL_Driver/Inc -I../Drivers/STM32F4xx_HAL_Driver/Inc/Legacy -I../Drivers/CMSIS/Device/ST/STM32F4xx/Include -I../Drivers/CMSIS/Include -O0 -ffunction-sections -fdata-sections -Wall -fstack-usage -fcyclomatic-complexity -MMD -MP -MF"Core/Src/WT61.d" -MT"Core/Src/WT61.o" --specs=nano.specs -mfpu=fpv4-sp-d16 -mfloat-abi=hard -mthumb -o "Core/Src/WT61.o"
arm-none-eabi-gcc "../Core/Src/main.c" -mcpu=cortex-m4 -std=gnu11 -g3 -DDEBUG -DUSE_HAL_DRIVER -DSTM32F407xx -c -I../Core/Inc -I../Drivers/STM32F4xx_HAL_Driver/Inc -I../Drivers/STM32F4xx_HAL_Driver/Inc/Legacy -I../Drivers/CMSIS/Device/ST/STM32F4xx/Include -I../Drivers/CMSIS/Include -O0 -ffunction-sections -fdata-sections -Wall -fstack-usage -fcyclomatic-complexity -MMD -MP -MF"Core/Src/main.d" -MT"Core/Src/main.o" --specs=nano.specs -mfpu=fpv4-sp-d16 -mfloat-abi=hard -mthumb -o "Core/Src/main.o"
../Core/Src/WT61.c:24:22: warning: 'BAUDRATE_9600' defined but not used [-Wunused-const-variable=]
   24 | static const uint8_t BAUDRATE_9600[] = {0xFF, 0xAA, 0x64};
      |                      ^~~~~~~~~~~~~
../Core/Src/WT61.c:23:22: warning: 'BAUDRATE_115200' defined but not used [-Wunused-const-variable=]
   23 | static const uint8_t BAUDRATE_115200[] = {0xFF, 0xAA, 0x63};
      |                      ^~~~~~~~~~~~~~~
arm-none-eabi-gcc -o "wit-liked-imu.elf" @"objects.list"   -mcpu=cortex-m4 -T"D:\Mechatronics\Repositories\Project_Drone\firmware\firmware\wit-liked-imu\STM32F407VETX_FLASH.ld" --specs=nosys.specs -Wl,-Map="wit-liked-imu.map" -Wl,--gc-sections -static --specs=nano.specs -mfpu=fpv4-sp-d16 -mfloat-abi=hard -mthumb -Wl,--start-group -lc -lm -Wl,--end-group
Finished building target: wit-liked-imu.elf
 
arm-none-eabi-size  wit-liked-imu.elf 
arm-none-eabi-objdump -h -S wit-liked-imu.elf  > "wit-liked-imu.list"
   text	   data	    bss	    dec	    hex	filename
  13616	     12	   1840	  15468	   3c6c	wit-liked-imu.elf
Finished building: default.size.stdout
 
Finished building: wit-liked-imu.list
 
11:39:00 **** Incremental Build of configuration Debug for project Drone_V1 ****
make -j16 all 
arm-none-eabi-gcc "../Core/Src/MPU6050.c" -mcpu=cortex-m4 -std=gnu11 -g3 -DDEBUG -DUSE_HAL_DRIVER -DSTM32F407xx -c -I../Core/Inc -I../Drivers/STM32F4xx_HAL_Driver/Inc -I../Drivers/STM32F4xx_HAL_Driver/Inc/Legacy -I../Drivers/CMSIS/Device/ST/STM32F4xx/Include -I../Drivers/CMSIS/Include -O0 -ffunction-sections -fdata-sections -Wall -fstack-usage -fcyclomatic-complexity -MMD -MP -MF"Core/Src/MPU6050.d" -MT"Core/Src/MPU6050.o" --specs=nano.specs -mfpu=fpv4-sp-d16 -mfloat-abi=hard -mthumb -o "Core/Src/MPU6050.o"
arm-none-eabi-gcc "../Core/Src/WT61.c" -mcpu=cortex-m4 -std=gnu11 -g3 -DDEBUG -DUSE_HAL_DRIVER -DSTM32F407xx -c -I../Core/Inc -I../Drivers/STM32F4xx_HAL_Driver/Inc -I../Drivers/STM32F4xx_HAL_Driver/Inc/Legacy -I../Drivers/CMSIS/Device/ST/STM32F4xx/Include -I../Drivers/CMSIS/Include -O0 -ffunction-sections -fdata-sections -Wall -fstack-usage -fcyclomatic-complexity -MMD -MP -MF"Core/Src/WT61.d" -MT"Core/Src/WT61.o" --specs=nano.specs -mfpu=fpv4-sp-d16 -mfloat-abi=hard -mthumb -o "Core/Src/WT61.o"
arm-none-eabi-gcc "../Core/Src/main.c" -mcpu=cortex-m4 -std=gnu11 -g3 -DDEBUG -DUSE_HAL_DRIVER -DSTM32F407xx -c -I../Core/Inc -I../Drivers/STM32F4xx_HAL_Driver/Inc -I../Drivers/STM32F4xx_HAL_Driver/Inc/Legacy -I../Drivers/CMSIS/Device/ST/STM32F4xx/Include -I../Drivers/CMSIS/Include -O0 -ffunction-sections -fdata-sections -Wall -fstack-usage -fcyclomatic-complexity -MMD -MP -MF"Core/Src/main.d" -MT"Core/Src/main.o" --specs=nano.specs -mfpu=fpv4-sp-d16 -mfloat-abi=hard -mthumb -o "Core/Src/main.o"
arm-none-eabi-gcc "../Core/Src/stm32f4xx_hal_msp.c" -mcpu=cortex-m4 -std=gnu11 -g3 -DDEBUG -DUSE_HAL_DRIVER -DSTM32F407xx -c -I../Core/Inc -I../Drivers/STM32F4xx_HAL_Driver/Inc -I../Drivers/STM32F4xx_HAL_Driver/Inc/Legacy -I../Drivers/CMSIS/Device/ST/STM32F4xx/Include -I../Drivers/CMSIS/Include -O0 -ffunction-sections -fdata-sections -Wall -fstack-usage -fcyclomatic-complexity -MMD -MP -MF"Core/Src/stm32f4xx_hal_msp.d" -MT"Core/Src/stm32f4xx_hal_msp.o" --specs=nano.specs -mfpu=fpv4-sp-d16 -mfloat-abi=hard -mthumb -o "Core/Src/stm32f4xx_hal_msp.o"
arm-none-eabi-gcc "../Core/Src/stm32f4xx_it.c" -mcpu=cortex-m4 -std=gnu11 -g3 -DDEBUG -DUSE_HAL_DRIVER -DSTM32F407xx -c -I../Core/Inc -I../Drivers/STM32F4xx_HAL_Driver/Inc -I../Drivers/STM32F4xx_HAL_Driver/Inc/Legacy -I../Drivers/CMSIS/Device/ST/STM32F4xx/Include -I../Drivers/CMSIS/Include -O0 -ffunction-sections -fdata-sections -Wall -fstack-usage -fcyclomatic-complexity -MMD -MP -MF"Core/Src/stm32f4xx_it.d" -MT"Core/Src/stm32f4xx_it.o" --specs=nano.specs -mfpu=fpv4-sp-d16 -mfloat-abi=hard -mthumb -o "Core/Src/stm32f4xx_it.o"
arm-none-eabi-gcc "../Core/Src/syscalls.c" -mcpu=cortex-m4 -std=gnu11 -g3 -DDEBUG -DUSE_HAL_DRIVER -DSTM32F407xx -c -I../Core/Inc -I../Drivers/STM32F4xx_HAL_Driver/Inc -I../Drivers/STM32F4xx_HAL_Driver/Inc/Legacy -I../Drivers/CMSIS/Device/ST/STM32F4xx/Include -I../Drivers/CMSIS/Include -O0 -ffunction-sections -fdata-sections -Wall -fstack-usage -fcyclomatic-complexity -MMD -MP -MF"Core/Src/syscalls.d" -MT"Core/Src/syscalls.o" --specs=nano.specs -mfpu=fpv4-sp-d16 -mfloat-abi=hard -mthumb -o "Core/Src/syscalls.o"
arm-none-eabi-gcc "../Core/Src/sysmem.c" -mcpu=cortex-m4 -std=gnu11 -g3 -DDEBUG -DUSE_HAL_DRIVER -DSTM32F407xx -c -I../Core/Inc -I../Drivers/STM32F4xx_HAL_Driver/Inc -I../Drivers/STM32F4xx_HAL_Driver/Inc/Legacy -I../Drivers/CMSIS/Device/ST/STM32F4xx/Include -I../Drivers/CMSIS/Include -O0 -ffunction-sections -fdata-sections -Wall -fstack-usage -fcyclomatic-complexity -MMD -MP -MF"Core/Src/sysmem.d" -MT"Core/Src/sysmem.o" --specs=nano.specs -mfpu=fpv4-sp-d16 -mfloat-abi=hard -mthumb -o "Core/Src/sysmem.o"
arm-none-eabi-gcc "../Core/Src/system_stm32f4xx.c" -mcpu=cortex-m4 -std=gnu11 -g3 -DDEBUG -DUSE_HAL_DRIVER -DSTM32F407xx -c -I../Core/Inc -I../Drivers/STM32F4xx_HAL_Driver/Inc -I../Drivers/STM32F4xx_HAL_Driver/Inc/Legacy -I../Drivers/CMSIS/Device/ST/STM32F4xx/Include -I../Drivers/CMSIS/Include -O0 -ffunction-sections -fdata-sections -Wall -fstack-usage -fcyclomatic-complexity -MMD -MP -MF"Core/Src/system_stm32f4xx.d" -MT"Core/Src/system_stm32f4xx.o" --specs=nano.specs -mfpu=fpv4-sp-d16 -mfloat-abi=hard -mthumb -o "Core/Src/system_stm32f4xx.o"
../Core/Src/WT61.c:24:22: warning: 'BAUDRATE_9600' defined but not used [-Wunused-const-variable=]
   24 | static const uint8_t BAUDRATE_9600[] = {0xFF, 0xAA, 0x64};
      |                      ^~~~~~~~~~~~~
../Core/Src/WT61.c:23:22: warning: 'BAUDRATE_115200' defined but not used [-Wunused-const-variable=]
   23 | static const uint8_t BAUDRATE_115200[] = {0xFF, 0xAA, 0x63};
      |                      ^~~~~~~~~~~~~~~
../Core/Src/main.c: In function 'main':
../Core/Src/main.c:127:3: warning: implicit declaration of function 'WT61_Init' [-Wimplicit-function-declaration]
  127 |   WT61_Init(&huart2);
      |   ^~~~~~~~~
../Core/Src/main.c:127:14: error: 'huart2' undeclared (first use in this function); did you mean 'huart6'?
  127 |   WT61_Init(&huart2);
      |              ^~~~~~
      |              huart6
../Core/Src/main.c:127:14: note: each undeclared identifier is reported only once for each function it appears in
../Core/Src/main.c:140:9: warning: implicit declaration of function 'WT61_CheckProtocolHeader' [-Wimplicit-function-declaration]
  140 |         WT61_CheckProtocolHeader();
      |         ^~~~~~~~~~~~~~~~~~~~~~~~
../Core/Src/main.c:141:18: warning: implicit declaration of function 'WT61_GetYawAngle' [-Wimplicit-function-declaration]
  141 |         angleZ = WT61_GetYawAngle();
      |                  ^~~~~~~~~~~~~~~~
make: *** [Core/Src/subdir.mk:40: Core/Src/main.o] Error 1
make: *** Waiting for unfinished jobs....
"make -j16 all" terminated with exit code 2. Build might be incomplete.
11:39:17 **** Incremental Build of configuration Debug for project Drone_V1 ****
make -j16 all 
arm-none-eabi-gcc "../Core/Src/main.c" -mcpu=cortex-m4 -std=gnu11 -g3 -DDEBUG -DUSE_HAL_DRIVER -DSTM32F407xx -c -I../Core/Inc -I../Drivers/STM32F4xx_HAL_Driver/Inc -I../Drivers/STM32F4xx_HAL_Driver/Inc/Legacy -I../Drivers/CMSIS/Device/ST/STM32F4xx/Include -I../Drivers/CMSIS/Include -O0 -ffunction-sections -fdata-sections -Wall -fstack-usage -fcyclomatic-complexity -MMD -MP -MF"Core/Src/main.d" -MT"Core/Src/main.o" --specs=nano.specs -mfpu=fpv4-sp-d16 -mfloat-abi=hard -mthumb -o "Core/Src/main.o"
../Core/Src/main.c: In function 'main':
../Core/Src/main.c:128:14: error: 'huart2' undeclared (first use in this function); did you mean 'huart6'?
  128 |   WT61_Init(&huart2);
      |              ^~~~~~
      |              huart6
../Core/Src/main.c:128:14: note: each undeclared identifier is reported only once for each function it appears in
make: *** [Core/Src/subdir.mk:40: Core/Src/main.o] Error 1
"make -j16 all" terminated with exit code 2. Build might be incomplete.
11:44:04 **** Incremental Build of configuration Debug for project Drone_V1 ****
make -j16 all 
arm-none-eabi-gcc "../Core/Src/MPU6050.c" -mcpu=cortex-m4 -std=gnu11 -g3 -DDEBUG -DUSE_HAL_DRIVER -DSTM32F407xx -c -I../Core/Inc -I../Drivers/STM32F4xx_HAL_Driver/Inc -I../Drivers/STM32F4xx_HAL_Driver/Inc/Legacy -I../Drivers/CMSIS/Device/ST/STM32F4xx/Include -I../Drivers/CMSIS/Include -O0 -ffunction-sections -fdata-sections -Wall -fstack-usage -fcyclomatic-complexity -MMD -MP -MF"Core/Src/MPU6050.d" -MT"Core/Src/MPU6050.o" --specs=nano.specs -mfpu=fpv4-sp-d16 -mfloat-abi=hard -mthumb -o "Core/Src/MPU6050.o"
arm-none-eabi-gcc "../Core/Src/PID.c" -mcpu=cortex-m4 -std=gnu11 -g3 -DDEBUG -DUSE_HAL_DRIVER -DSTM32F407xx -c -I../Core/Inc -I../Drivers/STM32F4xx_HAL_Driver/Inc -I../Drivers/STM32F4xx_HAL_Driver/Inc/Legacy -I../Drivers/CMSIS/Device/ST/STM32F4xx/Include -I../Drivers/CMSIS/Include -O0 -ffunction-sections -fdata-sections -Wall -fstack-usage -fcyclomatic-complexity -MMD -MP -MF"Core/Src/PID.d" -MT"Core/Src/PID.o" --specs=nano.specs -mfpu=fpv4-sp-d16 -mfloat-abi=hard -mthumb -o "Core/Src/PID.o"
arm-none-eabi-gcc "../Core/Src/WT61.c" -mcpu=cortex-m4 -std=gnu11 -g3 -DDEBUG -DUSE_HAL_DRIVER -DSTM32F407xx -c -I../Core/Inc -I../Drivers/STM32F4xx_HAL_Driver/Inc -I../Drivers/STM32F4xx_HAL_Driver/Inc/Legacy -I../Drivers/CMSIS/Device/ST/STM32F4xx/Include -I../Drivers/CMSIS/Include -O0 -ffunction-sections -fdata-sections -Wall -fstack-usage -fcyclomatic-complexity -MMD -MP -MF"Core/Src/WT61.d" -MT"Core/Src/WT61.o" --specs=nano.specs -mfpu=fpv4-sp-d16 -mfloat-abi=hard -mthumb -o "Core/Src/WT61.o"
arm-none-eabi-gcc "../Core/Src/main.c" -mcpu=cortex-m4 -std=gnu11 -g3 -DDEBUG -DUSE_HAL_DRIVER -DSTM32F407xx -c -I../Core/Inc -I../Drivers/STM32F4xx_HAL_Driver/Inc -I../Drivers/STM32F4xx_HAL_Driver/Inc/Legacy -I../Drivers/CMSIS/Device/ST/STM32F4xx/Include -I../Drivers/CMSIS/Include -O0 -ffunction-sections -fdata-sections -Wall -fstack-usage -fcyclomatic-complexity -MMD -MP -MF"Core/Src/main.d" -MT"Core/Src/main.o" --specs=nano.specs -mfpu=fpv4-sp-d16 -mfloat-abi=hard -mthumb -o "Core/Src/main.o"
arm-none-eabi-gcc "../Core/Src/stm32f4xx_hal_msp.c" -mcpu=cortex-m4 -std=gnu11 -g3 -DDEBUG -DUSE_HAL_DRIVER -DSTM32F407xx -c -I../Core/Inc -I../Drivers/STM32F4xx_HAL_Driver/Inc -I../Drivers/STM32F4xx_HAL_Driver/Inc/Legacy -I../Drivers/CMSIS/Device/ST/STM32F4xx/Include -I../Drivers/CMSIS/Include -O0 -ffunction-sections -fdata-sections -Wall -fstack-usage -fcyclomatic-complexity -MMD -MP -MF"Core/Src/stm32f4xx_hal_msp.d" -MT"Core/Src/stm32f4xx_hal_msp.o" --specs=nano.specs -mfpu=fpv4-sp-d16 -mfloat-abi=hard -mthumb -o "Core/Src/stm32f4xx_hal_msp.o"
arm-none-eabi-gcc "../Core/Src/stm32f4xx_it.c" -mcpu=cortex-m4 -std=gnu11 -g3 -DDEBUG -DUSE_HAL_DRIVER -DSTM32F407xx -c -I../Core/Inc -I../Drivers/STM32F4xx_HAL_Driver/Inc -I../Drivers/STM32F4xx_HAL_Driver/Inc/Legacy -I../Drivers/CMSIS/Device/ST/STM32F4xx/Include -I../Drivers/CMSIS/Include -O0 -ffunction-sections -fdata-sections -Wall -fstack-usage -fcyclomatic-complexity -MMD -MP -MF"Core/Src/stm32f4xx_it.d" -MT"Core/Src/stm32f4xx_it.o" --specs=nano.specs -mfpu=fpv4-sp-d16 -mfloat-abi=hard -mthumb -o "Core/Src/stm32f4xx_it.o"
arm-none-eabi-gcc "../Core/Src/syscalls.c" -mcpu=cortex-m4 -std=gnu11 -g3 -DDEBUG -DUSE_HAL_DRIVER -DSTM32F407xx -c -I../Core/Inc -I../Drivers/STM32F4xx_HAL_Driver/Inc -I../Drivers/STM32F4xx_HAL_Driver/Inc/Legacy -I../Drivers/CMSIS/Device/ST/STM32F4xx/Include -I../Drivers/CMSIS/Include -O0 -ffunction-sections -fdata-sections -Wall -fstack-usage -fcyclomatic-complexity -MMD -MP -MF"Core/Src/syscalls.d" -MT"Core/Src/syscalls.o" --specs=nano.specs -mfpu=fpv4-sp-d16 -mfloat-abi=hard -mthumb -o "Core/Src/syscalls.o"
arm-none-eabi-gcc "../Core/Src/sysmem.c" -mcpu=cortex-m4 -std=gnu11 -g3 -DDEBUG -DUSE_HAL_DRIVER -DSTM32F407xx -c -I../Core/Inc -I../Drivers/STM32F4xx_HAL_Driver/Inc -I../Drivers/STM32F4xx_HAL_Driver/Inc/Legacy -I../Drivers/CMSIS/Device/ST/STM32F4xx/Include -I../Drivers/CMSIS/Include -O0 -ffunction-sections -fdata-sections -Wall -fstack-usage -fcyclomatic-complexity -MMD -MP -MF"Core/Src/sysmem.d" -MT"Core/Src/sysmem.o" --specs=nano.specs -mfpu=fpv4-sp-d16 -mfloat-abi=hard -mthumb -o "Core/Src/sysmem.o"
arm-none-eabi-gcc "../Core/Src/system_stm32f4xx.c" -mcpu=cortex-m4 -std=gnu11 -g3 -DDEBUG -DUSE_HAL_DRIVER -DSTM32F407xx -c -I../Core/Inc -I../Drivers/STM32F4xx_HAL_Driver/Inc -I../Drivers/STM32F4xx_HAL_Driver/Inc/Legacy -I../Drivers/CMSIS/Device/ST/STM32F4xx/Include -I../Drivers/CMSIS/Include -O0 -ffunction-sections -fdata-sections -Wall -fstack-usage -fcyclomatic-complexity -MMD -MP -MF"Core/Src/system_stm32f4xx.d" -MT"Core/Src/system_stm32f4xx.o" --specs=nano.specs -mfpu=fpv4-sp-d16 -mfloat-abi=hard -mthumb -o "Core/Src/system_stm32f4xx.o"
../Core/Src/WT61.c:24:22: warning: 'BAUDRATE_9600' defined but not used [-Wunused-const-variable=]
   24 | static const uint8_t BAUDRATE_9600[] = {0xFF, 0xAA, 0x64};
      |                      ^~~~~~~~~~~~~
../Core/Src/WT61.c:23:22: warning: 'BAUDRATE_115200' defined but not used [-Wunused-const-variable=]
   23 | static const uint8_t BAUDRATE_115200[] = {0xFF, 0xAA, 0x63};
      |                      ^~~~~~~~~~~~~~~
../Core/Src/main.c: In function 'main':
../Core/Src/main.c:128:14: error: 'huart2' undeclared (first use in this function); did you mean 'huart6'?
  128 |   WT61_Init(&huart2);
      |              ^~~~~~
      |              huart6
../Core/Src/main.c:128:14: note: each undeclared identifier is reported only once for each function it appears in
make: *** [Core/Src/subdir.mk:43: Core/Src/main.o] Error 1
make: *** Waiting for unfinished jobs....
"make -j16 all" terminated with exit code 2. Build might be incomplete.
11:54:50 **** Incremental Build of configuration Debug for project Drone_V1 ****
make -j16 all 
arm-none-eabi-gcc "../Core/Src/PID.c" -mcpu=cortex-m4 -std=gnu11 -g3 -DDEBUG -DUSE_HAL_DRIVER -DSTM32F407xx -c -I../Core/Inc -I../Drivers/STM32F4xx_HAL_Driver/Inc -I../Drivers/STM32F4xx_HAL_Driver/Inc/Legacy -I../Drivers/CMSIS/Device/ST/STM32F4xx/Include -I../Drivers/CMSIS/Include -O0 -ffunction-sections -fdata-sections -Wall -fstack-usage -fcyclomatic-complexity -MMD -MP -MF"Core/Src/PID.d" -MT"Core/Src/PID.o" --specs=nano.specs -mfpu=fpv4-sp-d16 -mfloat-abi=hard -mthumb -o "Core/Src/PID.o"
arm-none-eabi-gcc "../Core/Src/main.c" -mcpu=cortex-m4 -std=gnu11 -g3 -DDEBUG -DUSE_HAL_DRIVER -DSTM32F407xx -c -I../Core/Inc -I../Drivers/STM32F4xx_HAL_Driver/Inc -I../Drivers/STM32F4xx_HAL_Driver/Inc/Legacy -I../Drivers/CMSIS/Device/ST/STM32F4xx/Include -I../Drivers/CMSIS/Include -O0 -ffunction-sections -fdata-sections -Wall -fstack-usage -fcyclomatic-complexity -MMD -MP -MF"Core/Src/main.d" -MT"Core/Src/main.o" --specs=nano.specs -mfpu=fpv4-sp-d16 -mfloat-abi=hard -mthumb -o "Core/Src/main.o"
../Core/Src/main.c: In function 'main':
../Core/Src/main.c:128:14: error: 'huart2' undeclared (first use in this function); did you mean 'huart6'?
  128 |   WT61_Init(&huart2);
      |              ^~~~~~
      |              huart6
../Core/Src/main.c:128:14: note: each undeclared identifier is reported only once for each function it appears in
make: *** [Core/Src/subdir.mk:43: Core/Src/main.o] Error 1
"make -j16 all" terminated with exit code 2. Build might be incomplete.
15:06:04 **** Incremental Build of configuration Debug for project Drone_V1 ****
make -j16 all 
arm-none-eabi-gcc "../Core/Src/PID.c" -mcpu=cortex-m4 -std=gnu11 -g3 -DDEBUG -DUSE_HAL_DRIVER -DSTM32F407xx -c -I../Core/Inc -I../Drivers/STM32F4xx_HAL_Driver/Inc -I../Drivers/STM32F4xx_HAL_Driver/Inc/Legacy -I../Drivers/CMSIS/Device/ST/STM32F4xx/Include -I../Drivers/CMSIS/Include -O0 -ffunction-sections -fdata-sections -Wall -fstack-usage -fcyclomatic-complexity -MMD -MP -MF"Core/Src/PID.d" -MT"Core/Src/PID.o" --specs=nano.specs -mfpu=fpv4-sp-d16 -mfloat-abi=hard -mthumb -o "Core/Src/PID.o"
arm-none-eabi-gcc "../Core/Src/main.c" -mcpu=cortex-m4 -std=gnu11 -g3 -DDEBUG -DUSE_HAL_DRIVER -DSTM32F407xx -c -I../Core/Inc -I../Drivers/STM32F4xx_HAL_Driver/Inc -I../Drivers/STM32F4xx_HAL_Driver/Inc/Legacy -I../Drivers/CMSIS/Device/ST/STM32F4xx/Include -I../Drivers/CMSIS/Include -O0 -ffunction-sections -fdata-sections -Wall -fstack-usage -fcyclomatic-complexity -MMD -MP -MF"Core/Src/main.d" -MT"Core/Src/main.o" --specs=nano.specs -mfpu=fpv4-sp-d16 -mfloat-abi=hard -mthumb -o "Core/Src/main.o"
../Core/Src/PID.c:12:7: error: conflicting types for 'PID_Init'; have 'float(PID *)'
   12 | float PID_Init(PID *pid){
      |       ^~~~~~~~
In file included from ../Core/Src/PID.c:9:
../Core/Inc/PID.h:41:6: note: previous declaration of 'PID_Init' with type 'void(PID *)'
   41 | void PID_Init(PID *pid);
      |      ^~~~~~~~
../Core/Src/PID.c:38:6: error: conflicting types for 'PID_Compute'; have 'void(PID *)'
   38 | void PID_Compute(PID *pid){
      |      ^~~~~~~~~~~
../Core/Inc/PID.h:43:7: note: previous declaration of 'PID_Compute' with type 'float(PID *)'
   43 | float PID_Compute(PID *pid);
      |       ^~~~~~~~~~~
../Core/Src/PID.c: In function 'PID_Compute':
../Core/Src/PID.c:65:19: warning: 'return' with a value, in function returning void [-Wreturn-type]
   65 |         return pid->output;
      |                ~~~^~~~~~~~
../Core/Src/PID.c:38:6: note: declared here
   38 | void PID_Compute(PID *pid){
      |      ^~~~~~~~~~~
../Core/Src/PID.c: In function 'PID_Init':
../Core/Src/PID.c:30:1: warning: control reaches end of non-void function [-Wreturn-type]
   30 | }
      | ^
make: *** [Core/Src/subdir.mk:43: Core/Src/PID.o] Error 1
make: *** Waiting for unfinished jobs....
../Core/Src/main.c: In function 'main':
../Core/Src/main.c:128:14: error: 'huart2' undeclared (first use in this function); did you mean 'huart6'?
  128 |   WT61_Init(&huart2);
      |              ^~~~~~
      |              huart6
../Core/Src/main.c:128:14: note: each undeclared identifier is reported only once for each function it appears in
make: *** [Core/Src/subdir.mk:43: Core/Src/main.o] Error 1
"make -j16 all" terminated with exit code 2. Build might be incomplete.
15:06:18 **** Incremental Build of configuration Debug for project Drone_V1 ****
make -j16 all 
arm-none-eabi-gcc "../Core/Src/PID.c" -mcpu=cortex-m4 -std=gnu11 -g3 -DDEBUG -DUSE_HAL_DRIVER -DSTM32F407xx -c -I../Core/Inc -I../Drivers/STM32F4xx_HAL_Driver/Inc -I../Drivers/STM32F4xx_HAL_Driver/Inc/Legacy -I../Drivers/CMSIS/Device/ST/STM32F4xx/Include -I../Drivers/CMSIS/Include -O0 -ffunction-sections -fdata-sections -Wall -fstack-usage -fcyclomatic-complexity -MMD -MP -MF"Core/Src/PID.d" -MT"Core/Src/PID.o" --specs=nano.specs -mfpu=fpv4-sp-d16 -mfloat-abi=hard -mthumb -o "Core/Src/PID.o"
arm-none-eabi-gcc "../Core/Src/main.c" -mcpu=cortex-m4 -std=gnu11 -g3 -DDEBUG -DUSE_HAL_DRIVER -DSTM32F407xx -c -I../Core/Inc -I../Drivers/STM32F4xx_HAL_Driver/Inc -I../Drivers/STM32F4xx_HAL_Driver/Inc/Legacy -I../Drivers/CMSIS/Device/ST/STM32F4xx/Include -I../Drivers/CMSIS/Include -O0 -ffunction-sections -fdata-sections -Wall -fstack-usage -fcyclomatic-complexity -MMD -MP -MF"Core/Src/main.d" -MT"Core/Src/main.o" --specs=nano.specs -mfpu=fpv4-sp-d16 -mfloat-abi=hard -mthumb -o "Core/Src/main.o"
../Core/Src/PID.c:12:7: error: conflicting types for 'PID_Init'; have 'float(PID *)'
   12 | float PID_Init(PID *pid){
      |       ^~~~~~~~
In file included from ../Core/Src/PID.c:9:
../Core/Inc/PID.h:41:6: note: previous declaration of 'PID_Init' with type 'void(PID *)'
   41 | void PID_Init(PID *pid);
      |      ^~~~~~~~
../Core/Src/PID.c:38:6: error: conflicting types for 'PID_Compute'; have 'void(PID *)'
   38 | void PID_Compute(PID *pid){
      |      ^~~~~~~~~~~
../Core/Inc/PID.h:43:7: note: previous declaration of 'PID_Compute' with type 'float(PID *)'
   43 | float PID_Compute(PID *pid);
      |       ^~~~~~~~~~~
../Core/Src/PID.c: In function 'PID_Compute':
../Core/Src/PID.c:65:19: warning: 'return' with a value, in function returning void [-Wreturn-type]
   65 |         return pid->output;
      |                ~~~^~~~~~~~
../Core/Src/PID.c:38:6: note: declared here
   38 | void PID_Compute(PID *pid){
      |      ^~~~~~~~~~~
../Core/Src/PID.c: In function 'PID_Init':
../Core/Src/PID.c:30:1: warning: control reaches end of non-void function [-Wreturn-type]
   30 | }
      | ^
make: *** [Core/Src/subdir.mk:43: Core/Src/PID.o] Error 1
make: *** Waiting for unfinished jobs....
../Core/Src/main.c: In function 'main':
../Core/Src/main.c:128:14: error: 'huart2' undeclared (first use in this function); did you mean 'huart6'?
  128 |   WT61_Init(&huart2);
      |              ^~~~~~
      |              huart6
../Core/Src/main.c:128:14: note: each undeclared identifier is reported only once for each function it appears in
make: *** [Core/Src/subdir.mk:43: Core/Src/main.o] Error 1
"make -j16 all" terminated with exit code 2. Build might be incomplete.
15:06:39 **** Incremental Build of configuration Debug for project Drone_V1 ****
make -j16 all 
arm-none-eabi-gcc "../Core/Src/PID.c" -mcpu=cortex-m4 -std=gnu11 -g3 -DDEBUG -DUSE_HAL_DRIVER -DSTM32F407xx -c -I../Core/Inc -I../Drivers/STM32F4xx_HAL_Driver/Inc -I../Drivers/STM32F4xx_HAL_Driver/Inc/Legacy -I../Drivers/CMSIS/Device/ST/STM32F4xx/Include -I../Drivers/CMSIS/Include -O0 -ffunction-sections -fdata-sections -Wall -fstack-usage -fcyclomatic-complexity -MMD -MP -MF"Core/Src/PID.d" -MT"Core/Src/PID.o" --specs=nano.specs -mfpu=fpv4-sp-d16 -mfloat-abi=hard -mthumb -o "Core/Src/PID.o"
arm-none-eabi-gcc "../Core/Src/main.c" -mcpu=cortex-m4 -std=gnu11 -g3 -DDEBUG -DUSE_HAL_DRIVER -DSTM32F407xx -c -I../Core/Inc -I../Drivers/STM32F4xx_HAL_Driver/Inc -I../Drivers/STM32F4xx_HAL_Driver/Inc/Legacy -I../Drivers/CMSIS/Device/ST/STM32F4xx/Include -I../Drivers/CMSIS/Include -O0 -ffunction-sections -fdata-sections -Wall -fstack-usage -fcyclomatic-complexity -MMD -MP -MF"Core/Src/main.d" -MT"Core/Src/main.o" --specs=nano.specs -mfpu=fpv4-sp-d16 -mfloat-abi=hard -mthumb -o "Core/Src/main.o"
../Core/Src/PID.c:12:7: error: conflicting types for 'PID_Init'; have 'float(PID *)'
   12 | float PID_Init(PID *pid){
      |       ^~~~~~~~
In file included from ../Core/Src/PID.c:9:
../Core/Inc/PID.h:41:6: note: previous declaration of 'PID_Init' with type 'void(PID *)'
   41 | void PID_Init(PID *pid);
      |      ^~~~~~~~
../Core/Src/PID.c: In function 'PID_Init':
../Core/Src/PID.c:30:1: warning: control reaches end of non-void function [-Wreturn-type]
   30 | }
      | ^
make: *** [Core/Src/subdir.mk:43: Core/Src/PID.o] Error 1
make: *** Waiting for unfinished jobs....
../Core/Src/main.c: In function 'main':
../Core/Src/main.c:128:14: error: 'huart2' undeclared (first use in this function); did you mean 'huart6'?
  128 |   WT61_Init(&huart2);
      |              ^~~~~~
      |              huart6
../Core/Src/main.c:128:14: note: each undeclared identifier is reported only once for each function it appears in
make: *** [Core/Src/subdir.mk:43: Core/Src/main.o] Error 1
"make -j16 all" terminated with exit code 2. Build might be incomplete.
15:06:56 **** Incremental Build of configuration Debug for project Drone_V1 ****
make -j16 all 
arm-none-eabi-gcc "../Core/Src/PID.c" -mcpu=cortex-m4 -std=gnu11 -g3 -DDEBUG -DUSE_HAL_DRIVER -DSTM32F407xx -c -I../Core/Inc -I../Drivers/STM32F4xx_HAL_Driver/Inc -I../Drivers/STM32F4xx_HAL_Driver/Inc/Legacy -I../Drivers/CMSIS/Device/ST/STM32F4xx/Include -I../Drivers/CMSIS/Include -O0 -ffunction-sections -fdata-sections -Wall -fstack-usage -fcyclomatic-complexity -MMD -MP -MF"Core/Src/PID.d" -MT"Core/Src/PID.o" --specs=nano.specs -mfpu=fpv4-sp-d16 -mfloat-abi=hard -mthumb -o "Core/Src/PID.o"
arm-none-eabi-gcc "../Core/Src/main.c" -mcpu=cortex-m4 -std=gnu11 -g3 -DDEBUG -DUSE_HAL_DRIVER -DSTM32F407xx -c -I../Core/Inc -I../Drivers/STM32F4xx_HAL_Driver/Inc -I../Drivers/STM32F4xx_HAL_Driver/Inc/Legacy -I../Drivers/CMSIS/Device/ST/STM32F4xx/Include -I../Drivers/CMSIS/Include -O0 -ffunction-sections -fdata-sections -Wall -fstack-usage -fcyclomatic-complexity -MMD -MP -MF"Core/Src/main.d" -MT"Core/Src/main.o" --specs=nano.specs -mfpu=fpv4-sp-d16 -mfloat-abi=hard -mthumb -o "Core/Src/main.o"
../Core/Src/PID.c:12:7: error: conflicting types for 'PID_Init'; have 'float(PID *)'
   12 | float PID_Init(PID *pid){
      |       ^~~~~~~~
In file included from ../Core/Src/PID.c:9:
../Core/Inc/PID.h:41:6: note: previous declaration of 'PID_Init' with type 'void(PID *)'
   41 | void PID_Init(PID *pid);
      |      ^~~~~~~~
../Core/Src/PID.c: In function 'PID_Init':
../Core/Src/PID.c:30:1: warning: control reaches end of non-void function [-Wreturn-type]
   30 | }
      | ^
make: *** [Core/Src/subdir.mk:43: Core/Src/PID.o] Error 1
make: *** Waiting for unfinished jobs....
../Core/Src/main.c: In function 'main':
../Core/Src/main.c:128:14: error: 'huart2' undeclared (first use in this function); did you mean 'huart6'?
  128 |   WT61_Init(&huart2);
      |              ^~~~~~
      |              huart6
../Core/Src/main.c:128:14: note: each undeclared identifier is reported only once for each function it appears in
make: *** [Core/Src/subdir.mk:43: Core/Src/main.o] Error 1
"make -j16 all" terminated with exit code 2. Build might be incomplete.
15:06:59 **** Incremental Build of configuration Debug for project Drone_V1 ****
make -j16 all 
arm-none-eabi-gcc "../Core/Src/PID.c" -mcpu=cortex-m4 -std=gnu11 -g3 -DDEBUG -DUSE_HAL_DRIVER -DSTM32F407xx -c -I../Core/Inc -I../Drivers/STM32F4xx_HAL_Driver/Inc -I../Drivers/STM32F4xx_HAL_Driver/Inc/Legacy -I../Drivers/CMSIS/Device/ST/STM32F4xx/Include -I../Drivers/CMSIS/Include -O0 -ffunction-sections -fdata-sections -Wall -fstack-usage -fcyclomatic-complexity -MMD -MP -MF"Core/Src/PID.d" -MT"Core/Src/PID.o" --specs=nano.specs -mfpu=fpv4-sp-d16 -mfloat-abi=hard -mthumb -o "Core/Src/PID.o"
arm-none-eabi-gcc "../Core/Src/main.c" -mcpu=cortex-m4 -std=gnu11 -g3 -DDEBUG -DUSE_HAL_DRIVER -DSTM32F407xx -c -I../Core/Inc -I../Drivers/STM32F4xx_HAL_Driver/Inc -I../Drivers/STM32F4xx_HAL_Driver/Inc/Legacy -I../Drivers/CMSIS/Device/ST/STM32F4xx/Include -I../Drivers/CMSIS/Include -O0 -ffunction-sections -fdata-sections -Wall -fstack-usage -fcyclomatic-complexity -MMD -MP -MF"Core/Src/main.d" -MT"Core/Src/main.o" --specs=nano.specs -mfpu=fpv4-sp-d16 -mfloat-abi=hard -mthumb -o "Core/Src/main.o"
../Core/Src/PID.c:12:7: error: conflicting types for 'PID_Init'; have 'float(PID *)'
   12 | float PID_Init(PID *pid){
      |       ^~~~~~~~
In file included from ../Core/Src/PID.c:9:
../Core/Inc/PID.h:41:6: note: previous declaration of 'PID_Init' with type 'void(PID *)'
   41 | void PID_Init(PID *pid);
      |      ^~~~~~~~
../Core/Src/PID.c: In function 'PID_Init':
../Core/Src/PID.c:30:1: warning: control reaches end of non-void function [-Wreturn-type]
   30 | }
      | ^
make: *** [Core/Src/subdir.mk:43: Core/Src/PID.o] Error 1
make: *** Waiting for unfinished jobs....
../Core/Src/main.c: In function 'main':
../Core/Src/main.c:128:14: error: 'huart2' undeclared (first use in this function); did you mean 'huart6'?
  128 |   WT61_Init(&huart2);
      |              ^~~~~~
      |              huart6
../Core/Src/main.c:128:14: note: each undeclared identifier is reported only once for each function it appears in
make: *** [Core/Src/subdir.mk:43: Core/Src/main.o] Error 1
"make -j16 all" terminated with exit code 2. Build might be incomplete.
15:07:24 **** Incremental Build of configuration Debug for project Drone_V1 ****
make -j16 all 
arm-none-eabi-gcc "../Core/Src/PID.c" -mcpu=cortex-m4 -std=gnu11 -g3 -DDEBUG -DUSE_HAL_DRIVER -DSTM32F407xx -c -I../Core/Inc -I../Drivers/STM32F4xx_HAL_Driver/Inc -I../Drivers/STM32F4xx_HAL_Driver/Inc/Legacy -I../Drivers/CMSIS/Device/ST/STM32F4xx/Include -I../Drivers/CMSIS/Include -O0 -ffunction-sections -fdata-sections -Wall -fstack-usage -fcyclomatic-complexity -MMD -MP -MF"Core/Src/PID.d" -MT"Core/Src/PID.o" --specs=nano.specs -mfpu=fpv4-sp-d16 -mfloat-abi=hard -mthumb -o "Core/Src/PID.o"
arm-none-eabi-gcc "../Core/Src/main.c" -mcpu=cortex-m4 -std=gnu11 -g3 -DDEBUG -DUSE_HAL_DRIVER -DSTM32F407xx -c -I../Core/Inc -I../Drivers/STM32F4xx_HAL_Driver/Inc -I../Drivers/STM32F4xx_HAL_Driver/Inc/Legacy -I../Drivers/CMSIS/Device/ST/STM32F4xx/Include -I../Drivers/CMSIS/Include -O0 -ffunction-sections -fdata-sections -Wall -fstack-usage -fcyclomatic-complexity -MMD -MP -MF"Core/Src/main.d" -MT"Core/Src/main.o" --specs=nano.specs -mfpu=fpv4-sp-d16 -mfloat-abi=hard -mthumb -o "Core/Src/main.o"
../Core/Src/main.c: In function 'main':
../Core/Src/main.c:128:14: error: 'huart2' undeclared (first use in this function); did you mean 'huart6'?
  128 |   WT61_Init(&huart2);
      |              ^~~~~~
      |              huart6
../Core/Src/main.c:128:14: note: each undeclared identifier is reported only once for each function it appears in
make: *** [Core/Src/subdir.mk:43: Core/Src/main.o] Error 1
make: *** Waiting for unfinished jobs....
"make -j16 all" terminated with exit code 2. Build might be incomplete.
17:04:00 **** Incremental Build of configuration Debug for project Drone_V1 ****
make -j16 all 
arm-none-eabi-gcc "../Core/Src/PID.c" -mcpu=cortex-m4 -std=gnu11 -g3 -DDEBUG -DUSE_HAL_DRIVER -DSTM32F407xx -c -I../Core/Inc -I../Drivers/STM32F4xx_HAL_Driver/Inc -I../Drivers/STM32F4xx_HAL_Driver/Inc/Legacy -I../Drivers/CMSIS/Device/ST/STM32F4xx/Include -I../Drivers/CMSIS/Include -O0 -ffunction-sections -fdata-sections -Wall -fstack-usage -fcyclomatic-complexity -MMD -MP -MF"Core/Src/PID.d" -MT"Core/Src/PID.o" --specs=nano.specs -mfpu=fpv4-sp-d16 -mfloat-abi=hard -mthumb -o "Core/Src/PID.o"
arm-none-eabi-gcc "../Core/Src/main.c" -mcpu=cortex-m4 -std=gnu11 -g3 -DDEBUG -DUSE_HAL_DRIVER -DSTM32F407xx -c -I../Core/Inc -I../Drivers/STM32F4xx_HAL_Driver/Inc -I../Drivers/STM32F4xx_HAL_Driver/Inc/Legacy -I../Drivers/CMSIS/Device/ST/STM32F4xx/Include -I../Drivers/CMSIS/Include -O0 -ffunction-sections -fdata-sections -Wall -fstack-usage -fcyclomatic-complexity -MMD -MP -MF"Core/Src/main.d" -MT"Core/Src/main.o" --specs=nano.specs -mfpu=fpv4-sp-d16 -mfloat-abi=hard -mthumb -o "Core/Src/main.o"
../Core/Src/main.c: In function 'main':
../Core/Src/main.c:128:14: error: 'huart2' undeclared (first use in this function); did you mean 'huart6'?
  128 |   WT61_Init(&huart2);
      |              ^~~~~~
      |              huart6
../Core/Src/main.c:128:14: note: each undeclared identifier is reported only once for each function it appears in
make: *** [Core/Src/subdir.mk:43: Core/Src/main.o] Error 1
make: *** Waiting for unfinished jobs....
"make -j16 all" terminated with exit code 2. Build might be incomplete.
10:20:33 **** Incremental Build of configuration Debug for project Drone_V1 ****
make -j16 all 
arm-none-eabi-gcc "../Core/Src/main.c" -mcpu=cortex-m4 -std=gnu11 -g3 -DDEBUG -DUSE_HAL_DRIVER -DSTM32F407xx -c -I../Core/Inc -I../Drivers/STM32F4xx_HAL_Driver/Inc -I../Drivers/STM32F4xx_HAL_Driver/Inc/Legacy -I../Drivers/CMSIS/Device/ST/STM32F4xx/Include -I../Drivers/CMSIS/Include -O0 -ffunction-sections -fdata-sections -Wall -fstack-usage -fcyclomatic-complexity -MMD -MP -MF"Core/Src/main.d" -MT"Core/Src/main.o" --specs=nano.specs -mfpu=fpv4-sp-d16 -mfloat-abi=hard -mthumb -o "Core/Src/main.o"
arm-none-eabi-gcc -o "Drone_V1.elf" @"objects.list"   -mcpu=cortex-m4 -T"D:\Mechatronics\Repositories\Project_Drone\firmware\firmware\drone\Drone_V1\STM32F407VETX_FLASH.ld" --specs=nosys.specs -Wl,-Map="Drone_V1.map" -Wl,--gc-sections -static --specs=nano.specs -mfpu=fpv4-sp-d16 -mfloat-abi=hard -mthumb -Wl,--start-group -lc -lm -Wl,--end-group
Finished building target: Drone_V1.elf
 
arm-none-eabi-size  Drone_V1.elf 
arm-none-eabi-objdump -h -S Drone_V1.elf  > "Drone_V1.list"
   text	   data	    bss	    dec	    hex	filename
  26112	     92	   2504	  28708	   7024	Drone_V1.elf
Finished building: default.size.stdout
 
Finished building: Drone_V1.list
 
10:26:41 **** Incremental Build of configuration Debug for project Drone_V1 ****
make -j16 all 
arm-none-eabi-gcc "../Core/Src/MPU6050.c" -mcpu=cortex-m4 -std=gnu11 -g3 -DDEBUG -DUSE_HAL_DRIVER -DSTM32F407xx -c -I../Core/Inc -I../Drivers/STM32F4xx_HAL_Driver/Inc -I../Drivers/STM32F4xx_HAL_Driver/Inc/Legacy -I../Drivers/CMSIS/Device/ST/STM32F4xx/Include -I../Drivers/CMSIS/Include -O0 -ffunction-sections -fdata-sections -Wall -fstack-usage -fcyclomatic-complexity -MMD -MP -MF"Core/Src/MPU6050.d" -MT"Core/Src/MPU6050.o" --specs=nano.specs -mfpu=fpv4-sp-d16 -mfloat-abi=hard -mthumb -o "Core/Src/MPU6050.o"
arm-none-eabi-gcc "../Core/Src/main.c" -mcpu=cortex-m4 -std=gnu11 -g3 -DDEBUG -DUSE_HAL_DRIVER -DSTM32F407xx -c -I../Core/Inc -I../Drivers/STM32F4xx_HAL_Driver/Inc -I../Drivers/STM32F4xx_HAL_Driver/Inc/Legacy -I../Drivers/CMSIS/Device/ST/STM32F4xx/Include -I../Drivers/CMSIS/Include -O0 -ffunction-sections -fdata-sections -Wall -fstack-usage -fcyclomatic-complexity -MMD -MP -MF"Core/Src/main.d" -MT"Core/Src/main.o" --specs=nano.specs -mfpu=fpv4-sp-d16 -mfloat-abi=hard -mthumb -o "Core/Src/main.o"
../Core/Src/MPU6050.c: In function 'MPU6050_Init':
../Core/Src/MPU6050.c:42:35: error: incompatible type for argument 1 of 'HAL_I2C_Mem_Read'
   42 |         status = HAL_I2C_Mem_Read(IMU_HI2C, MPU6050_ADDRESS, 0x75, 1, &check, 1, 1000);
      |                                   ^~~~~~~~
      |                                   |
      |                                   I2C_HandleTypeDef
In file included from ../Core/Inc/stm32f4xx_hal_conf.h:363,
                 from ../Drivers/STM32F4xx_HAL_Driver/Inc/stm32f4xx_hal.h:29,
                 from ../Core/Inc/main.h:30,
                 from ../Core/Src/MPU6050.c:6:
../Drivers/STM32F4xx_HAL_Driver/Inc/stm32f4xx_hal_i2c.h:571:55: note: expected 'I2C_HandleTypeDef *' but argument is of type 'I2C_HandleTypeDef'
  571 | HAL_StatusTypeDef HAL_I2C_Mem_Read(I2C_HandleTypeDef *hi2c, uint16_t DevAddress, uint16_t MemAddress, uint16_t MemAddSize, uint8_t *pData, uint16_t Size, uint32_t Timeout);
      |                                    ~~~~~~~~~~~~~~~~~~~^~~~
../Core/Src/MPU6050.c:46:35: error: incompatible type for argument 1 of 'HAL_I2C_Mem_Write'
   46 |                 HAL_I2C_Mem_Write(IMU_HI2C, MPU6050_ADDRESS, 0x6B, 1, &mData, 1, 1000);
      |                                   ^~~~~~~~
      |                                   |
      |                                   I2C_HandleTypeDef
../Drivers/STM32F4xx_HAL_Driver/Inc/stm32f4xx_hal_i2c.h:570:56: note: expected 'I2C_HandleTypeDef *' but argument is of type 'I2C_HandleTypeDef'
  570 | HAL_StatusTypeDef HAL_I2C_Mem_Write(I2C_HandleTypeDef *hi2c, uint16_t DevAddress, uint16_t MemAddress, uint16_t MemAddSize, uint8_t *pData, uint16_t Size, uint32_t Timeout);
      |                                     ~~~~~~~~~~~~~~~~~~~^~~~
../Core/Src/MPU6050.c:49:35: error: incompatible type for argument 1 of 'HAL_I2C_Mem_Write'
   49 |                 HAL_I2C_Mem_Write(IMU_HI2C, MPU6050_ADDRESS, 0x19, 1, &mData, 1, 1000);
      |                                   ^~~~~~~~
      |                                   |
      |                                   I2C_HandleTypeDef
../Drivers/STM32F4xx_HAL_Driver/Inc/stm32f4xx_hal_i2c.h:570:56: note: expected 'I2C_HandleTypeDef *' but argument is of type 'I2C_HandleTypeDef'
  570 | HAL_StatusTypeDef HAL_I2C_Mem_Write(I2C_HandleTypeDef *hi2c, uint16_t DevAddress, uint16_t MemAddress, uint16_t MemAddSize, uint8_t *pData, uint16_t Size, uint32_t Timeout);
      |                                     ~~~~~~~~~~~~~~~~~~~^~~~
../Core/Src/MPU6050.c:52:35: error: incompatible type for argument 1 of 'HAL_I2C_Mem_Write'
   52 |                 HAL_I2C_Mem_Write(IMU_HI2C, MPU6050_ADDRESS, 0x1B, 1, &mData, 1, 1000);
      |                                   ^~~~~~~~
      |                                   |
      |                                   I2C_HandleTypeDef
../Drivers/STM32F4xx_HAL_Driver/Inc/stm32f4xx_hal_i2c.h:570:56: note: expected 'I2C_HandleTypeDef *' but argument is of type 'I2C_HandleTypeDef'
  570 | HAL_StatusTypeDef HAL_I2C_Mem_Write(I2C_HandleTypeDef *hi2c, uint16_t DevAddress, uint16_t MemAddress, uint16_t MemAddSize, uint8_t *pData, uint16_t Size, uint32_t Timeout);
      |                                     ~~~~~~~~~~~~~~~~~~~^~~~
../Core/Src/MPU6050.c:55:35: error: incompatible type for argument 1 of 'HAL_I2C_Mem_Write'
   55 |                 HAL_I2C_Mem_Write(IMU_HI2C, MPU6050_ADDRESS, 0x1C, 1, &mData, 1, 1000);
      |                                   ^~~~~~~~
      |                                   |
      |                                   I2C_HandleTypeDef
../Drivers/STM32F4xx_HAL_Driver/Inc/stm32f4xx_hal_i2c.h:570:56: note: expected 'I2C_HandleTypeDef *' but argument is of type 'I2C_HandleTypeDef'
  570 | HAL_StatusTypeDef HAL_I2C_Mem_Write(I2C_HandleTypeDef *hi2c, uint16_t DevAddress, uint16_t MemAddress, uint16_t MemAddSize, uint8_t *pData, uint16_t Size, uint32_t Timeout);
      |                                     ~~~~~~~~~~~~~~~~~~~^~~~
../Core/Src/MPU6050.c: In function 'MPU6050_GetAccel':
../Core/Src/MPU6050.c:61:26: error: incompatible type for argument 1 of 'HAL_I2C_Mem_Read'
   61 |         HAL_I2C_Mem_Read(IMU_HI2C, MPU6050_ADDRESS, 0x3B, 1, accelData, 6, 1000);
      |                          ^~~~~~~~
      |                          |
      |                          I2C_HandleTypeDef
../Drivers/STM32F4xx_HAL_Driver/Inc/stm32f4xx_hal_i2c.h:571:55: note: expected 'I2C_HandleTypeDef *' but argument is of type 'I2C_HandleTypeDef'
  571 | HAL_StatusTypeDef HAL_I2C_Mem_Read(I2C_HandleTypeDef *hi2c, uint16_t DevAddress, uint16_t MemAddress, uint16_t MemAddSize, uint8_t *pData, uint16_t Size, uint32_t Timeout);
      |                                    ~~~~~~~~~~~~~~~~~~~^~~~
../Core/Src/MPU6050.c: In function 'MPU6050_GetGyro':
../Core/Src/MPU6050.c:74:26: error: incompatible type for argument 1 of 'HAL_I2C_Mem_Read'
   74 |         HAL_I2C_Mem_Read(IMU_HI2C, MPU6050_ADDRESS, 0x43, 1, gyroData, 6, 1000);
      |                          ^~~~~~~~
      |                          |
      |                          I2C_HandleTypeDef
../Drivers/STM32F4xx_HAL_Driver/Inc/stm32f4xx_hal_i2c.h:571:55: note: expected 'I2C_HandleTypeDef *' but argument is of type 'I2C_HandleTypeDef'
  571 | HAL_StatusTypeDef HAL_I2C_Mem_Read(I2C_HandleTypeDef *hi2c, uint16_t DevAddress, uint16_t MemAddress, uint16_t MemAddSize, uint8_t *pData, uint16_t Size, uint32_t Timeout);
      |                                    ~~~~~~~~~~~~~~~~~~~^~~~
../Core/Src/MPU6050.c: In function 'MPU6050_GetFullReadings':
../Core/Src/MPU6050.c:110:26: error: incompatible type for argument 1 of 'HAL_I2C_Mem_Read'
  110 |         HAL_I2C_Mem_Read(IMU_HI2C, MPU6050_ADDRESS, MPU6050_ACCEL_OUT_REGISTER, 1, accelBuffer, 6, 1000);
      |                          ^~~~~~~~
      |                          |
      |                          I2C_HandleTypeDef
../Drivers/STM32F4xx_HAL_Driver/Inc/stm32f4xx_hal_i2c.h:571:55: note: expected 'I2C_HandleTypeDef *' but argument is of type 'I2C_HandleTypeDef'
  571 | HAL_StatusTypeDef HAL_I2C_Mem_Read(I2C_HandleTypeDef *hi2c, uint16_t DevAddress, uint16_t MemAddress, uint16_t MemAddSize, uint8_t *pData, uint16_t Size, uint32_t Timeout);
      |                                    ~~~~~~~~~~~~~~~~~~~^~~~
../Core/Src/MPU6050.c:121:26: error: incompatible type for argument 1 of 'HAL_I2C_Mem_Read'
  121 |         HAL_I2C_Mem_Read(IMU_HI2C, MPU6050_ADDRESS, MPU6050_GYRO_OUT_REGISTER, 1, gyroBuffer, 6, 1000);
      |                          ^~~~~~~~
      |                          |
      |                          I2C_HandleTypeDef
../Drivers/STM32F4xx_HAL_Driver/Inc/stm32f4xx_hal_i2c.h:571:55: note: expected 'I2C_HandleTypeDef *' but argument is of type 'I2C_HandleTypeDef'
  571 | HAL_StatusTypeDef HAL_I2C_Mem_Read(I2C_HandleTypeDef *hi2c, uint16_t DevAddress, uint16_t MemAddress, uint16_t MemAddSize, uint8_t *pData, uint16_t Size, uint32_t Timeout);
      |                                    ~~~~~~~~~~~~~~~~~~~^~~~
make: *** [Core/Src/subdir.mk:43: Core/Src/MPU6050.o] Error 1
make: *** Waiting for unfinished jobs....
"make -j16 all" terminated with exit code 2. Build might be incomplete.
10:26:53 **** Incremental Build of configuration Debug for project Drone_V1 ****
make -j16 all 
arm-none-eabi-gcc "../Core/Src/MPU6050.c" -mcpu=cortex-m4 -std=gnu11 -g3 -DDEBUG -DUSE_HAL_DRIVER -DSTM32F407xx -c -I../Core/Inc -I../Drivers/STM32F4xx_HAL_Driver/Inc -I../Drivers/STM32F4xx_HAL_Driver/Inc/Legacy -I../Drivers/CMSIS/Device/ST/STM32F4xx/Include -I../Drivers/CMSIS/Include -O0 -ffunction-sections -fdata-sections -Wall -fstack-usage -fcyclomatic-complexity -MMD -MP -MF"Core/Src/MPU6050.d" -MT"Core/Src/MPU6050.o" --specs=nano.specs -mfpu=fpv4-sp-d16 -mfloat-abi=hard -mthumb -o "Core/Src/MPU6050.o"
../Core/Src/MPU6050.c: In function 'MPU6050_Init':
../Core/Src/MPU6050.c:46:35: error: incompatible type for argument 1 of 'HAL_I2C_Mem_Write'
   46 |                 HAL_I2C_Mem_Write(IMU_HI2C, MPU6050_ADDRESS, 0x6B, 1, &mData, 1, 1000);
      |                                   ^~~~~~~~
      |                                   |
      |                                   I2C_HandleTypeDef
In file included from ../Core/Inc/stm32f4xx_hal_conf.h:363,
                 from ../Drivers/STM32F4xx_HAL_Driver/Inc/stm32f4xx_hal.h:29,
                 from ../Core/Inc/main.h:30,
                 from ../Core/Src/MPU6050.c:6:
../Drivers/STM32F4xx_HAL_Driver/Inc/stm32f4xx_hal_i2c.h:570:56: note: expected 'I2C_HandleTypeDef *' but argument is of type 'I2C_HandleTypeDef'
  570 | HAL_StatusTypeDef HAL_I2C_Mem_Write(I2C_HandleTypeDef *hi2c, uint16_t DevAddress, uint16_t MemAddress, uint16_t MemAddSize, uint8_t *pData, uint16_t Size, uint32_t Timeout);
      |                                     ~~~~~~~~~~~~~~~~~~~^~~~
../Core/Src/MPU6050.c:49:35: error: incompatible type for argument 1 of 'HAL_I2C_Mem_Write'
   49 |                 HAL_I2C_Mem_Write(IMU_HI2C, MPU6050_ADDRESS, 0x19, 1, &mData, 1, 1000);
      |                                   ^~~~~~~~
      |                                   |
      |                                   I2C_HandleTypeDef
../Drivers/STM32F4xx_HAL_Driver/Inc/stm32f4xx_hal_i2c.h:570:56: note: expected 'I2C_HandleTypeDef *' but argument is of type 'I2C_HandleTypeDef'
  570 | HAL_StatusTypeDef HAL_I2C_Mem_Write(I2C_HandleTypeDef *hi2c, uint16_t DevAddress, uint16_t MemAddress, uint16_t MemAddSize, uint8_t *pData, uint16_t Size, uint32_t Timeout);
      |                                     ~~~~~~~~~~~~~~~~~~~^~~~
../Core/Src/MPU6050.c:52:35: error: incompatible type for argument 1 of 'HAL_I2C_Mem_Write'
   52 |                 HAL_I2C_Mem_Write(IMU_HI2C, MPU6050_ADDRESS, 0x1B, 1, &mData, 1, 1000);
      |                                   ^~~~~~~~
      |                                   |
      |                                   I2C_HandleTypeDef
../Drivers/STM32F4xx_HAL_Driver/Inc/stm32f4xx_hal_i2c.h:570:56: note: expected 'I2C_HandleTypeDef *' but argument is of type 'I2C_HandleTypeDef'
  570 | HAL_StatusTypeDef HAL_I2C_Mem_Write(I2C_HandleTypeDef *hi2c, uint16_t DevAddress, uint16_t MemAddress, uint16_t MemAddSize, uint8_t *pData, uint16_t Size, uint32_t Timeout);
      |                                     ~~~~~~~~~~~~~~~~~~~^~~~
../Core/Src/MPU6050.c:55:35: error: incompatible type for argument 1 of 'HAL_I2C_Mem_Write'
   55 |                 HAL_I2C_Mem_Write(IMU_HI2C, MPU6050_ADDRESS, 0x1C, 1, &mData, 1, 1000);
      |                                   ^~~~~~~~
      |                                   |
      |                                   I2C_HandleTypeDef
../Drivers/STM32F4xx_HAL_Driver/Inc/stm32f4xx_hal_i2c.h:570:56: note: expected 'I2C_HandleTypeDef *' but argument is of type 'I2C_HandleTypeDef'
  570 | HAL_StatusTypeDef HAL_I2C_Mem_Write(I2C_HandleTypeDef *hi2c, uint16_t DevAddress, uint16_t MemAddress, uint16_t MemAddSize, uint8_t *pData, uint16_t Size, uint32_t Timeout);
      |                                     ~~~~~~~~~~~~~~~~~~~^~~~
../Core/Src/MPU6050.c: In function 'MPU6050_GetAccel':
../Core/Src/MPU6050.c:61:26: error: incompatible type for argument 1 of 'HAL_I2C_Mem_Read'
   61 |         HAL_I2C_Mem_Read(IMU_HI2C, MPU6050_ADDRESS, 0x3B, 1, accelData, 6, 1000);
      |                          ^~~~~~~~
      |                          |
      |                          I2C_HandleTypeDef
../Drivers/STM32F4xx_HAL_Driver/Inc/stm32f4xx_hal_i2c.h:571:55: note: expected 'I2C_HandleTypeDef *' but argument is of type 'I2C_HandleTypeDef'
  571 | HAL_StatusTypeDef HAL_I2C_Mem_Read(I2C_HandleTypeDef *hi2c, uint16_t DevAddress, uint16_t MemAddress, uint16_t MemAddSize, uint8_t *pData, uint16_t Size, uint32_t Timeout);
      |                                    ~~~~~~~~~~~~~~~~~~~^~~~
../Core/Src/MPU6050.c: In function 'MPU6050_GetGyro':
../Core/Src/MPU6050.c:74:26: error: incompatible type for argument 1 of 'HAL_I2C_Mem_Read'
   74 |         HAL_I2C_Mem_Read(IMU_HI2C, MPU6050_ADDRESS, 0x43, 1, gyroData, 6, 1000);
      |                          ^~~~~~~~
      |                          |
      |                          I2C_HandleTypeDef
../Drivers/STM32F4xx_HAL_Driver/Inc/stm32f4xx_hal_i2c.h:571:55: note: expected 'I2C_HandleTypeDef *' but argument is of type 'I2C_HandleTypeDef'
  571 | HAL_StatusTypeDef HAL_I2C_Mem_Read(I2C_HandleTypeDef *hi2c, uint16_t DevAddress, uint16_t MemAddress, uint16_t MemAddSize, uint8_t *pData, uint16_t Size, uint32_t Timeout);
      |                                    ~~~~~~~~~~~~~~~~~~~^~~~
../Core/Src/MPU6050.c: In function 'MPU6050_GetFullReadings':
../Core/Src/MPU6050.c:110:26: error: incompatible type for argument 1 of 'HAL_I2C_Mem_Read'
  110 |         HAL_I2C_Mem_Read(IMU_HI2C, MPU6050_ADDRESS, MPU6050_ACCEL_OUT_REGISTER, 1, accelBuffer, 6, 1000);
      |                          ^~~~~~~~
      |                          |
      |                          I2C_HandleTypeDef
../Drivers/STM32F4xx_HAL_Driver/Inc/stm32f4xx_hal_i2c.h:571:55: note: expected 'I2C_HandleTypeDef *' but argument is of type 'I2C_HandleTypeDef'
  571 | HAL_StatusTypeDef HAL_I2C_Mem_Read(I2C_HandleTypeDef *hi2c, uint16_t DevAddress, uint16_t MemAddress, uint16_t MemAddSize, uint8_t *pData, uint16_t Size, uint32_t Timeout);
      |                                    ~~~~~~~~~~~~~~~~~~~^~~~
../Core/Src/MPU6050.c:121:26: error: incompatible type for argument 1 of 'HAL_I2C_Mem_Read'
  121 |         HAL_I2C_Mem_Read(IMU_HI2C, MPU6050_ADDRESS, MPU6050_GYRO_OUT_REGISTER, 1, gyroBuffer, 6, 1000);
      |                          ^~~~~~~~
      |                          |
      |                          I2C_HandleTypeDef
../Drivers/STM32F4xx_HAL_Driver/Inc/stm32f4xx_hal_i2c.h:571:55: note: expected 'I2C_HandleTypeDef *' but argument is of type 'I2C_HandleTypeDef'
  571 | HAL_StatusTypeDef HAL_I2C_Mem_Read(I2C_HandleTypeDef *hi2c, uint16_t DevAddress, uint16_t MemAddress, uint16_t MemAddSize, uint8_t *pData, uint16_t Size, uint32_t Timeout);
      |                                    ~~~~~~~~~~~~~~~~~~~^~~~
make: *** [Core/Src/subdir.mk:43: Core/Src/MPU6050.o] Error 1
"make -j16 all" terminated with exit code 2. Build might be incomplete.
10:27:06 **** Incremental Build of configuration Debug for project Drone_V1 ****
make -j16 all 
arm-none-eabi-gcc "../Core/Src/MPU6050.c" -mcpu=cortex-m4 -std=gnu11 -g3 -DDEBUG -DUSE_HAL_DRIVER -DSTM32F407xx -c -I../Core/Inc -I../Drivers/STM32F4xx_HAL_Driver/Inc -I../Drivers/STM32F4xx_HAL_Driver/Inc/Legacy -I../Drivers/CMSIS/Device/ST/STM32F4xx/Include -I../Drivers/CMSIS/Include -O0 -ffunction-sections -fdata-sections -Wall -fstack-usage -fcyclomatic-complexity -MMD -MP -MF"Core/Src/MPU6050.d" -MT"Core/Src/MPU6050.o" --specs=nano.specs -mfpu=fpv4-sp-d16 -mfloat-abi=hard -mthumb -o "Core/Src/MPU6050.o"
../Core/Src/MPU6050.c: In function 'MPU6050_GetAccel':
../Core/Src/MPU6050.c:61:26: error: incompatible type for argument 1 of 'HAL_I2C_Mem_Read'
   61 |         HAL_I2C_Mem_Read(IMU_HI2C, MPU6050_ADDRESS, 0x3B, 1, accelData, 6, 1000);
      |                          ^~~~~~~~
      |                          |
      |                          I2C_HandleTypeDef
In file included from ../Core/Inc/stm32f4xx_hal_conf.h:363,
                 from ../Drivers/STM32F4xx_HAL_Driver/Inc/stm32f4xx_hal.h:29,
                 from ../Core/Inc/main.h:30,
                 from ../Core/Src/MPU6050.c:6:
../Drivers/STM32F4xx_HAL_Driver/Inc/stm32f4xx_hal_i2c.h:571:55: note: expected 'I2C_HandleTypeDef *' but argument is of type 'I2C_HandleTypeDef'
  571 | HAL_StatusTypeDef HAL_I2C_Mem_Read(I2C_HandleTypeDef *hi2c, uint16_t DevAddress, uint16_t MemAddress, uint16_t MemAddSize, uint8_t *pData, uint16_t Size, uint32_t Timeout);
      |                                    ~~~~~~~~~~~~~~~~~~~^~~~
../Core/Src/MPU6050.c: In function 'MPU6050_GetGyro':
../Core/Src/MPU6050.c:74:26: error: incompatible type for argument 1 of 'HAL_I2C_Mem_Read'
   74 |         HAL_I2C_Mem_Read(IMU_HI2C, MPU6050_ADDRESS, 0x43, 1, gyroData, 6, 1000);
      |                          ^~~~~~~~
      |                          |
      |                          I2C_HandleTypeDef
../Drivers/STM32F4xx_HAL_Driver/Inc/stm32f4xx_hal_i2c.h:571:55: note: expected 'I2C_HandleTypeDef *' but argument is of type 'I2C_HandleTypeDef'
  571 | HAL_StatusTypeDef HAL_I2C_Mem_Read(I2C_HandleTypeDef *hi2c, uint16_t DevAddress, uint16_t MemAddress, uint16_t MemAddSize, uint8_t *pData, uint16_t Size, uint32_t Timeout);
      |                                    ~~~~~~~~~~~~~~~~~~~^~~~
../Core/Src/MPU6050.c: In function 'MPU6050_GetFullReadings':
../Core/Src/MPU6050.c:110:26: error: incompatible type for argument 1 of 'HAL_I2C_Mem_Read'
  110 |         HAL_I2C_Mem_Read(IMU_HI2C, MPU6050_ADDRESS, MPU6050_ACCEL_OUT_REGISTER, 1, accelBuffer, 6, 1000);
      |                          ^~~~~~~~
      |                          |
      |                          I2C_HandleTypeDef
../Drivers/STM32F4xx_HAL_Driver/Inc/stm32f4xx_hal_i2c.h:571:55: note: expected 'I2C_HandleTypeDef *' but argument is of type 'I2C_HandleTypeDef'
  571 | HAL_StatusTypeDef HAL_I2C_Mem_Read(I2C_HandleTypeDef *hi2c, uint16_t DevAddress, uint16_t MemAddress, uint16_t MemAddSize, uint8_t *pData, uint16_t Size, uint32_t Timeout);
      |                                    ~~~~~~~~~~~~~~~~~~~^~~~
../Core/Src/MPU6050.c:121:26: error: incompatible type for argument 1 of 'HAL_I2C_Mem_Read'
  121 |         HAL_I2C_Mem_Read(IMU_HI2C, MPU6050_ADDRESS, MPU6050_GYRO_OUT_REGISTER, 1, gyroBuffer, 6, 1000);
      |                          ^~~~~~~~
      |                          |
      |                          I2C_HandleTypeDef
../Drivers/STM32F4xx_HAL_Driver/Inc/stm32f4xx_hal_i2c.h:571:55: note: expected 'I2C_HandleTypeDef *' but argument is of type 'I2C_HandleTypeDef'
  571 | HAL_StatusTypeDef HAL_I2C_Mem_Read(I2C_HandleTypeDef *hi2c, uint16_t DevAddress, uint16_t MemAddress, uint16_t MemAddSize, uint8_t *pData, uint16_t Size, uint32_t Timeout);
      |                                    ~~~~~~~~~~~~~~~~~~~^~~~
make: *** [Core/Src/subdir.mk:43: Core/Src/MPU6050.o] Error 1
"make -j16 all" terminated with exit code 2. Build might be incomplete.
10:27:30 **** Incremental Build of configuration Debug for project Drone_V1 ****
make -j16 all 
arm-none-eabi-gcc "../Core/Src/MPU6050.c" -mcpu=cortex-m4 -std=gnu11 -g3 -DDEBUG -DUSE_HAL_DRIVER -DSTM32F407xx -c -I../Core/Inc -I../Drivers/STM32F4xx_HAL_Driver/Inc -I../Drivers/STM32F4xx_HAL_Driver/Inc/Legacy -I../Drivers/CMSIS/Device/ST/STM32F4xx/Include -I../Drivers/CMSIS/Include -O0 -ffunction-sections -fdata-sections -Wall -fstack-usage -fcyclomatic-complexity -MMD -MP -MF"Core/Src/MPU6050.d" -MT"Core/Src/MPU6050.o" --specs=nano.specs -mfpu=fpv4-sp-d16 -mfloat-abi=hard -mthumb -o "Core/Src/MPU6050.o"
arm-none-eabi-gcc -o "Drone_V1.elf" @"objects.list"   -mcpu=cortex-m4 -T"D:\Mechatronics\Repositories\Project_Drone\firmware\firmware\drone\Drone_V1\STM32F407VETX_FLASH.ld" --specs=nosys.specs -Wl,-Map="Drone_V1.map" -Wl,--gc-sections -static --specs=nano.specs -mfpu=fpv4-sp-d16 -mfloat-abi=hard -mthumb -Wl,--start-group -lc -lm -Wl,--end-group
Finished building target: Drone_V1.elf
 
arm-none-eabi-size  Drone_V1.elf 
arm-none-eabi-objdump -h -S Drone_V1.elf  > "Drone_V1.list"
   text	   data	    bss	    dec	    hex	filename
  26176	     92	   2584	  28852	   70b4	Drone_V1.elf
Finished building: default.size.stdout
 
Finished building: Drone_V1.list
 
10:28:29 **** Incremental Build of configuration Debug for project Drone_V1 ****
make -j16 all 
arm-none-eabi-gcc "../Core/Src/MPU6050.c" -mcpu=cortex-m4 -std=gnu11 -g3 -DDEBUG -DUSE_HAL_DRIVER -DSTM32F407xx -c -I../Core/Inc -I../Drivers/STM32F4xx_HAL_Driver/Inc -I../Drivers/STM32F4xx_HAL_Driver/Inc/Legacy -I../Drivers/CMSIS/Device/ST/STM32F4xx/Include -I../Drivers/CMSIS/Include -O0 -ffunction-sections -fdata-sections -Wall -fstack-usage -fcyclomatic-complexity -MMD -MP -MF"Core/Src/MPU6050.d" -MT"Core/Src/MPU6050.o" --specs=nano.specs -mfpu=fpv4-sp-d16 -mfloat-abi=hard -mthumb -o "Core/Src/MPU6050.o"
arm-none-eabi-gcc -o "Drone_V1.elf" @"objects.list"   -mcpu=cortex-m4 -T"D:\Mechatronics\Repositories\Project_Drone\firmware\firmware\drone\Drone_V1\STM32F407VETX_FLASH.ld" --specs=nosys.specs -Wl,-Map="Drone_V1.map" -Wl,--gc-sections -static --specs=nano.specs -mfpu=fpv4-sp-d16 -mfloat-abi=hard -mthumb -Wl,--start-group -lc -lm -Wl,--end-group
Finished building target: Drone_V1.elf
 
arm-none-eabi-size  Drone_V1.elf 
arm-none-eabi-objdump -h -S Drone_V1.elf  > "Drone_V1.list"
   text	   data	    bss	    dec	    hex	filename
  26192	     92	   2656	  28940	   710c	Drone_V1.elf
Finished building: default.size.stdout
 
Finished building: Drone_V1.list
 
10:28:52 **** Incremental Build of configuration Debug for project Drone_V1 ****
make -j16 all 
arm-none-eabi-gcc "../Core/Src/MPU6050.c" -mcpu=cortex-m4 -std=gnu11 -g3 -DDEBUG -DUSE_HAL_DRIVER -DSTM32F407xx -c -I../Core/Inc -I../Drivers/STM32F4xx_HAL_Driver/Inc -I../Drivers/STM32F4xx_HAL_Driver/Inc/Legacy -I../Drivers/CMSIS/Device/ST/STM32F4xx/Include -I../Drivers/CMSIS/Include -O0 -ffunction-sections -fdata-sections -Wall -fstack-usage -fcyclomatic-complexity -MMD -MP -MF"Core/Src/MPU6050.d" -MT"Core/Src/MPU6050.o" --specs=nano.specs -mfpu=fpv4-sp-d16 -mfloat-abi=hard -mthumb -o "Core/Src/MPU6050.o"
arm-none-eabi-gcc "../Core/Src/main.c" -mcpu=cortex-m4 -std=gnu11 -g3 -DDEBUG -DUSE_HAL_DRIVER -DSTM32F407xx -c -I../Core/Inc -I../Drivers/STM32F4xx_HAL_Driver/Inc -I../Drivers/STM32F4xx_HAL_Driver/Inc/Legacy -I../Drivers/CMSIS/Device/ST/STM32F4xx/Include -I../Drivers/CMSIS/Include -O0 -ffunction-sections -fdata-sections -Wall -fstack-usage -fcyclomatic-complexity -MMD -MP -MF"Core/Src/main.d" -MT"Core/Src/main.o" --specs=nano.specs -mfpu=fpv4-sp-d16 -mfloat-abi=hard -mthumb -o "Core/Src/main.o"
../Core/Src/main.c: In function 'main':
../Core/Src/main.c:125:3: error: too few arguments to function 'MPU6050_Init'
  125 |   MPU6050_Init();
      |   ^~~~~~~~~~~~
In file included from ../Core/Src/main.c:24:
../Core/Inc/MPU6050.h:10:6: note: declared here
   10 | void MPU6050_Init(I2C_HandleTypeDef HI2C, TIM_HandleTypeDef HTIM);
      |      ^~~~~~~~~~~~
make: *** [Core/Src/subdir.mk:43: Core/Src/main.o] Error 1
make: *** Waiting for unfinished jobs....
"make -j16 all" terminated with exit code 2. Build might be incomplete.
10:29:08 **** Incremental Build of configuration Debug for project Drone_V1 ****
make -j16 all 
arm-none-eabi-gcc "../Core/Src/main.c" -mcpu=cortex-m4 -std=gnu11 -g3 -DDEBUG -DUSE_HAL_DRIVER -DSTM32F407xx -c -I../Core/Inc -I../Drivers/STM32F4xx_HAL_Driver/Inc -I../Drivers/STM32F4xx_HAL_Driver/Inc/Legacy -I../Drivers/CMSIS/Device/ST/STM32F4xx/Include -I../Drivers/CMSIS/Include -O0 -ffunction-sections -fdata-sections -Wall -fstack-usage -fcyclomatic-complexity -MMD -MP -MF"Core/Src/main.d" -MT"Core/Src/main.o" --specs=nano.specs -mfpu=fpv4-sp-d16 -mfloat-abi=hard -mthumb -o "Core/Src/main.o"
../Core/Src/main.c: In function 'main':
../Core/Src/main.c:125:16: error: incompatible type for argument 1 of 'MPU6050_Init'
  125 |   MPU6050_Init(&hi2c1, &htim2);
      |                ^~~~~~
      |                |
      |                I2C_HandleTypeDef *
In file included from ../Core/Src/main.c:24:
../Core/Inc/MPU6050.h:10:37: note: expected 'I2C_HandleTypeDef' but argument is of type 'I2C_HandleTypeDef *'
   10 | void MPU6050_Init(I2C_HandleTypeDef HI2C, TIM_HandleTypeDef HTIM);
      |                   ~~~~~~~~~~~~~~~~~~^~~~
../Core/Src/main.c:125:24: error: incompatible type for argument 2 of 'MPU6050_Init'
  125 |   MPU6050_Init(&hi2c1, &htim2);
      |                        ^~~~~~
      |                        |
      |                        TIM_HandleTypeDef *
../Core/Inc/MPU6050.h:10:61: note: expected 'TIM_HandleTypeDef' but argument is of type 'TIM_HandleTypeDef *'
   10 | void MPU6050_Init(I2C_HandleTypeDef HI2C, TIM_HandleTypeDef HTIM);
      |                                           ~~~~~~~~~~~~~~~~~~^~~~
make: *** [Core/Src/subdir.mk:43: Core/Src/main.o] Error 1
"make -j16 all" terminated with exit code 2. Build might be incomplete.
10:29:19 **** Incremental Build of configuration Debug for project Drone_V1 ****
make -j16 all 
arm-none-eabi-gcc "../Core/Src/main.c" -mcpu=cortex-m4 -std=gnu11 -g3 -DDEBUG -DUSE_HAL_DRIVER -DSTM32F407xx -c -I../Core/Inc -I../Drivers/STM32F4xx_HAL_Driver/Inc -I../Drivers/STM32F4xx_HAL_Driver/Inc/Legacy -I../Drivers/CMSIS/Device/ST/STM32F4xx/Include -I../Drivers/CMSIS/Include -O0 -ffunction-sections -fdata-sections -Wall -fstack-usage -fcyclomatic-complexity -MMD -MP -MF"Core/Src/main.d" -MT"Core/Src/main.o" --specs=nano.specs -mfpu=fpv4-sp-d16 -mfloat-abi=hard -mthumb -o "Core/Src/main.o"
arm-none-eabi-gcc -o "Drone_V1.elf" @"objects.list"   -mcpu=cortex-m4 -T"D:\Mechatronics\Repositories\Project_Drone\firmware\firmware\drone\Drone_V1\STM32F407VETX_FLASH.ld" --specs=nosys.specs -Wl,-Map="Drone_V1.map" -Wl,--gc-sections -static --specs=nano.specs -mfpu=fpv4-sp-d16 -mfloat-abi=hard -mthumb -Wl,--start-group -lc -lm -Wl,--end-group
Finished building target: Drone_V1.elf
 
arm-none-eabi-size  Drone_V1.elf 
arm-none-eabi-objdump -h -S Drone_V1.elf  > "Drone_V1.list"
   text	   data	    bss	    dec	    hex	filename
  26232	     92	   2656	  28980	   7134	Drone_V1.elf
Finished building: default.size.stdout
 
Finished building: Drone_V1.list
 
10:30:00 **** Incremental Build of configuration Debug for project Drone_V1 ****
make -j16 all 
arm-none-eabi-gcc "../Core/Src/MPU6050.c" -mcpu=cortex-m4 -std=gnu11 -g3 -DDEBUG -DUSE_HAL_DRIVER -DSTM32F407xx -c -I../Core/Inc -I../Drivers/STM32F4xx_HAL_Driver/Inc -I../Drivers/STM32F4xx_HAL_Driver/Inc/Legacy -I../Drivers/CMSIS/Device/ST/STM32F4xx/Include -I../Drivers/CMSIS/Include -O0 -ffunction-sections -fdata-sections -Wall -fstack-usage -fcyclomatic-complexity -MMD -MP -MF"Core/Src/MPU6050.d" -MT"Core/Src/MPU6050.o" --specs=nano.specs -mfpu=fpv4-sp-d16 -mfloat-abi=hard -mthumb -o "Core/Src/MPU6050.o"
../Core/Src/MPU6050.c:41:6: error: conflicting types for 'MPU6050_Init'; have 'void(I2C_HandleTypeDef *, TIM_HandleTypeDef *)'
   41 | void MPU6050_Init(I2C_HandleTypeDef* HI2C, TIM_HandleTypeDef* HTIM){
      |      ^~~~~~~~~~~~
In file included from ../Core/Src/MPU6050.c:7:
../Core/Inc/MPU6050.h:10:6: note: previous declaration of 'MPU6050_Init' with type 'void(I2C_HandleTypeDef,  TIM_HandleTypeDef)'
   10 | void MPU6050_Init(I2C_HandleTypeDef HI2C, TIM_HandleTypeDef HTIM);
      |      ^~~~~~~~~~~~
../Core/Src/MPU6050.c: In function 'MPU6050_Init':
../Core/Src/MPU6050.c:42:20: error: incompatible types when assigning to type 'I2C_HandleTypeDef' from type 'I2C_HandleTypeDef *'
   42 |         IMU_HI2C = HI2C;
      |                    ^~~~
../Core/Src/MPU6050.c:43:20: error: incompatible types when assigning to type 'TIM_HandleTypeDef' from type 'TIM_HandleTypeDef *'
   43 |         IMU_HTIM = HTIM;
      |                    ^~~~
make: *** [Core/Src/subdir.mk:43: Core/Src/MPU6050.o] Error 1
"make -j16 all" terminated with exit code 2. Build might be incomplete.
10:30:06 **** Incremental Build of configuration Debug for project Drone_V1 ****
make -j16 all 
arm-none-eabi-gcc "../Core/Src/MPU6050.c" -mcpu=cortex-m4 -std=gnu11 -g3 -DDEBUG -DUSE_HAL_DRIVER -DSTM32F407xx -c -I../Core/Inc -I../Drivers/STM32F4xx_HAL_Driver/Inc -I../Drivers/STM32F4xx_HAL_Driver/Inc/Legacy -I../Drivers/CMSIS/Device/ST/STM32F4xx/Include -I../Drivers/CMSIS/Include -O0 -ffunction-sections -fdata-sections -Wall -fstack-usage -fcyclomatic-complexity -MMD -MP -MF"Core/Src/MPU6050.d" -MT"Core/Src/MPU6050.o" --specs=nano.specs -mfpu=fpv4-sp-d16 -mfloat-abi=hard -mthumb -o "Core/Src/MPU6050.o"
../Core/Src/MPU6050.c:41:6: error: conflicting types for 'MPU6050_Init'; have 'void(I2C_HandleTypeDef *, TIM_HandleTypeDef *)'
   41 | void MPU6050_Init(I2C_HandleTypeDef* HI2C, TIM_HandleTypeDef* HTIM){
      |      ^~~~~~~~~~~~
In file included from ../Core/Src/MPU6050.c:7:
../Core/Inc/MPU6050.h:10:6: note: previous declaration of 'MPU6050_Init' with type 'void(I2C_HandleTypeDef,  TIM_HandleTypeDef)'
   10 | void MPU6050_Init(I2C_HandleTypeDef HI2C, TIM_HandleTypeDef HTIM);
      |      ^~~~~~~~~~~~
../Core/Src/MPU6050.c: In function 'MPU6050_Init':
../Core/Src/MPU6050.c:42:20: error: incompatible types when assigning to type 'I2C_HandleTypeDef' from type 'I2C_HandleTypeDef **'
   42 |         IMU_HI2C = &HI2C;
      |                    ^
../Core/Src/MPU6050.c:43:20: error: incompatible types when assigning to type 'TIM_HandleTypeDef' from type 'TIM_HandleTypeDef **'
   43 |         IMU_HTIM = &HTIM;
      |                    ^
make: *** [Core/Src/subdir.mk:43: Core/Src/MPU6050.o] Error 1
"make -j16 all" terminated with exit code 2. Build might be incomplete.
10:30:41 **** Incremental Build of configuration Debug for project Drone_V1 ****
make -j16 all 
arm-none-eabi-gcc "../Core/Src/MPU6050.c" -mcpu=cortex-m4 -std=gnu11 -g3 -DDEBUG -DUSE_HAL_DRIVER -DSTM32F407xx -c -I../Core/Inc -I../Drivers/STM32F4xx_HAL_Driver/Inc -I../Drivers/STM32F4xx_HAL_Driver/Inc/Legacy -I../Drivers/CMSIS/Device/ST/STM32F4xx/Include -I../Drivers/CMSIS/Include -O0 -ffunction-sections -fdata-sections -Wall -fstack-usage -fcyclomatic-complexity -MMD -MP -MF"Core/Src/MPU6050.d" -MT"Core/Src/MPU6050.o" --specs=nano.specs -mfpu=fpv4-sp-d16 -mfloat-abi=hard -mthumb -o "Core/Src/MPU6050.o"
arm-none-eabi-gcc "../Core/Src/main.c" -mcpu=cortex-m4 -std=gnu11 -g3 -DDEBUG -DUSE_HAL_DRIVER -DSTM32F407xx -c -I../Core/Inc -I../Drivers/STM32F4xx_HAL_Driver/Inc -I../Drivers/STM32F4xx_HAL_Driver/Inc/Legacy -I../Drivers/CMSIS/Device/ST/STM32F4xx/Include -I../Drivers/CMSIS/Include -O0 -ffunction-sections -fdata-sections -Wall -fstack-usage -fcyclomatic-complexity -MMD -MP -MF"Core/Src/main.d" -MT"Core/Src/main.o" --specs=nano.specs -mfpu=fpv4-sp-d16 -mfloat-abi=hard -mthumb -o "Core/Src/main.o"
../Core/Src/MPU6050.c: In function 'MPU6050_Init':
../Core/Src/MPU6050.c:42:20: error: incompatible types when assigning to type 'I2C_HandleTypeDef' from type 'I2C_HandleTypeDef **'
   42 |         IMU_HI2C = &HI2C;
      |                    ^
../Core/Src/MPU6050.c:43:20: error: incompatible types when assigning to type 'TIM_HandleTypeDef' from type 'TIM_HandleTypeDef **'
   43 |         IMU_HTIM = &HTIM;
      |                    ^
../Core/Src/main.c: In function 'main':
../Core/Src/main.c:125:16: error: incompatible type for argument 1 of 'MPU6050_Init'
  125 |   MPU6050_Init(hi2c1, htim2);
      |                ^~~~~
      |                |
      |                I2C_HandleTypeDef
In file included from ../Core/Src/main.c:24:
../Core/Inc/MPU6050.h:10:38: note: expected 'I2C_HandleTypeDef *' but argument is of type 'I2C_HandleTypeDef'
   10 | void MPU6050_Init(I2C_HandleTypeDef* HI2C, TIM_HandleTypeDef* HTIM);
      |                   ~~~~~~~~~~~~~~~~~~~^~~~
../Core/Src/main.c:125:23: error: incompatible type for argument 2 of 'MPU6050_Init'
  125 |   MPU6050_Init(hi2c1, htim2);
      |                       ^~~~~
      |                       |
      |                       TIM_HandleTypeDef
../Core/Inc/MPU6050.h:10:63: note: expected 'TIM_HandleTypeDef *' but argument is of type 'TIM_HandleTypeDef'
   10 | void MPU6050_Init(I2C_HandleTypeDef* HI2C, TIM_HandleTypeDef* HTIM);
      |                                            ~~~~~~~~~~~~~~~~~~~^~~~
make: *** [Core/Src/subdir.mk:43: Core/Src/MPU6050.o] Error 1
make: *** Waiting for unfinished jobs....
make: *** [Core/Src/subdir.mk:43: Core/Src/main.o] Error 1
"make -j16 all" terminated with exit code 2. Build might be incomplete.
10:30:56 **** Incremental Build of configuration Debug for project Drone_V1 ****
make -j16 all 
arm-none-eabi-gcc "../Core/Src/MPU6050.c" -mcpu=cortex-m4 -std=gnu11 -g3 -DDEBUG -DUSE_HAL_DRIVER -DSTM32F407xx -c -I../Core/Inc -I../Drivers/STM32F4xx_HAL_Driver/Inc -I../Drivers/STM32F4xx_HAL_Driver/Inc/Legacy -I../Drivers/CMSIS/Device/ST/STM32F4xx/Include -I../Drivers/CMSIS/Include -O0 -ffunction-sections -fdata-sections -Wall -fstack-usage -fcyclomatic-complexity -MMD -MP -MF"Core/Src/MPU6050.d" -MT"Core/Src/MPU6050.o" --specs=nano.specs -mfpu=fpv4-sp-d16 -mfloat-abi=hard -mthumb -o "Core/Src/MPU6050.o"
arm-none-eabi-gcc "../Core/Src/main.c" -mcpu=cortex-m4 -std=gnu11 -g3 -DDEBUG -DUSE_HAL_DRIVER -DSTM32F407xx -c -I../Core/Inc -I../Drivers/STM32F4xx_HAL_Driver/Inc -I../Drivers/STM32F4xx_HAL_Driver/Inc/Legacy -I../Drivers/CMSIS/Device/ST/STM32F4xx/Include -I../Drivers/CMSIS/Include -O0 -ffunction-sections -fdata-sections -Wall -fstack-usage -fcyclomatic-complexity -MMD -MP -MF"Core/Src/main.d" -MT"Core/Src/main.o" --specs=nano.specs -mfpu=fpv4-sp-d16 -mfloat-abi=hard -mthumb -o "Core/Src/main.o"
../Core/Src/main.c: In function 'main':
../Core/Src/MPU6050.c: In function 'MPU6050_Init':
../Core/Src/MPU6050.c:42:20: error: incompatible types when assigning to type 'I2C_HandleTypeDef' from type 'I2C_HandleTypeDef **'
   42 |         IMU_HI2C = &HI2C;
      |                    ^
../Core/Src/MPU6050.c:43:20: error: incompatible types when assigning to type 'TIM_HandleTypeDef' from type 'TIM_HandleTypeDef **'
   43 |         IMU_HTIM = &HTIM;
      |                    ^
../Core/Src/main.c:125:16: error: incompatible type for argument 1 of 'MPU6050_Init'
  125 |   MPU6050_Init(hi2c1, htim2);
      |                ^~~~~
      |                |
      |                I2C_HandleTypeDef
In file included from ../Core/Src/main.c:24:
../Core/Inc/MPU6050.h:10:38: note: expected 'I2C_HandleTypeDef *' but argument is of type 'I2C_HandleTypeDef'
   10 | void MPU6050_Init(I2C_HandleTypeDef* HI2C, TIM_HandleTypeDef* HTIM);
      |                   ~~~~~~~~~~~~~~~~~~~^~~~
../Core/Src/main.c:125:23: error: incompatible type for argument 2 of 'MPU6050_Init'
  125 |   MPU6050_Init(hi2c1, htim2);
      |                       ^~~~~
      |                       |
      |                       TIM_HandleTypeDef
../Core/Inc/MPU6050.h:10:63: note: expected 'TIM_HandleTypeDef *' but argument is of type 'TIM_HandleTypeDef'
   10 | void MPU6050_Init(I2C_HandleTypeDef* HI2C, TIM_HandleTypeDef* HTIM);
      |                                            ~~~~~~~~~~~~~~~~~~~^~~~
make: *** [Core/Src/subdir.mk:43: Core/Src/MPU6050.o] Error 1
make: *** Waiting for unfinished jobs....
make: *** [Core/Src/subdir.mk:43: Core/Src/main.o] Error 1
"make -j16 all" terminated with exit code 2. Build might be incomplete.
10:31:07 **** Incremental Build of configuration Debug for project Drone_V1 ****
make -j16 all 
arm-none-eabi-gcc "../Core/Src/MPU6050.c" -mcpu=cortex-m4 -std=gnu11 -g3 -DDEBUG -DUSE_HAL_DRIVER -DSTM32F407xx -c -I../Core/Inc -I../Drivers/STM32F4xx_HAL_Driver/Inc -I../Drivers/STM32F4xx_HAL_Driver/Inc/Legacy -I../Drivers/CMSIS/Device/ST/STM32F4xx/Include -I../Drivers/CMSIS/Include -O0 -ffunction-sections -fdata-sections -Wall -fstack-usage -fcyclomatic-complexity -MMD -MP -MF"Core/Src/MPU6050.d" -MT"Core/Src/MPU6050.o" --specs=nano.specs -mfpu=fpv4-sp-d16 -mfloat-abi=hard -mthumb -o "Core/Src/MPU6050.o"
arm-none-eabi-gcc "../Core/Src/main.c" -mcpu=cortex-m4 -std=gnu11 -g3 -DDEBUG -DUSE_HAL_DRIVER -DSTM32F407xx -c -I../Core/Inc -I../Drivers/STM32F4xx_HAL_Driver/Inc -I../Drivers/STM32F4xx_HAL_Driver/Inc/Legacy -I../Drivers/CMSIS/Device/ST/STM32F4xx/Include -I../Drivers/CMSIS/Include -O0 -ffunction-sections -fdata-sections -Wall -fstack-usage -fcyclomatic-complexity -MMD -MP -MF"Core/Src/main.d" -MT"Core/Src/main.o" --specs=nano.specs -mfpu=fpv4-sp-d16 -mfloat-abi=hard -mthumb -o "Core/Src/main.o"
../Core/Src/MPU6050.c: In function 'MPU6050_Init':
../Core/Src/MPU6050.c:42:20: error: incompatible types when assigning to type 'I2C_HandleTypeDef' from type 'I2C_HandleTypeDef **'
   42 |         IMU_HI2C = &HI2C;
      |                    ^
../Core/Src/MPU6050.c:43:20: error: incompatible types when assigning to type 'TIM_HandleTypeDef' from type 'TIM_HandleTypeDef **'
   43 |         IMU_HTIM = &HTIM;
      |                    ^
../Core/Src/main.c: In function 'main':
../Core/Src/main.c:125:16: error: incompatible type for argument 1 of 'MPU6050_Init'
  125 |   MPU6050_Init(hi2c1, htim2);
      |                ^~~~~
      |                |
      |                I2C_HandleTypeDef
In file included from ../Core/Src/main.c:24:
../Core/Inc/MPU6050.h:10:38: note: expected 'I2C_HandleTypeDef *' but argument is of type 'I2C_HandleTypeDef'
   10 | void MPU6050_Init(I2C_HandleTypeDef *HI2C, TIM_HandleTypeDef *HTIM);
      |                   ~~~~~~~~~~~~~~~~~~~^~~~
../Core/Src/main.c:125:23: error: incompatible type for argument 2 of 'MPU6050_Init'
  125 |   MPU6050_Init(hi2c1, htim2);
      |                       ^~~~~
      |                       |
      |                       TIM_HandleTypeDef
../Core/Inc/MPU6050.h:10:63: note: expected 'TIM_HandleTypeDef *' but argument is of type 'TIM_HandleTypeDef'
   10 | void MPU6050_Init(I2C_HandleTypeDef *HI2C, TIM_HandleTypeDef *HTIM);
      |                                            ~~~~~~~~~~~~~~~~~~~^~~~
make: *** [Core/Src/subdir.mk:43: Core/Src/MPU6050.o] Error 1
make: *** Waiting for unfinished jobs....
make: *** [Core/Src/subdir.mk:43: Core/Src/main.o] Error 1
"make -j16 all" terminated with exit code 2. Build might be incomplete.
10:32:16 **** Incremental Build of configuration Debug for project Drone_V1 ****
make -j16 all 
arm-none-eabi-gcc "../Core/Src/MPU6050.c" -mcpu=cortex-m4 -std=gnu11 -g3 -DDEBUG -DUSE_HAL_DRIVER -DSTM32F407xx -c -I../Core/Inc -I../Drivers/STM32F4xx_HAL_Driver/Inc -I../Drivers/STM32F4xx_HAL_Driver/Inc/Legacy -I../Drivers/CMSIS/Device/ST/STM32F4xx/Include -I../Drivers/CMSIS/Include -O0 -ffunction-sections -fdata-sections -Wall -fstack-usage -fcyclomatic-complexity -MMD -MP -MF"Core/Src/MPU6050.d" -MT"Core/Src/MPU6050.o" --specs=nano.specs -mfpu=fpv4-sp-d16 -mfloat-abi=hard -mthumb -o "Core/Src/MPU6050.o"
arm-none-eabi-gcc "../Core/Src/main.c" -mcpu=cortex-m4 -std=gnu11 -g3 -DDEBUG -DUSE_HAL_DRIVER -DSTM32F407xx -c -I../Core/Inc -I../Drivers/STM32F4xx_HAL_Driver/Inc -I../Drivers/STM32F4xx_HAL_Driver/Inc/Legacy -I../Drivers/CMSIS/Device/ST/STM32F4xx/Include -I../Drivers/CMSIS/Include -O0 -ffunction-sections -fdata-sections -Wall -fstack-usage -fcyclomatic-complexity -MMD -MP -MF"Core/Src/main.d" -MT"Core/Src/main.o" --specs=nano.specs -mfpu=fpv4-sp-d16 -mfloat-abi=hard -mthumb -o "Core/Src/main.o"
../Core/Src/MPU6050.c: In function 'MPU6050_Init':
../Core/Src/MPU6050.c:42:18: warning: assignment to 'I2C_HandleTypeDef *' from incompatible pointer type 'I2C_HandleTypeDef **' [-Wincompatible-pointer-types]
   42 |         IMU_HI2C = &HI2C;
      |                  ^
../Core/Src/MPU6050.c:43:18: warning: assignment to 'TIM_HandleTypeDef *' from incompatible pointer type 'TIM_HandleTypeDef **' [-Wincompatible-pointer-types]
   43 |         IMU_HTIM = &HTIM;
      |                  ^
../Core/Src/MPU6050.c:45:35: warning: passing argument 1 of 'HAL_I2C_Mem_Read' from incompatible pointer type [-Wincompatible-pointer-types]
   45 |         status = HAL_I2C_Mem_Read(&IMU_HI2C, MPU6050_ADDRESS, 0x75, 1, &check, 1, 1000);
      |                                   ^~~~~~~~~
      |                                   |
      |                                   I2C_HandleTypeDef **
../Core/Src/main.c: In function 'main':
In file included from ../Core/Inc/stm32f4xx_hal_conf.h:363,
                 from ../Drivers/STM32F4xx_HAL_Driver/Inc/stm32f4xx_hal.h:29,
                 from ../Core/Inc/main.h:30,
                 from ../Core/Src/MPU6050.c:6:
../Drivers/STM32F4xx_HAL_Driver/Inc/stm32f4xx_hal_i2c.h:571:55: note: expected 'I2C_HandleTypeDef *' but argument is of type 'I2C_HandleTypeDef **'
  571 | HAL_StatusTypeDef HAL_I2C_Mem_Read(I2C_HandleTypeDef *hi2c, uint16_t DevAddress, uint16_t MemAddress, uint16_t MemAddSize, uint8_t *pData, uint16_t Size, uint32_t Timeout);
      |                                    ~~~~~~~~~~~~~~~~~~~^~~~
../Core/Src/main.c:125:16: error: incompatible type for argument 1 of 'MPU6050_Init'
  125 |   MPU6050_Init(hi2c1, htim2);
      |                ^~~~~
      |                |
      |                I2C_HandleTypeDef
../Core/Src/MPU6050.c:49:35: warning: passing argument 1 of 'HAL_I2C_Mem_Write' from incompatible pointer type [-Wincompatible-pointer-types]
   49 |                 HAL_I2C_Mem_Write(&IMU_HI2C, MPU6050_ADDRESS, 0x6B, 1, &mData, 1, 1000);
      |                                   ^~~~~~~~~
      |                                   |
      |                                   I2C_HandleTypeDef **
In file included from ../Core/Src/main.c:24:
../Core/Inc/MPU6050.h:10:38: note: expected 'I2C_HandleTypeDef *' but argument is of type 'I2C_HandleTypeDef'
   10 | void MPU6050_Init(I2C_HandleTypeDef *HI2C, TIM_HandleTypeDef *HTIM);
      |                   ~~~~~~~~~~~~~~~~~~~^~~~
../Drivers/STM32F4xx_HAL_Driver/Inc/stm32f4xx_hal_i2c.h:570:56: note: expected 'I2C_HandleTypeDef *' but argument is of type 'I2C_HandleTypeDef **'
  570 | HAL_StatusTypeDef HAL_I2C_Mem_Write(I2C_HandleTypeDef *hi2c, uint16_t DevAddress, uint16_t MemAddress, uint16_t MemAddSize, uint8_t *pData, uint16_t Size, uint32_t Timeout);
      |                                     ~~~~~~~~~~~~~~~~~~~^~~~
../Core/Src/main.c:125:23: error: incompatible type for argument 2 of 'MPU6050_Init'
  125 |   MPU6050_Init(hi2c1, htim2);
      |                       ^~~~~
      |                       |
      |                       TIM_HandleTypeDef
../Core/Inc/MPU6050.h:10:63: note: expected 'TIM_HandleTypeDef *' but argument is of type 'TIM_HandleTypeDef'
   10 | void MPU6050_Init(I2C_HandleTypeDef *HI2C, TIM_HandleTypeDef *HTIM);
      |                                            ~~~~~~~~~~~~~~~~~~~^~~~
../Core/Src/MPU6050.c:52:35: warning: passing argument 1 of 'HAL_I2C_Mem_Write' from incompatible pointer type [-Wincompatible-pointer-types]
   52 |                 HAL_I2C_Mem_Write(&IMU_HI2C, MPU6050_ADDRESS, 0x19, 1, &mData, 1, 1000);
      |                                   ^~~~~~~~~
      |                                   |
      |                                   I2C_HandleTypeDef **
../Drivers/STM32F4xx_HAL_Driver/Inc/stm32f4xx_hal_i2c.h:570:56: note: expected 'I2C_HandleTypeDef *' but argument is of type 'I2C_HandleTypeDef **'
  570 | HAL_StatusTypeDef HAL_I2C_Mem_Write(I2C_HandleTypeDef *hi2c, uint16_t DevAddress, uint16_t MemAddress, uint16_t MemAddSize, uint8_t *pData, uint16_t Size, uint32_t Timeout);
      |                                     ~~~~~~~~~~~~~~~~~~~^~~~
../Core/Src/MPU6050.c:55:35: warning: passing argument 1 of 'HAL_I2C_Mem_Write' from incompatible pointer type [-Wincompatible-pointer-types]
   55 |                 HAL_I2C_Mem_Write(&IMU_HI2C, MPU6050_ADDRESS, 0x1B, 1, &mData, 1, 1000);
      |                                   ^~~~~~~~~
      |                                   |
      |                                   I2C_HandleTypeDef **
../Drivers/STM32F4xx_HAL_Driver/Inc/stm32f4xx_hal_i2c.h:570:56: note: expected 'I2C_HandleTypeDef *' but argument is of type 'I2C_HandleTypeDef **'
  570 | HAL_StatusTypeDef HAL_I2C_Mem_Write(I2C_HandleTypeDef *hi2c, uint16_t DevAddress, uint16_t MemAddress, uint16_t MemAddSize, uint8_t *pData, uint16_t Size, uint32_t Timeout);
      |                                     ~~~~~~~~~~~~~~~~~~~^~~~
../Core/Src/MPU6050.c:58:35: warning: passing argument 1 of 'HAL_I2C_Mem_Write' from incompatible pointer type [-Wincompatible-pointer-types]
   58 |                 HAL_I2C_Mem_Write(&IMU_HI2C, MPU6050_ADDRESS, 0x1C, 1, &mData, 1, 1000);
      |                                   ^~~~~~~~~
      |                                   |
      |                                   I2C_HandleTypeDef **
../Drivers/STM32F4xx_HAL_Driver/Inc/stm32f4xx_hal_i2c.h:570:56: note: expected 'I2C_HandleTypeDef *' but argument is of type 'I2C_HandleTypeDef **'
  570 | HAL_StatusTypeDef HAL_I2C_Mem_Write(I2C_HandleTypeDef *hi2c, uint16_t DevAddress, uint16_t MemAddress, uint16_t MemAddSize, uint8_t *pData, uint16_t Size, uint32_t Timeout);
      |                                     ~~~~~~~~~~~~~~~~~~~^~~~
../Core/Src/MPU6050.c: In function 'MPU6050_GetAccel':
../Core/Src/MPU6050.c:64:26: warning: passing argument 1 of 'HAL_I2C_Mem_Read' from incompatible pointer type [-Wincompatible-pointer-types]
   64 |         HAL_I2C_Mem_Read(&IMU_HI2C, MPU6050_ADDRESS, 0x3B, 1, accelData, 6, 1000);
      |                          ^~~~~~~~~
      |                          |
      |                          I2C_HandleTypeDef **
../Drivers/STM32F4xx_HAL_Driver/Inc/stm32f4xx_hal_i2c.h:571:55: note: expected 'I2C_HandleTypeDef *' but argument is of type 'I2C_HandleTypeDef **'
  571 | HAL_StatusTypeDef HAL_I2C_Mem_Read(I2C_HandleTypeDef *hi2c, uint16_t DevAddress, uint16_t MemAddress, uint16_t MemAddSize, uint8_t *pData, uint16_t Size, uint32_t Timeout);
      |                                    ~~~~~~~~~~~~~~~~~~~^~~~
../Core/Src/MPU6050.c: In function 'MPU6050_GetGyro':
../Core/Src/MPU6050.c:77:26: warning: passing argument 1 of 'HAL_I2C_Mem_Read' from incompatible pointer type [-Wincompatible-pointer-types]
   77 |         HAL_I2C_Mem_Read(&IMU_HI2C, MPU6050_ADDRESS, 0x43, 1, gyroData, 6, 1000);
      |                          ^~~~~~~~~
      |                          |
      |                          I2C_HandleTypeDef **
../Drivers/STM32F4xx_HAL_Driver/Inc/stm32f4xx_hal_i2c.h:571:55: note: expected 'I2C_HandleTypeDef *' but argument is of type 'I2C_HandleTypeDef **'
  571 | HAL_StatusTypeDef HAL_I2C_Mem_Read(I2C_HandleTypeDef *hi2c, uint16_t DevAddress, uint16_t MemAddress, uint16_t MemAddSize, uint8_t *pData, uint16_t Size, uint32_t Timeout);
      |                                    ~~~~~~~~~~~~~~~~~~~^~~~
../Core/Src/MPU6050.c: In function 'MPU6050_GetFullReadings':
../Core/Src/MPU6050.c:113:26: warning: passing argument 1 of 'HAL_I2C_Mem_Read' from incompatible pointer type [-Wincompatible-pointer-types]
[...]
arm-none-eabi-gcc -o "Drone_V1.elf" @"objects.list"   -mcpu=cortex-m4 -T"D:\Mechatronics\Repositories\Project_Drone\firmware\firmware\drone\Drone_V1\STM32F407VETX_FLASH.ld" --specs=nosys.specs -Wl,-Map="Drone_V1.map" -Wl,--gc-sections -static --specs=nano.specs -mfpu=fpv4-sp-d16 -mfloat-abi=hard -mthumb -Wl,--start-group -lc -lm -Wl,--end-group
Finished building target: Drone_V1.elf
 
arm-none-eabi-size  Drone_V1.elf 
arm-none-eabi-objdump -h -S Drone_V1.elf  > "Drone_V1.list"
   text	   data	    bss	    dec	    hex	filename
  18712	     12	   2436	  21160	   52a8	Drone_V1.elf
Finished building: default.size.stdout
 
Finished building: Drone_V1.list
 
21:53:41 **** Incremental Build of configuration Debug for project Drone_V1 ****
make -j16 all 
arm-none-eabi-gcc "../Core/Src/main.c" -mcpu=cortex-m4 -std=gnu11 -g3 -DDEBUG -DUSE_HAL_DRIVER -DSTM32F407xx -c -I../Core/Inc -I../Drivers/STM32F4xx_HAL_Driver/Inc -I../Drivers/STM32F4xx_HAL_Driver/Inc/Legacy -I../Drivers/CMSIS/Device/ST/STM32F4xx/Include -I../Drivers/CMSIS/Include -O0 -ffunction-sections -fdata-sections -Wall -fstack-usage -fcyclomatic-complexity -MMD -MP -MF"Core/Src/main.d" -MT"Core/Src/main.o" --specs=nano.specs -mfpu=fpv4-sp-d16 -mfloat-abi=hard -mthumb -o "Core/Src/main.o"
arm-none-eabi-gcc -o "Drone_V1.elf" @"objects.list"   -mcpu=cortex-m4 -T"D:\Mechatronics\Repositories\Project_Drone\firmware\firmware\drone\Drone_V1\STM32F407VETX_FLASH.ld" --specs=nosys.specs -Wl,-Map="Drone_V1.map" -Wl,--gc-sections -static --specs=nano.specs -mfpu=fpv4-sp-d16 -mfloat-abi=hard -mthumb -Wl,--start-group -lc -lm -Wl,--end-group
Finished building target: Drone_V1.elf
 
arm-none-eabi-size  Drone_V1.elf 
arm-none-eabi-objdump -h -S Drone_V1.elf  > "Drone_V1.list"
   text	   data	    bss	    dec	    hex	filename
  18744	     12	   2436	  21192	   52c8	Drone_V1.elf
Finished building: default.size.stdout
 
Finished building: Drone_V1.list
 
21:53:49 **** Incremental Build of configuration Debug for project Drone_V1 ****
make -j16 all 
arm-none-eabi-size  Drone_V1.elf 
   text	   data	    bss	    dec	    hex	filename
  18744	     12	   2436	  21192	   52c8	Drone_V1.elf
Finished building: default.size.stdout
 
21:58:06 **** Incremental Build of configuration Debug for project Drone_V1 ****
make -j16 all 
arm-none-eabi-gcc "../Core/Src/main.c" -mcpu=cortex-m4 -std=gnu11 -g3 -DDEBUG -DUSE_HAL_DRIVER -DSTM32F407xx -c -I../Core/Inc -I../Drivers/STM32F4xx_HAL_Driver/Inc -I../Drivers/STM32F4xx_HAL_Driver/Inc/Legacy -I../Drivers/CMSIS/Device/ST/STM32F4xx/Include -I../Drivers/CMSIS/Include -O0 -ffunction-sections -fdata-sections -Wall -fstack-usage -fcyclomatic-complexity -MMD -MP -MF"Core/Src/main.d" -MT"Core/Src/main.o" --specs=nano.specs -mfpu=fpv4-sp-d16 -mfloat-abi=hard -mthumb -o "Core/Src/main.o"
../Core/Src/main.c: In function 'main':
../Core/Src/main.c:145:3: error: too few arguments to function 'HAL_TIM_PWM_Start'
  145 |   HAL_TIM_PWM_Start(&htim1);
      |   ^~~~~~~~~~~~~~~~~
In file included from ../Core/Inc/stm32f4xx_hal_conf.h:407,
                 from ../Drivers/STM32F4xx_HAL_Driver/Inc/stm32f4xx_hal.h:29,
                 from ../Core/Inc/main.h:30,
                 from ../Core/Src/main.c:20:
../Drivers/STM32F4xx_HAL_Driver/Inc/stm32f4xx_hal_tim.h:1940:19: note: declared here
 1940 | HAL_StatusTypeDef HAL_TIM_PWM_Start(TIM_HandleTypeDef *htim, uint32_t Channel);
      |                   ^~~~~~~~~~~~~~~~~
../Core/Src/main.c:146:3: error: too few arguments to function 'HAL_TIM_PWM_Start'
  146 |   HAL_TIM_PWM_Start(&htim2);
      |   ^~~~~~~~~~~~~~~~~
../Drivers/STM32F4xx_HAL_Driver/Inc/stm32f4xx_hal_tim.h:1940:19: note: declared here
 1940 | HAL_StatusTypeDef HAL_TIM_PWM_Start(TIM_HandleTypeDef *htim, uint32_t Channel);
      |                   ^~~~~~~~~~~~~~~~~
../Core/Src/main.c:147:3: error: too few arguments to function 'HAL_TIM_PWM_Start'
  147 |   HAL_TIM_PWM_Start(&htim3);
      |   ^~~~~~~~~~~~~~~~~
../Drivers/STM32F4xx_HAL_Driver/Inc/stm32f4xx_hal_tim.h:1940:19: note: declared here
 1940 | HAL_StatusTypeDef HAL_TIM_PWM_Start(TIM_HandleTypeDef *htim, uint32_t Channel);
      |                   ^~~~~~~~~~~~~~~~~
make: *** [Core/Src/subdir.mk:43: Core/Src/main.o] Error 1
"make -j16 all" terminated with exit code 2. Build might be incomplete.
21:59:02 **** Incremental Build of configuration Debug for project Drone_V1 ****
make -j16 all 
arm-none-eabi-gcc "../Core/Src/main.c" -mcpu=cortex-m4 -std=gnu11 -g3 -DDEBUG -DUSE_HAL_DRIVER -DSTM32F407xx -c -I../Core/Inc -I../Drivers/STM32F4xx_HAL_Driver/Inc -I../Drivers/STM32F4xx_HAL_Driver/Inc/Legacy -I../Drivers/CMSIS/Device/ST/STM32F4xx/Include -I../Drivers/CMSIS/Include -O0 -ffunction-sections -fdata-sections -Wall -fstack-usage -fcyclomatic-complexity -MMD -MP -MF"Core/Src/main.d" -MT"Core/Src/main.o" --specs=nano.specs -mfpu=fpv4-sp-d16 -mfloat-abi=hard -mthumb -o "Core/Src/main.o"
arm-none-eabi-gcc -o "Drone_V1.elf" @"objects.list"   -mcpu=cortex-m4 -T"D:\Mechatronics\Repositories\Project_Drone\firmware\firmware\drone\Drone_V1\STM32F407VETX_FLASH.ld" --specs=nosys.specs -Wl,-Map="Drone_V1.map" -Wl,--gc-sections -static --specs=nano.specs -mfpu=fpv4-sp-d16 -mfloat-abi=hard -mthumb -Wl,--start-group -lc -lm -Wl,--end-group
Finished building target: Drone_V1.elf
 
arm-none-eabi-size  Drone_V1.elf 
arm-none-eabi-objdump -h -S Drone_V1.elf  > "Drone_V1.list"
   text	   data	    bss	    dec	    hex	filename
  19240	     12	   2436	  21688	   54b8	Drone_V1.elf
Finished building: default.size.stdout
 
Finished building: Drone_V1.list
 
21:59:06 **** Incremental Build of configuration Debug for project Drone_V1 ****
make -j16 all 
arm-none-eabi-size  Drone_V1.elf 
   text	   data	    bss	    dec	    hex	filename
  19240	     12	   2436	  21688	   54b8	Drone_V1.elf
Finished building: default.size.stdout
 
22:02:51 **** Incremental Build of configuration Debug for project Drone_V1 ****
make -j16 all 
arm-none-eabi-gcc "../Core/Src/main.c" -mcpu=cortex-m4 -std=gnu11 -g3 -DDEBUG -DUSE_HAL_DRIVER -DSTM32F407xx -c -I../Core/Inc -I../Drivers/STM32F4xx_HAL_Driver/Inc -I../Drivers/STM32F4xx_HAL_Driver/Inc/Legacy -I../Drivers/CMSIS/Device/ST/STM32F4xx/Include -I../Drivers/CMSIS/Include -O0 -ffunction-sections -fdata-sections -Wall -fstack-usage -fcyclomatic-complexity -MMD -MP -MF"Core/Src/main.d" -MT"Core/Src/main.o" --specs=nano.specs -mfpu=fpv4-sp-d16 -mfloat-abi=hard -mthumb -o "Core/Src/main.o"
arm-none-eabi-gcc -o "Drone_V1.elf" @"objects.list"   -mcpu=cortex-m4 -T"D:\Mechatronics\Repositories\Project_Drone\firmware\firmware\drone\Drone_V1\STM32F407VETX_FLASH.ld" --specs=nosys.specs -Wl,-Map="Drone_V1.map" -Wl,--gc-sections -static --specs=nano.specs -mfpu=fpv4-sp-d16 -mfloat-abi=hard -mthumb -Wl,--start-group -lc -lm -Wl,--end-group
Finished building target: Drone_V1.elf
 
arm-none-eabi-size  Drone_V1.elf 
arm-none-eabi-objdump -h -S Drone_V1.elf  > "Drone_V1.list"
   text	   data	    bss	    dec	    hex	filename
  19240	     12	   2436	  21688	   54b8	Drone_V1.elf
Finished building: default.size.stdout
 
Finished building: Drone_V1.list
 
22:02:54 **** Incremental Build of configuration Debug for project Drone_V1 ****
make -j16 all 
arm-none-eabi-size  Drone_V1.elf 
   text	   data	    bss	    dec	    hex	filename
  19240	     12	   2436	  21688	   54b8	Drone_V1.elf
Finished building: default.size.stdout
 
22:14:41 **** Incremental Build of configuration Debug for project Drone_V1 ****
make -j16 all 
arm-none-eabi-gcc "../Core/Src/main.c" -mcpu=cortex-m4 -std=gnu11 -g3 -DDEBUG -DUSE_HAL_DRIVER -DSTM32F407xx -c -I../Core/Inc -I../Drivers/STM32F4xx_HAL_Driver/Inc -I../Drivers/STM32F4xx_HAL_Driver/Inc/Legacy -I../Drivers/CMSIS/Device/ST/STM32F4xx/Include -I../Drivers/CMSIS/Include -O0 -ffunction-sections -fdata-sections -Wall -fstack-usage -fcyclomatic-complexity -MMD -MP -MF"Core/Src/main.d" -MT"Core/Src/main.o" --specs=nano.specs -mfpu=fpv4-sp-d16 -mfloat-abi=hard -mthumb -o "Core/Src/main.o"
arm-none-eabi-gcc -o "Drone_V1.elf" @"objects.list"   -mcpu=cortex-m4 -T"D:\Mechatronics\Repositories\Project_Drone\firmware\firmware\drone\Drone_V1\STM32F407VETX_FLASH.ld" --specs=nosys.specs -Wl,-Map="Drone_V1.map" -Wl,--gc-sections -static --specs=nano.specs -mfpu=fpv4-sp-d16 -mfloat-abi=hard -mthumb -Wl,--start-group -lc -lm -Wl,--end-group
Finished building target: Drone_V1.elf
 
arm-none-eabi-size  Drone_V1.elf 
arm-none-eabi-objdump -h -S Drone_V1.elf  > "Drone_V1.list"
   text	   data	    bss	    dec	    hex	filename
  19240	     12	   2436	  21688	   54b8	Drone_V1.elf
Finished building: default.size.stdout
 
Finished building: Drone_V1.list
 
22:15:05 **** Incremental Build of configuration Debug for project Drone_V1 ****
make -j16 all 
arm-none-eabi-size  Drone_V1.elf 
   text	   data	    bss	    dec	    hex	filename
  19240	     12	   2436	  21688	   54b8	Drone_V1.elf
Finished building: default.size.stdout
 
22:15:18 **** Incremental Build of configuration Debug for project Drone_V1 ****
make -j16 all 
arm-none-eabi-size  Drone_V1.elf 
   text	   data	    bss	    dec	    hex	filename
  19240	     12	   2436	  21688	   54b8	Drone_V1.elf
Finished building: default.size.stdout
 
22:15:23 **** Incremental Build of configuration Debug for project Drone_V1 ****
make -j16 all 
arm-none-eabi-size  Drone_V1.elf 
   text	   data	    bss	    dec	    hex	filename
  19240	     12	   2436	  21688	   54b8	Drone_V1.elf
Finished building: default.size.stdout
 
22:15:41 **** Incremental Build of configuration Debug for project Drone_V1 ****
make -j16 all 
arm-none-eabi-size  Drone_V1.elf 
   text	   data	    bss	    dec	    hex	filename
  19240	     12	   2436	  21688	   54b8	Drone_V1.elf
Finished building: default.size.stdout
 
22:16:08 **** Incremental Build of configuration Debug for project Drone_V1 ****
make -j16 all 
arm-none-eabi-size  Drone_V1.elf 
   text	   data	    bss	    dec	    hex	filename
  19240	     12	   2436	  21688	   54b8	Drone_V1.elf
Finished building: default.size.stdout
 
22:23:25 **** Incremental Build of configuration Debug for project Drone_V1 ****
make -j16 all 
arm-none-eabi-gcc "../Core/Src/main.c" -mcpu=cortex-m4 -std=gnu11 -g3 -DDEBUG -DUSE_HAL_DRIVER -DSTM32F407xx -c -I../Core/Inc -I../Drivers/STM32F4xx_HAL_Driver/Inc -I../Drivers/STM32F4xx_HAL_Driver/Inc/Legacy -I../Drivers/CMSIS/Device/ST/STM32F4xx/Include -I../Drivers/CMSIS/Include -O0 -ffunction-sections -fdata-sections -Wall -fstack-usage -fcyclomatic-complexity -MMD -MP -MF"Core/Src/main.d" -MT"Core/Src/main.o" --specs=nano.specs -mfpu=fpv4-sp-d16 -mfloat-abi=hard -mthumb -o "Core/Src/main.o"
arm-none-eabi-gcc -o "Drone_V1.elf" @"objects.list"   -mcpu=cortex-m4 -T"D:\Mechatronics\Repositories\Project_Drone\firmware\firmware\drone\Drone_V1\STM32F407VETX_FLASH.ld" --specs=nosys.specs -Wl,-Map="Drone_V1.map" -Wl,--gc-sections -static --specs=nano.specs -mfpu=fpv4-sp-d16 -mfloat-abi=hard -mthumb -Wl,--start-group -lc -lm -Wl,--end-group
Finished building target: Drone_V1.elf
 
arm-none-eabi-size  Drone_V1.elf 
arm-none-eabi-objdump -h -S Drone_V1.elf  > "Drone_V1.list"
   text	   data	    bss	    dec	    hex	filename
  19272	     12	   2436	  21720	   54d8	Drone_V1.elf
Finished building: default.size.stdout
 
Finished building: Drone_V1.list
 
22:24:01 **** Incremental Build of configuration Debug for project Drone_V1 ****
make -j16 all 
arm-none-eabi-size  Drone_V1.elf 
   text	   data	    bss	    dec	    hex	filename
  19272	     12	   2436	  21720	   54d8	Drone_V1.elf
Finished building: default.size.stdout
 
22:24:16 **** Incremental Build of configuration Debug for project Drone_V1 ****
make -j16 all 
arm-none-eabi-size  Drone_V1.elf 
   text	   data	    bss	    dec	    hex	filename
  19272	     12	   2436	  21720	   54d8	Drone_V1.elf
Finished building: default.size.stdout
 
22:24:19 **** Incremental Build of configuration Debug for project Drone_V1 ****
make -j16 all 
arm-none-eabi-size  Drone_V1.elf 
   text	   data	    bss	    dec	    hex	filename
  19272	     12	   2436	  21720	   54d8	Drone_V1.elf
Finished building: default.size.stdout
 
22:24:24 **** Incremental Build of configuration Debug for project Drone_V1 ****
make -j16 all 
arm-none-eabi-size  Drone_V1.elf 
   text	   data	    bss	    dec	    hex	filename
  19272	     12	   2436	  21720	   54d8	Drone_V1.elf
Finished building: default.size.stdout
 
22:24:41 **** Incremental Build of configuration Debug for project Drone_V1 ****
make -j16 all 
arm-none-eabi-size  Drone_V1.elf 
   text	   data	    bss	    dec	    hex	filename
  19272	     12	   2436	  21720	   54d8	Drone_V1.elf
Finished building: default.size.stdout
 
22:33:09 **** Incremental Build of configuration Debug for project Drone_V1 ****
make -j16 all 
arm-none-eabi-gcc "../Core/Src/main.c" -mcpu=cortex-m4 -std=gnu11 -g3 -DDEBUG -DUSE_HAL_DRIVER -DSTM32F407xx -c -I../Core/Inc -I../Drivers/STM32F4xx_HAL_Driver/Inc -I../Drivers/STM32F4xx_HAL_Driver/Inc/Legacy -I../Drivers/CMSIS/Device/ST/STM32F4xx/Include -I../Drivers/CMSIS/Include -O0 -ffunction-sections -fdata-sections -Wall -fstack-usage -fcyclomatic-complexity -MMD -MP -MF"Core/Src/main.d" -MT"Core/Src/main.o" --specs=nano.specs -mfpu=fpv4-sp-d16 -mfloat-abi=hard -mthumb -o "Core/Src/main.o"
arm-none-eabi-gcc -o "Drone_V1.elf" @"objects.list"   -mcpu=cortex-m4 -T"D:\Mechatronics\Repositories\Project_Drone\firmware\firmware\drone\Drone_V1\STM32F407VETX_FLASH.ld" --specs=nosys.specs -Wl,-Map="Drone_V1.map" -Wl,--gc-sections -static --specs=nano.specs -mfpu=fpv4-sp-d16 -mfloat-abi=hard -mthumb -Wl,--start-group -lc -lm -Wl,--end-group
Finished building target: Drone_V1.elf
 
arm-none-eabi-size  Drone_V1.elf 
arm-none-eabi-objdump -h -S Drone_V1.elf  > "Drone_V1.list"
   text	   data	    bss	    dec	    hex	filename
  19240	     12	   2436	  21688	   54b8	Drone_V1.elf
Finished building: default.size.stdout
 
Finished building: Drone_V1.list
 
22:33:13 **** Incremental Build of configuration Debug for project Drone_V1 ****
make -j16 all 
arm-none-eabi-size  Drone_V1.elf 
   text	   data	    bss	    dec	    hex	filename
  19240	     12	   2436	  21688	   54b8	Drone_V1.elf
Finished building: default.size.stdout
 
22:33:40 **** Incremental Build of configuration Debug for project Drone_V1 ****
make -j16 all 
arm-none-eabi-size  Drone_V1.elf 
   text	   data	    bss	    dec	    hex	filename
  19240	     12	   2436	  21688	   54b8	Drone_V1.elf
Finished building: default.size.stdout
 
22:33:43 **** Incremental Build of configuration Debug for project Drone_V1 ****
make -j16 all 
arm-none-eabi-size  Drone_V1.elf 
   text	   data	    bss	    dec	    hex	filename
  19240	     12	   2436	  21688	   54b8	Drone_V1.elf
Finished building: default.size.stdout
 
22:33:54 **** Incremental Build of configuration Debug for project Drone_V1 ****
make -j16 all 
arm-none-eabi-size  Drone_V1.elf 
   text	   data	    bss	    dec	    hex	filename
  19240	     12	   2436	  21688	   54b8	Drone_V1.elf
Finished building: default.size.stdout
 
22:34:12 **** Incremental Build of configuration Debug for project Drone_V1 ****
make -j16 all 
arm-none-eabi-size  Drone_V1.elf 
   text	   data	    bss	    dec	    hex	filename
  19240	     12	   2436	  21688	   54b8	Drone_V1.elf
Finished building: default.size.stdout
 
22:34:37 **** Incremental Build of configuration Debug for project Drone_V1 ****
make -j16 all 
arm-none-eabi-size  Drone_V1.elf 
   text	   data	    bss	    dec	    hex	filename
  19240	     12	   2436	  21688	   54b8	Drone_V1.elf
Finished building: default.size.stdout
 
22:37:13 **** Incremental Build of configuration Debug for project Drone_V1 ****
make -j16 all 
arm-none-eabi-gcc "../Core/Src/main.c" -mcpu=cortex-m4 -std=gnu11 -g3 -DDEBUG -DUSE_HAL_DRIVER -DSTM32F407xx -c -I../Core/Inc -I../Drivers/STM32F4xx_HAL_Driver/Inc -I../Drivers/STM32F4xx_HAL_Driver/Inc/Legacy -I../Drivers/CMSIS/Device/ST/STM32F4xx/Include -I../Drivers/CMSIS/Include -O0 -ffunction-sections -fdata-sections -Wall -fstack-usage -fcyclomatic-complexity -MMD -MP -MF"Core/Src/main.d" -MT"Core/Src/main.o" --specs=nano.specs -mfpu=fpv4-sp-d16 -mfloat-abi=hard -mthumb -o "Core/Src/main.o"
../Core/Src/main.c: In function 'main':
../Core/Src/main.c:173:18: error: expected ';' before 'while'
  173 |   HAL_Delay(2500)
      |                  ^
      |                  ;
......
  178 |   while (1)
      |   ~~~~~           
make: *** [Core/Src/subdir.mk:43: Core/Src/main.o] Error 1
"make -j16 all" terminated with exit code 2. Build might be incomplete.
22:37:35 **** Incremental Build of configuration Debug for project Drone_V1 ****
make -j16 all 
arm-none-eabi-gcc "../Core/Src/main.c" -mcpu=cortex-m4 -std=gnu11 -g3 -DDEBUG -DUSE_HAL_DRIVER -DSTM32F407xx -c -I../Core/Inc -I../Drivers/STM32F4xx_HAL_Driver/Inc -I../Drivers/STM32F4xx_HAL_Driver/Inc/Legacy -I../Drivers/CMSIS/Device/ST/STM32F4xx/Include -I../Drivers/CMSIS/Include -O0 -ffunction-sections -fdata-sections -Wall -fstack-usage -fcyclomatic-complexity -MMD -MP -MF"Core/Src/main.d" -MT"Core/Src/main.o" --specs=nano.specs -mfpu=fpv4-sp-d16 -mfloat-abi=hard -mthumb -o "Core/Src/main.o"
arm-none-eabi-gcc -o "Drone_V1.elf" @"objects.list"   -mcpu=cortex-m4 -T"D:\Mechatronics\Repositories\Project_Drone\firmware\firmware\drone\Drone_V1\STM32F407VETX_FLASH.ld" --specs=nosys.specs -Wl,-Map="Drone_V1.map" -Wl,--gc-sections -static --specs=nano.specs -mfpu=fpv4-sp-d16 -mfloat-abi=hard -mthumb -Wl,--start-group -lc -lm -Wl,--end-group
Finished building target: Drone_V1.elf
 
arm-none-eabi-size  Drone_V1.elf 
arm-none-eabi-objdump -h -S Drone_V1.elf  > "Drone_V1.list"
   text	   data	    bss	    dec	    hex	filename
  19272	     12	   2436	  21720	   54d8	Drone_V1.elf
Finished building: default.size.stdout
 
Finished building: Drone_V1.list
 
22:38:26 **** Incremental Build of configuration Debug for project Drone_V1 ****
make -j16 all 
arm-none-eabi-gcc "../Core/Src/main.c" -mcpu=cortex-m4 -std=gnu11 -g3 -DDEBUG -DUSE_HAL_DRIVER -DSTM32F407xx -c -I../Core/Inc -I../Drivers/STM32F4xx_HAL_Driver/Inc -I../Drivers/STM32F4xx_HAL_Driver/Inc/Legacy -I../Drivers/CMSIS/Device/ST/STM32F4xx/Include -I../Drivers/CMSIS/Include -O0 -ffunction-sections -fdata-sections -Wall -fstack-usage -fcyclomatic-complexity -MMD -MP -MF"Core/Src/main.d" -MT"Core/Src/main.o" --specs=nano.specs -mfpu=fpv4-sp-d16 -mfloat-abi=hard -mthumb -o "Core/Src/main.o"
arm-none-eabi-gcc "../Core/Src/stm32f4xx_hal_msp.c" -mcpu=cortex-m4 -std=gnu11 -g3 -DDEBUG -DUSE_HAL_DRIVER -DSTM32F407xx -c -I../Core/Inc -I../Drivers/STM32F4xx_HAL_Driver/Inc -I../Drivers/STM32F4xx_HAL_Driver/Inc/Legacy -I../Drivers/CMSIS/Device/ST/STM32F4xx/Include -I../Drivers/CMSIS/Include -O0 -ffunction-sections -fdata-sections -Wall -fstack-usage -fcyclomatic-complexity -MMD -MP -MF"Core/Src/stm32f4xx_hal_msp.d" -MT"Core/Src/stm32f4xx_hal_msp.o" --specs=nano.specs -mfpu=fpv4-sp-d16 -mfloat-abi=hard -mthumb -o "Core/Src/stm32f4xx_hal_msp.o"
arm-none-eabi-gcc -o "Drone_V1.elf" @"objects.list"   -mcpu=cortex-m4 -T"D:\Mechatronics\Repositories\Project_Drone\firmware\firmware\drone\Drone_V1\STM32F407VETX_FLASH.ld" --specs=nosys.specs -Wl,-Map="Drone_V1.map" -Wl,--gc-sections -static --specs=nano.specs -mfpu=fpv4-sp-d16 -mfloat-abi=hard -mthumb -Wl,--start-group -lc -lm -Wl,--end-group
Finished building target: Drone_V1.elf
 
arm-none-eabi-size  Drone_V1.elf 
arm-none-eabi-objdump -h -S Drone_V1.elf  > "Drone_V1.list"
   text	   data	    bss	    dec	    hex	filename
  19208	     12	   2436	  21656	   5498	Drone_V1.elf
Finished building: default.size.stdout
 
Finished building: Drone_V1.list
 
22:38:31 **** Incremental Build of configuration Debug for project Drone_V1 ****
make -j16 all 
arm-none-eabi-size  Drone_V1.elf 
   text	   data	    bss	    dec	    hex	filename
  19208	     12	   2436	  21656	   5498	Drone_V1.elf
Finished building: default.size.stdout
 
