22:34:13 **** Clean-only build of configuration Debug for project Drone_V1 ****
make -j16 clean 
rm -rf ./Drivers/STM32F4xx_HAL_Driver/Src/stm32f4xx_hal.cyclo ./Drivers/STM32F4xx_HAL_Driver/Src/stm32f4xx_hal.d ./Drivers/STM32F4xx_HAL_Driver/Src/stm32f4xx_hal.o ./Drivers/STM32F4xx_HAL_Driver/Src/stm32f4xx_hal.su ./Drivers/STM32F4xx_HAL_Driver/Src/stm32f4xx_hal_cortex.cyclo ./Drivers/STM32F4xx_HAL_Driver/Src/stm32f4xx_hal_cortex.d ./Drivers/STM32F4xx_HAL_Driver/Src/stm32f4xx_hal_cortex.o ./Drivers/STM32F4xx_HAL_Driver/Src/stm32f4xx_hal_cortex.su ./Drivers/STM32F4xx_HAL_Driver/Src/stm32f4xx_hal_dma.cyclo ./Drivers/STM32F4xx_HAL_Driver/Src/stm32f4xx_hal_dma.d ./Drivers/STM32F4xx_HAL_Driver/Src/stm32f4xx_hal_dma.o ./Drivers/STM32F4xx_HAL_Driver/Src/stm32f4xx_hal_dma.su ./Drivers/STM32F4xx_HAL_Driver/Src/stm32f4xx_hal_dma_ex.cyclo ./Drivers/STM32F4xx_HAL_Driver/Src/stm32f4xx_hal_dma_ex.d ./Drivers/STM32F4xx_HAL_Driver/Src/stm32f4xx_hal_dma_ex.o ./Drivers/STM32F4xx_HAL_Driver/Src/stm32f4xx_hal_dma_ex.su ./Drivers/STM32F4xx_HAL_Driver/Src/stm32f4xx_hal_exti.cyclo ./Drivers/STM32F4xx_HAL_Driver/Src/stm32f4xx_hal_exti.d ./Drivers/STM32F4xx_HAL_Driver/Src/stm32f4xx_hal_exti.o ./Drivers/STM32F4xx_HAL_Driver/Src/stm32f4xx_hal_exti.su ./Drivers/STM32F4xx_HAL_Driver/Src/stm32f4xx_hal_flash.cyclo ./Drivers/STM32F4xx_HAL_Driver/Src/stm32f4xx_hal_flash.d ./Drivers/STM32F4xx_HAL_Driver/Src/stm32f4xx_hal_flash.o ./Drivers/STM32F4xx_HAL_Driver/Src/stm32f4xx_hal_flash.su ./Drivers/STM32F4xx_HAL_Driver/Src/stm32f4xx_hal_flash_ex.cyclo ./Drivers/STM32F4xx_HAL_Driver/Src/stm32f4xx_hal_flash_ex.d ./Drivers/STM32F4xx_HAL_Driver/Src/stm32f4xx_hal_flash_ex.o ./Drivers/STM32F4xx_HAL_Driver/Src/stm32f4xx_hal_flash_ex.su ./Drivers/STM32F4xx_HAL_Driver/Src/stm32f4xx_hal_flash_ramfunc.cyclo ./Drivers/STM32F4xx_HAL_Driver/Src/stm32f4xx_hal_flash_ramfunc.d ./Drivers/STM32F4xx_HAL_Driver/Src/stm32f4xx_hal_flash_ramfunc.o ./Drivers/STM32F4xx_HAL_Driver/Src/stm32f4xx_hal_flash_ramfunc.su ./Drivers/STM32F4xx_HAL_Driver/Src/stm32f4xx_hal_gpio.cyclo ./Drivers/STM32F4xx_HAL_Driver/Src/stm32f4xx_hal_gpio.d ./Drivers/STM32F4xx_HAL_Driver/Src/stm32f4xx_hal_gpio.o ./Drivers/STM32F4xx_HAL_Driver/Src/stm32f4xx_hal_gpio.su ./Drivers/STM32F4xx_HAL_Driver/Src/stm32f4xx_hal_i2c.cyclo ./Drivers/STM32F4xx_HAL_Driver/Src/stm32f4xx_hal_i2c.d ./Drivers/STM32F4xx_HAL_Driver/Src/stm32f4xx_hal_i2c.o ./Drivers/STM32F4xx_HAL_Driver/Src/stm32f4xx_hal_i2c.su ./Drivers/STM32F4xx_HAL_Driver/Src/stm32f4xx_hal_i2c_ex.cyclo ./Drivers/STM32F4xx_HAL_Driver/Src/stm32f4xx_hal_i2c_ex.d ./Drivers/STM32F4xx_HAL_Driver/Src/stm32f4xx_hal_i2c_ex.o ./Drivers/STM32F4xx_HAL_Driver/Src/stm32f4xx_hal_i2c_ex.su ./Drivers/STM32F4xx_HAL_Driver/Src/stm32f4xx_hal_pwr.cyclo ./Drivers/STM32F4xx_HAL_Driver/Src/stm32f4xx_hal_pwr.d ./Drivers/STM32F4xx_HAL_Driver/Src/stm32f4xx_hal_pwr.o ./Drivers/STM32F4xx_HAL_Driver/Src/stm32f4xx_hal_pwr.su ./Drivers/STM32F4xx_HAL_Driver/Src/stm32f4xx_hal_pwr_ex.cyclo ./Drivers/STM32F4xx_HAL_Driver/Src/stm32f4xx_hal_pwr_ex.d ./Drivers/STM32F4xx_HAL_Driver/Src/stm32f4xx_hal_pwr_ex.o ./Drivers/STM32F4xx_HAL_Driver/Src/stm32f4xx_hal_pwr_ex.su ./Drivers/STM32F4xx_HAL_Driver/Src/stm32f4xx_hal_rcc.cyclo ./Drivers/STM32F4xx_HAL_Driver/Src/stm32f4xx_hal_rcc.d ./Drivers/STM32F4xx_HAL_Driver/Src/stm32f4xx_hal_rcc.o ./Drivers/STM32F4xx_HAL_Driver/Src/stm32f4xx_hal_rcc.su ./Drivers/STM32F4xx_HAL_Driver/Src/stm32f4xx_hal_rcc_ex.cyclo ./Drivers/STM32F4xx_HAL_Driver/Src/stm32f4xx_hal_rcc_ex.d ./Drivers/STM32F4xx_HAL_Driver/Src/stm32f4xx_hal_rcc_ex.o ./Drivers/STM32F4xx_HAL_Driver/Src/stm32f4xx_hal_rcc_ex.su ./Drivers/STM32F4xx_HAL_Driver/Src/stm32f4xx_hal_tim.cyclo ./Drivers/STM32F4xx_HAL_Driver/Src/stm32f4xx_hal_tim.d ./Drivers/STM32F4xx_HAL_Driver/Src/stm32f4xx_hal_tim.o ./Drivers/STM32F4xx_HAL_Driver/Src/stm32f4xx_hal_tim.su ./Drivers/STM32F4xx_HAL_Driver/Src/stm32f4xx_hal_tim_ex.cyclo ./Drivers/STM32F4xx_HAL_Driver/Src/stm32f4xx_hal_tim_ex.d ./Drivers/STM32F4xx_HAL_Driver/Src/stm32f4xx_hal_tim_ex.o ./Drivers/STM32F4xx_HAL_Driver/Src/stm32f4xx_hal_tim_ex.su ./Drivers/STM32F4xx_HAL_Driver/Src/stm32f4xx_hal_uart.cyclo ./Drivers/STM32F4xx_HAL_Driver/Src/stm32f4xx_hal_uart.d ./Drivers/STM32F4xx_HAL_Driver/Src/stm32f4xx_hal_uart.o ./Drivers/STM32F4xx_HAL_Driver/Src/stm32f4xx_hal_uart.su
rm -rf ./Core/Startup/startup_stm32f407vetx.d ./Core/Startup/startup_stm32f407vetx.o
rm -rf ./Core/Src/GAMEPAD.cyclo ./Core/Src/GAMEPAD.d ./Core/Src/GAMEPAD.o ./Core/Src/GAMEPAD.su ./Core/Src/MPU6050.cyclo ./Core/Src/MPU6050.d ./Core/Src/MPU6050.o ./Core/Src/MPU6050.su ./Core/Src/PID.cyclo ./Core/Src/PID.d ./Core/Src/PID.o ./Core/Src/PID.su ./Core/Src/WT61.cyclo ./Core/Src/WT61.d ./Core/Src/WT61.o ./Core/Src/WT61.su ./Core/Src/main.cyclo ./Core/Src/main.d ./Core/Src/main.o ./Core/Src/main.su ./Core/Src/stm32f4xx_hal_msp.cyclo ./Core/Src/stm32f4xx_hal_msp.d ./Core/Src/stm32f4xx_hal_msp.o ./Core/Src/stm32f4xx_hal_msp.su ./Core/Src/stm32f4xx_it.cyclo ./Core/Src/stm32f4xx_it.d ./Core/Src/stm32f4xx_it.o ./Core/Src/stm32f4xx_it.su ./Core/Src/syscalls.cyclo ./Core/Src/syscalls.d ./Core/Src/syscalls.o ./Core/Src/syscalls.su ./Core/Src/sysmem.cyclo ./Core/Src/sysmem.d ./Core/Src/sysmem.o ./Core/Src/sysmem.su ./Core/Src/system_stm32f4xx.cyclo ./Core/Src/system_stm32f4xx.d ./Core/Src/system_stm32f4xx.o ./Core/Src/system_stm32f4xx.su
rm -rf Drone_V1.elf Drone_V1.list Drone_V1.map default.size.stdout
 
22:34:18 **** Build of configuration Debug for project Drone_V1 ****
make -j16 all 
arm-none-eabi-gcc "../Drivers/STM32F4xx_HAL_Driver/Src/stm32f4xx_hal.c" -mcpu=cortex-m4 -std=gnu11 -g3 -DDEBUG -DUSE_HAL_DRIVER -DSTM32F407xx -c -I../Core/Inc -I../Drivers/STM32F4xx_HAL_Driver/Inc -I../Drivers/STM32F4xx_HAL_Driver/Inc/Legacy -I../Drivers/CMSIS/Device/ST/STM32F4xx/Include -I../Drivers/CMSIS/Include -O0 -ffunction-sections -fdata-sections -Wall -fstack-usage -fcyclomatic-complexity -MMD -MP -MF"Drivers/STM32F4xx_HAL_Driver/Src/stm32f4xx_hal.d" -MT"Drivers/STM32F4xx_HAL_Driver/Src/stm32f4xx_hal.o" --specs=nano.specs -mfpu=fpv4-sp-d16 -mfloat-abi=hard -mthumb -o "Drivers/STM32F4xx_HAL_Driver/Src/stm32f4xx_hal.o"
arm-none-eabi-gcc "../Drivers/STM32F4xx_HAL_Driver/Src/stm32f4xx_hal_cortex.c" -mcpu=cortex-m4 -std=gnu11 -g3 -DDEBUG -DUSE_HAL_DRIVER -DSTM32F407xx -c -I../Core/Inc -I../Drivers/STM32F4xx_HAL_Driver/Inc -I../Drivers/STM32F4xx_HAL_Driver/Inc/Legacy -I../Drivers/CMSIS/Device/ST/STM32F4xx/Include -I../Drivers/CMSIS/Include -O0 -ffunction-sections -fdata-sections -Wall -fstack-usage -fcyclomatic-complexity -MMD -MP -MF"Drivers/STM32F4xx_HAL_Driver/Src/stm32f4xx_hal_cortex.d" -MT"Drivers/STM32F4xx_HAL_Driver/Src/stm32f4xx_hal_cortex.o" --specs=nano.specs -mfpu=fpv4-sp-d16 -mfloat-abi=hard -mthumb -o "Drivers/STM32F4xx_HAL_Driver/Src/stm32f4xx_hal_cortex.o"
arm-none-eabi-gcc "../Drivers/STM32F4xx_HAL_Driver/Src/stm32f4xx_hal_dma.c" -mcpu=cortex-m4 -std=gnu11 -g3 -DDEBUG -DUSE_HAL_DRIVER -DSTM32F407xx -c -I../Core/Inc -I../Drivers/STM32F4xx_HAL_Driver/Inc -I../Drivers/STM32F4xx_HAL_Driver/Inc/Legacy -I../Drivers/CMSIS/Device/ST/STM32F4xx/Include -I../Drivers/CMSIS/Include -O0 -ffunction-sections -fdata-sections -Wall -fstack-usage -fcyclomatic-complexity -MMD -MP -MF"Drivers/STM32F4xx_HAL_Driver/Src/stm32f4xx_hal_dma.d" -MT"Drivers/STM32F4xx_HAL_Driver/Src/stm32f4xx_hal_dma.o" --specs=nano.specs -mfpu=fpv4-sp-d16 -mfloat-abi=hard -mthumb -o "Drivers/STM32F4xx_HAL_Driver/Src/stm32f4xx_hal_dma.o"
arm-none-eabi-gcc "../Drivers/STM32F4xx_HAL_Driver/Src/stm32f4xx_hal_dma_ex.c" -mcpu=cortex-m4 -std=gnu11 -g3 -DDEBUG -DUSE_HAL_DRIVER -DSTM32F407xx -c -I../Core/Inc -I../Drivers/STM32F4xx_HAL_Driver/Inc -I../Drivers/STM32F4xx_HAL_Driver/Inc/Legacy -I../Drivers/CMSIS/Device/ST/STM32F4xx/Include -I../Drivers/CMSIS/Include -O0 -ffunction-sections -fdata-sections -Wall -fstack-usage -fcyclomatic-complexity -MMD -MP -MF"Drivers/STM32F4xx_HAL_Driver/Src/stm32f4xx_hal_dma_ex.d" -MT"Drivers/STM32F4xx_HAL_Driver/Src/stm32f4xx_hal_dma_ex.o" --specs=nano.specs -mfpu=fpv4-sp-d16 -mfloat-abi=hard -mthumb -o "Drivers/STM32F4xx_HAL_Driver/Src/stm32f4xx_hal_dma_ex.o"
arm-none-eabi-gcc "../Drivers/STM32F4xx_HAL_Driver/Src/stm32f4xx_hal_exti.c" -mcpu=cortex-m4 -std=gnu11 -g3 -DDEBUG -DUSE_HAL_DRIVER -DSTM32F407xx -c -I../Core/Inc -I../Drivers/STM32F4xx_HAL_Driver/Inc -I../Drivers/STM32F4xx_HAL_Driver/Inc/Legacy -I../Drivers/CMSIS/Device/ST/STM32F4xx/Include -I../Drivers/CMSIS/Include -O0 -ffunction-sections -fdata-sections -Wall -fstack-usage -fcyclomatic-complexity -MMD -MP -MF"Drivers/STM32F4xx_HAL_Driver/Src/stm32f4xx_hal_exti.d" -MT"Drivers/STM32F4xx_HAL_Driver/Src/stm32f4xx_hal_exti.o" --specs=nano.specs -mfpu=fpv4-sp-d16 -mfloat-abi=hard -mthumb -o "Drivers/STM32F4xx_HAL_Driver/Src/stm32f4xx_hal_exti.o"
arm-none-eabi-gcc "../Drivers/STM32F4xx_HAL_Driver/Src/stm32f4xx_hal_flash.c" -mcpu=cortex-m4 -std=gnu11 -g3 -DDEBUG -DUSE_HAL_DRIVER -DSTM32F407xx -c -I../Core/Inc -I../Drivers/STM32F4xx_HAL_Driver/Inc -I../Drivers/STM32F4xx_HAL_Driver/Inc/Legacy -I../Drivers/CMSIS/Device/ST/STM32F4xx/Include -I../Drivers/CMSIS/Include -O0 -ffunction-sections -fdata-sections -Wall -fstack-usage -fcyclomatic-complexity -MMD -MP -MF"Drivers/STM32F4xx_HAL_Driver/Src/stm32f4xx_hal_flash.d" -MT"Drivers/STM32F4xx_HAL_Driver/Src/stm32f4xx_hal_flash.o" --specs=nano.specs -mfpu=fpv4-sp-d16 -mfloat-abi=hard -mthumb -o "Drivers/STM32F4xx_HAL_Driver/Src/stm32f4xx_hal_flash.o"
arm-none-eabi-gcc "../Drivers/STM32F4xx_HAL_Driver/Src/stm32f4xx_hal_flash_ex.c" -mcpu=cortex-m4 -std=gnu11 -g3 -DDEBUG -DUSE_HAL_DRIVER -DSTM32F407xx -c -I../Core/Inc -I../Drivers/STM32F4xx_HAL_Driver/Inc -I../Drivers/STM32F4xx_HAL_Driver/Inc/Legacy -I../Drivers/CMSIS/Device/ST/STM32F4xx/Include -I../Drivers/CMSIS/Include -O0 -ffunction-sections -fdata-sections -Wall -fstack-usage -fcyclomatic-complexity -MMD -MP -MF"Drivers/STM32F4xx_HAL_Driver/Src/stm32f4xx_hal_flash_ex.d" -MT"Drivers/STM32F4xx_HAL_Driver/Src/stm32f4xx_hal_flash_ex.o" --specs=nano.specs -mfpu=fpv4-sp-d16 -mfloat-abi=hard -mthumb -o "Drivers/STM32F4xx_HAL_Driver/Src/stm32f4xx_hal_flash_ex.o"
arm-none-eabi-gcc "../Drivers/STM32F4xx_HAL_Driver/Src/stm32f4xx_hal_flash_ramfunc.c" -mcpu=cortex-m4 -std=gnu11 -g3 -DDEBUG -DUSE_HAL_DRIVER -DSTM32F407xx -c -I../Core/Inc -I../Drivers/STM32F4xx_HAL_Driver/Inc -I../Drivers/STM32F4xx_HAL_Driver/Inc/Legacy -I../Drivers/CMSIS/Device/ST/STM32F4xx/Include -I../Drivers/CMSIS/Include -O0 -ffunction-sections -fdata-sections -Wall -fstack-usage -fcyclomatic-complexity -MMD -MP -MF"Drivers/STM32F4xx_HAL_Driver/Src/stm32f4xx_hal_flash_ramfunc.d" -MT"Drivers/STM32F4xx_HAL_Driver/Src/stm32f4xx_hal_flash_ramfunc.o" --specs=nano.specs -mfpu=fpv4-sp-d16 -mfloat-abi=hard -mthumb -o "Drivers/STM32F4xx_HAL_Driver/Src/stm32f4xx_hal_flash_ramfunc.o"
arm-none-eabi-gcc "../Drivers/STM32F4xx_HAL_Driver/Src/stm32f4xx_hal_gpio.c" -mcpu=cortex-m4 -std=gnu11 -g3 -DDEBUG -DUSE_HAL_DRIVER -DSTM32F407xx -c -I../Core/Inc -I../Drivers/STM32F4xx_HAL_Driver/Inc -I../Drivers/STM32F4xx_HAL_Driver/Inc/Legacy -I../Drivers/CMSIS/Device/ST/STM32F4xx/Include -I../Drivers/CMSIS/Include -O0 -ffunction-sections -fdata-sections -Wall -fstack-usage -fcyclomatic-complexity -MMD -MP -MF"Drivers/STM32F4xx_HAL_Driver/Src/stm32f4xx_hal_gpio.d" -MT"Drivers/STM32F4xx_HAL_Driver/Src/stm32f4xx_hal_gpio.o" --specs=nano.specs -mfpu=fpv4-sp-d16 -mfloat-abi=hard -mthumb -o "Drivers/STM32F4xx_HAL_Driver/Src/stm32f4xx_hal_gpio.o"
arm-none-eabi-gcc "../Drivers/STM32F4xx_HAL_Driver/Src/stm32f4xx_hal_i2c.c" -mcpu=cortex-m4 -std=gnu11 -g3 -DDEBUG -DUSE_HAL_DRIVER -DSTM32F407xx -c -I../Core/Inc -I../Drivers/STM32F4xx_HAL_Driver/Inc -I../Drivers/STM32F4xx_HAL_Driver/Inc/Legacy -I../Drivers/CMSIS/Device/ST/STM32F4xx/Include -I../Drivers/CMSIS/Include -O0 -ffunction-sections -fdata-sections -Wall -fstack-usage -fcyclomatic-complexity -MMD -MP -MF"Drivers/STM32F4xx_HAL_Driver/Src/stm32f4xx_hal_i2c.d" -MT"Drivers/STM32F4xx_HAL_Driver/Src/stm32f4xx_hal_i2c.o" --specs=nano.specs -mfpu=fpv4-sp-d16 -mfloat-abi=hard -mthumb -o "Drivers/STM32F4xx_HAL_Driver/Src/stm32f4xx_hal_i2c.o"
arm-none-eabi-gcc "../Drivers/STM32F4xx_HAL_Driver/Src/stm32f4xx_hal_i2c_ex.c" -mcpu=cortex-m4 -std=gnu11 -g3 -DDEBUG -DUSE_HAL_DRIVER -DSTM32F407xx -c -I../Core/Inc -I../Drivers/STM32F4xx_HAL_Driver/Inc -I../Drivers/STM32F4xx_HAL_Driver/Inc/Legacy -I../Drivers/CMSIS/Device/ST/STM32F4xx/Include -I../Drivers/CMSIS/Include -O0 -ffunction-sections -fdata-sections -Wall -fstack-usage -fcyclomatic-complexity -MMD -MP -MF"Drivers/STM32F4xx_HAL_Driver/Src/stm32f4xx_hal_i2c_ex.d" -MT"Drivers/STM32F4xx_HAL_Driver/Src/stm32f4xx_hal_i2c_ex.o" --specs=nano.specs -mfpu=fpv4-sp-d16 -mfloat-abi=hard -mthumb -o "Drivers/STM32F4xx_HAL_Driver/Src/stm32f4xx_hal_i2c_ex.o"
arm-none-eabi-gcc "../Drivers/STM32F4xx_HAL_Driver/Src/stm32f4xx_hal_pwr.c" -mcpu=cortex-m4 -std=gnu11 -g3 -DDEBUG -DUSE_HAL_DRIVER -DSTM32F407xx -c -I../Core/Inc -I../Drivers/STM32F4xx_HAL_Driver/Inc -I../Drivers/STM32F4xx_HAL_Driver/Inc/Legacy -I../Drivers/CMSIS/Device/ST/STM32F4xx/Include -I../Drivers/CMSIS/Include -O0 -ffunction-sections -fdata-sections -Wall -fstack-usage -fcyclomatic-complexity -MMD -MP -MF"Drivers/STM32F4xx_HAL_Driver/Src/stm32f4xx_hal_pwr.d" -MT"Drivers/STM32F4xx_HAL_Driver/Src/stm32f4xx_hal_pwr.o" --specs=nano.specs -mfpu=fpv4-sp-d16 -mfloat-abi=hard -mthumb -o "Drivers/STM32F4xx_HAL_Driver/Src/stm32f4xx_hal_pwr.o"
arm-none-eabi-gcc "../Drivers/STM32F4xx_HAL_Driver/Src/stm32f4xx_hal_pwr_ex.c" -mcpu=cortex-m4 -std=gnu11 -g3 -DDEBUG -DUSE_HAL_DRIVER -DSTM32F407xx -c -I../Core/Inc -I../Drivers/STM32F4xx_HAL_Driver/Inc -I../Drivers/STM32F4xx_HAL_Driver/Inc/Legacy -I../Drivers/CMSIS/Device/ST/STM32F4xx/Include -I../Drivers/CMSIS/Include -O0 -ffunction-sections -fdata-sections -Wall -fstack-usage -fcyclomatic-complexity -MMD -MP -MF"Drivers/STM32F4xx_HAL_Driver/Src/stm32f4xx_hal_pwr_ex.d" -MT"Drivers/STM32F4xx_HAL_Driver/Src/stm32f4xx_hal_pwr_ex.o" --specs=nano.specs -mfpu=fpv4-sp-d16 -mfloat-abi=hard -mthumb -o "Drivers/STM32F4xx_HAL_Driver/Src/stm32f4xx_hal_pwr_ex.o"
arm-none-eabi-gcc "../Drivers/STM32F4xx_HAL_Driver/Src/stm32f4xx_hal_rcc.c" -mcpu=cortex-m4 -std=gnu11 -g3 -DDEBUG -DUSE_HAL_DRIVER -DSTM32F407xx -c -I../Core/Inc -I../Drivers/STM32F4xx_HAL_Driver/Inc -I../Drivers/STM32F4xx_HAL_Driver/Inc/Legacy -I../Drivers/CMSIS/Device/ST/STM32F4xx/Include -I../Drivers/CMSIS/Include -O0 -ffunction-sections -fdata-sections -Wall -fstack-usage -fcyclomatic-complexity -MMD -MP -MF"Drivers/STM32F4xx_HAL_Driver/Src/stm32f4xx_hal_rcc.d" -MT"Drivers/STM32F4xx_HAL_Driver/Src/stm32f4xx_hal_rcc.o" --specs=nano.specs -mfpu=fpv4-sp-d16 -mfloat-abi=hard -mthumb -o "Drivers/STM32F4xx_HAL_Driver/Src/stm32f4xx_hal_rcc.o"
arm-none-eabi-gcc "../Drivers/STM32F4xx_HAL_Driver/Src/stm32f4xx_hal_rcc_ex.c" -mcpu=cortex-m4 -std=gnu11 -g3 -DDEBUG -DUSE_HAL_DRIVER -DSTM32F407xx -c -I../Core/Inc -I../Drivers/STM32F4xx_HAL_Driver/Inc -I../Drivers/STM32F4xx_HAL_Driver/Inc/Legacy -I../Drivers/CMSIS/Device/ST/STM32F4xx/Include -I../Drivers/CMSIS/Include -O0 -ffunction-sections -fdata-sections -Wall -fstack-usage -fcyclomatic-complexity -MMD -MP -MF"Drivers/STM32F4xx_HAL_Driver/Src/stm32f4xx_hal_rcc_ex.d" -MT"Drivers/STM32F4xx_HAL_Driver/Src/stm32f4xx_hal_rcc_ex.o" --specs=nano.specs -mfpu=fpv4-sp-d16 -mfloat-abi=hard -mthumb -o "Drivers/STM32F4xx_HAL_Driver/Src/stm32f4xx_hal_rcc_ex.o"
arm-none-eabi-gcc "../Drivers/STM32F4xx_HAL_Driver/Src/stm32f4xx_hal_tim.c" -mcpu=cortex-m4 -std=gnu11 -g3 -DDEBUG -DUSE_HAL_DRIVER -DSTM32F407xx -c -I../Core/Inc -I../Drivers/STM32F4xx_HAL_Driver/Inc -I../Drivers/STM32F4xx_HAL_Driver/Inc/Legacy -I../Drivers/CMSIS/Device/ST/STM32F4xx/Include -I../Drivers/CMSIS/Include -O0 -ffunction-sections -fdata-sections -Wall -fstack-usage -fcyclomatic-complexity -MMD -MP -MF"Drivers/STM32F4xx_HAL_Driver/Src/stm32f4xx_hal_tim.d" -MT"Drivers/STM32F4xx_HAL_Driver/Src/stm32f4xx_hal_tim.o" --specs=nano.specs -mfpu=fpv4-sp-d16 -mfloat-abi=hard -mthumb -o "Drivers/STM32F4xx_HAL_Driver/Src/stm32f4xx_hal_tim.o"
arm-none-eabi-gcc "../Drivers/STM32F4xx_HAL_Driver/Src/stm32f4xx_hal_tim_ex.c" -mcpu=cortex-m4 -std=gnu11 -g3 -DDEBUG -DUSE_HAL_DRIVER -DSTM32F407xx -c -I../Core/Inc -I../Drivers/STM32F4xx_HAL_Driver/Inc -I../Drivers/STM32F4xx_HAL_Driver/Inc/Legacy -I../Drivers/CMSIS/Device/ST/STM32F4xx/Include -I../Drivers/CMSIS/Include -O0 -ffunction-sections -fdata-sections -Wall -fstack-usage -fcyclomatic-complexity -MMD -MP -MF"Drivers/STM32F4xx_HAL_Driver/Src/stm32f4xx_hal_tim_ex.d" -MT"Drivers/STM32F4xx_HAL_Driver/Src/stm32f4xx_hal_tim_ex.o" --specs=nano.specs -mfpu=fpv4-sp-d16 -mfloat-abi=hard -mthumb -o "Drivers/STM32F4xx_HAL_Driver/Src/stm32f4xx_hal_tim_ex.o"
arm-none-eabi-gcc "../Drivers/STM32F4xx_HAL_Driver/Src/stm32f4xx_hal_uart.c" -mcpu=cortex-m4 -std=gnu11 -g3 -DDEBUG -DUSE_HAL_DRIVER -DSTM32F407xx -c -I../Core/Inc -I../Drivers/STM32F4xx_HAL_Driver/Inc -I../Drivers/STM32F4xx_HAL_Driver/Inc/Legacy -I../Drivers/CMSIS/Device/ST/STM32F4xx/Include -I../Drivers/CMSIS/Include -O0 -ffunction-sections -fdata-sections -Wall -fstack-usage -fcyclomatic-complexity -MMD -MP -MF"Drivers/STM32F4xx_HAL_Driver/Src/stm32f4xx_hal_uart.d" -MT"Drivers/STM32F4xx_HAL_Driver/Src/stm32f4xx_hal_uart.o" --specs=nano.specs -mfpu=fpv4-sp-d16 -mfloat-abi=hard -mthumb -o "Drivers/STM32F4xx_HAL_Driver/Src/stm32f4xx_hal_uart.o"
arm-none-eabi-gcc -mcpu=cortex-m4 -g3 -DDEBUG -c -x assembler-with-cpp -MMD -MP -MF"Core/Startup/startup_stm32f407vetx.d" -MT"Core/Startup/startup_stm32f407vetx.o" --specs=nano.specs -mfpu=fpv4-sp-d16 -mfloat-abi=hard -mthumb -o "Core/Startup/startup_stm32f407vetx.o" "../Core/Startup/startup_stm32f407vetx.s"
arm-none-eabi-gcc "../Core/Src/GAMEPAD.c" -mcpu=cortex-m4 -std=gnu11 -g3 -DDEBUG -DUSE_HAL_DRIVER -DSTM32F407xx -c -I../Core/Inc -I../Drivers/STM32F4xx_HAL_Driver/Inc -I../Drivers/STM32F4xx_HAL_Driver/Inc/Legacy -I../Drivers/CMSIS/Device/ST/STM32F4xx/Include -I../Drivers/CMSIS/Include -O0 -ffunction-sections -fdata-sections -Wall -fstack-usage -fcyclomatic-complexity -MMD -MP -MF"Core/Src/GAMEPAD.d" -MT"Core/Src/GAMEPAD.o" --specs=nano.specs -mfpu=fpv4-sp-d16 -mfloat-abi=hard -mthumb -o "Core/Src/GAMEPAD.o"
arm-none-eabi-gcc "../Core/Src/MPU6050.c" -mcpu=cortex-m4 -std=gnu11 -g3 -DDEBUG -DUSE_HAL_DRIVER -DSTM32F407xx -c -I../Core/Inc -I../Drivers/STM32F4xx_HAL_Driver/Inc -I../Drivers/STM32F4xx_HAL_Driver/Inc/Legacy -I../Drivers/CMSIS/Device/ST/STM32F4xx/Include -I../Drivers/CMSIS/Include -O0 -ffunction-sections -fdata-sections -Wall -fstack-usage -fcyclomatic-complexity -MMD -MP -MF"Core/Src/MPU6050.d" -MT"Core/Src/MPU6050.o" --specs=nano.specs -mfpu=fpv4-sp-d16 -mfloat-abi=hard -mthumb -o "Core/Src/MPU6050.o"
arm-none-eabi-gcc "../Core/Src/PID.c" -mcpu=cortex-m4 -std=gnu11 -g3 -DDEBUG -DUSE_HAL_DRIVER -DSTM32F407xx -c -I../Core/Inc -I../Drivers/STM32F4xx_HAL_Driver/Inc -I../Drivers/STM32F4xx_HAL_Driver/Inc/Legacy -I../Drivers/CMSIS/Device/ST/STM32F4xx/Include -I../Drivers/CMSIS/Include -O0 -ffunction-sections -fdata-sections -Wall -fstack-usage -fcyclomatic-complexity -MMD -MP -MF"Core/Src/PID.d" -MT"Core/Src/PID.o" --specs=nano.specs -mfpu=fpv4-sp-d16 -mfloat-abi=hard -mthumb -o "Core/Src/PID.o"
arm-none-eabi-gcc "../Core/Src/WT61.c" -mcpu=cortex-m4 -std=gnu11 -g3 -DDEBUG -DUSE_HAL_DRIVER -DSTM32F407xx -c -I../Core/Inc -I../Drivers/STM32F4xx_HAL_Driver/Inc -I../Drivers/STM32F4xx_HAL_Driver/Inc/Legacy -I../Drivers/CMSIS/Device/ST/STM32F4xx/Include -I../Drivers/CMSIS/Include -O0 -ffunction-sections -fdata-sections -Wall -fstack-usage -fcyclomatic-complexity -MMD -MP -MF"Core/Src/WT61.d" -MT"Core/Src/WT61.o" --specs=nano.specs -mfpu=fpv4-sp-d16 -mfloat-abi=hard -mthumb -o "Core/Src/WT61.o"
arm-none-eabi-gcc "../Core/Src/main.c" -mcpu=cortex-m4 -std=gnu11 -g3 -DDEBUG -DUSE_HAL_DRIVER -DSTM32F407xx -c -I../Core/Inc -I../Drivers/STM32F4xx_HAL_Driver/Inc -I../Drivers/STM32F4xx_HAL_Driver/Inc/Legacy -I../Drivers/CMSIS/Device/ST/STM32F4xx/Include -I../Drivers/CMSIS/Include -O0 -ffunction-sections -fdata-sections -Wall -fstack-usage -fcyclomatic-complexity -MMD -MP -MF"Core/Src/main.d" -MT"Core/Src/main.o" --specs=nano.specs -mfpu=fpv4-sp-d16 -mfloat-abi=hard -mthumb -o "Core/Src/main.o"
arm-none-eabi-gcc "../Core/Src/stm32f4xx_hal_msp.c" -mcpu=cortex-m4 -std=gnu11 -g3 -DDEBUG -DUSE_HAL_DRIVER -DSTM32F407xx -c -I../Core/Inc -I../Drivers/STM32F4xx_HAL_Driver/Inc -I../Drivers/STM32F4xx_HAL_Driver/Inc/Legacy -I../Drivers/CMSIS/Device/ST/STM32F4xx/Include -I../Drivers/CMSIS/Include -O0 -ffunction-sections -fdata-sections -Wall -fstack-usage -fcyclomatic-complexity -MMD -MP -MF"Core/Src/stm32f4xx_hal_msp.d" -MT"Core/Src/stm32f4xx_hal_msp.o" --specs=nano.specs -mfpu=fpv4-sp-d16 -mfloat-abi=hard -mthumb -o "Core/Src/stm32f4xx_hal_msp.o"
arm-none-eabi-gcc "../Core/Src/stm32f4xx_it.c" -mcpu=cortex-m4 -std=gnu11 -g3 -DDEBUG -DUSE_HAL_DRIVER -DSTM32F407xx -c -I../Core/Inc -I../Drivers/STM32F4xx_HAL_Driver/Inc -I../Drivers/STM32F4xx_HAL_Driver/Inc/Legacy -I../Drivers/CMSIS/Device/ST/STM32F4xx/Include -I../Drivers/CMSIS/Include -O0 -ffunction-sections -fdata-sections -Wall -fstack-usage -fcyclomatic-complexity -MMD -MP -MF"Core/Src/stm32f4xx_it.d" -MT"Core/Src/stm32f4xx_it.o" --specs=nano.specs -mfpu=fpv4-sp-d16 -mfloat-abi=hard -mthumb -o "Core/Src/stm32f4xx_it.o"
arm-none-eabi-gcc "../Core/Src/syscalls.c" -mcpu=cortex-m4 -std=gnu11 -g3 -DDEBUG -DUSE_HAL_DRIVER -DSTM32F407xx -c -I../Core/Inc -I../Drivers/STM32F4xx_HAL_Driver/Inc -I../Drivers/STM32F4xx_HAL_Driver/Inc/Legacy -I../Drivers/CMSIS/Device/ST/STM32F4xx/Include -I../Drivers/CMSIS/Include -O0 -ffunction-sections -fdata-sections -Wall -fstack-usage -fcyclomatic-complexity -MMD -MP -MF"Core/Src/syscalls.d" -MT"Core/Src/syscalls.o" --specs=nano.specs -mfpu=fpv4-sp-d16 -mfloat-abi=hard -mthumb -o "Core/Src/syscalls.o"
arm-none-eabi-gcc "../Core/Src/sysmem.c" -mcpu=cortex-m4 -std=gnu11 -g3 -DDEBUG -DUSE_HAL_DRIVER -DSTM32F407xx -c -I../Core/Inc -I../Drivers/STM32F4xx_HAL_Driver/Inc -I../Drivers/STM32F4xx_HAL_Driver/Inc/Legacy -I../Drivers/CMSIS/Device/ST/STM32F4xx/Include -I../Drivers/CMSIS/Include -O0 -ffunction-sections -fdata-sections -Wall -fstack-usage -fcyclomatic-complexity -MMD -MP -MF"Core/Src/sysmem.d" -MT"Core/Src/sysmem.o" --specs=nano.specs -mfpu=fpv4-sp-d16 -mfloat-abi=hard -mthumb -o "Core/Src/sysmem.o"
arm-none-eabi-gcc "../Core/Src/system_stm32f4xx.c" -mcpu=cortex-m4 -std=gnu11 -g3 -DDEBUG -DUSE_HAL_DRIVER -DSTM32F407xx -c -I../Core/Inc -I../Drivers/STM32F4xx_HAL_Driver/Inc -I../Drivers/STM32F4xx_HAL_Driver/Inc/Legacy -I../Drivers/CMSIS/Device/ST/STM32F4xx/Include -I../Drivers/CMSIS/Include -O0 -ffunction-sections -fdata-sections -Wall -fstack-usage -fcyclomatic-complexity -MMD -MP -MF"Core/Src/system_stm32f4xx.d" -MT"Core/Src/system_stm32f4xx.o" --specs=nano.specs -mfpu=fpv4-sp-d16 -mfloat-abi=hard -mthumb -o "Core/Src/system_stm32f4xx.o"
../Core/Src/WT61.c:24:22: warning: 'BAUDRATE_9600' defined but not used [-Wunused-const-variable=]
   24 | static const uint8_t BAUDRATE_9600[] = {0xFF, 0xAA, 0x64};
      |                      ^~~~~~~~~~~~~
../Core/Src/WT61.c:23:22: warning: 'BAUDRATE_115200' defined but not used [-Wunused-const-variable=]
   23 | static const uint8_t BAUDRATE_115200[] = {0xFF, 0xAA, 0x63};
      |                      ^~~~~~~~~~~~~~~
arm-none-eabi-gcc -o "Drone_V1.elf" @"objects.list"   -mcpu=cortex-m4 -T"D:\Mechatronics\Repositories\Project_Drone\firmware\firmware\drone\Drone_V1\STM32F407VETX_FLASH.ld" --specs=nosys.specs -Wl,-Map="Drone_V1.map" -Wl,--gc-sections -static --specs=nano.specs -mfpu=fpv4-sp-d16 -mfloat-abi=hard -mthumb -Wl,--start-group -lc -lm -Wl,--end-group
Finished building target: Drone_V1.elf
 
arm-none-eabi-size  Drone_V1.elf 
arm-none-eabi-objdump -h -S Drone_V1.elf  > "Drone_V1.list"
   text	   data	    bss	    dec	    hex	filename
  37144	     92	   3612	  40848	   9f90	Drone_V1.elf
Finished building: default.size.stdout
 
Finished building: Drone_V1.list
 
22:34:51 **** Incremental Build of configuration Debug for project Drone_V1 ****
make -j16 all 
arm-none-eabi-size  Drone_V1.elf 
   text	   data	    bss	    dec	    hex	filename
  37144	     92	   3612	  40848	   9f90	Drone_V1.elf
Finished building: default.size.stdout
 
22:38:06 **** Incremental Build of configuration Debug for project Drone_V1 ****
make -j16 all 
arm-none-eabi-gcc "../Core/Src/main.c" -mcpu=cortex-m4 -std=gnu11 -g3 -DDEBUG -DUSE_HAL_DRIVER -DSTM32F407xx -c -I../Core/Inc -I../Drivers/STM32F4xx_HAL_Driver/Inc -I../Drivers/STM32F4xx_HAL_Driver/Inc/Legacy -I../Drivers/CMSIS/Device/ST/STM32F4xx/Include -I../Drivers/CMSIS/Include -O0 -ffunction-sections -fdata-sections -Wall -fstack-usage -fcyclomatic-complexity -MMD -MP -MF"Core/Src/main.d" -MT"Core/Src/main.o" --specs=nano.specs -mfpu=fpv4-sp-d16 -mfloat-abi=hard -mthumb -o "Core/Src/main.o"
arm-none-eabi-gcc -o "Drone_V1.elf" @"objects.list"   -mcpu=cortex-m4 -T"D:\Mechatronics\Repositories\Project_Drone\firmware\firmware\drone\Drone_V1\STM32F407VETX_FLASH.ld" --specs=nosys.specs -Wl,-Map="Drone_V1.map" -Wl,--gc-sections -static --specs=nano.specs -mfpu=fpv4-sp-d16 -mfloat-abi=hard -mthumb -Wl,--start-group -lc -lm -Wl,--end-group
Finished building target: Drone_V1.elf
 
arm-none-eabi-size  Drone_V1.elf 
arm-none-eabi-objdump -h -S Drone_V1.elf  > "Drone_V1.list"
   text	   data	    bss	    dec	    hex	filename
  37144	     92	   3612	  40848	   9f90	Drone_V1.elf
Finished building: default.size.stdout
 
Finished building: Drone_V1.list
 
22:38:11 **** Incremental Build of configuration Debug for project Drone_V1 ****
make -j16 all 
arm-none-eabi-size  Drone_V1.elf 
   text	   data	    bss	    dec	    hex	filename
  37144	     92	   3612	  40848	   9f90	Drone_V1.elf
Finished building: default.size.stdout
 
22:40:59 **** Incremental Build of configuration Debug for project Drone_V1 ****
make -j16 all 
arm-none-eabi-gcc "../Core/Src/main.c" -mcpu=cortex-m4 -std=gnu11 -g3 -DDEBUG -DUSE_HAL_DRIVER -DSTM32F407xx -c -I../Core/Inc -I../Drivers/STM32F4xx_HAL_Driver/Inc -I../Drivers/STM32F4xx_HAL_Driver/Inc/Legacy -I../Drivers/CMSIS/Device/ST/STM32F4xx/Include -I../Drivers/CMSIS/Include -O0 -ffunction-sections -fdata-sections -Wall -fstack-usage -fcyclomatic-complexity -MMD -MP -MF"Core/Src/main.d" -MT"Core/Src/main.o" --specs=nano.specs -mfpu=fpv4-sp-d16 -mfloat-abi=hard -mthumb -o "Core/Src/main.o"
arm-none-eabi-gcc -o "Drone_V1.elf" @"objects.list"   -mcpu=cortex-m4 -T"D:\Mechatronics\Repositories\Project_Drone\firmware\firmware\drone\Drone_V1\STM32F407VETX_FLASH.ld" --specs=nosys.specs -Wl,-Map="Drone_V1.map" -Wl,--gc-sections -static --specs=nano.specs -mfpu=fpv4-sp-d16 -mfloat-abi=hard -mthumb -Wl,--start-group -lc -lm -Wl,--end-group
Finished building target: Drone_V1.elf
 
arm-none-eabi-size  Drone_V1.elf 
arm-none-eabi-objdump -h -S Drone_V1.elf  > "Drone_V1.list"
   text	   data	    bss	    dec	    hex	filename
  37212	     92	   3612	  40916	   9fd4	Drone_V1.elf
Finished building: default.size.stdout
 
Finished building: Drone_V1.list
 
22:41:06 **** Incremental Build of configuration Debug for project Drone_V1 ****
make -j16 all 
arm-none-eabi-size  Drone_V1.elf 
   text	   data	    bss	    dec	    hex	filename
  37212	     92	   3612	  40916	   9fd4	Drone_V1.elf
Finished building: default.size.stdout
 
22:44:16 **** Incremental Build of configuration Debug for project Drone_V1 ****
make -j16 all 
arm-none-eabi-gcc "../Core/Src/main.c" -mcpu=cortex-m4 -std=gnu11 -g3 -DDEBUG -DUSE_HAL_DRIVER -DSTM32F407xx -c -I../Core/Inc -I../Drivers/STM32F4xx_HAL_Driver/Inc -I../Drivers/STM32F4xx_HAL_Driver/Inc/Legacy -I../Drivers/CMSIS/Device/ST/STM32F4xx/Include -I../Drivers/CMSIS/Include -O0 -ffunction-sections -fdata-sections -Wall -fstack-usage -fcyclomatic-complexity -MMD -MP -MF"Core/Src/main.d" -MT"Core/Src/main.o" --specs=nano.specs -mfpu=fpv4-sp-d16 -mfloat-abi=hard -mthumb -o "Core/Src/main.o"
arm-none-eabi-gcc -o "Drone_V1.elf" @"objects.list"   -mcpu=cortex-m4 -T"D:\Mechatronics\Repositories\Project_Drone\firmware\firmware\drone\Drone_V1\STM32F407VETX_FLASH.ld" --specs=nosys.specs -Wl,-Map="Drone_V1.map" -Wl,--gc-sections -static --specs=nano.specs -mfpu=fpv4-sp-d16 -mfloat-abi=hard -mthumb -Wl,--start-group -lc -lm -Wl,--end-group
Finished building target: Drone_V1.elf
 
arm-none-eabi-size  Drone_V1.elf 
arm-none-eabi-objdump -h -S Drone_V1.elf  > "Drone_V1.list"
   text	   data	    bss	    dec	    hex	filename
  37220	     92	   3612	  40924	   9fdc	Drone_V1.elf
Finished building: default.size.stdout
 
Finished building: Drone_V1.list
 
22:44:19 **** Incremental Build of configuration Debug for project Drone_V1 ****
make -j16 all 
arm-none-eabi-size  Drone_V1.elf 
   text	   data	    bss	    dec	    hex	filename
  37220	     92	   3612	  40924	   9fdc	Drone_V1.elf
Finished building: default.size.stdout
 
16:56:23 **** Incremental Build of configuration Debug for project Drone_V1 ****
make -j16 all 
arm-none-eabi-gcc "../Core/Src/GAMEPAD.c" -mcpu=cortex-m4 -std=gnu11 -g3 -DDEBUG -DUSE_HAL_DRIVER -DSTM32F407xx -c -I../Core/Inc -I../Drivers/STM32F4xx_HAL_Driver/Inc -I../Drivers/STM32F4xx_HAL_Driver/Inc/Legacy -I../Drivers/CMSIS/Device/ST/STM32F4xx/Include -I../Drivers/CMSIS/Include -O0 -ffunction-sections -fdata-sections -Wall -fstack-usage -fcyclomatic-complexity -MMD -MP -MF"Core/Src/GAMEPAD.d" -MT"Core/Src/GAMEPAD.o" --specs=nano.specs -mfpu=fpv4-sp-d16 -mfloat-abi=hard -mthumb -o "Core/Src/GAMEPAD.o"
arm-none-eabi-gcc "../Core/Src/main.c" -mcpu=cortex-m4 -std=gnu11 -g3 -DDEBUG -DUSE_HAL_DRIVER -DSTM32F407xx -c -I../Core/Inc -I../Drivers/STM32F4xx_HAL_Driver/Inc -I../Drivers/STM32F4xx_HAL_Driver/Inc/Legacy -I../Drivers/CMSIS/Device/ST/STM32F4xx/Include -I../Drivers/CMSIS/Include -O0 -ffunction-sections -fdata-sections -Wall -fstack-usage -fcyclomatic-complexity -MMD -MP -MF"Core/Src/main.d" -MT"Core/Src/main.o" --specs=nano.specs -mfpu=fpv4-sp-d16 -mfloat-abi=hard -mthumb -o "Core/Src/main.o"
arm-none-eabi-gcc -o "Drone_V1.elf" @"objects.list"   -mcpu=cortex-m4 -T"D:\Mechatronics\Repositories\Project_Drone\firmware\firmware\drone\Drone_V1\STM32F407VETX_FLASH.ld" --specs=nosys.specs -Wl,-Map="Drone_V1.map" -Wl,--gc-sections -static --specs=nano.specs -mfpu=fpv4-sp-d16 -mfloat-abi=hard -mthumb -Wl,--start-group -lc -lm -Wl,--end-group
Finished building target: Drone_V1.elf
 
arm-none-eabi-size  Drone_V1.elf 
arm-none-eabi-objdump -h -S Drone_V1.elf  > "Drone_V1.list"
   text	   data	    bss	    dec	    hex	filename
  37220	     92	   3612	  40924	   9fdc	Drone_V1.elf
Finished building: default.size.stdout
 
Finished building: Drone_V1.list
 
17:08:48 **** Incremental Build of configuration Debug for project Drone_V1 ****
make -j16 all 
arm-none-eabi-gcc "../Core/Src/GAMEPAD.c" -mcpu=cortex-m4 -std=gnu11 -g3 -DDEBUG -DUSE_HAL_DRIVER -DSTM32F407xx -c -I../Core/Inc -I../Drivers/STM32F4xx_HAL_Driver/Inc -I../Drivers/STM32F4xx_HAL_Driver/Inc/Legacy -I../Drivers/CMSIS/Device/ST/STM32F4xx/Include -I../Drivers/CMSIS/Include -O0 -ffunction-sections -fdata-sections -Wall -fstack-usage -fcyclomatic-complexity -MMD -MP -MF"Core/Src/GAMEPAD.d" -MT"Core/Src/GAMEPAD.o" --specs=nano.specs -mfpu=fpv4-sp-d16 -mfloat-abi=hard -mthumb -o "Core/Src/GAMEPAD.o"
arm-none-eabi-gcc "../Core/Src/main.c" -mcpu=cortex-m4 -std=gnu11 -g3 -DDEBUG -DUSE_HAL_DRIVER -DSTM32F407xx -c -I../Core/Inc -I../Drivers/STM32F4xx_HAL_Driver/Inc -I../Drivers/STM32F4xx_HAL_Driver/Inc/Legacy -I../Drivers/CMSIS/Device/ST/STM32F4xx/Include -I../Drivers/CMSIS/Include -O0 -ffunction-sections -fdata-sections -Wall -fstack-usage -fcyclomatic-complexity -MMD -MP -MF"Core/Src/main.d" -MT"Core/Src/main.o" --specs=nano.specs -mfpu=fpv4-sp-d16 -mfloat-abi=hard -mthumb -o "Core/Src/main.o"
arm-none-eabi-gcc -o "Drone_V1.elf" @"objects.list"   -mcpu=cortex-m4 -T"D:\Mechatronics\Repositories\Project_Drone\firmware\firmware\drone\Drone_V1\STM32F407VETX_FLASH.ld" --specs=nosys.specs -Wl,-Map="Drone_V1.map" -Wl,--gc-sections -static --specs=nano.specs -mfpu=fpv4-sp-d16 -mfloat-abi=hard -mthumb -Wl,--start-group -lc -lm -Wl,--end-group
Finished building target: Drone_V1.elf
 
arm-none-eabi-size  Drone_V1.elf 
arm-none-eabi-objdump -h -S Drone_V1.elf  > "Drone_V1.list"
   text	   data	    bss	    dec	    hex	filename
  37256	     92	   3612	  40960	   a000	Drone_V1.elf
Finished building: default.size.stdout
 
Finished building: Drone_V1.list
 
17:08:54 **** Incremental Build of configuration Debug for project Drone_V1 ****
make -j16 all 
arm-none-eabi-size  Drone_V1.elf 
   text	   data	    bss	    dec	    hex	filename
  37256	     92	   3612	  40960	   a000	Drone_V1.elf
Finished building: default.size.stdout
 
17:10:51 **** Incremental Build of configuration Debug for project Drone_V1 ****
make -j16 all 
arm-none-eabi-gcc "../Core/Src/GAMEPAD.c" -mcpu=cortex-m4 -std=gnu11 -g3 -DDEBUG -DUSE_HAL_DRIVER -DSTM32F407xx -c -I../Core/Inc -I../Drivers/STM32F4xx_HAL_Driver/Inc -I../Drivers/STM32F4xx_HAL_Driver/Inc/Legacy -I../Drivers/CMSIS/Device/ST/STM32F4xx/Include -I../Drivers/CMSIS/Include -O0 -ffunction-sections -fdata-sections -Wall -fstack-usage -fcyclomatic-complexity -MMD -MP -MF"Core/Src/GAMEPAD.d" -MT"Core/Src/GAMEPAD.o" --specs=nano.specs -mfpu=fpv4-sp-d16 -mfloat-abi=hard -mthumb -o "Core/Src/GAMEPAD.o"
arm-none-eabi-gcc "../Core/Src/main.c" -mcpu=cortex-m4 -std=gnu11 -g3 -DDEBUG -DUSE_HAL_DRIVER -DSTM32F407xx -c -I../Core/Inc -I../Drivers/STM32F4xx_HAL_Driver/Inc -I../Drivers/STM32F4xx_HAL_Driver/Inc/Legacy -I../Drivers/CMSIS/Device/ST/STM32F4xx/Include -I../Drivers/CMSIS/Include -O0 -ffunction-sections -fdata-sections -Wall -fstack-usage -fcyclomatic-complexity -MMD -MP -MF"Core/Src/main.d" -MT"Core/Src/main.o" --specs=nano.specs -mfpu=fpv4-sp-d16 -mfloat-abi=hard -mthumb -o "Core/Src/main.o"
../Core/Src/GAMEPAD.c: In function 'GAMEPAD_Update':
../Core/Src/GAMEPAD.c:30:17: error: 'GAMEPAD' has no member named 'R_SELECT'; did you mean 'L_SELECT'?
   30 |         gamepad.R_SELECT = (gamepad.buffer[1] >> 4) & (0b00000001);
      |                 ^~~~~~~~
      |                 L_SELECT
make: *** [Core/Src/subdir.mk:46: Core/Src/GAMEPAD.o] Error 1
make: *** Waiting for unfinished jobs....
../Core/Src/main.c: In function 'DRONE_EmergencyStop':
../Core/Src/main.c:1335:20: error: 'GAMEPAD' has no member named 'R_SELECT'; did you mean 'L_SELECT'?
 1335 |         if(gamepad.R_SELECT == 1){
      |                    ^~~~~~~~
      |                    L_SELECT
make: *** [Core/Src/subdir.mk:46: Core/Src/main.o] Error 1
"make -j16 all" terminated with exit code 2. Build might be incomplete.
17:11:02 **** Incremental Build of configuration Debug for project Drone_V1 ****
make -j16 all 
arm-none-eabi-gcc "../Core/Src/GAMEPAD.c" -mcpu=cortex-m4 -std=gnu11 -g3 -DDEBUG -DUSE_HAL_DRIVER -DSTM32F407xx -c -I../Core/Inc -I../Drivers/STM32F4xx_HAL_Driver/Inc -I../Drivers/STM32F4xx_HAL_Driver/Inc/Legacy -I../Drivers/CMSIS/Device/ST/STM32F4xx/Include -I../Drivers/CMSIS/Include -O0 -ffunction-sections -fdata-sections -Wall -fstack-usage -fcyclomatic-complexity -MMD -MP -MF"Core/Src/GAMEPAD.d" -MT"Core/Src/GAMEPAD.o" --specs=nano.specs -mfpu=fpv4-sp-d16 -mfloat-abi=hard -mthumb -o "Core/Src/GAMEPAD.o"
arm-none-eabi-gcc "../Core/Src/main.c" -mcpu=cortex-m4 -std=gnu11 -g3 -DDEBUG -DUSE_HAL_DRIVER -DSTM32F407xx -c -I../Core/Inc -I../Drivers/STM32F4xx_HAL_Driver/Inc -I../Drivers/STM32F4xx_HAL_Driver/Inc/Legacy -I../Drivers/CMSIS/Device/ST/STM32F4xx/Include -I../Drivers/CMSIS/Include -O0 -ffunction-sections -fdata-sections -Wall -fstack-usage -fcyclomatic-complexity -MMD -MP -MF"Core/Src/main.d" -MT"Core/Src/main.o" --specs=nano.specs -mfpu=fpv4-sp-d16 -mfloat-abi=hard -mthumb -o "Core/Src/main.o"
arm-none-eabi-gcc -o "Drone_V1.elf" @"objects.list"   -mcpu=cortex-m4 -T"D:\Mechatronics\Repositories\Project_Drone\firmware\firmware\drone\Drone_V1\STM32F407VETX_FLASH.ld" --specs=nosys.specs -Wl,-Map="Drone_V1.map" -Wl,--gc-sections -static --specs=nano.specs -mfpu=fpv4-sp-d16 -mfloat-abi=hard -mthumb -Wl,--start-group -lc -lm -Wl,--end-group
Finished building target: Drone_V1.elf
 
arm-none-eabi-size  Drone_V1.elf 
arm-none-eabi-objdump -h -S Drone_V1.elf  > "Drone_V1.list"
   text	   data	    bss	    dec	    hex	filename
  37256	     92	   3612	  40960	   a000	Drone_V1.elf
Finished building: default.size.stdout
 
Finished building: Drone_V1.list
 
17:11:05 **** Incremental Build of configuration Debug for project Drone_V1 ****
make -j16 all 
arm-none-eabi-size  Drone_V1.elf 
   text	   data	    bss	    dec	    hex	filename
  37256	     92	   3612	  40960	   a000	Drone_V1.elf
Finished building: default.size.stdout
 
17:15:36 **** Incremental Build of configuration Debug for project Drone_V1 ****
make -j16 all 
arm-none-eabi-size  Drone_V1.elf 
   text	   data	    bss	    dec	    hex	filename
  37256	     92	   3612	  40960	   a000	Drone_V1.elf
Finished building: default.size.stdout
 
17:17:22 **** Incremental Build of configuration Debug for project Drone_V1 ****
make -j16 all 
arm-none-eabi-gcc "../Core/Src/main.c" -mcpu=cortex-m4 -std=gnu11 -g3 -DDEBUG -DUSE_HAL_DRIVER -DSTM32F407xx -c -I../Core/Inc -I../Drivers/STM32F4xx_HAL_Driver/Inc -I../Drivers/STM32F4xx_HAL_Driver/Inc/Legacy -I../Drivers/CMSIS/Device/ST/STM32F4xx/Include -I../Drivers/CMSIS/Include -O0 -ffunction-sections -fdata-sections -Wall -fstack-usage -fcyclomatic-complexity -MMD -MP -MF"Core/Src/main.d" -MT"Core/Src/main.o" --specs=nano.specs -mfpu=fpv4-sp-d16 -mfloat-abi=hard -mthumb -o "Core/Src/main.o"
arm-none-eabi-gcc -o "Drone_V1.elf" @"objects.list"   -mcpu=cortex-m4 -T"D:\Mechatronics\Repositories\Project_Drone\firmware\firmware\drone\Drone_V1\STM32F407VETX_FLASH.ld" --specs=nosys.specs -Wl,-Map="Drone_V1.map" -Wl,--gc-sections -static --specs=nano.specs -mfpu=fpv4-sp-d16 -mfloat-abi=hard -mthumb -Wl,--start-group -lc -lm -Wl,--end-group
Finished building target: Drone_V1.elf
 
arm-none-eabi-size  Drone_V1.elf 
arm-none-eabi-objdump -h -S Drone_V1.elf  > "Drone_V1.list"
   text	   data	    bss	    dec	    hex	filename
  37256	     92	   3612	  40960	   a000	Drone_V1.elf
Finished building: default.size.stdout
 
Finished building: Drone_V1.list
 
17:17:25 **** Incremental Build of configuration Debug for project Drone_V1 ****
make -j16 all 
arm-none-eabi-size  Drone_V1.elf 
   text	   data	    bss	    dec	    hex	filename
  37256	     92	   3612	  40960	   a000	Drone_V1.elf
Finished building: default.size.stdout
 
17:24:44 **** Incremental Build of configuration Debug for project Drone_V1 ****
make -j16 all 
arm-none-eabi-gcc "../Core/Src/main.c" -mcpu=cortex-m4 -std=gnu11 -g3 -DDEBUG -DUSE_HAL_DRIVER -DSTM32F407xx -c -I../Core/Inc -I../Drivers/STM32F4xx_HAL_Driver/Inc -I../Drivers/STM32F4xx_HAL_Driver/Inc/Legacy -I../Drivers/CMSIS/Device/ST/STM32F4xx/Include -I../Drivers/CMSIS/Include -O0 -ffunction-sections -fdata-sections -Wall -fstack-usage -fcyclomatic-complexity -MMD -MP -MF"Core/Src/main.d" -MT"Core/Src/main.o" --specs=nano.specs -mfpu=fpv4-sp-d16 -mfloat-abi=hard -mthumb -o "Core/Src/main.o"
arm-none-eabi-gcc -o "Drone_V1.elf" @"objects.list"   -mcpu=cortex-m4 -T"D:\Mechatronics\Repositories\Project_Drone\firmware\firmware\drone\Drone_V1\STM32F407VETX_FLASH.ld" --specs=nosys.specs -Wl,-Map="Drone_V1.map" -Wl,--gc-sections -static --specs=nano.specs -mfpu=fpv4-sp-d16 -mfloat-abi=hard -mthumb -Wl,--start-group -lc -lm -Wl,--end-group
Finished building target: Drone_V1.elf
 
arm-none-eabi-size  Drone_V1.elf 
arm-none-eabi-objdump -h -S Drone_V1.elf  > "Drone_V1.list"
   text	   data	    bss	    dec	    hex	filename
  37296	     92	   3612	  41000	   a028	Drone_V1.elf
Finished building: default.size.stdout
 
Finished building: Drone_V1.list
 
17:24:48 **** Incremental Build of configuration Debug for project Drone_V1 ****
make -j16 all 
arm-none-eabi-size  Drone_V1.elf 
   text	   data	    bss	    dec	    hex	filename
  37296	     92	   3612	  41000	   a028	Drone_V1.elf
Finished building: default.size.stdout
 
17:25:14 **** Incremental Build of configuration Debug for project Drone_V1 ****
make -j16 all 
arm-none-eabi-size  Drone_V1.elf 
   text	   data	    bss	    dec	    hex	filename
  37296	     92	   3612	  41000	   a028	Drone_V1.elf
Finished building: default.size.stdout
 
17:27:58 **** Incremental Build of configuration Debug for project Drone_V1 ****
make -j16 all 
arm-none-eabi-size  Drone_V1.elf 
   text	   data	    bss	    dec	    hex	filename
  37296	     92	   3612	  41000	   a028	Drone_V1.elf
Finished building: default.size.stdout
 
17:38:46 **** Incremental Build of configuration Debug for project Drone_V1 ****
make -j16 all 
arm-none-eabi-size  Drone_V1.elf 
   text	   data	    bss	    dec	    hex	filename
  37296	     92	   3612	  41000	   a028	Drone_V1.elf
Finished building: default.size.stdout
 
17:39:08 **** Incremental Build of configuration Debug for project Drone_V1 ****
make -j16 all 
arm-none-eabi-size  Drone_V1.elf 
   text	   data	    bss	    dec	    hex	filename
  37296	     92	   3612	  41000	   a028	Drone_V1.elf
Finished building: default.size.stdout
 
17:42:44 **** Incremental Build of configuration Debug for project Drone_V1 ****
make -j16 all 
arm-none-eabi-gcc "../Core/Src/main.c" -mcpu=cortex-m4 -std=gnu11 -g3 -DDEBUG -DUSE_HAL_DRIVER -DSTM32F407xx -c -I../Core/Inc -I../Drivers/STM32F4xx_HAL_Driver/Inc -I../Drivers/STM32F4xx_HAL_Driver/Inc/Legacy -I../Drivers/CMSIS/Device/ST/STM32F4xx/Include -I../Drivers/CMSIS/Include -O0 -ffunction-sections -fdata-sections -Wall -fstack-usage -fcyclomatic-complexity -MMD -MP -MF"Core/Src/main.d" -MT"Core/Src/main.o" --specs=nano.specs -mfpu=fpv4-sp-d16 -mfloat-abi=hard -mthumb -o "Core/Src/main.o"
arm-none-eabi-gcc -o "Drone_V1.elf" @"objects.list"   -mcpu=cortex-m4 -T"D:\Mechatronics\Repositories\Project_Drone\firmware\firmware\drone\Drone_V1\STM32F407VETX_FLASH.ld" --specs=nosys.specs -Wl,-Map="Drone_V1.map" -Wl,--gc-sections -static --specs=nano.specs -mfpu=fpv4-sp-d16 -mfloat-abi=hard -mthumb -Wl,--start-group -lc -lm -Wl,--end-group
Finished building target: Drone_V1.elf
 
arm-none-eabi-size  Drone_V1.elf 
arm-none-eabi-objdump -h -S Drone_V1.elf  > "Drone_V1.list"
   text	   data	    bss	    dec	    hex	filename
  36840	     92	   3604	  40536	   9e58	Drone_V1.elf
Finished building: default.size.stdout
 
Finished building: Drone_V1.list
 
17:43:51 **** Incremental Build of configuration Debug for project Drone_V1 ****
make -j16 all 
arm-none-eabi-size  Drone_V1.elf 
   text	   data	    bss	    dec	    hex	filename
  36840	     92	   3604	  40536	   9e58	Drone_V1.elf
Finished building: default.size.stdout
 
17:43:54 **** Incremental Build of configuration Debug for project Drone_V1 ****
make -j16 all 
arm-none-eabi-size  Drone_V1.elf 
   text	   data	    bss	    dec	    hex	filename
  36840	     92	   3604	  40536	   9e58	Drone_V1.elf
Finished building: default.size.stdout
 
17:48:39 **** Incremental Build of configuration Debug for project Drone_V1 ****
make -j16 all 
arm-none-eabi-gcc "../Core/Src/main.c" -mcpu=cortex-m4 -std=gnu11 -g3 -DDEBUG -DUSE_HAL_DRIVER -DSTM32F407xx -c -I../Core/Inc -I../Drivers/STM32F4xx_HAL_Driver/Inc -I../Drivers/STM32F4xx_HAL_Driver/Inc/Legacy -I../Drivers/CMSIS/Device/ST/STM32F4xx/Include -I../Drivers/CMSIS/Include -O0 -ffunction-sections -fdata-sections -Wall -fstack-usage -fcyclomatic-complexity -MMD -MP -MF"Core/Src/main.d" -MT"Core/Src/main.o" --specs=nano.specs -mfpu=fpv4-sp-d16 -mfloat-abi=hard -mthumb -o "Core/Src/main.o"
arm-none-eabi-gcc -o "Drone_V1.elf" @"objects.list"   -mcpu=cortex-m4 -T"D:\Mechatronics\Repositories\Project_Drone\firmware\firmware\drone\Drone_V1\STM32F407VETX_FLASH.ld" --specs=nosys.specs -Wl,-Map="Drone_V1.map" -Wl,--gc-sections -static --specs=nano.specs -mfpu=fpv4-sp-d16 -mfloat-abi=hard -mthumb -Wl,--start-group -lc -lm -Wl,--end-group
Finished building target: Drone_V1.elf
 
arm-none-eabi-size  Drone_V1.elf 
arm-none-eabi-objdump -h -S Drone_V1.elf  > "Drone_V1.list"
   text	   data	    bss	    dec	    hex	filename
  36868	     92	   3604	  40564	   9e74	Drone_V1.elf
Finished building: default.size.stdout
 
Finished building: Drone_V1.list
 
17:48:43 **** Incremental Build of configuration Debug for project Drone_V1 ****
make -j16 all 
arm-none-eabi-size  Drone_V1.elf 
   text	   data	    bss	    dec	    hex	filename
  36868	     92	   3604	  40564	   9e74	Drone_V1.elf
Finished building: default.size.stdout
 
17:49:01 **** Incremental Build of configuration Debug for project Drone_V1 ****
make -j16 all 
arm-none-eabi-size  Drone_V1.elf 
   text	   data	    bss	    dec	    hex	filename
  36868	     92	   3604	  40564	   9e74	Drone_V1.elf
Finished building: default.size.stdout
 
17:58:02 **** Incremental Build of configuration Debug for project Drone_V1 ****
make -j16 all 
arm-none-eabi-gcc "../Core/Src/main.c" -mcpu=cortex-m4 -std=gnu11 -g3 -DDEBUG -DUSE_HAL_DRIVER -DSTM32F407xx -c -I../Core/Inc -I../Drivers/STM32F4xx_HAL_Driver/Inc -I../Drivers/STM32F4xx_HAL_Driver/Inc/Legacy -I../Drivers/CMSIS/Device/ST/STM32F4xx/Include -I../Drivers/CMSIS/Include -O0 -ffunction-sections -fdata-sections -Wall -fstack-usage -fcyclomatic-complexity -MMD -MP -MF"Core/Src/main.d" -MT"Core/Src/main.o" --specs=nano.specs -mfpu=fpv4-sp-d16 -mfloat-abi=hard -mthumb -o "Core/Src/main.o"
arm-none-eabi-gcc -o "Drone_V1.elf" @"objects.list"   -mcpu=cortex-m4 -T"D:\Mechatronics\Repositories\Project_Drone\firmware\firmware\drone\Drone_V1\STM32F407VETX_FLASH.ld" --specs=nosys.specs -Wl,-Map="Drone_V1.map" -Wl,--gc-sections -static --specs=nano.specs -mfpu=fpv4-sp-d16 -mfloat-abi=hard -mthumb -Wl,--start-group -lc -lm -Wl,--end-group
Finished building target: Drone_V1.elf
 
arm-none-eabi-size  Drone_V1.elf 
arm-none-eabi-objdump -h -S Drone_V1.elf  > "Drone_V1.list"
   text	   data	    bss	    dec	    hex	filename
  37324	     92	   3612	  41028	   a044	Drone_V1.elf
Finished building: default.size.stdout
 
Finished building: Drone_V1.list
 
17:58:05 **** Incremental Build of configuration Debug for project Drone_V1 ****
make -j16 all 
arm-none-eabi-size  Drone_V1.elf 
   text	   data	    bss	    dec	    hex	filename
  37324	     92	   3612	  41028	   a044	Drone_V1.elf
Finished building: default.size.stdout
 
18:00:08 **** Incremental Build of configuration Debug for project Drone_V1 ****
make -j16 all 
arm-none-eabi-gcc "../Core/Src/main.c" -mcpu=cortex-m4 -std=gnu11 -g3 -DDEBUG -DUSE_HAL_DRIVER -DSTM32F407xx -c -I../Core/Inc -I../Drivers/STM32F4xx_HAL_Driver/Inc -I../Drivers/STM32F4xx_HAL_Driver/Inc/Legacy -I../Drivers/CMSIS/Device/ST/STM32F4xx/Include -I../Drivers/CMSIS/Include -O0 -ffunction-sections -fdata-sections -Wall -fstack-usage -fcyclomatic-complexity -MMD -MP -MF"Core/Src/main.d" -MT"Core/Src/main.o" --specs=nano.specs -mfpu=fpv4-sp-d16 -mfloat-abi=hard -mthumb -o "Core/Src/main.o"
arm-none-eabi-gcc -o "Drone_V1.elf" @"objects.list"   -mcpu=cortex-m4 -T"D:\Mechatronics\Repositories\Project_Drone\firmware\firmware\drone\Drone_V1\STM32F407VETX_FLASH.ld" --specs=nosys.specs -Wl,-Map="Drone_V1.map" -Wl,--gc-sections -static --specs=nano.specs -mfpu=fpv4-sp-d16 -mfloat-abi=hard -mthumb -Wl,--start-group -lc -lm -Wl,--end-group
Finished building target: Drone_V1.elf
 
arm-none-eabi-size  Drone_V1.elf 
arm-none-eabi-objdump -h -S Drone_V1.elf  > "Drone_V1.list"
   text	   data	    bss	    dec	    hex	filename
  36868	     92	   3604	  40564	   9e74	Drone_V1.elf
Finished building: default.size.stdout
 
Finished building: Drone_V1.list
 
18:01:45 **** Incremental Build of configuration Debug for project Drone_V1 ****
make -j16 all 
arm-none-eabi-gcc "../Core/Src/main.c" -mcpu=cortex-m4 -std=gnu11 -g3 -DDEBUG -DUSE_HAL_DRIVER -DSTM32F407xx -c -I../Core/Inc -I../Drivers/STM32F4xx_HAL_Driver/Inc -I../Drivers/STM32F4xx_HAL_Driver/Inc/Legacy -I../Drivers/CMSIS/Device/ST/STM32F4xx/Include -I../Drivers/CMSIS/Include -O0 -ffunction-sections -fdata-sections -Wall -fstack-usage -fcyclomatic-complexity -MMD -MP -MF"Core/Src/main.d" -MT"Core/Src/main.o" --specs=nano.specs -mfpu=fpv4-sp-d16 -mfloat-abi=hard -mthumb -o "Core/Src/main.o"
arm-none-eabi-gcc -o "Drone_V1.elf" @"objects.list"   -mcpu=cortex-m4 -T"D:\Mechatronics\Repositories\Project_Drone\firmware\firmware\drone\Drone_V1\STM32F407VETX_FLASH.ld" --specs=nosys.specs -Wl,-Map="Drone_V1.map" -Wl,--gc-sections -static --specs=nano.specs -mfpu=fpv4-sp-d16 -mfloat-abi=hard -mthumb -Wl,--start-group -lc -lm -Wl,--end-group
Finished building target: Drone_V1.elf
 
arm-none-eabi-size  Drone_V1.elf 
arm-none-eabi-objdump -h -S Drone_V1.elf  > "Drone_V1.list"
   text	   data	    bss	    dec	    hex	filename
  37324	     92	   3612	  41028	   a044	Drone_V1.elf
Finished building: default.size.stdout
 
Finished building: Drone_V1.list
 
18:01:51 **** Incremental Build of configuration Debug for project Drone_V1 ****
make -j16 all 
arm-none-eabi-size  Drone_V1.elf 
   text	   data	    bss	    dec	    hex	filename
  37324	     92	   3612	  41028	   a044	Drone_V1.elf
Finished building: default.size.stdout
 
18:04:02 **** Incremental Build of configuration Debug for project Drone_V1 ****
make -j16 all 
arm-none-eabi-gcc "../Core/Src/main.c" -mcpu=cortex-m4 -std=gnu11 -g3 -DDEBUG -DUSE_HAL_DRIVER -DSTM32F407xx -c -I../Core/Inc -I../Drivers/STM32F4xx_HAL_Driver/Inc -I../Drivers/STM32F4xx_HAL_Driver/Inc/Legacy -I../Drivers/CMSIS/Device/ST/STM32F4xx/Include -I../Drivers/CMSIS/Include -O0 -ffunction-sections -fdata-sections -Wall -fstack-usage -fcyclomatic-complexity -MMD -MP -MF"Core/Src/main.d" -MT"Core/Src/main.o" --specs=nano.specs -mfpu=fpv4-sp-d16 -mfloat-abi=hard -mthumb -o "Core/Src/main.o"
arm-none-eabi-gcc -o "Drone_V1.elf" @"objects.list"   -mcpu=cortex-m4 -T"D:\Mechatronics\Repositories\Project_Drone\firmware\firmware\drone\Drone_V1\STM32F407VETX_FLASH.ld" --specs=nosys.specs -Wl,-Map="Drone_V1.map" -Wl,--gc-sections -static --specs=nano.specs -mfpu=fpv4-sp-d16 -mfloat-abi=hard -mthumb -Wl,--start-group -lc -lm -Wl,--end-group
Finished building target: Drone_V1.elf
 
arm-none-eabi-size  Drone_V1.elf 
arm-none-eabi-objdump -h -S Drone_V1.elf  > "Drone_V1.list"
   text	   data	    bss	    dec	    hex	filename
  37324	     92	   3612	  41028	   a044	Drone_V1.elf
Finished building: default.size.stdout
 
Finished building: Drone_V1.list
 
18:05:15 **** Incremental Build of configuration Debug for project Drone_V1 ****
make -j16 all 
arm-none-eabi-gcc "../Core/Src/main.c" -mcpu=cortex-m4 -std=gnu11 -g3 -DDEBUG -DUSE_HAL_DRIVER -DSTM32F407xx -c -I../Core/Inc -I../Drivers/STM32F4xx_HAL_Driver/Inc -I../Drivers/STM32F4xx_HAL_Driver/Inc/Legacy -I../Drivers/CMSIS/Device/ST/STM32F4xx/Include -I../Drivers/CMSIS/Include -O0 -ffunction-sections -fdata-sections -Wall -fstack-usage -fcyclomatic-complexity -MMD -MP -MF"Core/Src/main.d" -MT"Core/Src/main.o" --specs=nano.specs -mfpu=fpv4-sp-d16 -mfloat-abi=hard -mthumb -o "Core/Src/main.o"
arm-none-eabi-gcc -o "Drone_V1.elf" @"objects.list"   -mcpu=cortex-m4 -T"D:\Mechatronics\Repositories\Project_Drone\firmware\firmware\drone\Drone_V1\STM32F407VETX_FLASH.ld" --specs=nosys.specs -Wl,-Map="Drone_V1.map" -Wl,--gc-sections -static --specs=nano.specs -mfpu=fpv4-sp-d16 -mfloat-abi=hard -mthumb -Wl,--start-group -lc -lm -Wl,--end-group
Finished building target: Drone_V1.elf
 
arm-none-eabi-size  Drone_V1.elf 
arm-none-eabi-objdump -h -S Drone_V1.elf  > "Drone_V1.list"
   text	   data	    bss	    dec	    hex	filename
  37324	     92	   3612	  41028	   a044	Drone_V1.elf
Finished building: default.size.stdout
 
Finished building: Drone_V1.list
 
18:05:19 **** Incremental Build of configuration Debug for project Drone_V1 ****
make -j16 all 
arm-none-eabi-size  Drone_V1.elf 
   text	   data	    bss	    dec	    hex	filename
  37324	     92	   3612	  41028	   a044	Drone_V1.elf
Finished building: default.size.stdout
 
18:09:44 **** Incremental Build of configuration Debug for project Drone_V1 ****
make -j16 all 
arm-none-eabi-gcc "../Core/Src/main.c" -mcpu=cortex-m4 -std=gnu11 -g3 -DDEBUG -DUSE_HAL_DRIVER -DSTM32F407xx -c -I../Core/Inc -I../Drivers/STM32F4xx_HAL_Driver/Inc -I../Drivers/STM32F4xx_HAL_Driver/Inc/Legacy -I../Drivers/CMSIS/Device/ST/STM32F4xx/Include -I../Drivers/CMSIS/Include -O0 -ffunction-sections -fdata-sections -Wall -fstack-usage -fcyclomatic-complexity -MMD -MP -MF"Core/Src/main.d" -MT"Core/Src/main.o" --specs=nano.specs -mfpu=fpv4-sp-d16 -mfloat-abi=hard -mthumb -o "Core/Src/main.o"
arm-none-eabi-gcc -o "Drone_V1.elf" @"objects.list"   -mcpu=cortex-m4 -T"D:\Mechatronics\Repositories\Project_Drone\firmware\firmware\drone\Drone_V1\STM32F407VETX_FLASH.ld" --specs=nosys.specs -Wl,-Map="Drone_V1.map" -Wl,--gc-sections -static --specs=nano.specs -mfpu=fpv4-sp-d16 -mfloat-abi=hard -mthumb -Wl,--start-group -lc -lm -Wl,--end-group
Finished building target: Drone_V1.elf
 
arm-none-eabi-size  Drone_V1.elf 
arm-none-eabi-objdump -h -S Drone_V1.elf  > "Drone_V1.list"
   text	   data	    bss	    dec	    hex	filename
  37324	     92	   3612	  41028	   a044	Drone_V1.elf
Finished building: default.size.stdout
 
Finished building: Drone_V1.list
 
18:09:48 **** Incremental Build of configuration Debug for project Drone_V1 ****
make -j16 all 
arm-none-eabi-size  Drone_V1.elf 
   text	   data	    bss	    dec	    hex	filename
  37324	     92	   3612	  41028	   a044	Drone_V1.elf
Finished building: default.size.stdout
 
18:16:40 **** Incremental Build of configuration Debug for project Drone_V1 ****
make -j16 all 
arm-none-eabi-gcc "../Core/Src/PID.c" -mcpu=cortex-m4 -std=gnu11 -g3 -DDEBUG -DUSE_HAL_DRIVER -DSTM32F407xx -c -I../Core/Inc -I../Drivers/STM32F4xx_HAL_Driver/Inc -I../Drivers/STM32F4xx_HAL_Driver/Inc/Legacy -I../Drivers/CMSIS/Device/ST/STM32F4xx/Include -I../Drivers/CMSIS/Include -O0 -ffunction-sections -fdata-sections -Wall -fstack-usage -fcyclomatic-complexity -MMD -MP -MF"Core/Src/PID.d" -MT"Core/Src/PID.o" --specs=nano.specs -mfpu=fpv4-sp-d16 -mfloat-abi=hard -mthumb -o "Core/Src/PID.o"
arm-none-eabi-gcc "../Core/Src/main.c" -mcpu=cortex-m4 -std=gnu11 -g3 -DDEBUG -DUSE_HAL_DRIVER -DSTM32F407xx -c -I../Core/Inc -I../Drivers/STM32F4xx_HAL_Driver/Inc -I../Drivers/STM32F4xx_HAL_Driver/Inc/Legacy -I../Drivers/CMSIS/Device/ST/STM32F4xx/Include -I../Drivers/CMSIS/Include -O0 -ffunction-sections -fdata-sections -Wall -fstack-usage -fcyclomatic-complexity -MMD -MP -MF"Core/Src/main.d" -MT"Core/Src/main.o" --specs=nano.specs -mfpu=fpv4-sp-d16 -mfloat-abi=hard -mthumb -o "Core/Src/main.o"
arm-none-eabi-gcc -o "Drone_V1.elf" @"objects.list"   -mcpu=cortex-m4 -T"D:\Mechatronics\Repositories\Project_Drone\firmware\firmware\drone\Drone_V1\STM32F407VETX_FLASH.ld" --specs=nosys.specs -Wl,-Map="Drone_V1.map" -Wl,--gc-sections -static --specs=nano.specs -mfpu=fpv4-sp-d16 -mfloat-abi=hard -mthumb -Wl,--start-group -lc -lm -Wl,--end-group
Finished building target: Drone_V1.elf
 
arm-none-eabi-size  Drone_V1.elf 
arm-none-eabi-objdump -h -S Drone_V1.elf  > "Drone_V1.list"
   text	   data	    bss	    dec	    hex	filename
  37328	     92	   3612	  41032	   a048	Drone_V1.elf
Finished building: default.size.stdout
 
Finished building: Drone_V1.list
 
18:16:45 **** Incremental Build of configuration Debug for project Drone_V1 ****
make -j16 all 
arm-none-eabi-size  Drone_V1.elf 
   text	   data	    bss	    dec	    hex	filename
  37328	     92	   3612	  41032	   a048	Drone_V1.elf
Finished building: default.size.stdout
 
18:22:50 **** Incremental Build of configuration Debug for project Drone_V1 ****
make -j16 all 
arm-none-eabi-gcc "../Core/Src/main.c" -mcpu=cortex-m4 -std=gnu11 -g3 -DDEBUG -DUSE_HAL_DRIVER -DSTM32F407xx -c -I../Core/Inc -I../Drivers/STM32F4xx_HAL_Driver/Inc -I../Drivers/STM32F4xx_HAL_Driver/Inc/Legacy -I../Drivers/CMSIS/Device/ST/STM32F4xx/Include -I../Drivers/CMSIS/Include -O0 -ffunction-sections -fdata-sections -Wall -fstack-usage -fcyclomatic-complexity -MMD -MP -MF"Core/Src/main.d" -MT"Core/Src/main.o" --specs=nano.specs -mfpu=fpv4-sp-d16 -mfloat-abi=hard -mthumb -o "Core/Src/main.o"
arm-none-eabi-gcc -o "Drone_V1.elf" @"objects.list"   -mcpu=cortex-m4 -T"D:\Mechatronics\Repositories\Project_Drone\firmware\firmware\drone\Drone_V1\STM32F407VETX_FLASH.ld" --specs=nosys.specs -Wl,-Map="Drone_V1.map" -Wl,--gc-sections -static --specs=nano.specs -mfpu=fpv4-sp-d16 -mfloat-abi=hard -mthumb -Wl,--start-group -lc -lm -Wl,--end-group
Finished building target: Drone_V1.elf
 
arm-none-eabi-size  Drone_V1.elf 
arm-none-eabi-objdump -h -S Drone_V1.elf  > "Drone_V1.list"
   text	   data	    bss	    dec	    hex	filename
  37328	     92	   3612	  41032	   a048	Drone_V1.elf
Finished building: default.size.stdout
 
Finished building: Drone_V1.list
 
18:24:52 **** Incremental Build of configuration Debug for project Drone_V1 ****
make -j16 all 
arm-none-eabi-size  Drone_V1.elf 
   text	   data	    bss	    dec	    hex	filename
  37328	     92	   3612	  41032	   a048	Drone_V1.elf
Finished building: default.size.stdout
 
18:27:46 **** Incremental Build of configuration Debug for project Drone_V1 ****
make -j16 all 
arm-none-eabi-gcc "../Core/Src/main.c" -mcpu=cortex-m4 -std=gnu11 -g3 -DDEBUG -DUSE_HAL_DRIVER -DSTM32F407xx -c -I../Core/Inc -I../Drivers/STM32F4xx_HAL_Driver/Inc -I../Drivers/STM32F4xx_HAL_Driver/Inc/Legacy -I../Drivers/CMSIS/Device/ST/STM32F4xx/Include -I../Drivers/CMSIS/Include -O0 -ffunction-sections -fdata-sections -Wall -fstack-usage -fcyclomatic-complexity -MMD -MP -MF"Core/Src/main.d" -MT"Core/Src/main.o" --specs=nano.specs -mfpu=fpv4-sp-d16 -mfloat-abi=hard -mthumb -o "Core/Src/main.o"
arm-none-eabi-gcc -o "Drone_V1.elf" @"objects.list"   -mcpu=cortex-m4 -T"D:\Mechatronics\Repositories\Project_Drone\firmware\firmware\drone\Drone_V1\STM32F407VETX_FLASH.ld" --specs=nosys.specs -Wl,-Map="Drone_V1.map" -Wl,--gc-sections -static --specs=nano.specs -mfpu=fpv4-sp-d16 -mfloat-abi=hard -mthumb -Wl,--start-group -lc -lm -Wl,--end-group
Finished building target: Drone_V1.elf
 
arm-none-eabi-size  Drone_V1.elf 
arm-none-eabi-objdump -h -S Drone_V1.elf  > "Drone_V1.list"
   text	   data	    bss	    dec	    hex	filename
  37336	     92	   3612	  41040	   a050	Drone_V1.elf
Finished building: default.size.stdout
 
Finished building: Drone_V1.list
 
18:27:51 **** Incremental Build of configuration Debug for project Drone_V1 ****
make -j16 all 
arm-none-eabi-size  Drone_V1.elf 
   text	   data	    bss	    dec	    hex	filename
  37336	     92	   3612	  41040	   a050	Drone_V1.elf
Finished building: default.size.stdout
 
18:28:04 **** Incremental Build of configuration Debug for project Drone_V1 ****
make -j16 all 
arm-none-eabi-size  Drone_V1.elf 
   text	   data	    bss	    dec	    hex	filename
  37336	     92	   3612	  41040	   a050	Drone_V1.elf
Finished building: default.size.stdout
 
18:28:09 **** Incremental Build of configuration Debug for project Drone_V1 ****
make -j16 all 
arm-none-eabi-size  Drone_V1.elf 
   text	   data	    bss	    dec	    hex	filename
  37336	     92	   3612	  41040	   a050	Drone_V1.elf
Finished building: default.size.stdout
 
18:47:15 **** Incremental Build of configuration Debug for project Drone_V1 ****
make -j16 all 
arm-none-eabi-gcc "../Core/Src/main.c" -mcpu=cortex-m4 -std=gnu11 -g3 -DDEBUG -DUSE_HAL_DRIVER -DSTM32F407xx -c -I../Core/Inc -I../Drivers/STM32F4xx_HAL_Driver/Inc -I../Drivers/STM32F4xx_HAL_Driver/Inc/Legacy -I../Drivers/CMSIS/Device/ST/STM32F4xx/Include -I../Drivers/CMSIS/Include -O0 -ffunction-sections -fdata-sections -Wall -fstack-usage -fcyclomatic-complexity -MMD -MP -MF"Core/Src/main.d" -MT"Core/Src/main.o" --specs=nano.specs -mfpu=fpv4-sp-d16 -mfloat-abi=hard -mthumb -o "Core/Src/main.o"
../Core/Src/main.c:1219:6: error: conflicting types for 'DRONE_SetSpeed'; have 'void(uint8_t,  uint8_t)' {aka 'void(unsigned char,  unsigned char)'}
 1219 | void DRONE_SetSpeed(uint8_t MOTOR, uint8_t speed){
      |      ^~~~~~~~~~~~~~
../Core/Src/main.c:151:6: note: previous declaration of 'DRONE_SetSpeed' with type 'void(uint8_t,  uint16_t)' {aka 'void(unsigned char,  short unsigned int)'}
  151 | void DRONE_SetSpeed(uint8_t MOTOR, uint16_t speed);
      |      ^~~~~~~~~~~~~~
../Core/Src/main.c: In function 'DRONE_SetSpeed':
../Core/Src/main.c:1221:25: warning: unsigned conversion from 'int' to 'uint8_t' {aka 'unsigned char'} changes value from '1000' to '232' [-Woverflow]
 1221 |                 speed = 1000;
      |                         ^~~~
../Core/Src/main.c:1224:25: warning: unsigned conversion from 'int' to 'uint8_t' {aka 'unsigned char'} changes value from '2000' to '208' [-Woverflow]
 1224 |                 speed = 2000;
      |                         ^~~~
make: *** [Core/Src/subdir.mk:46: Core/Src/main.o] Error 1
"make -j16 all" terminated with exit code 2. Build might be incomplete.
18:47:25 **** Incremental Build of configuration Debug for project Drone_V1 ****
make -j16 all 
arm-none-eabi-gcc "../Core/Src/main.c" -mcpu=cortex-m4 -std=gnu11 -g3 -DDEBUG -DUSE_HAL_DRIVER -DSTM32F407xx -c -I../Core/Inc -I../Drivers/STM32F4xx_HAL_Driver/Inc -I../Drivers/STM32F4xx_HAL_Driver/Inc/Legacy -I../Drivers/CMSIS/Device/ST/STM32F4xx/Include -I../Drivers/CMSIS/Include -O0 -ffunction-sections -fdata-sections -Wall -fstack-usage -fcyclomatic-complexity -MMD -MP -MF"Core/Src/main.d" -MT"Core/Src/main.o" --specs=nano.specs -mfpu=fpv4-sp-d16 -mfloat-abi=hard -mthumb -o "Core/Src/main.o"
../Core/Src/main.c:1219:6: error: conflicting types for 'DRONE_SetSpeed'; have 'void(uint16_t,  uint16_t)' {aka 'void(short unsigned int,  short unsigned int)'}
 1219 | void DRONE_SetSpeed(uint16_t MOTOR, uint16_t speed){
      |      ^~~~~~~~~~~~~~
../Core/Src/main.c:151:6: note: previous declaration of 'DRONE_SetSpeed' with type 'void(uint8_t,  uint16_t)' {aka 'void(unsigned char,  short unsigned int)'}
  151 | void DRONE_SetSpeed(uint8_t MOTOR, uint16_t speed);
      |      ^~~~~~~~~~~~~~
make: *** [Core/Src/subdir.mk:46: Core/Src/main.o] Error 1
"make -j16 all" terminated with exit code 2. Build might be incomplete.
18:47:54 **** Incremental Build of configuration Debug for project Drone_V1 ****
make -j16 all 
arm-none-eabi-gcc "../Core/Src/main.c" -mcpu=cortex-m4 -std=gnu11 -g3 -DDEBUG -DUSE_HAL_DRIVER -DSTM32F407xx -c -I../Core/Inc -I../Drivers/STM32F4xx_HAL_Driver/Inc -I../Drivers/STM32F4xx_HAL_Driver/Inc/Legacy -I../Drivers/CMSIS/Device/ST/STM32F4xx/Include -I../Drivers/CMSIS/Include -O0 -ffunction-sections -fdata-sections -Wall -fstack-usage -fcyclomatic-complexity -MMD -MP -MF"Core/Src/main.d" -MT"Core/Src/main.o" --specs=nano.specs -mfpu=fpv4-sp-d16 -mfloat-abi=hard -mthumb -o "Core/Src/main.o"
arm-none-eabi-gcc -o "Drone_V1.elf" @"objects.list"   -mcpu=cortex-m4 -T"D:\Mechatronics\Repositories\Project_Drone\firmware\firmware\drone\Drone_V1\STM32F407VETX_FLASH.ld" --specs=nosys.specs -Wl,-Map="Drone_V1.map" -Wl,--gc-sections -static --specs=nano.specs -mfpu=fpv4-sp-d16 -mfloat-abi=hard -mthumb -Wl,--start-group -lc -lm -Wl,--end-group
Finished building target: Drone_V1.elf
 
arm-none-eabi-size  Drone_V1.elf 
arm-none-eabi-objdump -h -S Drone_V1.elf  > "Drone_V1.list"
   text	   data	    bss	    dec	    hex	filename
  37344	     92	   3620	  41056	   a060	Drone_V1.elf
Finished building: default.size.stdout
 
Finished building: Drone_V1.list
 
18:47:57 **** Incremental Build of configuration Debug for project Drone_V1 ****
make -j16 all 
arm-none-eabi-size  Drone_V1.elf 
   text	   data	    bss	    dec	    hex	filename
  37344	     92	   3620	  41056	   a060	Drone_V1.elf
Finished building: default.size.stdout
 
18:49:29 **** Incremental Build of configuration Debug for project Drone_V1 ****
make -j16 all 
arm-none-eabi-gcc "../Core/Src/main.c" -mcpu=cortex-m4 -std=gnu11 -g3 -DDEBUG -DUSE_HAL_DRIVER -DSTM32F407xx -c -I../Core/Inc -I../Drivers/STM32F4xx_HAL_Driver/Inc -I../Drivers/STM32F4xx_HAL_Driver/Inc/Legacy -I../Drivers/CMSIS/Device/ST/STM32F4xx/Include -I../Drivers/CMSIS/Include -O0 -ffunction-sections -fdata-sections -Wall -fstack-usage -fcyclomatic-complexity -MMD -MP -MF"Core/Src/main.d" -MT"Core/Src/main.o" --specs=nano.specs -mfpu=fpv4-sp-d16 -mfloat-abi=hard -mthumb -o "Core/Src/main.o"
arm-none-eabi-gcc -o "Drone_V1.elf" @"objects.list"   -mcpu=cortex-m4 -T"D:\Mechatronics\Repositories\Project_Drone\firmware\firmware\drone\Drone_V1\STM32F407VETX_FLASH.ld" --specs=nosys.specs -Wl,-Map="Drone_V1.map" -Wl,--gc-sections -static --specs=nano.specs -mfpu=fpv4-sp-d16 -mfloat-abi=hard -mthumb -Wl,--start-group -lc -lm -Wl,--end-group
Finished building target: Drone_V1.elf
 
arm-none-eabi-size  Drone_V1.elf 
arm-none-eabi-objdump -h -S Drone_V1.elf  > "Drone_V1.list"
   text	   data	    bss	    dec	    hex	filename
  37348	     92	   3620	  41060	   a064	Drone_V1.elf
Finished building: default.size.stdout
 
Finished building: Drone_V1.list
 
18:49:32 **** Incremental Build of configuration Debug for project Drone_V1 ****
make -j16 all 
arm-none-eabi-size  Drone_V1.elf 
   text	   data	    bss	    dec	    hex	filename
  37348	     92	   3620	  41060	   a064	Drone_V1.elf
Finished building: default.size.stdout
 
18:51:47 **** Incremental Build of configuration Debug for project Drone_V1 ****
make -j16 all 
arm-none-eabi-gcc "../Core/Src/main.c" -mcpu=cortex-m4 -std=gnu11 -g3 -DDEBUG -DUSE_HAL_DRIVER -DSTM32F407xx -c -I../Core/Inc -I../Drivers/STM32F4xx_HAL_Driver/Inc -I../Drivers/STM32F4xx_HAL_Driver/Inc/Legacy -I../Drivers/CMSIS/Device/ST/STM32F4xx/Include -I../Drivers/CMSIS/Include -O0 -ffunction-sections -fdata-sections -Wall -fstack-usage -fcyclomatic-complexity -MMD -MP -MF"Core/Src/main.d" -MT"Core/Src/main.o" --specs=nano.specs -mfpu=fpv4-sp-d16 -mfloat-abi=hard -mthumb -o "Core/Src/main.o"
arm-none-eabi-gcc -o "Drone_V1.elf" @"objects.list"   -mcpu=cortex-m4 -T"D:\Mechatronics\Repositories\Project_Drone\firmware\firmware\drone\Drone_V1\STM32F407VETX_FLASH.ld" --specs=nosys.specs -Wl,-Map="Drone_V1.map" -Wl,--gc-sections -static --specs=nano.specs -mfpu=fpv4-sp-d16 -mfloat-abi=hard -mthumb -Wl,--start-group -lc -lm -Wl,--end-group
Finished building target: Drone_V1.elf
 
arm-none-eabi-size  Drone_V1.elf 
arm-none-eabi-objdump -h -S Drone_V1.elf  > "Drone_V1.list"
   text	   data	    bss	    dec	    hex	filename
  37348	     92	   3620	  41060	   a064	Drone_V1.elf
Finished building: default.size.stdout
 
Finished building: Drone_V1.list
 
18:51:49 **** Incremental Build of configuration Debug for project Drone_V1 ****
make -j16 all 
arm-none-eabi-size  Drone_V1.elf 
   text	   data	    bss	    dec	    hex	filename
  37348	     92	   3620	  41060	   a064	Drone_V1.elf
Finished building: default.size.stdout
 
18:52:20 **** Incremental Build of configuration Debug for project Drone_V1 ****
make -j16 all 
arm-none-eabi-gcc "../Core/Src/main.c" -mcpu=cortex-m4 -std=gnu11 -g3 -DDEBUG -DUSE_HAL_DRIVER -DSTM32F407xx -c -I../Core/Inc -I../Drivers/STM32F4xx_HAL_Driver/Inc -I../Drivers/STM32F4xx_HAL_Driver/Inc/Legacy -I../Drivers/CMSIS/Device/ST/STM32F4xx/Include -I../Drivers/CMSIS/Include -O0 -ffunction-sections -fdata-sections -Wall -fstack-usage -fcyclomatic-complexity -MMD -MP -MF"Core/Src/main.d" -MT"Core/Src/main.o" --specs=nano.specs -mfpu=fpv4-sp-d16 -mfloat-abi=hard -mthumb -o "Core/Src/main.o"
arm-none-eabi-gcc -o "Drone_V1.elf" @"objects.list"   -mcpu=cortex-m4 -T"D:\Mechatronics\Repositories\Project_Drone\firmware\firmware\drone\Drone_V1\STM32F407VETX_FLASH.ld" --specs=nosys.specs -Wl,-Map="Drone_V1.map" -Wl,--gc-sections -static --specs=nano.specs -mfpu=fpv4-sp-d16 -mfloat-abi=hard -mthumb -Wl,--start-group -lc -lm -Wl,--end-group
Finished building target: Drone_V1.elf
 
arm-none-eabi-size  Drone_V1.elf 
arm-none-eabi-objdump -h -S Drone_V1.elf  > "Drone_V1.list"
   text	   data	    bss	    dec	    hex	filename
  37348	     92	   3620	  41060	   a064	Drone_V1.elf
Finished building: default.size.stdout
 
Finished building: Drone_V1.list
 
18:52:23 **** Incremental Build of configuration Debug for project Drone_V1 ****
make -j16 all 
arm-none-eabi-size  Drone_V1.elf 
   text	   data	    bss	    dec	    hex	filename
  37348	     92	   3620	  41060	   a064	Drone_V1.elf
Finished building: default.size.stdout
 
18:56:11 **** Incremental Build of configuration Debug for project Drone_V1 ****
make -j16 all 
arm-none-eabi-gcc "../Core/Src/main.c" -mcpu=cortex-m4 -std=gnu11 -g3 -DDEBUG -DUSE_HAL_DRIVER -DSTM32F407xx -c -I../Core/Inc -I../Drivers/STM32F4xx_HAL_Driver/Inc -I../Drivers/STM32F4xx_HAL_Driver/Inc/Legacy -I../Drivers/CMSIS/Device/ST/STM32F4xx/Include -I../Drivers/CMSIS/Include -O0 -ffunction-sections -fdata-sections -Wall -fstack-usage -fcyclomatic-complexity -MMD -MP -MF"Core/Src/main.d" -MT"Core/Src/main.o" --specs=nano.specs -mfpu=fpv4-sp-d16 -mfloat-abi=hard -mthumb -o "Core/Src/main.o"
arm-none-eabi-gcc -o "Drone_V1.elf" @"objects.list"   -mcpu=cortex-m4 -T"D:\Mechatronics\Repositories\Project_Drone\firmware\firmware\drone\Drone_V1\STM32F407VETX_FLASH.ld" --specs=nosys.specs -Wl,-Map="Drone_V1.map" -Wl,--gc-sections -static --specs=nano.specs -mfpu=fpv4-sp-d16 -mfloat-abi=hard -mthumb -Wl,--start-group -lc -lm -Wl,--end-group
Finished building target: Drone_V1.elf
 
arm-none-eabi-size  Drone_V1.elf 
arm-none-eabi-objdump -h -S Drone_V1.elf  > "Drone_V1.list"
   text	   data	    bss	    dec	    hex	filename
  37348	     92	   3620	  41060	   a064	Drone_V1.elf
Finished building: default.size.stdout
 
Finished building: Drone_V1.list
 
18:56:14 **** Incremental Build of configuration Debug for project Drone_V1 ****
make -j16 all 
arm-none-eabi-size  Drone_V1.elf 
   text	   data	    bss	    dec	    hex	filename
  37348	     92	   3620	  41060	   a064	Drone_V1.elf
Finished building: default.size.stdout
 
18:58:19 **** Incremental Build of configuration Debug for project Drone_V1 ****
make -j16 all 
arm-none-eabi-gcc "../Core/Src/main.c" -mcpu=cortex-m4 -std=gnu11 -g3 -DDEBUG -DUSE_HAL_DRIVER -DSTM32F407xx -c -I../Core/Inc -I../Drivers/STM32F4xx_HAL_Driver/Inc -I../Drivers/STM32F4xx_HAL_Driver/Inc/Legacy -I../Drivers/CMSIS/Device/ST/STM32F4xx/Include -I../Drivers/CMSIS/Include -O0 -ffunction-sections -fdata-sections -Wall -fstack-usage -fcyclomatic-complexity -MMD -MP -MF"Core/Src/main.d" -MT"Core/Src/main.o" --specs=nano.specs -mfpu=fpv4-sp-d16 -mfloat-abi=hard -mthumb -o "Core/Src/main.o"
arm-none-eabi-gcc -o "Drone_V1.elf" @"objects.list"   -mcpu=cortex-m4 -T"D:\Mechatronics\Repositories\Project_Drone\firmware\firmware\drone\Drone_V1\STM32F407VETX_FLASH.ld" --specs=nosys.specs -Wl,-Map="Drone_V1.map" -Wl,--gc-sections -static --specs=nano.specs -mfpu=fpv4-sp-d16 -mfloat-abi=hard -mthumb -Wl,--start-group -lc -lm -Wl,--end-group
Finished building target: Drone_V1.elf
 
arm-none-eabi-size  Drone_V1.elf 
arm-none-eabi-objdump -h -S Drone_V1.elf  > "Drone_V1.list"
   text	   data	    bss	    dec	    hex	filename
  37348	     92	   3620	  41060	   a064	Drone_V1.elf
Finished building: default.size.stdout
 
Finished building: Drone_V1.list
 
18:58:22 **** Incremental Build of configuration Debug for project Drone_V1 ****
make -j16 all 
arm-none-eabi-size  Drone_V1.elf 
   text	   data	    bss	    dec	    hex	filename
  37348	     92	   3620	  41060	   a064	Drone_V1.elf
Finished building: default.size.stdout
 
18:59:15 **** Incremental Build of configuration Debug for project Drone_V1 ****
make -j16 all 
arm-none-eabi-gcc "../Core/Src/main.c" -mcpu=cortex-m4 -std=gnu11 -g3 -DDEBUG -DUSE_HAL_DRIVER -DSTM32F407xx -c -I../Core/Inc -I../Drivers/STM32F4xx_HAL_Driver/Inc -I../Drivers/STM32F4xx_HAL_Driver/Inc/Legacy -I../Drivers/CMSIS/Device/ST/STM32F4xx/Include -I../Drivers/CMSIS/Include -O0 -ffunction-sections -fdata-sections -Wall -fstack-usage -fcyclomatic-complexity -MMD -MP -MF"Core/Src/main.d" -MT"Core/Src/main.o" --specs=nano.specs -mfpu=fpv4-sp-d16 -mfloat-abi=hard -mthumb -o "Core/Src/main.o"
arm-none-eabi-gcc -o "Drone_V1.elf" @"objects.list"   -mcpu=cortex-m4 -T"D:\Mechatronics\Repositories\Project_Drone\firmware\firmware\drone\Drone_V1\STM32F407VETX_FLASH.ld" --specs=nosys.specs -Wl,-Map="Drone_V1.map" -Wl,--gc-sections -static --specs=nano.specs -mfpu=fpv4-sp-d16 -mfloat-abi=hard -mthumb -Wl,--start-group -lc -lm -Wl,--end-group
Finished building target: Drone_V1.elf
 
arm-none-eabi-size  Drone_V1.elf 
arm-none-eabi-objdump -h -S Drone_V1.elf  > "Drone_V1.list"
   text	   data	    bss	    dec	    hex	filename
  37348	     92	   3620	  41060	   a064	Drone_V1.elf
Finished building: default.size.stdout
 
Finished building: Drone_V1.list
 
18:59:24 **** Incremental Build of configuration Debug for project Drone_V1 ****
make -j16 all 
arm-none-eabi-size  Drone_V1.elf 
   text	   data	    bss	    dec	    hex	filename
  37348	     92	   3620	  41060	   a064	Drone_V1.elf
Finished building: default.size.stdout
 
19:06:38 **** Incremental Build of configuration Debug for project Drone_V1 ****
make -j16 all 
arm-none-eabi-gcc "../Core/Src/main.c" -mcpu=cortex-m4 -std=gnu11 -g3 -DDEBUG -DUSE_HAL_DRIVER -DSTM32F407xx -c -I../Core/Inc -I../Drivers/STM32F4xx_HAL_Driver/Inc -I../Drivers/STM32F4xx_HAL_Driver/Inc/Legacy -I../Drivers/CMSIS/Device/ST/STM32F4xx/Include -I../Drivers/CMSIS/Include -O0 -ffunction-sections -fdata-sections -Wall -fstack-usage -fcyclomatic-complexity -MMD -MP -MF"Core/Src/main.d" -MT"Core/Src/main.o" --specs=nano.specs -mfpu=fpv4-sp-d16 -mfloat-abi=hard -mthumb -o "Core/Src/main.o"
arm-none-eabi-gcc -o "Drone_V1.elf" @"objects.list"   -mcpu=cortex-m4 -T"D:\Mechatronics\Repositories\Project_Drone\firmware\firmware\drone\Drone_V1\STM32F407VETX_FLASH.ld" --specs=nosys.specs -Wl,-Map="Drone_V1.map" -Wl,--gc-sections -static --specs=nano.specs -mfpu=fpv4-sp-d16 -mfloat-abi=hard -mthumb -Wl,--start-group -lc -lm -Wl,--end-group
Finished building target: Drone_V1.elf
 
arm-none-eabi-size  Drone_V1.elf 
arm-none-eabi-objdump -h -S Drone_V1.elf  > "Drone_V1.list"
   text	   data	    bss	    dec	    hex	filename
  37348	     92	   3620	  41060	   a064	Drone_V1.elf
Finished building: default.size.stdout
 
Finished building: Drone_V1.list
 
19:10:50 **** Incremental Build of configuration Debug for project Drone_V1 ****
make -j16 all 
arm-none-eabi-gcc "../Core/Src/main.c" -mcpu=cortex-m4 -std=gnu11 -g3 -DDEBUG -DUSE_HAL_DRIVER -DSTM32F407xx -c -I../Core/Inc -I../Drivers/STM32F4xx_HAL_Driver/Inc -I../Drivers/STM32F4xx_HAL_Driver/Inc/Legacy -I../Drivers/CMSIS/Device/ST/STM32F4xx/Include -I../Drivers/CMSIS/Include -O0 -ffunction-sections -fdata-sections -Wall -fstack-usage -fcyclomatic-complexity -MMD -MP -MF"Core/Src/main.d" -MT"Core/Src/main.o" --specs=nano.specs -mfpu=fpv4-sp-d16 -mfloat-abi=hard -mthumb -o "Core/Src/main.o"
arm-none-eabi-gcc -o "Drone_V1.elf" @"objects.list"   -mcpu=cortex-m4 -T"D:\Mechatronics\Repositories\Project_Drone\firmware\firmware\drone\Drone_V1\STM32F407VETX_FLASH.ld" --specs=nosys.specs -Wl,-Map="Drone_V1.map" -Wl,--gc-sections -static --specs=nano.specs -mfpu=fpv4-sp-d16 -mfloat-abi=hard -mthumb -Wl,--start-group -lc -lm -Wl,--end-group
Finished building target: Drone_V1.elf
 
arm-none-eabi-size  Drone_V1.elf 
arm-none-eabi-objdump -h -S Drone_V1.elf  > "Drone_V1.list"
   text	   data	    bss	    dec	    hex	filename
  37352	     92	   3620	  41064	   a068	Drone_V1.elf
Finished building: default.size.stdout
 
Finished building: Drone_V1.list
 
19:11:01 **** Incremental Build of configuration Debug for project Drone_V1 ****
make -j16 all 
arm-none-eabi-size  Drone_V1.elf 
   text	   data	    bss	    dec	    hex	filename
  37352	     92	   3620	  41064	   a068	Drone_V1.elf
Finished building: default.size.stdout
 
19:12:58 **** Incremental Build of configuration Debug for project Drone_V1 ****
make -j16 all 
arm-none-eabi-gcc "../Core/Src/main.c" -mcpu=cortex-m4 -std=gnu11 -g3 -DDEBUG -DUSE_HAL_DRIVER -DSTM32F407xx -c -I../Core/Inc -I../Drivers/STM32F4xx_HAL_Driver/Inc -I../Drivers/STM32F4xx_HAL_Driver/Inc/Legacy -I../Drivers/CMSIS/Device/ST/STM32F4xx/Include -I../Drivers/CMSIS/Include -O0 -ffunction-sections -fdata-sections -Wall -fstack-usage -fcyclomatic-complexity -MMD -MP -MF"Core/Src/main.d" -MT"Core/Src/main.o" --specs=nano.specs -mfpu=fpv4-sp-d16 -mfloat-abi=hard -mthumb -o "Core/Src/main.o"
arm-none-eabi-gcc -o "Drone_V1.elf" @"objects.list"   -mcpu=cortex-m4 -T"D:\Mechatronics\Repositories\Project_Drone\firmware\firmware\drone\Drone_V1\STM32F407VETX_FLASH.ld" --specs=nosys.specs -Wl,-Map="Drone_V1.map" -Wl,--gc-sections -static --specs=nano.specs -mfpu=fpv4-sp-d16 -mfloat-abi=hard -mthumb -Wl,--start-group -lc -lm -Wl,--end-group
Finished building target: Drone_V1.elf
 
arm-none-eabi-size  Drone_V1.elf 
arm-none-eabi-objdump -h -S Drone_V1.elf  > "Drone_V1.list"
   text	   data	    bss	    dec	    hex	filename
  37352	     92	   3620	  41064	   a068	Drone_V1.elf
Finished building: default.size.stdout
 
Finished building: Drone_V1.list
 
19:15:14 **** Incremental Build of configuration Debug for project Drone_V1 ****
make -j16 all 
arm-none-eabi-size  Drone_V1.elf 
   text	   data	    bss	    dec	    hex	filename
  37352	     92	   3620	  41064	   a068	Drone_V1.elf
Finished building: default.size.stdout
 
19:18:28 **** Incremental Build of configuration Debug for project Drone_V1 ****
make -j16 all 
arm-none-eabi-gcc "../Core/Src/main.c" -mcpu=cortex-m4 -std=gnu11 -g3 -DDEBUG -DUSE_HAL_DRIVER -DSTM32F407xx -c -I../Core/Inc -I../Drivers/STM32F4xx_HAL_Driver/Inc -I../Drivers/STM32F4xx_HAL_Driver/Inc/Legacy -I../Drivers/CMSIS/Device/ST/STM32F4xx/Include -I../Drivers/CMSIS/Include -O0 -ffunction-sections -fdata-sections -Wall -fstack-usage -fcyclomatic-complexity -MMD -MP -MF"Core/Src/main.d" -MT"Core/Src/main.o" --specs=nano.specs -mfpu=fpv4-sp-d16 -mfloat-abi=hard -mthumb -o "Core/Src/main.o"
../Core/Src/main.c: In function 'main':
../Core/Src/main.c:183:1: warning: statement with no effect [-Wunused-value]
  183 | 1.2  HAL_Init();
      | ^~~
../Core/Src/main.c:183:4: error: expected ';' before 'HAL_Init'
  183 | 1.2  HAL_Init();
      |    ^ ~~~~~~~~
      |    ;
make: *** [Core/Src/subdir.mk:46: Core/Src/main.o] Error 1
"make -j16 all" terminated with exit code 2. Build might be incomplete.
19:19:12 **** Incremental Build of configuration Debug for project Drone_V1 ****
make -j16 all 
arm-none-eabi-gcc "../Core/Src/main.c" -mcpu=cortex-m4 -std=gnu11 -g3 -DDEBUG -DUSE_HAL_DRIVER -DSTM32F407xx -c -I../Core/Inc -I../Drivers/STM32F4xx_HAL_Driver/Inc -I../Drivers/STM32F4xx_HAL_Driver/Inc/Legacy -I../Drivers/CMSIS/Device/ST/STM32F4xx/Include -I../Drivers/CMSIS/Include -O0 -ffunction-sections -fdata-sections -Wall -fstack-usage -fcyclomatic-complexity -MMD -MP -MF"Core/Src/main.d" -MT"Core/Src/main.o" --specs=nano.specs -mfpu=fpv4-sp-d16 -mfloat-abi=hard -mthumb -o "Core/Src/main.o"
../Core/Src/main.c: In function 'main':
../Core/Src/main.c:183:1: warning: statement with no effect [-Wunused-value]
  183 | 1.2  HAL_Init();
      | ^~~
../Core/Src/main.c:183:4: error: expected ';' before 'HAL_Init'
  183 | 1.2  HAL_Init();
      |    ^ ~~~~~~~~
      |    ;
make: *** [Core/Src/subdir.mk:46: Core/Src/main.o] Error 1
"make -j16 all" terminated with exit code 2. Build might be incomplete.
19:19:18 **** Incremental Build of configuration Debug for project Drone_V1 ****
make -j16 all 
arm-none-eabi-gcc "../Core/Src/main.c" -mcpu=cortex-m4 -std=gnu11 -g3 -DDEBUG -DUSE_HAL_DRIVER -DSTM32F407xx -c -I../Core/Inc -I../Drivers/STM32F4xx_HAL_Driver/Inc -I../Drivers/STM32F4xx_HAL_Driver/Inc/Legacy -I../Drivers/CMSIS/Device/ST/STM32F4xx/Include -I../Drivers/CMSIS/Include -O0 -ffunction-sections -fdata-sections -Wall -fstack-usage -fcyclomatic-complexity -MMD -MP -MF"Core/Src/main.d" -MT"Core/Src/main.o" --specs=nano.specs -mfpu=fpv4-sp-d16 -mfloat-abi=hard -mthumb -o "Core/Src/main.o"
arm-none-eabi-gcc -o "Drone_V1.elf" @"objects.list"   -mcpu=cortex-m4 -T"D:\Mechatronics\Repositories\Project_Drone\firmware\firmware\drone\Drone_V1\STM32F407VETX_FLASH.ld" --specs=nosys.specs -Wl,-Map="Drone_V1.map" -Wl,--gc-sections -static --specs=nano.specs -mfpu=fpv4-sp-d16 -mfloat-abi=hard -mthumb -Wl,--start-group -lc -lm -Wl,--end-group
Finished building target: Drone_V1.elf
 
arm-none-eabi-size  Drone_V1.elf 
arm-none-eabi-objdump -h -S Drone_V1.elf  > "Drone_V1.list"
   text	   data	    bss	    dec	    hex	filename
  37348	     92	   3620	  41060	   a064	Drone_V1.elf
[...]
   text	   data	    bss	    dec	    hex	filename
  37580	     92	   3628	  41300	   a154	Drone_V1.elf
Finished building: default.size.stdout
 
Finished building: Drone_V1.list
 
22:45:18 **** Incremental Build of configuration Debug for project Drone_V1 ****
make -j16 all 
arm-none-eabi-gcc "../Core/Src/PID.c" -mcpu=cortex-m4 -std=gnu11 -g3 -DDEBUG -DUSE_HAL_DRIVER -DSTM32F407xx -c -I../Core/Inc -I../Drivers/STM32F4xx_HAL_Driver/Inc -I../Drivers/STM32F4xx_HAL_Driver/Inc/Legacy -I../Drivers/CMSIS/Device/ST/STM32F4xx/Include -I../Drivers/CMSIS/Include -O0 -ffunction-sections -fdata-sections -Wall -fstack-usage -fcyclomatic-complexity -MMD -MP -MF"Core/Src/PID.d" -MT"Core/Src/PID.o" --specs=nano.specs -mfpu=fpv4-sp-d16 -mfloat-abi=hard -mthumb -o "Core/Src/PID.o"
arm-none-eabi-gcc -o "Drone_V1.elf" @"objects.list"   -mcpu=cortex-m4 -T"D:\Mechatronics\Repositories\Project_Drone\firmware\firmware\drone\Drone_V1\STM32F407VETX_FLASH.ld" --specs=nosys.specs -Wl,-Map="Drone_V1.map" -Wl,--gc-sections -static --specs=nano.specs -mfpu=fpv4-sp-d16 -mfloat-abi=hard -mthumb -Wl,--start-group -lc -lm -Wl,--end-group
Finished building target: Drone_V1.elf
 
arm-none-eabi-size  Drone_V1.elf 
arm-none-eabi-objdump -h -S Drone_V1.elf  > "Drone_V1.list"
   text	   data	    bss	    dec	    hex	filename
  37584	     92	   3628	  41304	   a158	Drone_V1.elf
Finished building: default.size.stdout
 
Finished building: Drone_V1.list
 
22:45:27 **** Incremental Build of configuration Debug for project Drone_V1 ****
make -j16 all 
arm-none-eabi-size  Drone_V1.elf 
   text	   data	    bss	    dec	    hex	filename
  37584	     92	   3628	  41304	   a158	Drone_V1.elf
Finished building: default.size.stdout
 
22:53:36 **** Incremental Build of configuration Debug for project Drone_V1 ****
make -j16 all 
arm-none-eabi-gcc "../Core/Src/PID.c" -mcpu=cortex-m4 -std=gnu11 -g3 -DDEBUG -DUSE_HAL_DRIVER -DSTM32F407xx -c -I../Core/Inc -I../Drivers/STM32F4xx_HAL_Driver/Inc -I../Drivers/STM32F4xx_HAL_Driver/Inc/Legacy -I../Drivers/CMSIS/Device/ST/STM32F4xx/Include -I../Drivers/CMSIS/Include -O0 -ffunction-sections -fdata-sections -Wall -fstack-usage -fcyclomatic-complexity -MMD -MP -MF"Core/Src/PID.d" -MT"Core/Src/PID.o" --specs=nano.specs -mfpu=fpv4-sp-d16 -mfloat-abi=hard -mthumb -o "Core/Src/PID.o"
arm-none-eabi-gcc -o "Drone_V1.elf" @"objects.list"   -mcpu=cortex-m4 -T"D:\Mechatronics\Repositories\Project_Drone\firmware\firmware\drone\Drone_V1\STM32F407VETX_FLASH.ld" --specs=nosys.specs -Wl,-Map="Drone_V1.map" -Wl,--gc-sections -static --specs=nano.specs -mfpu=fpv4-sp-d16 -mfloat-abi=hard -mthumb -Wl,--start-group -lc -lm -Wl,--end-group
Finished building target: Drone_V1.elf
 
arm-none-eabi-size  Drone_V1.elf 
arm-none-eabi-objdump -h -S Drone_V1.elf  > "Drone_V1.list"
   text	   data	    bss	    dec	    hex	filename
  37584	     92	   3628	  41304	   a158	Drone_V1.elf
Finished building: default.size.stdout
 
Finished building: Drone_V1.list
 
22:53:41 **** Incremental Build of configuration Debug for project Drone_V1 ****
make -j16 all 
arm-none-eabi-size  Drone_V1.elf 
   text	   data	    bss	    dec	    hex	filename
  37584	     92	   3628	  41304	   a158	Drone_V1.elf
Finished building: default.size.stdout
 
22:59:32 **** Incremental Build of configuration Debug for project Drone_V1 ****
make -j16 all 
arm-none-eabi-gcc "../Core/Src/main.c" -mcpu=cortex-m4 -std=gnu11 -g3 -DDEBUG -DUSE_HAL_DRIVER -DSTM32F407xx -c -I../Core/Inc -I../Drivers/STM32F4xx_HAL_Driver/Inc -I../Drivers/STM32F4xx_HAL_Driver/Inc/Legacy -I../Drivers/CMSIS/Device/ST/STM32F4xx/Include -I../Drivers/CMSIS/Include -O0 -ffunction-sections -fdata-sections -Wall -fstack-usage -fcyclomatic-complexity -MMD -MP -MF"Core/Src/main.d" -MT"Core/Src/main.o" --specs=nano.specs -mfpu=fpv4-sp-d16 -mfloat-abi=hard -mthumb -o "Core/Src/main.o"
arm-none-eabi-gcc -o "Drone_V1.elf" @"objects.list"   -mcpu=cortex-m4 -T"D:\Mechatronics\Repositories\Project_Drone\firmware\firmware\drone\Drone_V1\STM32F407VETX_FLASH.ld" --specs=nosys.specs -Wl,-Map="Drone_V1.map" -Wl,--gc-sections -static --specs=nano.specs -mfpu=fpv4-sp-d16 -mfloat-abi=hard -mthumb -Wl,--start-group -lc -lm -Wl,--end-group
Finished building target: Drone_V1.elf
 
arm-none-eabi-size  Drone_V1.elf 
arm-none-eabi-objdump -h -S Drone_V1.elf  > "Drone_V1.list"
   text	   data	    bss	    dec	    hex	filename
  37584	     92	   3628	  41304	   a158	Drone_V1.elf
Finished building: default.size.stdout
 
Finished building: Drone_V1.list
 
23:02:16 **** Incremental Build of configuration Debug for project Drone_V1 ****
make -j16 all 
arm-none-eabi-gcc "../Core/Src/PID.c" -mcpu=cortex-m4 -std=gnu11 -g3 -DDEBUG -DUSE_HAL_DRIVER -DSTM32F407xx -c -I../Core/Inc -I../Drivers/STM32F4xx_HAL_Driver/Inc -I../Drivers/STM32F4xx_HAL_Driver/Inc/Legacy -I../Drivers/CMSIS/Device/ST/STM32F4xx/Include -I../Drivers/CMSIS/Include -O0 -ffunction-sections -fdata-sections -Wall -fstack-usage -fcyclomatic-complexity -MMD -MP -MF"Core/Src/PID.d" -MT"Core/Src/PID.o" --specs=nano.specs -mfpu=fpv4-sp-d16 -mfloat-abi=hard -mthumb -o "Core/Src/PID.o"
arm-none-eabi-gcc -o "Drone_V1.elf" @"objects.list"   -mcpu=cortex-m4 -T"D:\Mechatronics\Repositories\Project_Drone\firmware\firmware\drone\Drone_V1\STM32F407VETX_FLASH.ld" --specs=nosys.specs -Wl,-Map="Drone_V1.map" -Wl,--gc-sections -static --specs=nano.specs -mfpu=fpv4-sp-d16 -mfloat-abi=hard -mthumb -Wl,--start-group -lc -lm -Wl,--end-group
Finished building target: Drone_V1.elf
 
arm-none-eabi-size  Drone_V1.elf 
arm-none-eabi-objdump -h -S Drone_V1.elf  > "Drone_V1.list"
   text	   data	    bss	    dec	    hex	filename
  37596	     92	   3628	  41316	   a164	Drone_V1.elf
Finished building: default.size.stdout
 
Finished building: Drone_V1.list
 
23:02:19 **** Incremental Build of configuration Debug for project Drone_V1 ****
make -j16 all 
arm-none-eabi-size  Drone_V1.elf 
   text	   data	    bss	    dec	    hex	filename
  37596	     92	   3628	  41316	   a164	Drone_V1.elf
Finished building: default.size.stdout
 
23:06:44 **** Incremental Build of configuration Debug for project Drone_V1 ****
make -j16 all 
arm-none-eabi-gcc "../Core/Src/PID.c" -mcpu=cortex-m4 -std=gnu11 -g3 -DDEBUG -DUSE_HAL_DRIVER -DSTM32F407xx -c -I../Core/Inc -I../Drivers/STM32F4xx_HAL_Driver/Inc -I../Drivers/STM32F4xx_HAL_Driver/Inc/Legacy -I../Drivers/CMSIS/Device/ST/STM32F4xx/Include -I../Drivers/CMSIS/Include -O0 -ffunction-sections -fdata-sections -Wall -fstack-usage -fcyclomatic-complexity -MMD -MP -MF"Core/Src/PID.d" -MT"Core/Src/PID.o" --specs=nano.specs -mfpu=fpv4-sp-d16 -mfloat-abi=hard -mthumb -o "Core/Src/PID.o"
arm-none-eabi-gcc -o "Drone_V1.elf" @"objects.list"   -mcpu=cortex-m4 -T"D:\Mechatronics\Repositories\Project_Drone\firmware\firmware\drone\Drone_V1\STM32F407VETX_FLASH.ld" --specs=nosys.specs -Wl,-Map="Drone_V1.map" -Wl,--gc-sections -static --specs=nano.specs -mfpu=fpv4-sp-d16 -mfloat-abi=hard -mthumb -Wl,--start-group -lc -lm -Wl,--end-group
Finished building target: Drone_V1.elf
 
arm-none-eabi-size  Drone_V1.elf 
arm-none-eabi-objdump -h -S Drone_V1.elf  > "Drone_V1.list"
   text	   data	    bss	    dec	    hex	filename
  37592	     92	   3628	  41312	   a160	Drone_V1.elf
Finished building: default.size.stdout
 
Finished building: Drone_V1.list
 
23:06:47 **** Incremental Build of configuration Debug for project Drone_V1 ****
make -j16 all 
arm-none-eabi-size  Drone_V1.elf 
   text	   data	    bss	    dec	    hex	filename
  37592	     92	   3628	  41312	   a160	Drone_V1.elf
Finished building: default.size.stdout
 
23:09:02 **** Incremental Build of configuration Debug for project Drone_V1 ****
make -j16 all 
arm-none-eabi-gcc "../Core/Src/main.c" -mcpu=cortex-m4 -std=gnu11 -g3 -DDEBUG -DUSE_HAL_DRIVER -DSTM32F407xx -c -I../Core/Inc -I../Drivers/STM32F4xx_HAL_Driver/Inc -I../Drivers/STM32F4xx_HAL_Driver/Inc/Legacy -I../Drivers/CMSIS/Device/ST/STM32F4xx/Include -I../Drivers/CMSIS/Include -O0 -ffunction-sections -fdata-sections -Wall -fstack-usage -fcyclomatic-complexity -MMD -MP -MF"Core/Src/main.d" -MT"Core/Src/main.o" --specs=nano.specs -mfpu=fpv4-sp-d16 -mfloat-abi=hard -mthumb -o "Core/Src/main.o"
arm-none-eabi-gcc -o "Drone_V1.elf" @"objects.list"   -mcpu=cortex-m4 -T"D:\Mechatronics\Repositories\Project_Drone\firmware\firmware\drone\Drone_V1\STM32F407VETX_FLASH.ld" --specs=nosys.specs -Wl,-Map="Drone_V1.map" -Wl,--gc-sections -static --specs=nano.specs -mfpu=fpv4-sp-d16 -mfloat-abi=hard -mthumb -Wl,--start-group -lc -lm -Wl,--end-group
Finished building target: Drone_V1.elf
 
arm-none-eabi-size  Drone_V1.elf 
arm-none-eabi-objdump -h -S Drone_V1.elf  > "Drone_V1.list"
   text	   data	    bss	    dec	    hex	filename
  37592	     92	   3628	  41312	   a160	Drone_V1.elf
Finished building: default.size.stdout
 
Finished building: Drone_V1.list
 
23:09:05 **** Incremental Build of configuration Debug for project Drone_V1 ****
make -j16 all 
arm-none-eabi-size  Drone_V1.elf 
   text	   data	    bss	    dec	    hex	filename
  37592	     92	   3628	  41312	   a160	Drone_V1.elf
Finished building: default.size.stdout
 
23:09:34 **** Incremental Build of configuration Debug for project Drone_V1 ****
make -j16 all 
arm-none-eabi-size  Drone_V1.elf 
   text	   data	    bss	    dec	    hex	filename
  37592	     92	   3628	  41312	   a160	Drone_V1.elf
Finished building: default.size.stdout
 
23:11:27 **** Incremental Build of configuration Debug for project Drone_V1 ****
make -j16 all 
arm-none-eabi-gcc "../Core/Src/PID.c" -mcpu=cortex-m4 -std=gnu11 -g3 -DDEBUG -DUSE_HAL_DRIVER -DSTM32F407xx -c -I../Core/Inc -I../Drivers/STM32F4xx_HAL_Driver/Inc -I../Drivers/STM32F4xx_HAL_Driver/Inc/Legacy -I../Drivers/CMSIS/Device/ST/STM32F4xx/Include -I../Drivers/CMSIS/Include -O0 -ffunction-sections -fdata-sections -Wall -fstack-usage -fcyclomatic-complexity -MMD -MP -MF"Core/Src/PID.d" -MT"Core/Src/PID.o" --specs=nano.specs -mfpu=fpv4-sp-d16 -mfloat-abi=hard -mthumb -o "Core/Src/PID.o"
arm-none-eabi-gcc "../Core/Src/main.c" -mcpu=cortex-m4 -std=gnu11 -g3 -DDEBUG -DUSE_HAL_DRIVER -DSTM32F407xx -c -I../Core/Inc -I../Drivers/STM32F4xx_HAL_Driver/Inc -I../Drivers/STM32F4xx_HAL_Driver/Inc/Legacy -I../Drivers/CMSIS/Device/ST/STM32F4xx/Include -I../Drivers/CMSIS/Include -O0 -ffunction-sections -fdata-sections -Wall -fstack-usage -fcyclomatic-complexity -MMD -MP -MF"Core/Src/main.d" -MT"Core/Src/main.o" --specs=nano.specs -mfpu=fpv4-sp-d16 -mfloat-abi=hard -mthumb -o "Core/Src/main.o"
arm-none-eabi-gcc -o "Drone_V1.elf" @"objects.list"   -mcpu=cortex-m4 -T"D:\Mechatronics\Repositories\Project_Drone\firmware\firmware\drone\Drone_V1\STM32F407VETX_FLASH.ld" --specs=nosys.specs -Wl,-Map="Drone_V1.map" -Wl,--gc-sections -static --specs=nano.specs -mfpu=fpv4-sp-d16 -mfloat-abi=hard -mthumb -Wl,--start-group -lc -lm -Wl,--end-group
Finished building target: Drone_V1.elf
 
arm-none-eabi-size  Drone_V1.elf 
arm-none-eabi-objdump -h -S Drone_V1.elf  > "Drone_V1.list"
   text	   data	    bss	    dec	    hex	filename
  37588	     92	   3628	  41308	   a15c	Drone_V1.elf
Finished building: default.size.stdout
 
Finished building: Drone_V1.list
 
23:11:31 **** Incremental Build of configuration Debug for project Drone_V1 ****
make -j16 all 
arm-none-eabi-size  Drone_V1.elf 
   text	   data	    bss	    dec	    hex	filename
  37588	     92	   3628	  41308	   a15c	Drone_V1.elf
Finished building: default.size.stdout
 
23:16:51 **** Incremental Build of configuration Debug for project Drone_V1 ****
make -j16 all 
arm-none-eabi-gcc "../Core/Src/PID.c" -mcpu=cortex-m4 -std=gnu11 -g3 -DDEBUG -DUSE_HAL_DRIVER -DSTM32F407xx -c -I../Core/Inc -I../Drivers/STM32F4xx_HAL_Driver/Inc -I../Drivers/STM32F4xx_HAL_Driver/Inc/Legacy -I../Drivers/CMSIS/Device/ST/STM32F4xx/Include -I../Drivers/CMSIS/Include -O0 -ffunction-sections -fdata-sections -Wall -fstack-usage -fcyclomatic-complexity -MMD -MP -MF"Core/Src/PID.d" -MT"Core/Src/PID.o" --specs=nano.specs -mfpu=fpv4-sp-d16 -mfloat-abi=hard -mthumb -o "Core/Src/PID.o"
../Core/Src/PID.c: In function 'PID_Compute':
../Core/Src/PID.c:83:32: error: called object is not a function or function pointer
   83 |         pid->differentiation = 10.0f(numerator / denominator);
      |                                ^~~~~
make: *** [Core/Src/subdir.mk:46: Core/Src/PID.o] Error 1
"make -j16 all" terminated with exit code 2. Build might be incomplete.
23:16:57 **** Incremental Build of configuration Debug for project Drone_V1 ****
make -j16 all 
arm-none-eabi-gcc "../Core/Src/PID.c" -mcpu=cortex-m4 -std=gnu11 -g3 -DDEBUG -DUSE_HAL_DRIVER -DSTM32F407xx -c -I../Core/Inc -I../Drivers/STM32F4xx_HAL_Driver/Inc -I../Drivers/STM32F4xx_HAL_Driver/Inc/Legacy -I../Drivers/CMSIS/Device/ST/STM32F4xx/Include -I../Drivers/CMSIS/Include -O0 -ffunction-sections -fdata-sections -Wall -fstack-usage -fcyclomatic-complexity -MMD -MP -MF"Core/Src/PID.d" -MT"Core/Src/PID.o" --specs=nano.specs -mfpu=fpv4-sp-d16 -mfloat-abi=hard -mthumb -o "Core/Src/PID.o"
arm-none-eabi-gcc -o "Drone_V1.elf" @"objects.list"   -mcpu=cortex-m4 -T"D:\Mechatronics\Repositories\Project_Drone\firmware\firmware\drone\Drone_V1\STM32F407VETX_FLASH.ld" --specs=nosys.specs -Wl,-Map="Drone_V1.map" -Wl,--gc-sections -static --specs=nano.specs -mfpu=fpv4-sp-d16 -mfloat-abi=hard -mthumb -Wl,--start-group -lc -lm -Wl,--end-group
Finished building target: Drone_V1.elf
 
arm-none-eabi-size  Drone_V1.elf 
arm-none-eabi-objdump -h -S Drone_V1.elf  > "Drone_V1.list"
   text	   data	    bss	    dec	    hex	filename
  37588	     92	   3628	  41308	   a15c	Drone_V1.elf
Finished building: default.size.stdout
 
Finished building: Drone_V1.list
 
23:17:00 **** Incremental Build of configuration Debug for project Drone_V1 ****
make -j16 all 
arm-none-eabi-size  Drone_V1.elf 
   text	   data	    bss	    dec	    hex	filename
  37588	     92	   3628	  41308	   a15c	Drone_V1.elf
Finished building: default.size.stdout
 
23:19:00 **** Incremental Build of configuration Debug for project Drone_V1 ****
make -j16 all 
arm-none-eabi-gcc "../Core/Src/PID.c" -mcpu=cortex-m4 -std=gnu11 -g3 -DDEBUG -DUSE_HAL_DRIVER -DSTM32F407xx -c -I../Core/Inc -I../Drivers/STM32F4xx_HAL_Driver/Inc -I../Drivers/STM32F4xx_HAL_Driver/Inc/Legacy -I../Drivers/CMSIS/Device/ST/STM32F4xx/Include -I../Drivers/CMSIS/Include -O0 -ffunction-sections -fdata-sections -Wall -fstack-usage -fcyclomatic-complexity -MMD -MP -MF"Core/Src/PID.d" -MT"Core/Src/PID.o" --specs=nano.specs -mfpu=fpv4-sp-d16 -mfloat-abi=hard -mthumb -o "Core/Src/PID.o"
arm-none-eabi-gcc -o "Drone_V1.elf" @"objects.list"   -mcpu=cortex-m4 -T"D:\Mechatronics\Repositories\Project_Drone\firmware\firmware\drone\Drone_V1\STM32F407VETX_FLASH.ld" --specs=nosys.specs -Wl,-Map="Drone_V1.map" -Wl,--gc-sections -static --specs=nano.specs -mfpu=fpv4-sp-d16 -mfloat-abi=hard -mthumb -Wl,--start-group -lc -lm -Wl,--end-group
Finished building target: Drone_V1.elf
 
arm-none-eabi-size  Drone_V1.elf 
arm-none-eabi-objdump -h -S Drone_V1.elf  > "Drone_V1.list"
   text	   data	    bss	    dec	    hex	filename
  37580	     92	   3628	  41300	   a154	Drone_V1.elf
Finished building: default.size.stdout
 
Finished building: Drone_V1.list
 
23:19:11 **** Incremental Build of configuration Debug for project Drone_V1 ****
make -j16 all 
arm-none-eabi-size  Drone_V1.elf 
   text	   data	    bss	    dec	    hex	filename
  37580	     92	   3628	  41300	   a154	Drone_V1.elf
Finished building: default.size.stdout
 
23:22:35 **** Incremental Build of configuration Debug for project Drone_V1 ****
make -j16 all 
arm-none-eabi-gcc "../Core/Src/main.c" -mcpu=cortex-m4 -std=gnu11 -g3 -DDEBUG -DUSE_HAL_DRIVER -DSTM32F407xx -c -I../Core/Inc -I../Drivers/STM32F4xx_HAL_Driver/Inc -I../Drivers/STM32F4xx_HAL_Driver/Inc/Legacy -I../Drivers/CMSIS/Device/ST/STM32F4xx/Include -I../Drivers/CMSIS/Include -O0 -ffunction-sections -fdata-sections -Wall -fstack-usage -fcyclomatic-complexity -MMD -MP -MF"Core/Src/main.d" -MT"Core/Src/main.o" --specs=nano.specs -mfpu=fpv4-sp-d16 -mfloat-abi=hard -mthumb -o "Core/Src/main.o"
arm-none-eabi-gcc -o "Drone_V1.elf" @"objects.list"   -mcpu=cortex-m4 -T"D:\Mechatronics\Repositories\Project_Drone\firmware\firmware\drone\Drone_V1\STM32F407VETX_FLASH.ld" --specs=nosys.specs -Wl,-Map="Drone_V1.map" -Wl,--gc-sections -static --specs=nano.specs -mfpu=fpv4-sp-d16 -mfloat-abi=hard -mthumb -Wl,--start-group -lc -lm -Wl,--end-group
Finished building target: Drone_V1.elf
 
arm-none-eabi-size  Drone_V1.elf 
arm-none-eabi-objdump -h -S Drone_V1.elf  > "Drone_V1.list"
   text	   data	    bss	    dec	    hex	filename
  37580	     92	   3628	  41300	   a154	Drone_V1.elf
Finished building: default.size.stdout
 
Finished building: Drone_V1.list
 
23:22:38 **** Incremental Build of configuration Debug for project Drone_V1 ****
make -j16 all 
arm-none-eabi-size  Drone_V1.elf 
   text	   data	    bss	    dec	    hex	filename
  37580	     92	   3628	  41300	   a154	Drone_V1.elf
Finished building: default.size.stdout
 
23:25:07 **** Incremental Build of configuration Debug for project Drone_V1 ****
make -j16 all 
arm-none-eabi-gcc "../Core/Src/main.c" -mcpu=cortex-m4 -std=gnu11 -g3 -DDEBUG -DUSE_HAL_DRIVER -DSTM32F407xx -c -I../Core/Inc -I../Drivers/STM32F4xx_HAL_Driver/Inc -I../Drivers/STM32F4xx_HAL_Driver/Inc/Legacy -I../Drivers/CMSIS/Device/ST/STM32F4xx/Include -I../Drivers/CMSIS/Include -O0 -ffunction-sections -fdata-sections -Wall -fstack-usage -fcyclomatic-complexity -MMD -MP -MF"Core/Src/main.d" -MT"Core/Src/main.o" --specs=nano.specs -mfpu=fpv4-sp-d16 -mfloat-abi=hard -mthumb -o "Core/Src/main.o"
arm-none-eabi-gcc -o "Drone_V1.elf" @"objects.list"   -mcpu=cortex-m4 -T"D:\Mechatronics\Repositories\Project_Drone\firmware\firmware\drone\Drone_V1\STM32F407VETX_FLASH.ld" --specs=nosys.specs -Wl,-Map="Drone_V1.map" -Wl,--gc-sections -static --specs=nano.specs -mfpu=fpv4-sp-d16 -mfloat-abi=hard -mthumb -Wl,--start-group -lc -lm -Wl,--end-group
Finished building target: Drone_V1.elf
 
arm-none-eabi-size  Drone_V1.elf 
arm-none-eabi-objdump -h -S Drone_V1.elf  > "Drone_V1.list"
   text	   data	    bss	    dec	    hex	filename
  37580	     92	   3628	  41300	   a154	Drone_V1.elf
Finished building: default.size.stdout
 
Finished building: Drone_V1.list
 
23:25:10 **** Incremental Build of configuration Debug for project Drone_V1 ****
make -j16 all 
arm-none-eabi-size  Drone_V1.elf 
   text	   data	    bss	    dec	    hex	filename
  37580	     92	   3628	  41300	   a154	Drone_V1.elf
Finished building: default.size.stdout
 
23:32:55 **** Incremental Build of configuration Debug for project Drone_V1 ****
make -j16 all 
arm-none-eabi-gcc "../Core/Src/main.c" -mcpu=cortex-m4 -std=gnu11 -g3 -DDEBUG -DUSE_HAL_DRIVER -DSTM32F407xx -c -I../Core/Inc -I../Drivers/STM32F4xx_HAL_Driver/Inc -I../Drivers/STM32F4xx_HAL_Driver/Inc/Legacy -I../Drivers/CMSIS/Device/ST/STM32F4xx/Include -I../Drivers/CMSIS/Include -O0 -ffunction-sections -fdata-sections -Wall -fstack-usage -fcyclomatic-complexity -MMD -MP -MF"Core/Src/main.d" -MT"Core/Src/main.o" --specs=nano.specs -mfpu=fpv4-sp-d16 -mfloat-abi=hard -mthumb -o "Core/Src/main.o"
arm-none-eabi-gcc -o "Drone_V1.elf" @"objects.list"   -mcpu=cortex-m4 -T"D:\Mechatronics\Repositories\Project_Drone\firmware\firmware\drone\Drone_V1\STM32F407VETX_FLASH.ld" --specs=nosys.specs -Wl,-Map="Drone_V1.map" -Wl,--gc-sections -static --specs=nano.specs -mfpu=fpv4-sp-d16 -mfloat-abi=hard -mthumb -Wl,--start-group -lc -lm -Wl,--end-group
Finished building target: Drone_V1.elf
 
arm-none-eabi-size  Drone_V1.elf 
arm-none-eabi-objdump -h -S Drone_V1.elf  > "Drone_V1.list"
   text	   data	    bss	    dec	    hex	filename
  37580	     92	   3628	  41300	   a154	Drone_V1.elf
Finished building: default.size.stdout
 
Finished building: Drone_V1.list
 
23:33:04 **** Incremental Build of configuration Debug for project Drone_V1 ****
make -j16 all 
arm-none-eabi-size  Drone_V1.elf 
   text	   data	    bss	    dec	    hex	filename
  37580	     92	   3628	  41300	   a154	Drone_V1.elf
Finished building: default.size.stdout
 
