11:26:49 **** Build of configuration Debug for project wit-liked-imu ****
make -j16 all 
arm-none-eabi-gcc "../Core/Src/WT61.c" -mcpu=cortex-m4 -std=gnu11 -g3 -DDEBUG -DUSE_HAL_DRIVER -DSTM32F407xx -c -I../Core/Inc -I../Drivers/STM32F4xx_HAL_Driver/Inc -I../Drivers/STM32F4xx_HAL_Driver/Inc/Legacy -I../Drivers/CMSIS/Device/ST/STM32F4xx/Include -I../Drivers/CMSIS/Include -O0 -ffunction-sections -fdata-sections -Wall -fstack-usage -fcyclomatic-complexity -MMD -MP -MF"Core/Src/WT61.d" -MT"Core/Src/WT61.o" --specs=nano.specs -mfpu=fpv4-sp-d16 -mfloat-abi=hard -mthumb -o "Core/Src/WT61.o"
arm-none-eabi-gcc "../Core/Src/main.c" -mcpu=cortex-m4 -std=gnu11 -g3 -DDEBUG -DUSE_HAL_DRIVER -DSTM32F407xx -c -I../Core/Inc -I../Drivers/STM32F4xx_HAL_Driver/Inc -I../Drivers/STM32F4xx_HAL_Driver/Inc/Legacy -I../Drivers/CMSIS/Device/ST/STM32F4xx/Include -I../Drivers/CMSIS/Include -O0 -ffunction-sections -fdata-sections -Wall -fstack-usage -fcyclomatic-complexity -MMD -MP -MF"Core/Src/main.d" -MT"Core/Src/main.o" --specs=nano.specs -mfpu=fpv4-sp-d16 -mfloat-abi=hard -mthumb -o "Core/Src/main.o"
../Core/Src/WT61.c:24:22: warning: 'BAUDRATE_9600' defined but not used [-Wunused-const-variable=]
   24 | static const uint8_t BAUDRATE_9600[] = {0xFF, 0xAA, 0x64};
      |                      ^~~~~~~~~~~~~
../Core/Src/WT61.c:23:22: warning: 'BAUDRATE_115200' defined but not used [-Wunused-const-variable=]
   23 | static const uint8_t BAUDRATE_115200[] = {0xFF, 0xAA, 0x63};
      |                      ^~~~~~~~~~~~~~~
arm-none-eabi-gcc -o "wit-liked-imu.elf" @"objects.list"   -mcpu=cortex-m4 -T"D:\Mechatronics\Repositories\Project_Drone\firmware\firmware\wit-liked-imu\STM32F407VETX_FLASH.ld" --specs=nosys.specs -Wl,-Map="wit-liked-imu.map" -Wl,--gc-sections -static --specs=nano.specs -mfpu=fpv4-sp-d16 -mfloat-abi=hard -mthumb -Wl,--start-group -lc -lm -Wl,--end-group
Finished building target: wit-liked-imu.elf
 
arm-none-eabi-size  wit-liked-imu.elf 
arm-none-eabi-objdump -h -S wit-liked-imu.elf  > "wit-liked-imu.list"
   text	   data	    bss	    dec	    hex	filename
  13616	     12	   1840	  15468	   3c6c	wit-liked-imu.elf
Finished building: default.size.stdout
 
Finished building: wit-liked-imu.list
 

11:26:52 Build Finished. 0 errors, 2 warnings. (took 2s.522ms)

