Archive member included to satisfy reference by file (symbol)

D:/Mechatronics/STM32CubeIDE/STM32CubeIDE_1.18.0/STM32CubeIDE/plugins/com.st.stm32cube.ide.mcu.externaltools.gnu-tools-for-stm32.13.3.rel1.win32_1.0.0.202411081344/tools/bin/../lib/gcc/arm-none-eabi/13.3.1/../../../../arm-none-eabi/lib/thumb/v7e-m+fp/hard\libc_nano.a(libc_a-exit.o)
                              D:/Mechatronics/STM32CubeIDE/STM32CubeIDE_1.18.0/STM32CubeIDE/plugins/com.st.stm32cube.ide.mcu.externaltools.gnu-tools-for-stm32.13.3.rel1.win32_1.0.0.202411081344/tools/bin/../lib/gcc/arm-none-eabi/13.3.1/../../../../arm-none-eabi/lib/thumb/v7e-m+fp/hard/crt0.o (exit)
D:/Mechatronics/STM32CubeIDE/STM32CubeIDE_1.18.0/STM32CubeIDE/plugins/com.st.stm32cube.ide.mcu.externaltools.gnu-tools-for-stm32.13.3.rel1.win32_1.0.0.202411081344/tools/bin/../lib/gcc/arm-none-eabi/13.3.1/../../../../arm-none-eabi/lib/thumb/v7e-m+fp/hard\libc_nano.a(libc_a-findfp.o)
                              D:/Mechatronics/STM32CubeIDE/STM32CubeIDE_1.18.0/STM32CubeIDE/plugins/com.st.stm32cube.ide.mcu.externaltools.gnu-tools-for-stm32.13.3.rel1.win32_1.0.0.202411081344/tools/bin/../lib/gcc/arm-none-eabi/13.3.1/../../../../arm-none-eabi/lib/thumb/v7e-m+fp/hard\libc_nano.a(libc_a-exit.o) (__stdio_exit_handler)
D:/Mechatronics/STM32CubeIDE/STM32CubeIDE_1.18.0/STM32CubeIDE/plugins/com.st.stm32cube.ide.mcu.externaltools.gnu-tools-for-stm32.13.3.rel1.win32_1.0.0.202411081344/tools/bin/../lib/gcc/arm-none-eabi/13.3.1/../../../../arm-none-eabi/lib/thumb/v7e-m+fp/hard\libc_nano.a(libc_a-fwalk.o)
                              D:/Mechatronics/STM32CubeIDE/STM32CubeIDE_1.18.0/STM32CubeIDE/plugins/com.st.stm32cube.ide.mcu.externaltools.gnu-tools-for-stm32.13.3.rel1.win32_1.0.0.202411081344/tools/bin/../lib/gcc/arm-none-eabi/13.3.1/../../../../arm-none-eabi/lib/thumb/v7e-m+fp/hard\libc_nano.a(libc_a-findfp.o) (_fwalk_sglue)
D:/Mechatronics/STM32CubeIDE/STM32CubeIDE_1.18.0/STM32CubeIDE/plugins/com.st.stm32cube.ide.mcu.externaltools.gnu-tools-for-stm32.13.3.rel1.win32_1.0.0.202411081344/tools/bin/../lib/gcc/arm-none-eabi/13.3.1/../../../../arm-none-eabi/lib/thumb/v7e-m+fp/hard\libc_nano.a(libc_a-sprintf.o)
                              ./Core/Src/main.o (sprintf)
D:/Mechatronics/STM32CubeIDE/STM32CubeIDE_1.18.0/STM32CubeIDE/plugins/com.st.stm32cube.ide.mcu.externaltools.gnu-tools-for-stm32.13.3.rel1.win32_1.0.0.202411081344/tools/bin/../lib/gcc/arm-none-eabi/13.3.1/../../../../arm-none-eabi/lib/thumb/v7e-m+fp/hard\libc_nano.a(libc_a-stdio.o)
                              D:/Mechatronics/STM32CubeIDE/STM32CubeIDE_1.18.0/STM32CubeIDE/plugins/com.st.stm32cube.ide.mcu.externaltools.gnu-tools-for-stm32.13.3.rel1.win32_1.0.0.202411081344/tools/bin/../lib/gcc/arm-none-eabi/13.3.1/../../../../arm-none-eabi/lib/thumb/v7e-m+fp/hard\libc_nano.a(libc_a-findfp.o) (__sread)
D:/Mechatronics/STM32CubeIDE/STM32CubeIDE_1.18.0/STM32CubeIDE/plugins/com.st.stm32cube.ide.mcu.externaltools.gnu-tools-for-stm32.13.3.rel1.win32_1.0.0.202411081344/tools/bin/../lib/gcc/arm-none-eabi/13.3.1/../../../../arm-none-eabi/lib/thumb/v7e-m+fp/hard\libc_nano.a(libc_a-memset.o)
                              D:/Mechatronics/STM32CubeIDE/STM32CubeIDE_1.18.0/STM32CubeIDE/plugins/com.st.stm32cube.ide.mcu.externaltools.gnu-tools-for-stm32.13.3.rel1.win32_1.0.0.202411081344/tools/bin/../lib/gcc/arm-none-eabi/13.3.1/../../../../arm-none-eabi/lib/thumb/v7e-m+fp/hard/crt0.o (memset)
D:/Mechatronics/STM32CubeIDE/STM32CubeIDE_1.18.0/STM32CubeIDE/plugins/com.st.stm32cube.ide.mcu.externaltools.gnu-tools-for-stm32.13.3.rel1.win32_1.0.0.202411081344/tools/bin/../lib/gcc/arm-none-eabi/13.3.1/../../../../arm-none-eabi/lib/thumb/v7e-m+fp/hard\libc_nano.a(libc_a-closer.o)
                              D:/Mechatronics/STM32CubeIDE/STM32CubeIDE_1.18.0/STM32CubeIDE/plugins/com.st.stm32cube.ide.mcu.externaltools.gnu-tools-for-stm32.13.3.rel1.win32_1.0.0.202411081344/tools/bin/../lib/gcc/arm-none-eabi/13.3.1/../../../../arm-none-eabi/lib/thumb/v7e-m+fp/hard\libc_nano.a(libc_a-stdio.o) (_close_r)
D:/Mechatronics/STM32CubeIDE/STM32CubeIDE_1.18.0/STM32CubeIDE/plugins/com.st.stm32cube.ide.mcu.externaltools.gnu-tools-for-stm32.13.3.rel1.win32_1.0.0.202411081344/tools/bin/../lib/gcc/arm-none-eabi/13.3.1/../../../../arm-none-eabi/lib/thumb/v7e-m+fp/hard\libc_nano.a(libc_a-reent.o)
                              D:/Mechatronics/STM32CubeIDE/STM32CubeIDE_1.18.0/STM32CubeIDE/plugins/com.st.stm32cube.ide.mcu.externaltools.gnu-tools-for-stm32.13.3.rel1.win32_1.0.0.202411081344/tools/bin/../lib/gcc/arm-none-eabi/13.3.1/../../../../arm-none-eabi/lib/thumb/v7e-m+fp/hard\libc_nano.a(libc_a-closer.o) (errno)
D:/Mechatronics/STM32CubeIDE/STM32CubeIDE_1.18.0/STM32CubeIDE/plugins/com.st.stm32cube.ide.mcu.externaltools.gnu-tools-for-stm32.13.3.rel1.win32_1.0.0.202411081344/tools/bin/../lib/gcc/arm-none-eabi/13.3.1/../../../../arm-none-eabi/lib/thumb/v7e-m+fp/hard\libc_nano.a(libc_a-impure.o)
[...]
Memory Configuration

Name             Origin             Length             Attributes
CCMRAM           0x10000000         0x00010000         xrw
RAM              0x20000000         0x00020000         xrw
FLASH            0x08000000         0x00080000         xr
*default*        0x00000000         0xffffffff

Linker script and memory map

LOAD D:/Mechatronics/STM32CubeIDE/STM32CubeIDE_1.18.0/STM32CubeIDE/plugins/com.st.stm32cube.ide.mcu.externaltools.gnu-tools-for-stm32.13.3.rel1.win32_1.0.0.202411081344/tools/bin/../lib/gcc/arm-none-eabi/13.3.1/thumb/v7e-m+fp/hard/crti.o
LOAD D:/Mechatronics/STM32CubeIDE/STM32CubeIDE_1.18.0/STM32CubeIDE/plugins/com.st.stm32cube.ide.mcu.externaltools.gnu-tools-for-stm32.13.3.rel1.win32_1.0.0.202411081344/tools/bin/../lib/gcc/arm-none-eabi/13.3.1/thumb/v7e-m+fp/hard/crtbegin.o
LOAD D:/Mechatronics/STM32CubeIDE/STM32CubeIDE_1.18.0/STM32CubeIDE/plugins/com.st.stm32cube.ide.mcu.externaltools.gnu-tools-for-stm32.13.3.rel1.win32_1.0.0.202411081344/tools/bin/../lib/gcc/arm-none-eabi/13.3.1/../../../../arm-none-eabi/lib/thumb/v7e-m+fp/hard/crt0.o
LOAD ./Core/Src/GAMEPAD.o
LOAD ./Core/Src/MPU6050.o
LOAD ./Core/Src/PID.o
LOAD ./Core/Src/WT61.o
LOAD ./Core/Src/main.o
LOAD ./Core/Src/stm32f4xx_hal_msp.o
LOAD ./Core/Src/stm32f4xx_it.o
LOAD ./Core/Src/syscalls.o
LOAD ./Core/Src/sysmem.o
LOAD ./Core/Src/system_stm32f4xx.o
LOAD ./Core/Startup/startup_stm32f407vetx.o
LOAD ./Drivers/STM32F4xx_HAL_Driver/Src/stm32f4xx_hal.o
LOAD ./Drivers/STM32F4xx_HAL_Driver/Src/stm32f4xx_hal_cortex.o
LOAD ./Drivers/STM32F4xx_HAL_Driver/Src/stm32f4xx_hal_dma.o
LOAD ./Drivers/STM32F4xx_HAL_Driver/Src/stm32f4xx_hal_dma_ex.o
LOAD ./Drivers/STM32F4xx_HAL_Driver/Src/stm32f4xx_hal_exti.o
LOAD ./Drivers/STM32F4xx_HAL_Driver/Src/stm32f4xx_hal_flash.o
LOAD ./Drivers/STM32F4xx_HAL_Driver/Src/stm32f4xx_hal_flash_ex.o
LOAD ./Drivers/STM32F4xx_HAL_Driver/Src/stm32f4xx_hal_flash_ramfunc.o
LOAD ./Drivers/STM32F4xx_HAL_Driver/Src/stm32f4xx_hal_gpio.o
LOAD ./Drivers/STM32F4xx_HAL_Driver/Src/stm32f4xx_hal_i2c.o
LOAD ./Drivers/STM32F4xx_HAL_Driver/Src/stm32f4xx_hal_i2c_ex.o
LOAD ./Drivers/STM32F4xx_HAL_Driver/Src/stm32f4xx_hal_pwr.o
LOAD ./Drivers/STM32F4xx_HAL_Driver/Src/stm32f4xx_hal_pwr_ex.o
LOAD ./Drivers/STM32F4xx_HAL_Driver/Src/stm32f4xx_hal_rcc.o
LOAD ./Drivers/STM32F4xx_HAL_Driver/Src/stm32f4xx_hal_rcc_ex.o
LOAD ./Drivers/STM32F4xx_HAL_Driver/Src/stm32f4xx_hal_tim.o
LOAD ./Drivers/STM32F4xx_HAL_Driver/Src/stm32f4xx_hal_tim_ex.o
LOAD ./Drivers/STM32F4xx_HAL_Driver/Src/stm32f4xx_hal_uart.o
START GROUP
LOAD D:/Mechatronics/STM32CubeIDE/STM32CubeIDE_1.18.0/STM32CubeIDE/plugins/com.st.stm32cube.ide.mcu.externaltools.gnu-tools-for-stm32.13.3.rel1.win32_1.0.0.202411081344/tools/bin/../lib/gcc/arm-none-eabi/13.3.1/../../../../arm-none-eabi/lib/thumb/v7e-m+fp/hard\libc_nano.a
LOAD D:/Mechatronics/STM32CubeIDE/STM32CubeIDE_1.18.0/STM32CubeIDE/plugins/com.st.stm32cube.ide.mcu.externaltools.gnu-tools-for-stm32.13.3.rel1.win32_1.0.0.202411081344/tools/bin/../lib/gcc/arm-none-eabi/13.3.1/../../../../arm-none-eabi/lib/thumb/v7e-m+fp/hard\libm.a
END GROUP
START GROUP
LOAD D:/Mechatronics/STM32CubeIDE/STM32CubeIDE_1.18.0/STM32CubeIDE/plugins/com.st.stm32cube.ide.mcu.externaltools.gnu-tools-for-stm32.13.3.rel1.win32_1.0.0.202411081344/tools/bin/../lib/gcc/arm-none-eabi/13.3.1/thumb/v7e-m+fp/hard\libgcc.a
LOAD D:/Mechatronics/STM32CubeIDE/STM32CubeIDE_1.18.0/STM32CubeIDE/plugins/com.st.stm32cube.ide.mcu.externaltools.gnu-tools-for-stm32.13.3.rel1.win32_1.0.0.202411081344/tools/bin/../lib/gcc/arm-none-eabi/13.3.1/../../../../arm-none-eabi/lib/thumb/v7e-m+fp/hard\libc_nano.a
END GROUP
START GROUP
LOAD D:/Mechatronics/STM32CubeIDE/STM32CubeIDE_1.18.0/STM32CubeIDE/plugins/com.st.stm32cube.ide.mcu.externaltools.gnu-tools-for-stm32.13.3.rel1.win32_1.0.0.202411081344/tools/bin/../lib/gcc/arm-none-eabi/13.3.1/thumb/v7e-m+fp/hard\libgcc.a
LOAD D:/Mechatronics/STM32CubeIDE/STM32CubeIDE_1.18.0/STM32CubeIDE/plugins/com.st.stm32cube.ide.mcu.externaltools.gnu-tools-for-stm32.13.3.rel1.win32_1.0.0.202411081344/tools/bin/../lib/gcc/arm-none-eabi/13.3.1/../../../../arm-none-eabi/lib/thumb/v7e-m+fp/hard\libc_nano.a
LOAD D:/Mechatronics/STM32CubeIDE/STM32CubeIDE_1.18.0/STM32CubeIDE/plugins/com.st.stm32cube.ide.mcu.externaltools.gnu-tools-for-stm32.13.3.rel1.win32_1.0.0.202411081344/tools/bin/../lib/gcc/arm-none-eabi/13.3.1/../../../../arm-none-eabi/lib/thumb/v7e-m+fp/hard\libnosys.a
END GROUP
START GROUP
LOAD D:/Mechatronics/STM32CubeIDE/STM32CubeIDE_1.18.0/STM32CubeIDE/plugins/com.st.stm32cube.ide.mcu.externaltools.gnu-tools-for-stm32.13.3.rel1.win32_1.0.0.202411081344/tools/bin/../lib/gcc/arm-none-eabi/13.3.1/thumb/v7e-m+fp/hard\libgcc.a
LOAD D:/Mechatronics/STM32CubeIDE/STM32CubeIDE_1.18.0/STM32CubeIDE/plugins/com.st.stm32cube.ide.mcu.externaltools.gnu-tools-for-stm32.13.3.rel1.win32_1.0.0.202411081344/tools/bin/../lib/gcc/arm-none-eabi/13.3.1/../../../../arm-none-eabi/lib/thumb/v7e-m+fp/hard\libc_nano.a
LOAD D:/Mechatronics/STM32CubeIDE/STM32CubeIDE_1.18.0/STM32CubeIDE/plugins/com.st.stm32cube.ide.mcu.externaltools.gnu-tools-for-stm32.13.3.rel1.win32_1.0.0.202411081344/tools/bin/../lib/gcc/arm-none-eabi/13.3.1/../../../../arm-none-eabi/lib/thumb/v7e-m+fp/hard\libnosys.a
END GROUP
LOAD D:/Mechatronics/STM32CubeIDE/STM32CubeIDE_1.18.0/STM32CubeIDE/plugins/com.st.stm32cube.ide.mcu.externaltools.gnu-tools-for-stm32.13.3.rel1.win32_1.0.0.202411081344/tools/bin/../lib/gcc/arm-none-eabi/13.3.1/thumb/v7e-m+fp/hard/crtend.o
LOAD D:/Mechatronics/STM32CubeIDE/STM32CubeIDE_1.18.0/STM32CubeIDE/plugins/com.st.stm32cube.ide.mcu.externaltools.gnu-tools-for-stm32.13.3.rel1.win32_1.0.0.202411081344/tools/bin/../lib/gcc/arm-none-eabi/13.3.1/thumb/v7e-m+fp/hard/crtn.o
                0x20020000                        _estack = (ORIGIN (RAM) + LENGTH (RAM))
                0x00000200                        _Min_Heap_Size = 0x200
                0x00000400                        _Min_Stack_Size = 0x400

.isr_vector     0x08000000      0x188
                0x08000000                        . = ALIGN (0x4)
 *(.isr_vector)
 .isr_vector    0x08000000      0x188 ./Core/Startup/startup_stm32f407vetx.o
                0x08000000                g_pfnVectors
                0x08000188                        . = ALIGN (0x4)

.text           0x08000188     0x89dc
                0x08000188                        . = ALIGN (0x4)
 *(.text)
 .text          0x08000188       0x40 D:/Mechatronics/STM32CubeIDE/STM32CubeIDE_1.18.0/STM32CubeIDE/plugins/com.st.stm32cube.ide.mcu.externaltools.gnu-tools-for-stm32.13.3.rel1.win32_1.0.0.202411081344/tools/bin/../lib/gcc/arm-none-eabi/13.3.1/thumb/v7e-m+fp/hard/crtbegin.o
 .text          0x080001c8      0x378 D:/Mechatronics/STM32CubeIDE/STM32CubeIDE_1.18.0/STM32CubeIDE/plugins/com.st.stm32cube.ide.mcu.externaltools.gnu-tools-for-stm32.13.3.rel1.win32_1.0.0.202411081344/tools/bin/../lib/gcc/arm-none-eabi/13.3.1/thumb/v7e-m+fp/hard\libgcc.a(_arm_addsubdf3.o)
                0x080001c8                __aeabi_drsub
                0x080001d0                __aeabi_dsub
                0x080001d0                __subdf3
                0x080001d4                __aeabi_dadd
                0x080001d4                __adddf3
                0x0800044c                __floatunsidf
                0x0800044c                __aeabi_ui2d
                0x0800046c                __floatsidf
                0x0800046c                __aeabi_i2d
                0x08000490                __aeabi_f2d
                0x08000490                __extendsfdf2
                0x080004d4                __floatundidf
                0x080004d4                __aeabi_ul2d
                0x080004e4                __floatdidf
                0x080004e4                __aeabi_l2d
 .text          0x08000540       0xa0 D:/Mechatronics/STM32CubeIDE/STM32CubeIDE_1.18.0/STM32CubeIDE/plugins/com.st.stm32cube.ide.mcu.externaltools.gnu-tools-for-stm32.13.3.rel1.win32_1.0.0.202411081344/tools/bin/../lib/gcc/arm-none-eabi/13.3.1/thumb/v7e-m+fp/hard\libgcc.a(_arm_truncdfsf2.o)
                0x08000540                __truncdfsf2
                0x08000540                __aeabi_d2f
 .text          0x080005e0       0x30 D:/Mechatronics/STM32CubeIDE/STM32CubeIDE_1.18.0/STM32CubeIDE/plugins/com.st.stm32cube.ide.mcu.externaltools.gnu-tools-for-stm32.13.3.rel1.win32_1.0.0.202411081344/tools/bin/../lib/gcc/arm-none-eabi/13.3.1/thumb/v7e-m+fp/hard\libgcc.a(_aeabi_uldivmod.o)
                0x080005e0                __aeabi_uldivmod
 .text          0x08000610      0x2f8 D:/Mechatronics/STM32CubeIDE/STM32CubeIDE_1.18.0/STM32CubeIDE/plugins/com.st.stm32cube.ide.mcu.externaltools.gnu-tools-for-stm32.13.3.rel1.win32_1.0.0.202411081344/tools/bin/../lib/gcc/arm-none-eabi/13.3.1/thumb/v7e-m+fp/hard\libgcc.a(_udivmoddi4.o)
                0x08000610                __udivmoddi4
 .text          0x08000908        0x4 D:/Mechatronics/STM32CubeIDE/STM32CubeIDE_1.18.0/STM32CubeIDE/plugins/com.st.stm32cube.ide.mcu.externaltools.gnu-tools-for-stm32.13.3.rel1.win32_1.0.0.202411081344/tools/bin/../lib/gcc/arm-none-eabi/13.3.1/thumb/v7e-m+fp/hard\libgcc.a(_dvmd_tls.o)
                0x08000908                __aeabi_idiv0
                0x08000908                __aeabi_ldiv0
 *(.text*)
 .text.GAMEPAD_Init
                0x0800090c       0x2c ./Core/Src/GAMEPAD.o
                0x0800090c                GAMEPAD_Init
 .text.GAMEPAD_Update
                0x08000938       0xdc ./Core/Src/GAMEPAD.o
                0x08000938                GAMEPAD_Update
 .text.GAMEPAD_ReceiveData
                0x08000a14       0x20 ./Core/Src/GAMEPAD.o
                0x08000a14                GAMEPAD_ReceiveData
 .text.MPU6050_Init
                0x08000a34       0xe4 ./Core/Src/MPU6050.o
                0x08000a34                MPU6050_Init
 .text.MPU6050_GetAccel
                0x08000b18       0xd8 ./Core/Src/MPU6050.o
                0x08000b18                MPU6050_GetAccel
 .text.MPU6050_GetGyro
                0x08000bf0       0xd4 ./Core/Src/MPU6050.o
                0x08000bf0                MPU6050_GetGyro
 .text.MPU6050_Calibrate
                0x08000cc4      0x188 ./Core/Src/MPU6050.o
                0x08000cc4                MPU6050_Calibrate
 .text.MPU6050_GetFullReadings
                0x08000e4c       0x2c ./Core/Src/MPU6050.o
                0x08000e4c                MPU6050_GetFullReadings
 .text.MPU6050_GetFilteredData
                0x08000e78      0x368 ./Core/Src/MPU6050.o
                0x08000e78                MPU6050_GetFilteredData
 .text.PID_Init
                0x080011e0       0x78 ./Core/Src/PID.o
                0x080011e0                PID_Init
 .text.PID_SetParameters
                0x08001258       0x46 ./Core/Src/PID.o
                0x08001258                PID_SetParameters
 .text.PID_Update
                0x0800129e       0x3c ./Core/Src/PID.o
                0x0800129e                PID_Update
 *fill*         0x080012da        0x2 
 .text.WT61_Init
                0x080012dc       0x24 ./Core/Src/WT61.o
                0x080012dc                WT61_Init
 .text.WT61_ResetAngle
                0x08001300       0x30 ./Core/Src/WT61.o
                0x08001300                WT61_ResetAngle
 .text.WT61_ReceiveDataPacket
                0x08001330       0x20 ./Core/Src/WT61.o
                0x08001330                WT61_ReceiveDataPacket
 .text.WT61_CheckProtocolHeader
                0x08001350       0x68 ./Core/Src/WT61.o
                0x08001350                WT61_CheckProtocolHeader
 .text.WT61_CheckDataField
                0x080013b8       0x20 ./Core/Src/WT61.o
                0x080013b8                WT61_CheckDataField
 .text.WT61_GetYawAngle
                0x080013d8       0x3c ./Core/Src/WT61.o
                0x080013d8                WT61_GetYawAngle
 .text.WT61_HandleAngleWrapAround
                0x08001414       0x94 ./Core/Src/WT61.o
                0x08001414                WT61_HandleAngleWrapAround
 .text.WT61_CalculateFullAngles
                0x080014a8       0xb8 ./Core/Src/WT61.o
                0x080014a8                WT61_CalculateFullAngles
 .text.main     0x08001560      0x230 ./Core/Src/main.o
                0x08001560                main
 .text.SystemClock_Config
                0x08001790       0xd0 ./Core/Src/main.o
                0x08001790                SystemClock_Config
 .text.MX_I2C1_Init
                0x08001860       0x5c ./Core/Src/main.o
 .text.MX_I2C2_Init
                0x080018bc       0x5c ./Core/Src/main.o
 .text.MX_TIM1_Init
                0x08001918      0x144 ./Core/Src/main.o
 .text.MX_TIM2_Init
                0x08001a5c       0x98 ./Core/Src/main.o
 .text.MX_TIM3_Init
                0x08001af4      0x11c ./Core/Src/main.o
 .text.MX_TIM4_Init
                0x08001c10       0x9c ./Core/Src/main.o
 .text.MX_TIM5_Init
                0x08001cac       0x9c ./Core/Src/main.o
 .text.MX_TIM8_Init
                0x08001d48      0x174 ./Core/Src/main.o
 .text.MX_TIM9_Init
                0x08001ebc       0x74 ./Core/Src/main.o
 .text.MX_USART1_UART_Init
                0x08001f30       0x54 ./Core/Src/main.o
 .text.MX_USART2_UART_Init
                0x08001f84       0x54 ./Core/Src/main.o
 .text.MX_USART6_UART_Init
                0x08001fd8       0x54 ./Core/Src/main.o
 .text.MX_DMA_Init
                0x0800202c       0x8c ./Core/Src/main.o
 .text.MX_GPIO_Init
                0x080020b8      0x180 ./Core/Src/main.o
 .text.I2C_ResetDataBusToPullUp
                0x08002238      0x11c ./Core/Src/main.o
                0x08002238                I2C_ResetDataBusToPullUp
 .text.HAL_TIM_PeriodElapsedCallback
                0x08002354       0x38 ./Core/Src/main.o
                0x08002354                HAL_TIM_PeriodElapsedCallback
 .text.HAL_TIM_OC_DelayElapsedCallback
                0x0800238c       0x2c ./Core/Src/main.o
                0x0800238c                HAL_TIM_OC_DelayElapsedCallback
 .text.HAL_UART_RxCpltCallback
                0x080023b8       0x60 ./Core/Src/main.o
                0x080023b8                HAL_UART_RxCpltCallback
 .text.HAL_I2C_MemRxCpltCallback
                0x08002418       0x4c ./Core/Src/main.o
                0x08002418                HAL_I2C_MemRxCpltCallback
 .text.DRONE_ESCSetUp
                0x08002464       0x30 ./Core/Src/main.o
                0x08002464                DRONE_ESCSetUp
 .text.DRONE_SetStatus
                0x08002494      0x154 ./Core/Src/main.o
                0x08002494                DRONE_SetStatus
 .text.DRONE_ReceiveCommand
                0x080025e8      0x104 ./Core/Src/main.o
                0x080025e8                DRONE_ReceiveCommand
 .text.Error_Handler
                0x080026ec        0xc ./Core/Src/main.o
                0x080026ec                Error_Handler
 .text.HAL_MspInit
                0x080026f8       0x50 ./Core/Src/stm32f4xx_hal_msp.o
                0x080026f8                HAL_MspInit
 .text.HAL_I2C_MspInit
                0x08002748      0x15c ./Core/Src/stm32f4xx_hal_msp.o
                0x08002748                HAL_I2C_MspInit
 .text.HAL_I2C_MspDeInit
                0x080028a4       0x7c ./Core/Src/stm32f4xx_hal_msp.o
                0x080028a4                HAL_I2C_MspDeInit
 .text.HAL_TIM_Base_MspInit
                0x08002920      0x164 ./Core/Src/stm32f4xx_hal_msp.o
                0x08002920                HAL_TIM_Base_MspInit
 .text.HAL_TIM_MspPostInit
                0x08002a84       0xc4 ./Core/Src/stm32f4xx_hal_msp.o
                0x08002a84                HAL_TIM_MspPostInit
 .text.HAL_UART_MspInit
                0x08002b48      0x290 ./Core/Src/stm32f4xx_hal_msp.o
                0x08002b48                HAL_UART_MspInit
 .text.NMI_Handler
                0x08002dd8        0x8 ./Core/Src/stm32f4xx_it.o
                0x08002dd8                NMI_Handler
 .text.HardFault_Handler
                0x08002de0        0x8 ./Core/Src/stm32f4xx_it.o
                0x08002de0                HardFault_Handler
 .text.MemManage_Handler
                0x08002de8        0x8 ./Core/Src/stm32f4xx_it.o
                0x08002de8                MemManage_Handler
 .text.BusFault_Handler
                0x08002df0        0x8 ./Core/Src/stm32f4xx_it.o
                0x08002df0                BusFault_Handler
 .text.UsageFault_Handler
                0x08002df8        0x8 ./Core/Src/stm32f4xx_it.o
                0x08002df8                UsageFault_Handler
 .text.SVC_Handler
                0x08002e00        0xe ./Core/Src/stm32f4xx_it.o
                0x08002e00                SVC_Handler
 .text.DebugMon_Handler
                0x08002e0e        0xe ./Core/Src/stm32f4xx_it.o
                0x08002e0e                DebugMon_Handler
 .text.PendSV_Handler
                0x08002e1c        0xe ./Core/Src/stm32f4xx_it.o
                0x08002e1c                PendSV_Handler
 .text.SysTick_Handler
                0x08002e2a        0xc ./Core/Src/stm32f4xx_it.o
                0x08002e2a                SysTick_Handler
 *fill*         0x08002e36        0x2 
 .text.DMA1_Stream2_IRQHandler
                0x08002e38       0x14 ./Core/Src/stm32f4xx_it.o
                0x08002e38                DMA1_Stream2_IRQHandler
 .text.DMA1_Stream5_IRQHandler
                0x08002e4c       0x14 ./Core/Src/stm32f4xx_it.o
                0x08002e4c                DMA1_Stream5_IRQHandler
 .text.TIM4_IRQHandler
                0x08002e60       0x14 ./Core/Src/stm32f4xx_it.o
                0x08002e60                TIM4_IRQHandler
 .text.TIM8_CC_IRQHandler
                0x08002e74       0x14 ./Core/Src/stm32f4xx_it.o
                0x08002e74                TIM8_CC_IRQHandler
 .text.DMA2_Stream1_IRQHandler
                0x08002e88       0x14 ./Core/Src/stm32f4xx_it.o
                0x08002e88                DMA2_Stream1_IRQHandler
 .text.DMA2_Stream2_IRQHandler
                0x08002e9c       0x14 ./Core/Src/stm32f4xx_it.o
                0x08002e9c                DMA2_Stream2_IRQHandler
 .text.SystemInit
                0x08002eb0       0x24 ./Core/Src/system_stm32f4xx.o
                0x08002eb0                SystemInit
 .text.Reset_Handler
                0x08002ed4       0x50 ./Core/Startup/startup_stm32f407vetx.o
                0x08002ed4                Reset_Handler
 .text.Default_Handler
                0x08002f24        0x2 ./Core/Startup/startup_stm32f407vetx.o
                0x08002f24                RTC_Alarm_IRQHandler
                0x08002f24                HASH_RNG_IRQHandler
                0x08002f24                EXTI2_IRQHandler
                0x08002f24                TIM1_CC_IRQHandler
                0x08002f24                DMA2_Stream5_IRQHandler
                0x08002f24                PVD_IRQHandler
                0x08002f24                SDIO_IRQHandler
                0x08002f24                TAMP_STAMP_IRQHandler
                0x08002f24                CAN2_RX1_IRQHandler
                0x08002f24                EXTI3_IRQHandler
                0x08002f24                TIM8_TRG_COM_TIM14_IRQHandler
                0x08002f24                TIM1_UP_TIM10_IRQHandler
                0x08002f24                TIM8_UP_TIM13_IRQHandler
                0x08002f24                I2C3_ER_IRQHandler
                0x08002f24                EXTI0_IRQHandler
                0x08002f24                I2C2_EV_IRQHandler
                0x08002f24                CAN1_RX0_IRQHandler
                0x08002f24                FPU_IRQHandler
                0x08002f24                OTG_HS_WKUP_IRQHandler
                0x08002f24                CAN2_SCE_IRQHandler
                0x08002f24                SPI1_IRQHandler
                0x08002f24                TIM6_DAC_IRQHandler
                0x08002f24                TIM1_BRK_TIM9_IRQHandler
                0x08002f24                DCMI_IRQHandler
                0x08002f24                CAN2_RX0_IRQHandler
                0x08002f24                DMA2_Stream3_IRQHandler
                0x08002f24                USART6_IRQHandler
                0x08002f24                USART3_IRQHandler
                0x08002f24                CAN1_RX1_IRQHandler
                0x08002f24                UART5_IRQHandler
                0x08002f24                DMA2_Stream0_IRQHandler
                0x08002f24                I2C1_EV_IRQHandler
                0x08002f24                DMA1_Stream6_IRQHandler
                0x08002f24                DMA1_Stream1_IRQHandler
                0x08002f24                UART4_IRQHandler
                0x08002f24                TIM3_IRQHandler
                0x08002f24                RCC_IRQHandler
                0x08002f24                TIM8_BRK_TIM12_IRQHandler
                0x08002f24                Default_Handler
                0x08002f24                EXTI15_10_IRQHandler
                0x08002f24                ADC_IRQHandler
                0x08002f24                DMA1_Stream7_IRQHandler
                0x08002f24                TIM7_IRQHandler
                0x08002f24                CAN2_TX_IRQHandler
                0x08002f24                TIM5_IRQHandler
                0x08002f24                DMA2_Stream7_IRQHandler
                0x08002f24                I2C3_EV_IRQHandler
                0x08002f24                EXTI9_5_IRQHandler
                0x08002f24                RTC_WKUP_IRQHandler
                0x08002f24                ETH_WKUP_IRQHandler
                0x08002f24                SPI2_IRQHandler
                0x08002f24                OTG_HS_EP1_IN_IRQHandler
                0x08002f24                DMA1_Stream0_IRQHandler
                0x08002f24                CAN1_TX_IRQHandler
                0x08002f24                EXTI4_IRQHandler
                0x08002f24                FSMC_IRQHandler
                0x08002f24                ETH_IRQHandler
                0x08002f24                OTG_HS_EP1_OUT_IRQHandler
                0x08002f24                WWDG_IRQHandler
                0x08002f24                TIM2_IRQHandler
                0x08002f24                OTG_FS_WKUP_IRQHandler
                0x08002f24                TIM1_TRG_COM_TIM11_IRQHandler
                0x08002f24                OTG_HS_IRQHandler
                0x08002f24                EXTI1_IRQHandler
                0x08002f24                USART2_IRQHandler
                0x08002f24                I2C2_ER_IRQHandler
                0x08002f24                CAN1_SCE_IRQHandler
                0x08002f24                FLASH_IRQHandler
                0x08002f24                DMA2_Stream4_IRQHandler
                0x08002f24                USART1_IRQHandler
                0x08002f24                OTG_FS_IRQHandler
                0x08002f24                SPI3_IRQHandler
                0x08002f24                DMA1_Stream4_IRQHandler
                0x08002f24                I2C1_ER_IRQHandler
                0x08002f24                DMA2_Stream6_IRQHandler
                0x08002f24                DMA1_Stream3_IRQHandler
 *fill*         0x08002f26        0x2 
 .text.HAL_Init
                0x08002f28       0x44 ./Drivers/STM32F4xx_HAL_Driver/Src/stm32f4xx_hal.o
                0x08002f28                HAL_Init
 .text.HAL_InitTick
                0x08002f6c       0x60 ./Drivers/STM32F4xx_HAL_Driver/Src/stm32f4xx_hal.o
                0x08002f6c                HAL_InitTick
 .text.HAL_IncTick
                0x08002fcc       0x28 ./Drivers/STM32F4xx_HAL_Driver/Src/stm32f4xx_hal.o
                0x08002fcc                HAL_IncTick
 .text.HAL_GetTick
                0x08002ff4       0x18 ./Drivers/STM32F4xx_HAL_Driver/Src/stm32f4xx_hal.o
                0x08002ff4                HAL_GetTick
 .text.HAL_Delay
                0x0800300c       0x48 ./Drivers/STM32F4xx_HAL_Driver/Src/stm32f4xx_hal.o
                0x0800300c                HAL_Delay
 .text.__NVIC_SetPriorityGrouping
                0x08003054       0x48 ./Drivers/STM32F4xx_HAL_Driver/Src/stm32f4xx_hal_cortex.o
 .text.__NVIC_GetPriorityGrouping
                0x0800309c       0x1c ./Drivers/STM32F4xx_HAL_Driver/Src/stm32f4xx_hal_cortex.o
 .text.__NVIC_EnableIRQ
                0x080030b8       0x3c ./Drivers/STM32F4xx_HAL_Driver/Src/stm32f4xx_hal_cortex.o
 .text.__NVIC_SetPriority
                0x080030f4       0x54 ./Drivers/STM32F4xx_HAL_Driver/Src/stm32f4xx_hal_cortex.o
 .text.NVIC_EncodePriority
                0x08003148       0x66 ./Drivers/STM32F4xx_HAL_Driver/Src/stm32f4xx_hal_cortex.o
 *fill*         0x080031ae        0x2 
 .text.SysTick_Config
                0x080031b0       0x44 ./Drivers/STM32F4xx_HAL_Driver/Src/stm32f4xx_hal_cortex.o
 .text.HAL_NVIC_SetPriorityGrouping
                0x080031f4       0x16 ./Drivers/STM32F4xx_HAL_Driver/Src/stm32f4xx_hal_cortex.o
                0x080031f4                HAL_NVIC_SetPriorityGrouping
 .text.HAL_NVIC_SetPriority
                0x0800320a       0x38 ./Drivers/STM32F4xx_HAL_Driver/Src/stm32f4xx_hal_cortex.o
                0x0800320a                HAL_NVIC_SetPriority
 .text.HAL_NVIC_EnableIRQ
                0x08003242       0x1c ./Drivers/STM32F4xx_HAL_Driver/Src/stm32f4xx_hal_cortex.o
                0x08003242                HAL_NVIC_EnableIRQ
 .text.HAL_SYSTICK_Config
                0x0800325e       0x18 ./Drivers/STM32F4xx_HAL_Driver/Src/stm32f4xx_hal_cortex.o
                0x0800325e                HAL_SYSTICK_Config
 *fill*         0x08003276        0x2 
 .text.HAL_DMA_Init
                0x08003278      0x15c ./Drivers/STM32F4xx_HAL_Driver/Src/stm32f4xx_hal_dma.o
                0x08003278                HAL_DMA_Init
 .text.HAL_DMA_DeInit
                0x080033d4       0xbc ./Drivers/STM32F4xx_HAL_Driver/Src/stm32f4xx_hal_dma.o
                0x080033d4                HAL_DMA_DeInit
 .text.HAL_DMA_Start_IT
                0x08003490       0xb0 ./Drivers/STM32F4xx_HAL_Driver/Src/stm32f4xx_hal_dma.o
                0x08003490                HAL_DMA_Start_IT
 .text.HAL_DMA_Abort
                0x08003540       0xe0 ./Drivers/STM32F4xx_HAL_Driver/Src/stm32f4xx_hal_dma.o
                0x08003540                HAL_DMA_Abort
 .text.HAL_DMA_Abort_IT
                0x08003620       0x44 ./Drivers/STM32F4xx_HAL_Driver/Src/stm32f4xx_hal_dma.o
                0x08003620                HAL_DMA_Abort_IT
 .text.HAL_DMA_IRQHandler
                0x08003664      0x314 ./Drivers/STM32F4xx_HAL_Driver/Src/stm32f4xx_hal_dma.o
                0x08003664                HAL_DMA_IRQHandler
 .text.HAL_DMA_GetError
                0x08003978       0x18 ./Drivers/STM32F4xx_HAL_Driver/Src/stm32f4xx_hal_dma.o
                0x08003978                HAL_DMA_GetError
 .text.DMA_SetConfig
                0x08003990       0x5c ./Drivers/STM32F4xx_HAL_Driver/Src/stm32f4xx_hal_dma.o
 .text.DMA_CalcBaseAndBitshift
                0x080039ec       0x6c ./Drivers/STM32F4xx_HAL_Driver/Src/stm32f4xx_hal_dma.o
 .text.DMA_CheckFifoParam
                0x08003a58       0xf8 ./Drivers/STM32F4xx_HAL_Driver/Src/stm32f4xx_hal_dma.o
 .text.HAL_GPIO_Init
                0x08003b50      0x338 ./Drivers/STM32F4xx_HAL_Driver/Src/stm32f4xx_hal_gpio.o
                0x08003b50                HAL_GPIO_Init
 .text.HAL_GPIO_DeInit
                0x08003e88      0x1f8 ./Drivers/STM32F4xx_HAL_Driver/Src/stm32f4xx_hal_gpio.o
                0x08003e88                HAL_GPIO_DeInit
 .text.HAL_GPIO_ReadPin
                0x08004080       0x30 ./Drivers/STM32F4xx_HAL_Driver/Src/stm32f4xx_hal_gpio.o
                0x08004080                HAL_GPIO_ReadPin
 .text.HAL_GPIO_WritePin
                0x080040b0       0x32 ./Drivers/STM32F4xx_HAL_Driver/Src/stm32f4xx_hal_gpio.o
                0x080040b0                HAL_GPIO_WritePin
 .text.HAL_GPIO_TogglePin
                0x080040e2       0x34 ./Drivers/STM32F4xx_HAL_Driver/Src/stm32f4xx_hal_gpio.o
                0x080040e2                HAL_GPIO_TogglePin
 *fill*         0x08004116        0x2 
 .text.HAL_I2C_Init
                0x08004118      0x288 ./Drivers/STM32F4xx_HAL_Driver/Src/stm32f4xx_hal_i2c.o
                0x08004118                HAL_I2C_Init
 .text.HAL_I2C_DeInit
                0x080043a0       0x5e ./Drivers/STM32F4xx_HAL_Driver/Src/stm32f4xx_hal_i2c.o
                0x080043a0                HAL_I2C_DeInit
 *fill*         0x080043fe        0x2 
 .text.HAL_I2C_Mem_Write
                0x08004400      0x1f4 ./Drivers/STM32F4xx_HAL_Driver/Src/stm32f4xx_hal_i2c.o
                0x08004400                HAL_I2C_Mem_Write
 .text.HAL_I2C_Mem_Read
                0x080045f4      0x464 ./Drivers/STM32F4xx_HAL_Driver/Src/stm32f4xx_hal_i2c.o
                0x080045f4                HAL_I2C_Mem_Read
 .text.HAL_I2C_Mem_Read_DMA
                0x08004a58      0x320 ./Drivers/STM32F4xx_HAL_Driver/Src/stm32f4xx_hal_i2c.o
                0x08004a58                HAL_I2C_Mem_Read_DMA
 .text.HAL_I2C_IsDeviceReady
                0x08004d78      0x25c ./Drivers/STM32F4xx_HAL_Driver/Src/stm32f4xx_hal_i2c.o
                0x08004d78                HAL_I2C_IsDeviceReady
 .text.HAL_I2C_MasterRxCpltCallback
                0x08004fd4       0x14 ./Drivers/STM32F4xx_HAL_Driver/Src/stm32f4xx_hal_i2c.o
                0x08004fd4                HAL_I2C_MasterRxCpltCallback
 .text.HAL_I2C_SlaveTxCpltCallback
                0x08004fe8       0x14 ./Drivers/STM32F4xx_HAL_Driver/Src/stm32f4xx_hal_i2c.o
                0x08004fe8                HAL_I2C_SlaveTxCpltCallback
 .text.HAL_I2C_SlaveRxCpltCallback
                0x08004ffc       0x14 ./Drivers/STM32F4xx_HAL_Driver/Src/stm32f4xx_hal_i2c.o
                0x08004ffc                HAL_I2C_SlaveRxCpltCallback
 .text.HAL_I2C_ErrorCallback
                0x08005010       0x14 ./Drivers/STM32F4xx_HAL_Driver/Src/stm32f4xx_hal_i2c.o
                0x08005010                HAL_I2C_ErrorCallback
 .text.I2C_RequestMemoryWrite
                0x08005024      0x12c ./Drivers/STM32F4xx_HAL_Driver/Src/stm32f4xx_hal_i2c.o
 .text.I2C_RequestMemoryRead
                0x08005150      0x1d0 ./Drivers/STM32F4xx_HAL_Driver/Src/stm32f4xx_hal_i2c.o
 .text.I2C_DMAXferCplt
                0x08005320      0x1be ./Drivers/STM32F4xx_HAL_Driver/Src/stm32f4xx_hal_i2c.o
 .text.I2C_DMAError
                0x080054de       0x7a ./Drivers/STM32F4xx_HAL_Driver/Src/stm32f4xx_hal_i2c.o
 .text.I2C_WaitOnFlagUntilTimeout
                0x08005558       0xf4 ./Drivers/STM32F4xx_HAL_Driver/Src/stm32f4xx_hal_i2c.o
 .text.I2C_WaitOnMasterAddressFlagUntilTimeout
                0x0800564c      0x140 ./Drivers/STM32F4xx_HAL_Driver/Src/stm32f4xx_hal_i2c.o
 .text.I2C_WaitOnTXEFlagUntilTimeout
                0x0800578c       0x90 ./Drivers/STM32F4xx_HAL_Driver/Src/stm32f4xx_hal_i2c.o
 .text.I2C_WaitOnBTFFlagUntilTimeout
                0x0800581c       0x90 ./Drivers/STM32F4xx_HAL_Driver/Src/stm32f4xx_hal_i2c.o
 .text.I2C_WaitOnRXNEFlagUntilTimeout
                0x080058ac       0xba ./Drivers/STM32F4xx_HAL_Driver/Src/stm32f4xx_hal_i2c.o
 .text.I2C_IsAcknowledgeFailed
                0x08005966       0x5e ./Drivers/STM32F4xx_HAL_Driver/Src/stm32f4xx_hal_i2c.o
 .text.HAL_RCC_OscConfig
                0x080059c4      0x4f0 ./Drivers/STM32F4xx_HAL_Driver/Src/stm32f4xx_hal_rcc.o
                0x080059c4                HAL_RCC_OscConfig
 .text.HAL_RCC_ClockConfig
                0x08005eb4      0x1cc ./Drivers/STM32F4xx_HAL_Driver/Src/stm32f4xx_hal_rcc.o
                0x08005eb4                HAL_RCC_ClockConfig
 .text.HAL_RCC_GetSysClockFreq
                0x08006080      0x18c ./Drivers/STM32F4xx_HAL_Driver/Src/stm32f4xx_hal_rcc.o
                0x08006080                HAL_RCC_GetSysClockFreq
 .text.HAL_RCC_GetHCLKFreq
                0x0800620c       0x18 ./Drivers/STM32F4xx_HAL_Driver/Src/stm32f4xx_hal_rcc.o
                0x0800620c                HAL_RCC_GetHCLKFreq
 .text.HAL_RCC_GetPCLK1Freq
                0x08006224       0x28 ./Drivers/STM32F4xx_HAL_Driver/Src/stm32f4xx_hal_rcc.o
                0x08006224                HAL_RCC_GetPCLK1Freq
 .text.HAL_RCC_GetPCLK2Freq
                0x0800624c       0x28 ./Drivers/STM32F4xx_HAL_Driver/Src/stm32f4xx_hal_rcc.o
                0x0800624c                HAL_RCC_GetPCLK2Freq
 .text.HAL_TIM_Base_Init
                0x08006274       0x9e ./Drivers/STM32F4xx_HAL_Driver/Src/stm32f4xx_hal_tim.o
                0x08006274                HAL_TIM_Base_Init
 *fill*         0x08006312        0x2 
 .text.HAL_TIM_Base_Start
                0x08006314       0xd0 ./Drivers/STM32F4xx_HAL_Driver/Src/stm32f4xx_hal_tim.o
                0x08006314                HAL_TIM_Base_Start
 .text.HAL_TIM_Base_Stop
                0x080063e4       0x4e ./Drivers/STM32F4xx_HAL_Driver/Src/stm32f4xx_hal_tim.o
                0x080063e4                HAL_TIM_Base_Stop
 *fill*         0x08006432        0x2 
 .text.HAL_TIM_Base_Start_IT
                0x08006434       0xe0 ./Drivers/STM32F4xx_HAL_Driver/Src/stm32f4xx_hal_tim.o
                0x08006434                HAL_TIM_Base_Start_IT
 .text.HAL_TIM_Base_Stop_IT
                0x08006514       0x5e ./Drivers/STM32F4xx_HAL_Driver/Src/stm32f4xx_hal_tim.o
                0x08006514                HAL_TIM_Base_Stop_IT
 .text.HAL_TIM_OC_Init
                0x08006572       0x9e ./Drivers/STM32F4xx_HAL_Driver/Src/stm32f4xx_hal_tim.o
                0x08006572                HAL_TIM_OC_Init
 .text.HAL_TIM_OC_MspInit
                0x08006610       0x14 ./Drivers/STM32F4xx_HAL_Driver/Src/stm32f4xx_hal_tim.o
                0x08006610                HAL_TIM_OC_MspInit
 .text.HAL_TIM_OC_Start_IT
                0x08006624      0x22c ./Drivers/STM32F4xx_HAL_Driver/Src/stm32f4xx_hal_tim.o
                0x08006624                HAL_TIM_OC_Start_IT
 .text.HAL_TIM_PWM_Init
                0x08006850       0x9e ./Drivers/STM32F4xx_HAL_Driver/Src/stm32f4xx_hal_tim.o
                0x08006850                HAL_TIM_PWM_Init
 .text.HAL_TIM_PWM_MspInit
                0x080068ee       0x14 ./Drivers/STM32F4xx_HAL_Driver/Src/stm32f4xx_hal_tim.o
                0x080068ee                HAL_TIM_PWM_MspInit
 *fill*         0x08006902        0x2 
 .text.HAL_TIM_PWM_Start
                0x08006904      0x190 ./Drivers/STM32F4xx_HAL_Driver/Src/stm32f4xx_hal_tim.o
                0x08006904                HAL_TIM_PWM_Start
 .text.HAL_TIM_PWM_Stop
                0x08006a94       0xe0 ./Drivers/STM32F4xx_HAL_Driver/Src/stm32f4xx_hal_tim.o
                0x08006a94                HAL_TIM_PWM_Stop
 .text.HAL_TIM_IRQHandler
                0x08006b74      0x1e0 ./Drivers/STM32F4xx_HAL_Driver/Src/stm32f4xx_hal_tim.o
                0x08006b74                HAL_TIM_IRQHandler
 .text.HAL_TIM_OC_ConfigChannel
                0x08006d54       0xb8 ./Drivers/STM32F4xx_HAL_Driver/Src/stm32f4xx_hal_tim.o
                0x08006d54                HAL_TIM_OC_ConfigChannel
 .text.HAL_TIM_PWM_ConfigChannel
                0x08006e0c      0x184 ./Drivers/STM32F4xx_HAL_Driver/Src/stm32f4xx_hal_tim.o
                0x08006e0c                HAL_TIM_PWM_ConfigChannel
 .text.HAL_TIM_ConfigClockSource
                0x08006f90      0x18e ./Drivers/STM32F4xx_HAL_Driver/Src/stm32f4xx_hal_tim.o
                0x08006f90                HAL_TIM_ConfigClockSource
 .text.HAL_TIM_IC_CaptureCallback
                0x0800711e       0x14 ./Drivers/STM32F4xx_HAL_Driver/Src/stm32f4xx_hal_tim.o
                0x0800711e                HAL_TIM_IC_CaptureCallback
 .text.HAL_TIM_PWM_PulseFinishedCallback
                0x08007132       0x14 ./Drivers/STM32F4xx_HAL_Driver/Src/stm32f4xx_hal_tim.o
                0x08007132                HAL_TIM_PWM_PulseFinishedCallback
 .text.HAL_TIM_TriggerCallback
                0x08007146       0x14 ./Drivers/STM32F4xx_HAL_Driver/Src/stm32f4xx_hal_tim.o
                0x08007146                HAL_TIM_TriggerCallback
 *fill*         0x0800715a        0x2 
 .text.TIM_Base_SetConfig
                0x0800715c      0x158 ./Drivers/STM32F4xx_HAL_Driver/Src/stm32f4xx_hal_tim.o
                0x0800715c                TIM_Base_SetConfig
 .text.TIM_OC1_SetConfig
                0x080072b4       0xe0 ./Drivers/STM32F4xx_HAL_Driver/Src/stm32f4xx_hal_tim.o
 .text.TIM_OC2_SetConfig
                0x08007394       0xec ./Drivers/STM32F4xx_HAL_Driver/Src/stm32f4xx_hal_tim.o
                0x08007394                TIM_OC2_SetConfig
 .text.TIM_OC3_SetConfig
                0x08007480       0xe8 ./Drivers/STM32F4xx_HAL_Driver/Src/stm32f4xx_hal_tim.o
 .text.TIM_OC4_SetConfig
                0x08007568       0xac ./Drivers/STM32F4xx_HAL_Driver/Src/stm32f4xx_hal_tim.o
 .text.TIM_TI1_ConfigInputStage
                0x08007614       0x5e ./Drivers/STM32F4xx_HAL_Driver/Src/stm32f4xx_hal_tim.o
 .text.TIM_TI2_ConfigInputStage
                0x08007672       0x60 ./Drivers/STM32F4xx_HAL_Driver/Src/stm32f4xx_hal_tim.o
 .text.TIM_ITRx_SetConfig
                0x080076d2       0x36 ./Drivers/STM32F4xx_HAL_Driver/Src/stm32f4xx_hal_tim.o
 .text.TIM_ETR_SetConfig
                0x08007708       0x40 ./Drivers/STM32F4xx_HAL_Driver/Src/stm32f4xx_hal_tim.o
                0x08007708                TIM_ETR_SetConfig
 .text.TIM_CCxChannelCmd
                0x08007748       0x4a ./Drivers/STM32F4xx_HAL_Driver/Src/stm32f4xx_hal_tim.o
                0x08007748                TIM_CCxChannelCmd
 *fill*         0x08007792        0x2 
 .text.HAL_TIMEx_MasterConfigSynchronization
                0x08007794       0xf8 ./Drivers/STM32F4xx_HAL_Driver/Src/stm32f4xx_hal_tim_ex.o
                0x08007794                HAL_TIMEx_MasterConfigSynchronization
 .text.HAL_TIMEx_ConfigBreakDeadTime
                0x0800788c       0xa4 ./Drivers/STM32F4xx_HAL_Driver/Src/stm32f4xx_hal_tim_ex.o
                0x0800788c                HAL_TIMEx_ConfigBreakDeadTime
 .text.HAL_TIMEx_CommutCallback
                0x08007930       0x14 ./Drivers/STM32F4xx_HAL_Driver/Src/stm32f4xx_hal_tim_ex.o
                0x08007930                HAL_TIMEx_CommutCallback
 .text.HAL_TIMEx_BreakCallback
                0x08007944       0x14 ./Drivers/STM32F4xx_HAL_Driver/Src/stm32f4xx_hal_tim_ex.o
                0x08007944                HAL_TIMEx_BreakCallback
 .text.HAL_UART_Init
                0x08007958       0xa0 ./Drivers/STM32F4xx_HAL_Driver/Src/stm32f4xx_hal_uart.o
                0x08007958                HAL_UART_Init
 .text.HAL_UART_Transmit
                0x080079f8      0x116 ./Drivers/STM32F4xx_HAL_Driver/Src/stm32f4xx_hal_uart.o
                0x080079f8                HAL_UART_Transmit
 .text.HAL_UART_Receive
                0x08007b0e      0x12e ./Drivers/STM32F4xx_HAL_Driver/Src/stm32f4xx_hal_uart.o
                0x08007b0e                HAL_UART_Receive
 .text.HAL_UART_Receive_DMA
                0x08007c3c       0x4a ./Drivers/STM32F4xx_HAL_Driver/Src/stm32f4xx_hal_uart.o
                0x08007c3c                HAL_UART_Receive_DMA
 .text.HAL_UART_DMAStop
                0x08007c86       0xfe ./Drivers/STM32F4xx_HAL_Driver/Src/stm32f4xx_hal_uart.o
                0x08007c86                HAL_UART_DMAStop
 .text.HAL_UART_RxHalfCpltCallback
                0x08007d84       0x14 ./Drivers/STM32F4xx_HAL_Driver/Src/stm32f4xx_hal_uart.o
                0x08007d84                HAL_UART_RxHalfCpltCallback
 .text.HAL_UART_ErrorCallback
                0x08007d98       0x14 ./Drivers/STM32F4xx_HAL_Driver/Src/stm32f4xx_hal_uart.o
                0x08007d98                HAL_UART_ErrorCallback
 .text.HAL_UARTEx_RxEventCallback
                0x08007dac       0x18 ./Drivers/STM32F4xx_HAL_Driver/Src/stm32f4xx_hal_uart.o
                0x08007dac                HAL_UARTEx_RxEventCallback
 .text.UART_DMAReceiveCplt
                0x08007dc4      0x12c ./Drivers/STM32F4xx_HAL_Driver/Src/stm32f4xx_hal_uart.o
 .text.UART_DMARxHalfCplt
                0x08007ef0       0x3c ./Drivers/STM32F4xx_HAL_Driver/Src/stm32f4xx_hal_uart.o
 .text.UART_DMAError
                0x08007f2c       0x94 ./Drivers/STM32F4xx_HAL_Driver/Src/stm32f4xx_hal_uart.o
 .text.UART_WaitOnFlagUntilTimeout
                0x08007fc0       0xb2 ./Drivers/STM32F4xx_HAL_Driver/Src/stm32f4xx_hal_uart.o
 *fill*         0x08008072        0x2 
 .text.UART_Start_Receive_DMA
                0x08008074      0x134 ./Drivers/STM32F4xx_HAL_Driver/Src/stm32f4xx_hal_uart.o
                0x08008074                UART_Start_Receive_DMA
 .text.UART_EndTxTransfer
                0x080081a8       0x50 ./Drivers/STM32F4xx_HAL_Driver/Src/stm32f4xx_hal_uart.o
 .text.UART_EndRxTransfer
                0x080081f8       0xc6 ./Drivers/STM32F4xx_HAL_Driver/Src/stm32f4xx_hal_uart.o
 *fill*         0x080082be        0x2 
 .text.UART_SetConfig
                0x080082c0      0x4e8 ./Drivers/STM32F4xx_HAL_Driver/Src/stm32f4xx_hal_uart.o
 .text.memset   0x080087a8       0x10 D:/Mechatronics/STM32CubeIDE/STM32CubeIDE_1.18.0/STM32CubeIDE/plugins/com.st.stm32cube.ide.mcu.externaltools.gnu-tools-for-stm32.13.3.rel1.win32_1.0.0.202411081344/tools/bin/../lib/gcc/arm-none-eabi/13.3.1/../../../../arm-none-eabi/lib/thumb/v7e-m+fp/hard\libc_nano.a(libc_a-memset.o)
                0x080087a8                memset
 .text.__errno  0x080087b8        0xc D:/Mechatronics/STM32CubeIDE/STM32CubeIDE_1.18.0/STM32CubeIDE/plugins/com.st.stm32cube.ide.mcu.externaltools.gnu-tools-for-stm32.13.3.rel1.win32_1.0.0.202411081344/tools/bin/../lib/gcc/arm-none-eabi/13.3.1/../../../../arm-none-eabi/lib/thumb/v7e-m+fp/hard\libc_nano.a(libc_a-errno.o)
                0x080087b8                __errno
 .text.__libc_init_array
                0x080087c4       0x48 D:/Mechatronics/STM32CubeIDE/STM32CubeIDE_1.18.0/STM32CubeIDE/plugins/com.st.stm32cube.ide.mcu.externaltools.gnu-tools-for-stm32.13.3.rel1.win32_1.0.0.202411081344/tools/bin/../lib/gcc/arm-none-eabi/13.3.1/../../../../arm-none-eabi/lib/thumb/v7e-m+fp/hard\libc_nano.a(libc_a-init.o)
                0x080087c4                __libc_init_array
 .text.atan2f   0x0800880c        0x4 D:/Mechatronics/STM32CubeIDE/STM32CubeIDE_1.18.0/STM32CubeIDE/plugins/com.st.stm32cube.ide.mcu.externaltools.gnu-tools-for-stm32.13.3.rel1.win32_1.0.0.202411081344/tools/bin/../lib/gcc/arm-none-eabi/13.3.1/../../../../arm-none-eabi/lib/thumb/v7e-m+fp/hard\libm.a(libm_a-wf_atan2.o)
                0x0800880c                atan2f
 .text.sqrtf    0x08008810       0x3c D:/Mechatronics/STM32CubeIDE/STM32CubeIDE_1.18.0/STM32CubeIDE/plugins/com.st.stm32cube.ide.mcu.externaltools.gnu-tools-for-stm32.13.3.rel1.win32_1.0.0.202411081344/tools/bin/../lib/gcc/arm-none-eabi/13.3.1/../../../../arm-none-eabi/lib/thumb/v7e-m+fp/hard\libm.a(libm_a-wf_sqrt.o)
                0x08008810                sqrtf
 .text.__ieee754_sqrtf
                0x0800884c        0x6 D:/Mechatronics/STM32CubeIDE/STM32CubeIDE_1.18.0/STM32CubeIDE/plugins/com.st.stm32cube.ide.mcu.externaltools.gnu-tools-for-stm32.13.3.rel1.win32_1.0.0.202411081344/tools/bin/../lib/gcc/arm-none-eabi/13.3.1/../../../../arm-none-eabi/lib/thumb/v7e-m+fp/hard\libm.a(libm_a-ef_sqrt.o)
                0x0800884c                __ieee754_sqrtf
 *fill*         0x08008852        0x2 
 .text.__ieee754_atan2f
                0x08008854      0x140 D:/Mechatronics/STM32CubeIDE/STM32CubeIDE_1.18.0/STM32CubeIDE/plugins/com.st.stm32cube.ide.mcu.externaltools.gnu-tools-for-stm32.13.3.rel1.win32_1.0.0.202411081344/tools/bin/../lib/gcc/arm-none-eabi/13.3.1/../../../../arm-none-eabi/lib/thumb/v7e-m+fp/hard\libm.a(libm_a-ef_atan2.o)
                0x08008854                __ieee754_atan2f
 .text.atanf    0x08008994      0x1a8 D:/Mechatronics/STM32CubeIDE/STM32CubeIDE_1.18.0/STM32CubeIDE/plugins/com.st.stm32cube.ide.mcu.externaltools.gnu-tools-for-stm32.13.3.rel1.win32_1.0.0.202411081344/tools/bin/../lib/gcc/arm-none-eabi/13.3.1/../../../../arm-none-eabi/lib/thumb/v7e-m+fp/hard\libm.a(libm_a-sf_atan.o)
                0x08008994                atanf
 .text.fabsf    0x08008b3c        0xe D:/Mechatronics/STM32CubeIDE/STM32CubeIDE_1.18.0/STM32CubeIDE/plugins/com.st.stm32cube.ide.mcu.externaltools.gnu-tools-for-stm32.13.3.rel1.win32_1.0.0.202411081344/tools/bin/../lib/gcc/arm-none-eabi/13.3.1/../../../../arm-none-eabi/lib/thumb/v7e-m+fp/hard\libm.a(libm_a-sf_fabs.o)
                0x08008b3c                fabsf
 *(.glue_7)
 .glue_7        0x08008b4a        0x0 linker stubs
 *(.glue_7t)
 .glue_7t       0x08008b4a        0x0 linker stubs
 *(.eh_frame)
 *fill*         0x08008b4a        0x2 
 .eh_frame      0x08008b4c        0x0 D:/Mechatronics/STM32CubeIDE/STM32CubeIDE_1.18.0/STM32CubeIDE/plugins/com.st.stm32cube.ide.mcu.externaltools.gnu-tools-for-stm32.13.3.rel1.win32_1.0.0.202411081344/tools/bin/../lib/gcc/arm-none-eabi/13.3.1/thumb/v7e-m+fp/hard/crtbegin.o
 *(.init)
 .init          0x08008b4c        0x4 D:/Mechatronics/STM32CubeIDE/STM32CubeIDE_1.18.0/STM32CubeIDE/plugins/com.st.stm32cube.ide.mcu.externaltools.gnu-tools-for-stm32.13.3.rel1.win32_1.0.0.202411081344/tools/bin/../lib/gcc/arm-none-eabi/13.3.1/thumb/v7e-m+fp/hard/crti.o
                0x08008b4c                _init
 .init          0x08008b50        0x8 D:/Mechatronics/STM32CubeIDE/STM32CubeIDE_1.18.0/STM32CubeIDE/plugins/com.st.stm32cube.ide.mcu.externaltools.gnu-tools-for-stm32.13.3.rel1.win32_1.0.0.202411081344/tools/bin/../lib/gcc/arm-none-eabi/13.3.1/thumb/v7e-m+fp/hard/crtn.o
 *(.fini)
 .fini          0x08008b58        0x4 D:/Mechatronics/STM32CubeIDE/STM32CubeIDE_1.18.0/STM32CubeIDE/plugins/com.st.stm32cube.ide.mcu.externaltools.gnu-tools-for-stm32.13.3.rel1.win32_1.0.0.202411081344/tools/bin/../lib/gcc/arm-none-eabi/13.3.1/thumb/v7e-m+fp/hard/crti.o
                0x08008b58                _fini
 .fini          0x08008b5c        0x8 D:/Mechatronics/STM32CubeIDE/STM32CubeIDE_1.18.0/STM32CubeIDE/plugins/com.st.stm32cube.ide.mcu.externaltools.gnu-tools-for-stm32.13.3.rel1.win32_1.0.0.202411081344/tools/bin/../lib/gcc/arm-none-eabi/13.3.1/thumb/v7e-m+fp/hard/crtn.o
                0x08008b64                        . = ALIGN (0x4)
                0x08008b64                        _etext = .

.vfp11_veneer   0x08008b64        0x0
 .vfp11_veneer  0x08008b64        0x0 linker stubs

.v4_bx          0x08008b64        0x0
 .v4_bx         0x08008b64        0x0 linker stubs

.iplt           0x08008b64        0x0
 .iplt          0x08008b64        0x0 D:/Mechatronics/STM32CubeIDE/STM32CubeIDE_1.18.0/STM32CubeIDE/plugins/com.st.stm32cube.ide.mcu.externaltools.gnu-tools-for-stm32.13.3.rel1.win32_1.0.0.202411081344/tools/bin/../lib/gcc/arm-none-eabi/13.3.1/thumb/v7e-m+fp/hard/crtbegin.o

.rodata         0x08008b64       0x5c
                0x08008b64                        . = ALIGN (0x4)
 *(.rodata)
 *(.rodata*)
 .rodata.ANGLEZ_ZERO
                0x08008b64        0x3 ./Core/Src/WT61.o
 *fill*         0x08008b67        0x1 
 .rodata.AHBPrescTable
                0x08008b68       0x10 ./Core/Src/system_stm32f4xx.o
                0x08008b68                AHBPrescTable
 .rodata.APBPrescTable
                0x08008b78        0x8 ./Core/Src/system_stm32f4xx.o
                0x08008b78                APBPrescTable
 .rodata.flagBitshiftOffset.0
                0x08008b80        0x8 ./Drivers/STM32F4xx_HAL_Driver/Src/stm32f4xx_hal_dma.o
 .rodata.CSWTCH.9
                0x08008b88        0xc D:/Mechatronics/STM32CubeIDE/STM32CubeIDE_1.18.0/STM32CubeIDE/plugins/com.st.stm32cube.ide.mcu.externaltools.gnu-tools-for-stm32.13.3.rel1.win32_1.0.0.202411081344/tools/bin/../lib/gcc/arm-none-eabi/13.3.1/../../../../arm-none-eabi/lib/thumb/v7e-m+fp/hard\libm.a(libm_a-ef_atan2.o)
 .rodata.CSWTCH.8
                0x08008b94        0xc D:/Mechatronics/STM32CubeIDE/STM32CubeIDE_1.18.0/STM32CubeIDE/plugins/com.st.stm32cube.ide.mcu.externaltools.gnu-tools-for-stm32.13.3.rel1.win32_1.0.0.202411081344/tools/bin/../lib/gcc/arm-none-eabi/13.3.1/../../../../arm-none-eabi/lib/thumb/v7e-m+fp/hard\libm.a(libm_a-ef_atan2.o)
 .rodata.atanlo
                0x08008ba0       0x10 D:/Mechatronics/STM32CubeIDE/STM32CubeIDE_1.18.0/STM32CubeIDE/plugins/com.st.stm32cube.ide.mcu.externaltools.gnu-tools-for-stm32.13.3.rel1.win32_1.0.0.202411081344/tools/bin/../lib/gcc/arm-none-eabi/13.3.1/../../../../arm-none-eabi/lib/thumb/v7e-m+fp/hard\libm.a(libm_a-sf_atan.o)
 .rodata.atanhi
                0x08008bb0       0x10 D:/Mechatronics/STM32CubeIDE/STM32CubeIDE_1.18.0/STM32CubeIDE/plugins/com.st.stm32cube.ide.mcu.externaltools.gnu-tools-for-stm32.13.3.rel1.win32_1.0.0.202411081344/tools/bin/../lib/gcc/arm-none-eabi/13.3.1/../../../../arm-none-eabi/lib/thumb/v7e-m+fp/hard\libm.a(libm_a-sf_atan.o)
                0x08008bc0                        . = ALIGN (0x4)

.ARM.extab      0x08008bc0        0x0
                0x08008bc0                        . = ALIGN (0x4)
 *(.ARM.extab* .gnu.linkonce.armextab.*)
                0x08008bc0                        . = ALIGN (0x4)

.ARM            0x08008bc0        0x8
                0x08008bc0                        . = ALIGN (0x4)
                0x08008bc0                        __exidx_start = .
 *(.ARM.exidx*)
 .ARM.exidx     0x08008bc0        0x8 D:/Mechatronics/STM32CubeIDE/STM32CubeIDE_1.18.0/STM32CubeIDE/plugins/com.st.stm32cube.ide.mcu.externaltools.gnu-tools-for-stm32.13.3.rel1.win32_1.0.0.202411081344/tools/bin/../lib/gcc/arm-none-eabi/13.3.1/thumb/v7e-m+fp/hard\libgcc.a(_udivmoddi4.o)
                0x08008bc8                        __exidx_end = .
                0x08008bc8                        . = ALIGN (0x4)

.preinit_array  0x08008bc8        0x0
                0x08008bc8                        . = ALIGN (0x4)
                0x08008bc8                        PROVIDE (__preinit_array_start = .)
 *(.preinit_array*)
                0x08008bc8                        PROVIDE (__preinit_array_end = .)
                0x08008bc8                        . = ALIGN (0x4)

.init_array     0x08008bc8        0x4
                0x08008bc8                        . = ALIGN (0x4)
                0x08008bc8                        PROVIDE (__init_array_start = .)
 *(SORT_BY_NAME(.init_array.*))
 *(.init_array*)
 .init_array    0x08008bc8        0x4 D:/Mechatronics/STM32CubeIDE/STM32CubeIDE_1.18.0/STM32CubeIDE/plugins/com.st.stm32cube.ide.mcu.externaltools.gnu-tools-for-stm32.13.3.rel1.win32_1.0.0.202411081344/tools/bin/../lib/gcc/arm-none-eabi/13.3.1/thumb/v7e-m+fp/hard/crtbegin.o
                0x08008bcc                        PROVIDE (__init_array_end = .)
                0x08008bcc                        . = ALIGN (0x4)

.fini_array     0x08008bcc        0x4
                0x08008bcc                        . = ALIGN (0x4)
                [!provide]                        PROVIDE (__fini_array_start = .)
 *(SORT_BY_NAME(.fini_array.*))
 *(.fini_array*)
 .fini_array    0x08008bcc        0x4 D:/Mechatronics/STM32CubeIDE/STM32CubeIDE_1.18.0/STM32CubeIDE/plugins/com.st.stm32cube.ide.mcu.externaltools.gnu-tools-for-stm32.13.3.rel1.win32_1.0.0.202411081344/tools/bin/../lib/gcc/arm-none-eabi/13.3.1/thumb/v7e-m+fp/hard/crtbegin.o
                [!provide]                        PROVIDE (__fini_array_end = .)
                0x08008bd0                        . = ALIGN (0x4)
                0x08008bd0                        _sidata = LOADADDR (.data)

.rel.dyn        0x08008bd0        0x0
 .rel.iplt      0x08008bd0        0x0 D:/Mechatronics/STM32CubeIDE/STM32CubeIDE_1.18.0/STM32CubeIDE/plugins/com.st.stm32cube.ide.mcu.externaltools.gnu-tools-for-stm32.13.3.rel1.win32_1.0.0.202411081344/tools/bin/../lib/gcc/arm-none-eabi/13.3.1/thumb/v7e-m+fp/hard/crtbegin.o

.data           0x20000000       0x5c load address 0x08008bd0
                0x20000000                        . = ALIGN (0x4)
                0x20000000                        _sdata = .
 *(.data)
 *(.data*)
 .data.SystemCoreClock
                0x20000000        0x4 ./Core/Src/system_stm32f4xx.o
                0x20000000                SystemCoreClock
 .data.uwTickPrio
                0x20000004        0x4 ./Drivers/STM32F4xx_HAL_Driver/Src/stm32f4xx_hal.o
                0x20000004                uwTickPrio
 .data.uwTickFreq
                0x20000008        0x1 ./Drivers/STM32F4xx_HAL_Driver/Src/stm32f4xx_hal.o
                0x20000008                uwTickFreq
 *fill*         0x20000009        0x3 
 .data._impure_ptr
                0x2000000c        0x4 D:/Mechatronics/STM32CubeIDE/STM32CubeIDE_1.18.0/STM32CubeIDE/plugins/com.st.stm32cube.ide.mcu.externaltools.gnu-tools-for-stm32.13.3.rel1.win32_1.0.0.202411081344/tools/bin/../lib/gcc/arm-none-eabi/13.3.1/../../../../arm-none-eabi/lib/thumb/v7e-m+fp/hard\libc_nano.a(libc_a-impure.o)
                0x2000000c                _impure_ptr
 .data._impure_data
                0x20000010       0x4c D:/Mechatronics/STM32CubeIDE/STM32CubeIDE_1.18.0/STM32CubeIDE/plugins/com.st.stm32cube.ide.mcu.externaltools.gnu-tools-for-stm32.13.3.rel1.win32_1.0.0.202411081344/tools/bin/../lib/gcc/arm-none-eabi/13.3.1/../../../../arm-none-eabi/lib/thumb/v7e-m+fp/hard\libc_nano.a(libc_a-impure.o)
                0x20000010                _impure_data
 *(.RamFunc)
 *(.RamFunc*)
                0x2000005c                        . = ALIGN (0x4)
                0x2000005c                        _edata = .
                0x08008c2c                        _siccmram = LOADADDR (.ccmram)

.igot.plt       0x2000005c        0x0 load address 0x08008c2c
 .igot.plt      0x2000005c        0x0 D:/Mechatronics/STM32CubeIDE/STM32CubeIDE_1.18.0/STM32CubeIDE/plugins/com.st.stm32cube.ide.mcu.externaltools.gnu-tools-for-stm32.13.3.rel1.win32_1.0.0.202411081344/tools/bin/../lib/gcc/arm-none-eabi/13.3.1/thumb/v7e-m+fp/hard/crtbegin.o

.ccmram         0x10000000        0x0 load address 0x08008c2c
                0x10000000                        . = ALIGN (0x4)
                0x10000000                        _sccmram = .
 *(.ccmram)
 *(.ccmram*)
                0x10000000                        . = ALIGN (0x4)
                0x10000000                        _eccmram = .
                0x10000000                        . = ALIGN (0x4)

.bss            0x2000005c      0x80c
                0x2000005c                        _sbss = .
                0x2000005c                        __bss_start__ = _sbss
 *(.bss)
 .bss           0x2000005c       0x1c D:/Mechatronics/STM32CubeIDE/STM32CubeIDE_1.18.0/STM32CubeIDE/plugins/com.st.stm32cube.ide.mcu.externaltools.gnu-tools-for-stm32.13.3.rel1.win32_1.0.0.202411081344/tools/bin/../lib/gcc/arm-none-eabi/13.3.1/thumb/v7e-m+fp/hard/crtbegin.o
 *(.bss*)
 .bss.gamepad   0x20000078       0x1c ./Core/Src/GAMEPAD.o
                0x20000078                gamepad
 .bss.mData     0x20000094        0x1 ./Core/Src/MPU6050.o
                0x20000094                mData
 *fill*         0x20000095        0x3 
 .bss.buffer    0x20000098       0x14 ./Core/Src/MPU6050.o
                0x20000098                buffer
 .bss.dt        0x200000ac        0x4 ./Core/Src/MPU6050.o
                0x200000ac                dt
 .bss.raw_ax    0x200000b0        0x2 ./Core/Src/MPU6050.o
                0x200000b0                raw_ax
 .bss.raw_ay    0x200000b2        0x2 ./Core/Src/MPU6050.o
                0x200000b2                raw_ay
 .bss.raw_az    0x200000b4        0x2 ./Core/Src/MPU6050.o
                0x200000b4                raw_az
 .bss.raw_gx    0x200000b6        0x2 ./Core/Src/MPU6050.o
                0x200000b6                raw_gx
 .bss.raw_gy    0x200000b8        0x2 ./Core/Src/MPU6050.o
                0x200000b8                raw_gy
 .bss.raw_gz    0x200000ba        0x2 ./Core/Src/MPU6050.o
                0x200000ba                raw_gz
 .bss.gyroX     0x200000bc        0x4 ./Core/Src/MPU6050.o
                0x200000bc                gyroX
 .bss.gyroY     0x200000c0        0x4 ./Core/Src/MPU6050.o
                0x200000c0                gyroY
 .bss.gyroZ     0x200000c4        0x4 ./Core/Src/MPU6050.o
                0x200000c4                gyroZ
 .bss.gyroX_offsets
                0x200000c8        0x4 ./Core/Src/MPU6050.o
                0x200000c8                gyroX_offsets
 .bss.gyroY_offsets
                0x200000cc        0x4 ./Core/Src/MPU6050.o
                0x200000cc                gyroY_offsets
 .bss.gyroZ_offsets
                0x200000d0        0x4 ./Core/Src/MPU6050.o
                0x200000d0                gyroZ_offsets
 .bss.accelX    0x200000d4        0x4 ./Core/Src/MPU6050.o
                0x200000d4                accelX
 .bss.accelY    0x200000d8        0x4 ./Core/Src/MPU6050.o
                0x200000d8                accelY
 .bss.accelZ    0x200000dc        0x4 ./Core/Src/MPU6050.o
                0x200000dc                accelZ
 .bss.accelX_offsets
                0x200000e0        0x4 ./Core/Src/MPU6050.o
                0x200000e0                accelX_offsets
 .bss.accelY_offsets
                0x200000e4        0x4 ./Core/Src/MPU6050.o
                0x200000e4                accelY_offsets
 .bss.accelZ_offsets
                0x200000e8        0x4 ./Core/Src/MPU6050.o
                0x200000e8                accelZ_offsets
 .bss.roll      0x200000ec        0x4 ./Core/Src/MPU6050.o
                0x200000ec                roll
 .bss.pitch     0x200000f0        0x4 ./Core/Src/MPU6050.o
                0x200000f0                pitch
 .bss.current_Time
                0x200000f4        0x4 ./Core/Src/MPU6050.o
                0x200000f4                current_Time
 .bss.prev_Time
                0x200000f8        0x4 ./Core/Src/MPU6050.o
                0x200000f8                prev_Time
 .bss.check     0x200000fc        0x1 ./Core/Src/MPU6050.o
                0x200000fc                check
 .bss.status    0x200000fd        0x1 ./Core/Src/MPU6050.o
                0x200000fd                status
 *fill*         0x200000fe        0x2 
 .bss.IMU_HI2C  0x20000100        0x4 ./Core/Src/MPU6050.o
                0x20000100                IMU_HI2C
 .bss.IMU_HTIM  0x20000104        0x4 ./Core/Src/MPU6050.o
                0x20000104                IMU_HTIM
 .bss.IMU_UART  0x20000108        0x4 ./Core/Src/WT61.o
                0x20000108                IMU_UART
 .bss.yaw_angle
                0x2000010c        0x4 ./Core/Src/WT61.o
                0x2000010c                yaw_angle
 .bss.prev_yaw_angle
                0x20000110        0x4 ./Core/Src/WT61.o
                0x20000110                prev_yaw_angle
 .bss.save_yaw_angle
                0x20000114        0x4 ./Core/Src/WT61.o
                0x20000114                save_yaw_angle
 .bss.pitch_angle
                0x20000118        0x4 ./Core/Src/WT61.o
                0x20000118                pitch_angle
 .bss.roll_angle
                0x2000011c        0x4 ./Core/Src/WT61.o
                0x2000011c                roll_angle
 .bss.data_packet
                0x20000120       0x28 ./Core/Src/WT61.o
                0x20000120                data_packet
 .bss.check_bit
                0x20000148        0x1 ./Core/Src/WT61.o
                0x20000148                check_bit
 .bss.handle    0x20000149        0x1 ./Core/Src/WT61.o
                0x20000149                handle
 *fill*         0x2000014a        0x2 
 .bss.angleZ    0x2000014c        0x4 ./Core/Src/main.o
                0x2000014c                angleZ
 .bss.drone     0x20000150        0x7 ./Core/Src/main.o
                0x20000150                drone
 *fill*         0x20000157        0x1 
 .bss.roll_controller
                0x20000158       0x48 ./Core/Src/main.o
                0x20000158                roll_controller
 .bss.pitch_controller
                0x200001a0       0x48 ./Core/Src/main.o
                0x200001a0                pitch_controller
 .bss.yaw_controller
                0x200001e8       0x48 ./Core/Src/main.o
                0x200001e8                yaw_controller
 .bss.duration  0x20000230        0x4 ./Core/Src/main.o
                0x20000230                duration
 .bss.hi2c1     0x20000234       0x54 ./Core/Src/main.o
                0x20000234                hi2c1
 .bss.hi2c2     0x20000288       0x54 ./Core/Src/main.o
                0x20000288                hi2c2
 .bss.hdma_i2c2_rx
                0x200002dc       0x60 ./Core/Src/main.o
                0x200002dc                hdma_i2c2_rx
 .bss.htim1     0x2000033c       0x48 ./Core/Src/main.o
                0x2000033c                htim1
 .bss.htim2     0x20000384       0x48 ./Core/Src/main.o
                0x20000384                htim2
 .bss.htim3     0x200003cc       0x48 ./Core/Src/main.o
                0x200003cc                htim3
 .bss.htim4     0x20000414       0x48 ./Core/Src/main.o
                0x20000414                htim4
 .bss.htim5     0x2000045c       0x48 ./Core/Src/main.o
                0x2000045c                htim5
 .bss.htim8     0x200004a4       0x48 ./Core/Src/main.o
                0x200004a4                htim8
 .bss.htim9     0x200004ec       0x48 ./Core/Src/main.o
                0x200004ec                htim9
 .bss.huart1    0x20000534       0x48 ./Core/Src/main.o
                0x20000534                huart1
 .bss.huart2    0x2000057c       0x48 ./Core/Src/main.o
                0x2000057c                huart2
 .bss.huart6    0x200005c4       0x48 ./Core/Src/main.o
                0x200005c4                huart6
 .bss.hdma_usart1_rx
                0x2000060c       0x60 ./Core/Src/main.o
                0x2000060c                hdma_usart1_rx
 .bss.hdma_usart2_rx
                0x2000066c       0x60 ./Core/Src/main.o
                0x2000066c                hdma_usart2_rx
 .bss.hdma_usart6_rx
                0x200006cc       0x60 ./Core/Src/main.o
                0x200006cc                hdma_usart6_rx
 .bss.uwTick    0x2000072c        0x4 ./Drivers/STM32F4xx_HAL_Driver/Src/stm32f4xx_hal.o
                0x2000072c                uwTick
 .bss.__sf      0x20000730      0x138 D:/Mechatronics/STM32CubeIDE/STM32CubeIDE_1.18.0/STM32CubeIDE/plugins/com.st.stm32cube.ide.mcu.externaltools.gnu-tools-for-stm32.13.3.rel1.win32_1.0.0.202411081344/tools/bin/../lib/gcc/arm-none-eabi/13.3.1/../../../../arm-none-eabi/lib/thumb/v7e-m+fp/hard\libc_nano.a(libc_a-findfp.o)
                0x20000730                __sf
 *(COMMON)
                0x20000868                        . = ALIGN (0x4)
                0x20000868                        _ebss = .
                0x20000868                        __bss_end__ = _ebss

._user_heap_stack
                0x20000868      0x600
                0x20000868                        . = ALIGN (0x8)
                [!provide]                        PROVIDE (end = .)
                0x20000868                        PROVIDE (_end = .)
                0x20000a68                        . = (. + _Min_Heap_Size)
 *fill*         0x20000868      0x200 
                0x20000e68                        . = (. + _Min_Stack_Size)
 *fill*         0x20000a68      0x400 
                0x20000e68                        . = ALIGN (0x8)

/DISCARD/
 libc.a(*)
 libm.a(*)
 libgcc.a(*)

.ARM.attributes
                0x00000000       0x30
 *(.ARM.attributes)
 .ARM.attributes
                0x00000000       0x22 D:/Mechatronics/STM32CubeIDE/STM32CubeIDE_1.18.0/STM32CubeIDE/plugins/com.st.stm32cube.ide.mcu.externaltools.gnu-tools-for-stm32.13.3.rel1.win32_1.0.0.202411081344/tools/bin/../lib/gcc/arm-none-eabi/13.3.1/thumb/v7e-m+fp/hard/crti.o
 .ARM.attributes
                0x00000022       0x34 D:/Mechatronics/STM32CubeIDE/STM32CubeIDE_1.18.0/STM32CubeIDE/plugins/com.st.stm32cube.ide.mcu.externaltools.gnu-tools-for-stm32.13.3.rel1.win32_1.0.0.202411081344/tools/bin/../lib/gcc/arm-none-eabi/13.3.1/thumb/v7e-m+fp/hard/crtbegin.o
 .ARM.attributes
                0x00000056       0x34 ./Core/Src/GAMEPAD.o
 .ARM.attributes
                0x0000008a       0x34 ./Core/Src/MPU6050.o
 .ARM.attributes
                0x000000be       0x34 ./Core/Src/PID.o
 .ARM.attributes
                0x000000f2       0x34 ./Core/Src/WT61.o
 .ARM.attributes
                0x00000126       0x34 ./Core/Src/main.o
 .ARM.attributes
                0x0000015a       0x34 ./Core/Src/stm32f4xx_hal_msp.o
 .ARM.attributes
                0x0000018e       0x34 ./Core/Src/stm32f4xx_it.o
 .ARM.attributes
                0x000001c2       0x34 ./Core/Src/system_stm32f4xx.o
 .ARM.attributes
                0x000001f6       0x21 ./Core/Startup/startup_stm32f407vetx.o
 .ARM.attributes
                0x00000217       0x34 ./Drivers/STM32F4xx_HAL_Driver/Src/stm32f4xx_hal.o
 .ARM.attributes
                0x0000024b       0x34 ./Drivers/STM32F4xx_HAL_Driver/Src/stm32f4xx_hal_cortex.o
 .ARM.attributes
                0x0000027f       0x34 ./Drivers/STM32F4xx_HAL_Driver/Src/stm32f4xx_hal_dma.o
 .ARM.attributes
                0x000002b3       0x34 ./Drivers/STM32F4xx_HAL_Driver/Src/stm32f4xx_hal_gpio.o
 .ARM.attributes
                0x000002e7       0x34 ./Drivers/STM32F4xx_HAL_Driver/Src/stm32f4xx_hal_i2c.o
 .ARM.attributes
                0x0000031b       0x34 ./Drivers/STM32F4xx_HAL_Driver/Src/stm32f4xx_hal_rcc.o
 .ARM.attributes
                0x0000034f       0x34 ./Drivers/STM32F4xx_HAL_Driver/Src/stm32f4xx_hal_tim.o
 .ARM.attributes
                0x00000383       0x34 ./Drivers/STM32F4xx_HAL_Driver/Src/stm32f4xx_hal_tim_ex.o
 .ARM.attributes
                0x000003b7       0x34 ./Drivers/STM32F4xx_HAL_Driver/Src/stm32f4xx_hal_uart.o
 .ARM.attributes
                0x000003eb       0x34 D:/Mechatronics/STM32CubeIDE/STM32CubeIDE_1.18.0/STM32CubeIDE/plugins/com.st.stm32cube.ide.mcu.externaltools.gnu-tools-for-stm32.13.3.rel1.win32_1.0.0.202411081344/tools/bin/../lib/gcc/arm-none-eabi/13.3.1/../../../../arm-none-eabi/lib/thumb/v7e-m+fp/hard\libc_nano.a(libc_a-findfp.o)
 .ARM.attributes
                0x0000041f       0x34 D:/Mechatronics/STM32CubeIDE/STM32CubeIDE_1.18.0/STM32CubeIDE/plugins/com.st.stm32cube.ide.mcu.externaltools.gnu-tools-for-stm32.13.3.rel1.win32_1.0.0.202411081344/tools/bin/../lib/gcc/arm-none-eabi/13.3.1/../../../../arm-none-eabi/lib/thumb/v7e-m+fp/hard\libc_nano.a(libc_a-memset.o)
 .ARM.attributes
                0x00000453       0x34 D:/Mechatronics/STM32CubeIDE/STM32CubeIDE_1.18.0/STM32CubeIDE/plugins/com.st.stm32cube.ide.mcu.externaltools.gnu-tools-for-stm32.13.3.rel1.win32_1.0.0.202411081344/tools/bin/../lib/gcc/arm-none-eabi/13.3.1/../../../../arm-none-eabi/lib/thumb/v7e-m+fp/hard\libc_nano.a(libc_a-impure.o)
 .ARM.attributes
                0x00000487       0x34 D:/Mechatronics/STM32CubeIDE/STM32CubeIDE_1.18.0/STM32CubeIDE/plugins/com.st.stm32cube.ide.mcu.externaltools.gnu-tools-for-stm32.13.3.rel1.win32_1.0.0.202411081344/tools/bin/../lib/gcc/arm-none-eabi/13.3.1/../../../../arm-none-eabi/lib/thumb/v7e-m+fp/hard\libc_nano.a(libc_a-errno.o)
 .ARM.attributes
                0x000004bb       0x34 D:/Mechatronics/STM32CubeIDE/STM32CubeIDE_1.18.0/STM32CubeIDE/plugins/com.st.stm32cube.ide.mcu.externaltools.gnu-tools-for-stm32.13.3.rel1.win32_1.0.0.202411081344/tools/bin/../lib/gcc/arm-none-eabi/13.3.1/../../../../arm-none-eabi/lib/thumb/v7e-m+fp/hard\libc_nano.a(libc_a-init.o)
 .ARM.attributes
                0x000004ef       0x34 D:/Mechatronics/STM32CubeIDE/STM32CubeIDE_1.18.0/STM32CubeIDE/plugins/com.st.stm32cube.ide.mcu.externaltools.gnu-tools-for-stm32.13.3.rel1.win32_1.0.0.202411081344/tools/bin/../lib/gcc/arm-none-eabi/13.3.1/../../../../arm-none-eabi/lib/thumb/v7e-m+fp/hard\libm.a(libm_a-wf_atan2.o)
 .ARM.attributes
                0x00000523       0x34 D:/Mechatronics/STM32CubeIDE/STM32CubeIDE_1.18.0/STM32CubeIDE/plugins/com.st.stm32cube.ide.mcu.externaltools.gnu-tools-for-stm32.13.3.rel1.win32_1.0.0.202411081344/tools/bin/../lib/gcc/arm-none-eabi/13.3.1/../../../../arm-none-eabi/lib/thumb/v7e-m+fp/hard\libm.a(libm_a-wf_sqrt.o)
 .ARM.attributes
                0x00000557       0x34 D:/Mechatronics/STM32CubeIDE/STM32CubeIDE_1.18.0/STM32CubeIDE/plugins/com.st.stm32cube.ide.mcu.externaltools.gnu-tools-for-stm32.13.3.rel1.win32_1.0.0.202411081344/tools/bin/../lib/gcc/arm-none-eabi/13.3.1/../../../../arm-none-eabi/lib/thumb/v7e-m+fp/hard\libm.a(libm_a-ef_sqrt.o)
 .ARM.attributes
                0x0000058b       0x34 D:/Mechatronics/STM32CubeIDE/STM32CubeIDE_1.18.0/STM32CubeIDE/plugins/com.st.stm32cube.ide.mcu.externaltools.gnu-tools-for-stm32.13.3.rel1.win32_1.0.0.202411081344/tools/bin/../lib/gcc/arm-none-eabi/13.3.1/../../../../arm-none-eabi/lib/thumb/v7e-m+fp/hard\libm.a(libm_a-ef_atan2.o)
 .ARM.attributes
                0x000005bf       0x34 D:/Mechatronics/STM32CubeIDE/STM32CubeIDE_1.18.0/STM32CubeIDE/plugins/com.st.stm32cube.ide.mcu.externaltools.gnu-tools-for-stm32.13.3.rel1.win32_1.0.0.202411081344/tools/bin/../lib/gcc/arm-none-eabi/13.3.1/../../../../arm-none-eabi/lib/thumb/v7e-m+fp/hard\libm.a(libm_a-sf_atan.o)
 .ARM.attributes
                0x000005f3       0x34 D:/Mechatronics/STM32CubeIDE/STM32CubeIDE_1.18.0/STM32CubeIDE/plugins/com.st.stm32cube.ide.mcu.externaltools.gnu-tools-for-stm32.13.3.rel1.win32_1.0.0.202411081344/tools/bin/../lib/gcc/arm-none-eabi/13.3.1/../../../../arm-none-eabi/lib/thumb/v7e-m+fp/hard\libm.a(libm_a-sf_fabs.o)
 .ARM.attributes
                0x00000627       0x22 D:/Mechatronics/STM32CubeIDE/STM32CubeIDE_1.18.0/STM32CubeIDE/plugins/com.st.stm32cube.ide.mcu.externaltools.gnu-tools-for-stm32.13.3.rel1.win32_1.0.0.202411081344/tools/bin/../lib/gcc/arm-none-eabi/13.3.1/thumb/v7e-m+fp/hard\libgcc.a(_arm_addsubdf3.o)
 .ARM.attributes
                0x00000649       0x22 D:/Mechatronics/STM32CubeIDE/STM32CubeIDE_1.18.0/STM32CubeIDE/plugins/com.st.stm32cube.ide.mcu.externaltools.gnu-tools-for-stm32.13.3.rel1.win32_1.0.0.202411081344/tools/bin/../lib/gcc/arm-none-eabi/13.3.1/thumb/v7e-m+fp/hard\libgcc.a(_arm_truncdfsf2.o)
 .ARM.attributes
                0x0000066b       0x22 D:/Mechatronics/STM32CubeIDE/STM32CubeIDE_1.18.0/STM32CubeIDE/plugins/com.st.stm32cube.ide.mcu.externaltools.gnu-tools-for-stm32.13.3.rel1.win32_1.0.0.202411081344/tools/bin/../lib/gcc/arm-none-eabi/13.3.1/thumb/v7e-m+fp/hard\libgcc.a(_aeabi_uldivmod.o)
 .ARM.attributes
                0x0000068d       0x34 D:/Mechatronics/STM32CubeIDE/STM32CubeIDE_1.18.0/STM32CubeIDE/plugins/com.st.stm32cube.ide.mcu.externaltools.gnu-tools-for-stm32.13.3.rel1.win32_1.0.0.202411081344/tools/bin/../lib/gcc/arm-none-eabi/13.3.1/thumb/v7e-m+fp/hard\libgcc.a(_udivmoddi4.o)
 .ARM.attributes
                0x000006c1       0x22 D:/Mechatronics/STM32CubeIDE/STM32CubeIDE_1.18.0/STM32CubeIDE/plugins/com.st.stm32cube.ide.mcu.externaltools.gnu-tools-for-stm32.13.3.rel1.win32_1.0.0.202411081344/tools/bin/../lib/gcc/arm-none-eabi/13.3.1/thumb/v7e-m+fp/hard\libgcc.a(_dvmd_tls.o)
 .ARM.attributes
                0x000006e3       0x22 D:/Mechatronics/STM32CubeIDE/STM32CubeIDE_1.18.0/STM32CubeIDE/plugins/com.st.stm32cube.ide.mcu.externaltools.gnu-tools-for-stm32.13.3.rel1.win32_1.0.0.202411081344/tools/bin/../lib/gcc/arm-none-eabi/13.3.1/thumb/v7e-m+fp/hard/crtn.o
OUTPUT(Drone_V1.elf elf32-littlearm)
LOAD linker stubs
LOAD D:/Mechatronics/STM32CubeIDE/STM32CubeIDE_1.18.0/STM32CubeIDE/plugins/com.st.stm32cube.ide.mcu.externaltools.gnu-tools-for-stm32.13.3.rel1.win32_1.0.0.202411081344/tools/bin/../lib/gcc/arm-none-eabi/13.3.1/../../../../arm-none-eabi/lib/thumb/v7e-m+fp/hard\libc.a
LOAD D:/Mechatronics/STM32CubeIDE/STM32CubeIDE_1.18.0/STM32CubeIDE/plugins/com.st.stm32cube.ide.mcu.externaltools.gnu-tools-for-stm32.13.3.rel1.win32_1.0.0.202411081344/tools/bin/../lib/gcc/arm-none-eabi/13.3.1/../../../../arm-none-eabi/lib/thumb/v7e-m+fp/hard\libm.a
LOAD D:/Mechatronics/STM32CubeIDE/STM32CubeIDE_1.18.0/STM32CubeIDE/plugins/com.st.stm32cube.ide.mcu.externaltools.gnu-tools-for-stm32.13.3.rel1.win32_1.0.0.202411081344/tools/bin/../lib/gcc/arm-none-eabi/13.3.1/thumb/v7e-m+fp/hard\libgcc.a

.debug_info     0x00000000    0x124c5
 .debug_info    0x00000000      0x6ff ./Core/Src/GAMEPAD.o
 .debug_info    0x000006ff      0xd7a ./Core/Src/MPU6050.o
 .debug_info    0x00001479      0x27a ./Core/Src/PID.o
 .debug_info    0x000016f3      0x85b ./Core/Src/WT61.o
 .debug_info    0x00001f4e     0x2320 ./Core/Src/main.o
 .debug_info    0x0000426e     0x149a ./Core/Src/stm32f4xx_hal_msp.o
 .debug_info    0x00005708      0x776 ./Core/Src/stm32f4xx_it.o
 .debug_info    0x00005e7e      0x512 ./Core/Src/system_stm32f4xx.o
 .debug_info    0x00006390       0x30 ./Core/Startup/startup_stm32f407vetx.o
 .debug_info    0x000063c0      0x944 ./Drivers/STM32F4xx_HAL_Driver/Src/stm32f4xx_hal.o
 .debug_info    0x00006d04      0xd8c ./Drivers/STM32F4xx_HAL_Driver/Src/stm32f4xx_hal_cortex.o
 .debug_info    0x00007a90      0x8e7 ./Drivers/STM32F4xx_HAL_Driver/Src/stm32f4xx_hal_dma.o
 .debug_info    0x00008377      0x6c3 ./Drivers/STM32F4xx_HAL_Driver/Src/stm32f4xx_hal_gpio.o
 .debug_info    0x00008a3a     0x2415 ./Drivers/STM32F4xx_HAL_Driver/Src/stm32f4xx_hal_i2c.o
 .debug_info    0x0000ae4f      0x8af ./Drivers/STM32F4xx_HAL_Driver/Src/stm32f4xx_hal_rcc.o
 .debug_info    0x0000b6fe     0x299d ./Drivers/STM32F4xx_HAL_Driver/Src/stm32f4xx_hal_tim.o
 .debug_info    0x0000e09b     0x14db ./Drivers/STM32F4xx_HAL_Driver/Src/stm32f4xx_hal_tim_ex.o
 .debug_info    0x0000f576     0x2f4f ./Drivers/STM32F4xx_HAL_Driver/Src/stm32f4xx_hal_uart.o

.debug_abbrev   0x00000000     0x2689
 .debug_abbrev  0x00000000      0x1ab ./Core/Src/GAMEPAD.o
 .debug_abbrev  0x000001ab      0x21b ./Core/Src/MPU6050.o
 .debug_abbrev  0x000003c6      0x103 ./Core/Src/PID.o
 .debug_abbrev  0x000004c9      0x228 ./Core/Src/WT61.o
 .debug_abbrev  0x000006f1      0x375 ./Core/Src/main.o
 .debug_abbrev  0x00000a66      0x260 ./Core/Src/stm32f4xx_hal_msp.o
 .debug_abbrev  0x00000cc6      0x1af ./Core/Src/stm32f4xx_it.o
 .debug_abbrev  0x00000e75      0x11a ./Core/Src/system_stm32f4xx.o
 .debug_abbrev  0x00000f8f       0x24 ./Core/Startup/startup_stm32f407vetx.o
 .debug_abbrev  0x00000fb3      0x214 ./Drivers/STM32F4xx_HAL_Driver/Src/stm32f4xx_hal.o
 .debug_abbrev  0x000011c7      0x31d ./Drivers/STM32F4xx_HAL_Driver/Src/stm32f4xx_hal_cortex.o
 .debug_abbrev  0x000014e4      0x264 ./Drivers/STM32F4xx_HAL_Driver/Src/stm32f4xx_hal_dma.o
 .debug_abbrev  0x00001748      0x1d4 ./Drivers/STM32F4xx_HAL_Driver/Src/stm32f4xx_hal_gpio.o
 .debug_abbrev  0x0000191c      0x2ad ./Drivers/STM32F4xx_HAL_Driver/Src/stm32f4xx_hal_i2c.o
 .debug_abbrev  0x00001bc9      0x2b7 ./Drivers/STM32F4xx_HAL_Driver/Src/stm32f4xx_hal_rcc.o
 .debug_abbrev  0x00001e80      0x278 ./Drivers/STM32F4xx_HAL_Driver/Src/stm32f4xx_hal_tim.o
 .debug_abbrev  0x000020f8      0x283 ./Drivers/STM32F4xx_HAL_Driver/Src/stm32f4xx_hal_tim_ex.o
 .debug_abbrev  0x0000237b      0x30e ./Drivers/STM32F4xx_HAL_Driver/Src/stm32f4xx_hal_uart.o

.debug_aranges  0x00000000     0x10d8
 .debug_aranges
                0x00000000       0x30 ./Core/Src/GAMEPAD.o
 .debug_aranges
                0x00000030       0x48 ./Core/Src/MPU6050.o
 .debug_aranges
                0x00000078       0x38 ./Core/Src/PID.o
 .debug_aranges
                0x000000b0       0x70 ./Core/Src/WT61.o
 .debug_aranges
                0x00000120      0x108 ./Core/Src/main.o
 .debug_aranges
                0x00000228       0x58 ./Core/Src/stm32f4xx_hal_msp.o
 .debug_aranges
                0x00000280       0x90 ./Core/Src/stm32f4xx_it.o
 .debug_aranges
                0x00000310       0x28 ./Core/Src/system_stm32f4xx.o
 .debug_aranges
                0x00000338       0x28 ./Core/Startup/startup_stm32f407vetx.o
 .debug_aranges
                0x00000360       0xf0 ./Drivers/STM32F4xx_HAL_Driver/Src/stm32f4xx_hal.o
 .debug_aranges
                0x00000450      0x130 ./Drivers/STM32F4xx_HAL_Driver/Src/stm32f4xx_hal_cortex.o
 .debug_aranges
                0x00000580       0x90 ./Drivers/STM32F4xx_HAL_Driver/Src/stm32f4xx_hal_dma.o
 .debug_aranges
                0x00000610       0x58 ./Drivers/STM32F4xx_HAL_Driver/Src/stm32f4xx_hal_gpio.o
 .debug_aranges
                0x00000668      0x2a8 ./Drivers/STM32F4xx_HAL_Driver/Src/stm32f4xx_hal_i2c.o
 .debug_aranges
                0x00000910       0x88 ./Drivers/STM32F4xx_HAL_Driver/Src/stm32f4xx_hal_rcc.o
 .debug_aranges
                0x00000998      0x3d0 ./Drivers/STM32F4xx_HAL_Driver/Src/stm32f4xx_hal_tim.o
 .debug_aranges
                0x00000d68      0x168 ./Drivers/STM32F4xx_HAL_Driver/Src/stm32f4xx_hal_tim_ex.o
 .debug_aranges
                0x00000ed0      0x208 ./Drivers/STM32F4xx_HAL_Driver/Src/stm32f4xx_hal_uart.o

.debug_rnglists
                0x00000000      0xd55
 .debug_rnglists
                0x00000000       0x20 ./Core/Src/GAMEPAD.o
 .debug_rnglists
                0x00000020       0x36 ./Core/Src/MPU6050.o
 .debug_rnglists
                0x00000056       0x26 ./Core/Src/PID.o
 .debug_rnglists
                0x0000007c       0x52 ./Core/Src/WT61.o
 .debug_rnglists
                0x000000ce       0xcf ./Core/Src/main.o
 .debug_rnglists
                0x0000019d       0x43 ./Core/Src/stm32f4xx_hal_msp.o
 .debug_rnglists
                0x000001e0       0x67 ./Core/Src/stm32f4xx_it.o
 .debug_rnglists
                0x00000247       0x1a ./Core/Src/system_stm32f4xx.o
 .debug_rnglists
                0x00000261       0x19 ./Core/Startup/startup_stm32f407vetx.o
 .debug_rnglists
                0x0000027a       0xaf ./Drivers/STM32F4xx_HAL_Driver/Src/stm32f4xx_hal.o
 .debug_rnglists
                0x00000329       0xe0 ./Drivers/STM32F4xx_HAL_Driver/Src/stm32f4xx_hal_cortex.o
 .debug_rnglists
                0x00000409       0x70 ./Drivers/STM32F4xx_HAL_Driver/Src/stm32f4xx_hal_dma.o
 .debug_rnglists
                0x00000479       0x3f ./Drivers/STM32F4xx_HAL_Driver/Src/stm32f4xx_hal_gpio.o
 .debug_rnglists
                0x000004b8      0x23c ./Drivers/STM32F4xx_HAL_Driver/Src/stm32f4xx_hal_i2c.o
 .debug_rnglists
                0x000006f4       0x66 ./Drivers/STM32F4xx_HAL_Driver/Src/stm32f4xx_hal_rcc.o
 .debug_rnglists
                0x0000075a      0x31a ./Drivers/STM32F4xx_HAL_Driver/Src/stm32f4xx_hal_tim.o
 .debug_rnglists
                0x00000a74      0x125 ./Drivers/STM32F4xx_HAL_Driver/Src/stm32f4xx_hal_tim_ex.o
 .debug_rnglists
                0x00000b99      0x1bc ./Drivers/STM32F4xx_HAL_Driver/Src/stm32f4xx_hal_uart.o

.debug_macro    0x00000000    0x21ce5
 .debug_macro   0x00000000      0x205 ./Core/Src/GAMEPAD.o
 .debug_macro   0x00000205      0xad8 ./Core/Src/GAMEPAD.o
 .debug_macro   0x00000cdd      0x2a1 ./Core/Src/GAMEPAD.o
 .debug_macro   0x00000f7e       0x2e ./Core/Src/GAMEPAD.o
 .debug_macro   0x00000fac       0x2f ./Core/Src/GAMEPAD.o
 .debug_macro   0x00000fdb       0x22 ./Core/Src/GAMEPAD.o
 .debug_macro   0x00000ffd       0x8e ./Core/Src/GAMEPAD.o
 .debug_macro   0x0000108b       0x51 ./Core/Src/GAMEPAD.o
 .debug_macro   0x000010dc      0x103 ./Core/Src/GAMEPAD.o
 .debug_macro   0x000011df       0x6a ./Core/Src/GAMEPAD.o
 .debug_macro   0x00001249      0x1df ./Core/Src/GAMEPAD.o
 .debug_macro   0x00001428       0x1c ./Core/Src/GAMEPAD.o
 .debug_macro   0x00001444       0x22 ./Core/Src/GAMEPAD.o
 .debug_macro   0x00001466       0xfb ./Core/Src/GAMEPAD.o
 .debug_macro   0x00001561     0x1011 ./Core/Src/GAMEPAD.o
 .debug_macro   0x00002572      0x11f ./Core/Src/GAMEPAD.o
 .debug_macro   0x00002691    0x15e97 ./Core/Src/GAMEPAD.o
 .debug_macro   0x00018528       0x6d ./Core/Src/GAMEPAD.o
 .debug_macro   0x00018595     0x369a ./Core/Src/GAMEPAD.o
 .debug_macro   0x0001bc2f      0x190 ./Core/Src/GAMEPAD.o
 .debug_macro   0x0001bdbf       0x5c ./Core/Src/GAMEPAD.o
 .debug_macro   0x0001be1b      0x980 ./Core/Src/GAMEPAD.o
 .debug_macro   0x0001c79b      0x9e9 ./Core/Src/GAMEPAD.o
 .debug_macro   0x0001d184      0x115 ./Core/Src/GAMEPAD.o
 .debug_macro   0x0001d299      0x13e ./Core/Src/GAMEPAD.o
 .debug_macro   0x0001d3d7       0xa5 ./Core/Src/GAMEPAD.o
 .debug_macro   0x0001d47c      0x174 ./Core/Src/GAMEPAD.o
 .debug_macro   0x0001d5f0      0x287 ./Core/Src/GAMEPAD.o
 .debug_macro   0x0001d877       0x5f ./Core/Src/GAMEPAD.o
 .debug_macro   0x0001d8d6      0x236 ./Core/Src/GAMEPAD.o
 .debug_macro   0x0001db0c      0x12c ./Core/Src/GAMEPAD.o
 .debug_macro   0x0001dc38      0x21e ./Core/Src/GAMEPAD.o
 .debug_macro   0x0001de56       0x2e ./Core/Src/GAMEPAD.o
 .debug_macro   0x0001de84      0x1b5 ./Core/Src/GAMEPAD.o
 .debug_macro   0x0001e039       0xd6 ./Core/Src/GAMEPAD.o
 .debug_macro   0x0001e10f      0x127 ./Core/Src/GAMEPAD.o
 .debug_macro   0x0001e236       0x7e ./Core/Src/GAMEPAD.o
 .debug_macro   0x0001e2b4       0x89 ./Core/Src/GAMEPAD.o
 .debug_macro   0x0001e33d      0x8ed ./Core/Src/GAMEPAD.o
 .debug_macro   0x0001ec2a       0x4d ./Core/Src/GAMEPAD.o
 .debug_macro   0x0001ec77      0x2aa ./Core/Src/GAMEPAD.o
 .debug_macro   0x0001ef21      0x12d ./Core/Src/GAMEPAD.o
 .debug_macro   0x0001f04e       0x7c ./Core/Src/GAMEPAD.o
 .debug_macro   0x0001f0ca      0x301 ./Core/Src/MPU6050.o
 .debug_macro   0x0001f3cb       0x61 ./Core/Src/MPU6050.o
 .debug_macro   0x0001f42c       0x2a ./Core/Src/MPU6050.o
 .debug_macro   0x0001f456       0x43 ./Core/Src/MPU6050.o
 .debug_macro   0x0001f499       0x34 ./Core/Src/MPU6050.o
 .debug_macro   0x0001f4cd      0x370 ./Core/Src/MPU6050.o
 .debug_macro   0x0001f83d       0x16 ./Core/Src/MPU6050.o
 .debug_macro   0x0001f853       0x4a ./Core/Src/MPU6050.o
 .debug_macro   0x0001f89d       0x34 ./Core/Src/MPU6050.o
 .debug_macro   0x0001f8d1       0x10 ./Core/Src/MPU6050.o
 .debug_macro   0x0001f8e1       0x58 ./Core/Src/MPU6050.o
 .debug_macro   0x0001f939       0x8e ./Core/Src/MPU6050.o
 .debug_macro   0x0001f9c7       0x1c ./Core/Src/MPU6050.o
 .debug_macro   0x0001f9e3      0x185 ./Core/Src/MPU6050.o
 .debug_macro   0x0001fb68      0x19b ./Core/Src/MPU6050.o
 .debug_macro   0x0001fd03       0x22 ./Core/Src/MPU6050.o
 .debug_macro   0x0001fd25       0x6d ./Core/Src/PID.o
 .debug_macro   0x0001fd92      0x216 ./Core/Src/WT61.o
 .debug_macro   0x0001ffa8      0x34b ./Core/Src/main.o
 .debug_macro   0x000202f3       0x16 ./Core/Src/main.o
 .debug_macro   0x00020309       0x3c ./Core/Src/main.o
 .debug_macro   0x00020345       0x10 ./Core/Src/main.o
 .debug_macro   0x00020355       0x16 ./Core/Src/main.o
 .debug_macro   0x0002036b       0x16 ./Core/Src/main.o
 .debug_macro   0x00020381      0x146 ./Core/Src/main.o
 .debug_macro   0x000204c7       0x16 ./Core/Src/main.o
 .debug_macro   0x000204dd       0x20 ./Core/Src/main.o
 .debug_macro   0x000204fd      0x1f7 ./Core/Src/stm32f4xx_hal_msp.o
 .debug_macro   0x000206f4      0x201 ./Core/Src/stm32f4xx_it.o
 .debug_macro   0x000208f5      0x1e8 ./Core/Src/system_stm32f4xx.o
 .debug_macro   0x00020add      0x248 ./Drivers/STM32F4xx_HAL_Driver/Src/stm32f4xx_hal.o
 .debug_macro   0x00020d25      0x1e8 ./Drivers/STM32F4xx_HAL_Driver/Src/stm32f4xx_hal_cortex.o
 .debug_macro   0x00020f0d      0x1ee ./Drivers/STM32F4xx_HAL_Driver/Src/stm32f4xx_hal_dma.o
 .debug_macro   0x000210fb      0x1ee ./Drivers/STM32F4xx_HAL_Driver/Src/stm32f4xx_hal_gpio.o
 .debug_macro   0x000212e9      0x236 ./Drivers/STM32F4xx_HAL_Driver/Src/stm32f4xx_hal_i2c.o
 .debug_macro   0x0002151f      0x20c ./Drivers/STM32F4xx_HAL_Driver/Src/stm32f4xx_hal_rcc.o
 .debug_macro   0x0002172b      0x1e9 ./Drivers/STM32F4xx_HAL_Driver/Src/stm32f4xx_hal_tim.o
 .debug_macro   0x00021914      0x1e8 ./Drivers/STM32F4xx_HAL_Driver/Src/stm32f4xx_hal_tim_ex.o
 .debug_macro   0x00021afc      0x1e9 ./Drivers/STM32F4xx_HAL_Driver/Src/stm32f4xx_hal_uart.o

.debug_line     0x00000000    0x1444c
 .debug_line    0x00000000      0x7f7 ./Core/Src/GAMEPAD.o
 .debug_line    0x000007f7      0xc8a ./Core/Src/MPU6050.o
 .debug_line    0x00001481      0x513 ./Core/Src/PID.o
 .debug_line    0x00001994      0x922 ./Core/Src/WT61.o
 .debug_line    0x000022b6     0x1440 ./Core/Src/main.o
 .debug_line    0x000036f6      0xa76 ./Core/Src/stm32f4xx_hal_msp.o
 .debug_line    0x0000416c      0x882 ./Core/Src/stm32f4xx_it.o
 .debug_line    0x000049ee      0x7c8 ./Core/Src/system_stm32f4xx.o
 .debug_line    0x000051b6       0x7a ./Core/Startup/startup_stm32f407vetx.o
 .debug_line    0x00005230      0xa35 ./Drivers/STM32F4xx_HAL_Driver/Src/stm32f4xx_hal.o
 .debug_line    0x00005c65      0xd05 ./Drivers/STM32F4xx_HAL_Driver/Src/stm32f4xx_hal_cortex.o
 .debug_line    0x0000696a      0xfa1 ./Drivers/STM32F4xx_HAL_Driver/Src/stm32f4xx_hal_dma.o
 .debug_line    0x0000790b      0xb8d ./Drivers/STM32F4xx_HAL_Driver/Src/stm32f4xx_hal_gpio.o
 .debug_line    0x00008498     0x3ae7 ./Drivers/STM32F4xx_HAL_Driver/Src/stm32f4xx_hal_i2c.o
 .debug_line    0x0000bf7f      0xe42 ./Drivers/STM32F4xx_HAL_Driver/Src/stm32f4xx_hal_rcc.o
 .debug_line    0x0000cdc1     0x37b2 ./Drivers/STM32F4xx_HAL_Driver/Src/stm32f4xx_hal_tim.o
 .debug_line    0x00010573     0x1995 ./Drivers/STM32F4xx_HAL_Driver/Src/stm32f4xx_hal_tim_ex.o
 .debug_line    0x00011f08     0x2544 ./Drivers/STM32F4xx_HAL_Driver/Src/stm32f4xx_hal_uart.o

.debug_str      0x00000000    0xcea16
 .debug_str     0x00000000    0xcea16 ./Core/Src/GAMEPAD.o
                              0xc5df9 (size before relaxing)
 .debug_str     0x000cea16    0xc9e54 ./Core/Src/MPU6050.o
 .debug_str     0x000cea16     0x3e93 ./Core/Src/PID.o
 .debug_str     0x000cea16    0xc6003 ./Core/Src/WT61.o
 .debug_str     0x000cea16    0xcb596 ./Core/Src/main.o
 .debug_str     0x000cea16    0xc6a94 ./Core/Src/stm32f4xx_hal_msp.o
 .debug_str     0x000cea16    0xc5f93 ./Core/Src/stm32f4xx_it.o
 .debug_str     0x000cea16    0xc58c7 ./Core/Src/system_stm32f4xx.o
 .debug_str     0x000cea16       0x96 ./Core/Startup/startup_stm32f407vetx.o
 .debug_str     0x000cea16    0xc644b ./Drivers/STM32F4xx_HAL_Driver/Src/stm32f4xx_hal.o
 .debug_str     0x000cea16    0xc61c7 ./Drivers/STM32F4xx_HAL_Driver/Src/stm32f4xx_hal_cortex.o
 .debug_str     0x000cea16    0xc5ce1 ./Drivers/STM32F4xx_HAL_Driver/Src/stm32f4xx_hal_dma.o
 .debug_str     0x000cea16    0xc5a42 ./Drivers/STM32F4xx_HAL_Driver/Src/stm32f4xx_hal_gpio.o
 .debug_str     0x000cea16    0xc68e5 ./Drivers/STM32F4xx_HAL_Driver/Src/stm32f4xx_hal_i2c.o
 .debug_str     0x000cea16    0xc5cfb ./Drivers/STM32F4xx_HAL_Driver/Src/stm32f4xx_hal_rcc.o
 .debug_str     0x000cea16    0xc6c51 ./Drivers/STM32F4xx_HAL_Driver/Src/stm32f4xx_hal_tim.o
 .debug_str     0x000cea16    0xc645d ./Drivers/STM32F4xx_HAL_Driver/Src/stm32f4xx_hal_tim_ex.o
 .debug_str     0x000cea16    0xc62dc ./Drivers/STM32F4xx_HAL_Driver/Src/stm32f4xx_hal_uart.o

.comment        0x00000000       0x43
 .comment       0x00000000       0x43 ./Core/Src/GAMEPAD.o
                                 0x44 (size before relaxing)
 .comment       0x00000043       0x44 ./Core/Src/MPU6050.o
 .comment       0x00000043       0x44 ./Core/Src/PID.o
 .comment       0x00000043       0x44 ./Core/Src/WT61.o
 .comment       0x00000043       0x44 ./Core/Src/main.o
 .comment       0x00000043       0x44 ./Core/Src/stm32f4xx_hal_msp.o
 .comment       0x00000043       0x44 ./Core/Src/stm32f4xx_it.o
 .comment       0x00000043       0x44 ./Core/Src/system_stm32f4xx.o
 .comment       0x00000043       0x44 ./Drivers/STM32F4xx_HAL_Driver/Src/stm32f4xx_hal.o
 .comment       0x00000043       0x44 ./Drivers/STM32F4xx_HAL_Driver/Src/stm32f4xx_hal_cortex.o
 .comment       0x00000043       0x44 ./Drivers/STM32F4xx_HAL_Driver/Src/stm32f4xx_hal_dma.o
 .comment       0x00000043       0x44 ./Drivers/STM32F4xx_HAL_Driver/Src/stm32f4xx_hal_gpio.o
 .comment       0x00000043       0x44 ./Drivers/STM32F4xx_HAL_Driver/Src/stm32f4xx_hal_i2c.o
 .comment       0x00000043       0x44 ./Drivers/STM32F4xx_HAL_Driver/Src/stm32f4xx_hal_rcc.o
 .comment       0x00000043       0x44 ./Drivers/STM32F4xx_HAL_Driver/Src/stm32f4xx_hal_tim.o
 .comment       0x00000043       0x44 ./Drivers/STM32F4xx_HAL_Driver/Src/stm32f4xx_hal_tim_ex.o
 .comment       0x00000043       0x44 ./Drivers/STM32F4xx_HAL_Driver/Src/stm32f4xx_hal_uart.o

.debug_frame    0x00000000     0x4a74
 .debug_frame   0x00000000       0x70 ./Core/Src/GAMEPAD.o
 .debug_frame   0x00000070      0x108 ./Core/Src/MPU6050.o
 .debug_frame   0x00000178       0xb0 ./Core/Src/PID.o
 .debug_frame   0x00000228      0x15c ./Core/Src/WT61.o
 .debug_frame   0x00000384      0x404 ./Core/Src/main.o
 .debug_frame   0x00000788      0x138 ./Core/Src/stm32f4xx_hal_msp.o
 .debug_frame   0x000008c0      0x1ac ./Core/Src/stm32f4xx_it.o
 .debug_frame   0x00000a6c       0x58 ./Core/Src/system_stm32f4xx.o
 .debug_frame   0x00000ac4      0x374 ./Drivers/STM32F4xx_HAL_Driver/Src/stm32f4xx_hal.o
 .debug_frame   0x00000e38      0x508 ./Drivers/STM32F4xx_HAL_Driver/Src/stm32f4xx_hal_cortex.o
 .debug_frame   0x00001340      0x250 ./Drivers/STM32F4xx_HAL_Driver/Src/stm32f4xx_hal_dma.o
 .debug_frame   0x00001590      0x14c ./Drivers/STM32F4xx_HAL_Driver/Src/stm32f4xx_hal_gpio.o
 .debug_frame   0x000016dc      0xc84 ./Drivers/STM32F4xx_HAL_Driver/Src/stm32f4xx_hal_i2c.o
 .debug_frame   0x00002360      0x1f4 ./Drivers/STM32F4xx_HAL_Driver/Src/stm32f4xx_hal_rcc.o
 .debug_frame   0x00002554     0x11c0 ./Drivers/STM32F4xx_HAL_Driver/Src/stm32f4xx_hal_tim.o
 .debug_frame   0x00003714      0x638 ./Drivers/STM32F4xx_HAL_Driver/Src/stm32f4xx_hal_tim_ex.o
 .debug_frame   0x00003d4c      0x954 ./Drivers/STM32F4xx_HAL_Driver/Src/stm32f4xx_hal_uart.o
 .debug_frame   0x000046a0      0x144 D:/Mechatronics/STM32CubeIDE/STM32CubeIDE_1.18.0/STM32CubeIDE/plugins/com.st.stm32cube.ide.mcu.externaltools.gnu-tools-for-stm32.13.3.rel1.win32_1.0.0.202411081344/tools/bin/../lib/gcc/arm-none-eabi/13.3.1/../../../../arm-none-eabi/lib/thumb/v7e-m+fp/hard\libc_nano.a(libc_a-findfp.o)
 .debug_frame   0x000047e4       0x20 D:/Mechatronics/STM32CubeIDE/STM32CubeIDE_1.18.0/STM32CubeIDE/plugins/com.st.stm32cube.ide.mcu.externaltools.gnu-tools-for-stm32.13.3.rel1.win32_1.0.0.202411081344/tools/bin/../lib/gcc/arm-none-eabi/13.3.1/../../../../arm-none-eabi/lib/thumb/v7e-m+fp/hard\libc_nano.a(libc_a-memset.o)
 .debug_frame   0x00004804       0x20 D:/Mechatronics/STM32CubeIDE/STM32CubeIDE_1.18.0/STM32CubeIDE/plugins/com.st.stm32cube.ide.mcu.externaltools.gnu-tools-for-stm32.13.3.rel1.win32_1.0.0.202411081344/tools/bin/../lib/gcc/arm-none-eabi/13.3.1/../../../../arm-none-eabi/lib/thumb/v7e-m+fp/hard\libc_nano.a(libc_a-errno.o)
 .debug_frame   0x00004824       0x2c D:/Mechatronics/STM32CubeIDE/STM32CubeIDE_1.18.0/STM32CubeIDE/plugins/com.st.stm32cube.ide.mcu.externaltools.gnu-tools-for-stm32.13.3.rel1.win32_1.0.0.202411081344/tools/bin/../lib/gcc/arm-none-eabi/13.3.1/../../../../arm-none-eabi/lib/thumb/v7e-m+fp/hard\libc_nano.a(libc_a-init.o)
 .debug_frame   0x00004850       0x20 D:/Mechatronics/STM32CubeIDE/STM32CubeIDE_1.18.0/STM32CubeIDE/plugins/com.st.stm32cube.ide.mcu.externaltools.gnu-tools-for-stm32.13.3.rel1.win32_1.0.0.202411081344/tools/bin/../lib/gcc/arm-none-eabi/13.3.1/../../../../arm-none-eabi/lib/thumb/v7e-m+fp/hard\libm.a(libm_a-wf_atan2.o)
 .debug_frame   0x00004870       0x38 D:/Mechatronics/STM32CubeIDE/STM32CubeIDE_1.18.0/STM32CubeIDE/plugins/com.st.stm32cube.ide.mcu.externaltools.gnu-tools-for-stm32.13.3.rel1.win32_1.0.0.202411081344/tools/bin/../lib/gcc/arm-none-eabi/13.3.1/../../../../arm-none-eabi/lib/thumb/v7e-m+fp/hard\libm.a(libm_a-wf_sqrt.o)
 .debug_frame   0x000048a8       0x20 D:/Mechatronics/STM32CubeIDE/STM32CubeIDE_1.18.0/STM32CubeIDE/plugins/com.st.stm32cube.ide.mcu.externaltools.gnu-tools-for-stm32.13.3.rel1.win32_1.0.0.202411081344/tools/bin/../lib/gcc/arm-none-eabi/13.3.1/../../../../arm-none-eabi/lib/thumb/v7e-m+fp/hard\libm.a(libm_a-ef_sqrt.o)
 .debug_frame   0x000048c8       0x30 D:/Mechatronics/STM32CubeIDE/STM32CubeIDE_1.18.0/STM32CubeIDE/plugins/com.st.stm32cube.ide.mcu.externaltools.gnu-tools-for-stm32.13.3.rel1.win32_1.0.0.202411081344/tools/bin/../lib/gcc/arm-none-eabi/13.3.1/../../../../arm-none-eabi/lib/thumb/v7e-m+fp/hard\libm.a(libm_a-ef_atan2.o)
 .debug_frame   0x000048f8       0x2c D:/Mechatronics/STM32CubeIDE/STM32CubeIDE_1.18.0/STM32CubeIDE/plugins/com.st.stm32cube.ide.mcu.externaltools.gnu-tools-for-stm32.13.3.rel1.win32_1.0.0.202411081344/tools/bin/../lib/gcc/arm-none-eabi/13.3.1/../../../../arm-none-eabi/lib/thumb/v7e-m+fp/hard\libm.a(libm_a-sf_atan.o)
 .debug_frame   0x00004924       0x20 D:/Mechatronics/STM32CubeIDE/STM32CubeIDE_1.18.0/STM32CubeIDE/plugins/com.st.stm32cube.ide.mcu.externaltools.gnu-tools-for-stm32.13.3.rel1.win32_1.0.0.202411081344/tools/bin/../lib/gcc/arm-none-eabi/13.3.1/../../../../arm-none-eabi/lib/thumb/v7e-m+fp/hard\libm.a(libm_a-sf_fabs.o)
 .debug_frame   0x00004944       0xac D:/Mechatronics/STM32CubeIDE/STM32CubeIDE_1.18.0/STM32CubeIDE/plugins/com.st.stm32cube.ide.mcu.externaltools.gnu-tools-for-stm32.13.3.rel1.win32_1.0.0.202411081344/tools/bin/../lib/gcc/arm-none-eabi/13.3.1/thumb/v7e-m+fp/hard\libgcc.a(_arm_addsubdf3.o)
 .debug_frame   0x000049f0       0x24 D:/Mechatronics/STM32CubeIDE/STM32CubeIDE_1.18.0/STM32CubeIDE/plugins/com.st.stm32cube.ide.mcu.externaltools.gnu-tools-for-stm32.13.3.rel1.win32_1.0.0.202411081344/tools/bin/../lib/gcc/arm-none-eabi/13.3.1/thumb/v7e-m+fp/hard\libgcc.a(_arm_truncdfsf2.o)
 .debug_frame   0x00004a14       0x2c D:/Mechatronics/STM32CubeIDE/STM32CubeIDE_1.18.0/STM32CubeIDE/plugins/com.st.stm32cube.ide.mcu.externaltools.gnu-tools-for-stm32.13.3.rel1.win32_1.0.0.202411081344/tools/bin/../lib/gcc/arm-none-eabi/13.3.1/thumb/v7e-m+fp/hard\libgcc.a(_aeabi_uldivmod.o)
 .debug_frame   0x00004a40       0x34 D:/Mechatronics/STM32CubeIDE/STM32CubeIDE_1.18.0/STM32CubeIDE/plugins/com.st.stm32cube.ide.mcu.externaltools.gnu-tools-for-stm32.13.3.rel1.win32_1.0.0.202411081344/tools/bin/../lib/gcc/arm-none-eabi/13.3.1/thumb/v7e-m+fp/hard\libgcc.a(_udivmoddi4.o)

.debug_line_str
                0x00000000       0x7a
 .debug_line_str
                0x00000000       0x7a ./Core/Startup/startup_stm32f407vetx.o