Archive member included to satisfy reference by file (symbol)

D:/Mechatronics/STM32CubeIDE/STM32CubeIDE_1.18.0/STM32CubeIDE/plugins/com.st.stm32cube.ide.mcu.externaltools.gnu-tools-for-stm32.13.3.rel1.win32_1.0.0.202411081344/tools/bin/../lib/gcc/arm-none-eabi/13.3.1/../../../../arm-none-eabi/lib/thumb/v7e-m+fp/hard\libc_nano.a(libc_a-exit.o)
                              D:/Mechatronics/STM32CubeIDE/STM32CubeIDE_1.18.0/STM32CubeIDE/plugins/com.st.stm32cube.ide.mcu.externaltools.gnu-tools-for-stm32.13.3.rel1.win32_1.0.0.202411081344/tools/bin/../lib/gcc/arm-none-eabi/13.3.1/../../../../arm-none-eabi/lib/thumb/v7e-m+fp/hard/crt0.o (exit)
D:/Mechatronics/STM32CubeIDE/STM32CubeIDE_1.18.0/STM32CubeIDE/plugins/com.st.stm32cube.ide.mcu.externaltools.gnu-tools-for-stm32.13.3.rel1.win32_1.0.0.202411081344/tools/bin/../lib/gcc/arm-none-eabi/13.3.1/../../../../arm-none-eabi/lib/thumb/v7e-m+fp/hard\libc_nano.a(libc_a-findfp.o)
                              D:/Mechatronics/STM32CubeIDE/STM32CubeIDE_1.18.0/STM32CubeIDE/plugins/com.st.stm32cube.ide.mcu.externaltools.gnu-tools-for-stm32.13.3.rel1.win32_1.0.0.202411081344/tools/bin/../lib/gcc/arm-none-eabi/13.3.1/../../../../arm-none-eabi/lib/thumb/v7e-m+fp/hard\libc_nano.a(libc_a-exit.o) (__stdio_exit_handler)
D:/Mechatronics/STM32CubeIDE/STM32CubeIDE_1.18.0/STM32CubeIDE/plugins/com.st.stm32cube.ide.mcu.externaltools.gnu-tools-for-stm32.13.3.rel1.win32_1.0.0.202411081344/tools/bin/../lib/gcc/arm-none-eabi/13.3.1/../../../../arm-none-eabi/lib/thumb/v7e-m+fp/hard\libc_nano.a(libc_a-fwalk.o)
                              D:/Mechatronics/STM32CubeIDE/STM32CubeIDE_1.18.0/STM32CubeIDE/plugins/com.st.stm32cube.ide.mcu.externaltools.gnu-tools-for-stm32.13.3.rel1.win32_1.0.0.202411081344/tools/bin/../lib/gcc/arm-none-eabi/13.3.1/../../../../arm-none-eabi/lib/thumb/v7e-m+fp/hard\libc_nano.a(libc_a-findfp.o) (_fwalk_sglue)
D:/Mechatronics/STM32CubeIDE/STM32CubeIDE_1.18.0/STM32CubeIDE/plugins/com.st.stm32cube.ide.mcu.externaltools.gnu-tools-for-stm32.13.3.rel1.win32_1.0.0.202411081344/tools/bin/../lib/gcc/arm-none-eabi/13.3.1/../../../../arm-none-eabi/lib/thumb/v7e-m+fp/hard\libc_nano.a(libc_a-sprintf.o)
                              ./Core/Src/main.o (sprintf)
D:/Mechatronics/STM32CubeIDE/STM32CubeIDE_1.18.0/STM32CubeIDE/plugins/com.st.stm32cube.ide.mcu.externaltools.gnu-tools-for-stm32.13.3.rel1.win32_1.0.0.202411081344/tools/bin/../lib/gcc/arm-none-eabi/13.3.1/../../../../arm-none-eabi/lib/thumb/v7e-m+fp/hard\libc_nano.a(libc_a-stdio.o)
                              D:/Mechatronics/STM32CubeIDE/STM32CubeIDE_1.18.0/STM32CubeIDE/plugins/com.st.stm32cube.ide.mcu.externaltools.gnu-tools-for-stm32.13.3.rel1.win32_1.0.0.202411081344/tools/bin/../lib/gcc/arm-none-eabi/13.3.1/../../../../arm-none-eabi/lib/thumb/v7e-m+fp/hard\libc_nano.a(libc_a-findfp.o) (__sread)
D:/Mechatronics/STM32CubeIDE/STM32CubeIDE_1.18.0/STM32CubeIDE/plugins/com.st.stm32cube.ide.mcu.externaltools.gnu-tools-for-stm32.13.3.rel1.win32_1.0.0.202411081344/tools/bin/../lib/gcc/arm-none-eabi/13.3.1/../../../../arm-none-eabi/lib/thumb/v7e-m+fp/hard\libc_nano.a(libc_a-memset.o)
                              D:/Mechatronics/STM32CubeIDE/STM32CubeIDE_1.18.0/STM32CubeIDE/plugins/com.st.stm32cube.ide.mcu.externaltools.gnu-tools-for-stm32.13.3.rel1.win32_1.0.0.202411081344/tools/bin/../lib/gcc/arm-none-eabi/13.3.1/../../../../arm-none-eabi/lib/thumb/v7e-m+fp/hard/crt0.o (memset)
D:/Mechatronics/STM32CubeIDE/STM32CubeIDE_1.18.0/STM32CubeIDE/plugins/com.st.stm32cube.ide.mcu.externaltools.gnu-tools-for-stm32.13.3.rel1.win32_1.0.0.202411081344/tools/bin/../lib/gcc/arm-none-eabi/13.3.1/../../../../arm-none-eabi/lib/thumb/v7e-m+fp/hard\libc_nano.a(libc_a-closer.o)
                              D:/Mechatronics/STM32CubeIDE/STM32CubeIDE_1.18.0/STM32CubeIDE/plugins/com.st.stm32cube.ide.mcu.externaltools.gnu-tools-for-stm32.13.3.rel1.win32_1.0.0.202411081344/tools/bin/../lib/gcc/arm-none-eabi/13.3.1/../../../../arm-none-eabi/lib/thumb/v7e-m+fp/hard\libc_nano.a(libc_a-stdio.o) (_close_r)
D:/Mechatronics/STM32CubeIDE/STM32CubeIDE_1.18.0/STM32CubeIDE/plugins/com.st.stm32cube.ide.mcu.externaltools.gnu-tools-for-stm32.13.3.rel1.win32_1.0.0.202411081344/tools/bin/../lib/gcc/arm-none-eabi/13.3.1/../../../../arm-none-eabi/lib/thumb/v7e-m+fp/hard\libc_nano.a(libc_a-reent.o)
                              D:/Mechatronics/STM32CubeIDE/STM32CubeIDE_1.18.0/STM32CubeIDE/plugins/com.st.stm32cube.ide.mcu.externaltools.gnu-tools-for-stm32.13.3.rel1.win32_1.0.0.202411081344/tools/bin/../lib/gcc/arm-none-eabi/13.3.1/../../../../arm-none-eabi/lib/thumb/v7e-m+fp/hard\libc_nano.a(libc_a-closer.o) (errno)
D:/Mechatronics/STM32CubeIDE/STM32CubeIDE_1.18.0/STM32CubeIDE/plugins/com.st.stm32cube.ide.mcu.externaltools.gnu-tools-for-stm32.13.3.rel1.win32_1.0.0.202411081344/tools/bin/../lib/gcc/arm-none-eabi/13.3.1/../../../../arm-none-eabi/lib/thumb/v7e-m+fp/hard\libc_nano.a(libc_a-impure.o)
[...]
Memory Configuration

Name             Origin             Length             Attributes
CCMRAM           0x10000000         0x00010000         xrw
RAM              0x20000000         0x00020000         xrw
FLASH            0x08000000         0x00080000         xr
*default*        0x00000000         0xffffffff

Linker script and memory map

LOAD D:/Mechatronics/STM32CubeIDE/STM32CubeIDE_1.18.0/STM32CubeIDE/plugins/com.st.stm32cube.ide.mcu.externaltools.gnu-tools-for-stm32.13.3.rel1.win32_1.0.0.202411081344/tools/bin/../lib/gcc/arm-none-eabi/13.3.1/thumb/v7e-m+fp/hard/crti.o
LOAD D:/Mechatronics/STM32CubeIDE/STM32CubeIDE_1.18.0/STM32CubeIDE/plugins/com.st.stm32cube.ide.mcu.externaltools.gnu-tools-for-stm32.13.3.rel1.win32_1.0.0.202411081344/tools/bin/../lib/gcc/arm-none-eabi/13.3.1/thumb/v7e-m+fp/hard/crtbegin.o
LOAD D:/Mechatronics/STM32CubeIDE/STM32CubeIDE_1.18.0/STM32CubeIDE/plugins/com.st.stm32cube.ide.mcu.externaltools.gnu-tools-for-stm32.13.3.rel1.win32_1.0.0.202411081344/tools/bin/../lib/gcc/arm-none-eabi/13.3.1/../../../../arm-none-eabi/lib/thumb/v7e-m+fp/hard/crt0.o
LOAD ./Core/Src/MPU6050.o
LOAD ./Core/Src/PID.o
LOAD ./Core/Src/WT61.o
LOAD ./Core/Src/main.o
LOAD ./Core/Src/stm32f4xx_hal_msp.o
LOAD ./Core/Src/stm32f4xx_it.o
LOAD ./Core/Src/syscalls.o
LOAD ./Core/Src/sysmem.o
LOAD ./Core/Src/system_stm32f4xx.o
LOAD ./Core/Startup/startup_stm32f407vetx.o
LOAD ./Drivers/STM32F4xx_HAL_Driver/Src/stm32f4xx_hal.o
LOAD ./Drivers/STM32F4xx_HAL_Driver/Src/stm32f4xx_hal_cortex.o
LOAD ./Drivers/STM32F4xx_HAL_Driver/Src/stm32f4xx_hal_dma.o
LOAD ./Drivers/STM32F4xx_HAL_Driver/Src/stm32f4xx_hal_dma_ex.o
LOAD ./Drivers/STM32F4xx_HAL_Driver/Src/stm32f4xx_hal_exti.o
LOAD ./Drivers/STM32F4xx_HAL_Driver/Src/stm32f4xx_hal_flash.o
LOAD ./Drivers/STM32F4xx_HAL_Driver/Src/stm32f4xx_hal_flash_ex.o
LOAD ./Drivers/STM32F4xx_HAL_Driver/Src/stm32f4xx_hal_flash_ramfunc.o
LOAD ./Drivers/STM32F4xx_HAL_Driver/Src/stm32f4xx_hal_gpio.o
LOAD ./Drivers/STM32F4xx_HAL_Driver/Src/stm32f4xx_hal_i2c.o
LOAD ./Drivers/STM32F4xx_HAL_Driver/Src/stm32f4xx_hal_i2c_ex.o
LOAD ./Drivers/STM32F4xx_HAL_Driver/Src/stm32f4xx_hal_pwr.o
LOAD ./Drivers/STM32F4xx_HAL_Driver/Src/stm32f4xx_hal_pwr_ex.o
LOAD ./Drivers/STM32F4xx_HAL_Driver/Src/stm32f4xx_hal_rcc.o
LOAD ./Drivers/STM32F4xx_HAL_Driver/Src/stm32f4xx_hal_rcc_ex.o
LOAD ./Drivers/STM32F4xx_HAL_Driver/Src/stm32f4xx_hal_tim.o
LOAD ./Drivers/STM32F4xx_HAL_Driver/Src/stm32f4xx_hal_tim_ex.o
LOAD ./Drivers/STM32F4xx_HAL_Driver/Src/stm32f4xx_hal_uart.o
START GROUP
LOAD D:/Mechatronics/STM32CubeIDE/STM32CubeIDE_1.18.0/STM32CubeIDE/plugins/com.st.stm32cube.ide.mcu.externaltools.gnu-tools-for-stm32.13.3.rel1.win32_1.0.0.202411081344/tools/bin/../lib/gcc/arm-none-eabi/13.3.1/../../../../arm-none-eabi/lib/thumb/v7e-m+fp/hard\libc_nano.a
LOAD D:/Mechatronics/STM32CubeIDE/STM32CubeIDE_1.18.0/STM32CubeIDE/plugins/com.st.stm32cube.ide.mcu.externaltools.gnu-tools-for-stm32.13.3.rel1.win32_1.0.0.202411081344/tools/bin/../lib/gcc/arm-none-eabi/13.3.1/../../../../arm-none-eabi/lib/thumb/v7e-m+fp/hard\libm.a
END GROUP
START GROUP
LOAD D:/Mechatronics/STM32CubeIDE/STM32CubeIDE_1.18.0/STM32CubeIDE/plugins/com.st.stm32cube.ide.mcu.externaltools.gnu-tools-for-stm32.13.3.rel1.win32_1.0.0.202411081344/tools/bin/../lib/gcc/arm-none-eabi/13.3.1/thumb/v7e-m+fp/hard\libgcc.a
LOAD D:/Mechatronics/STM32CubeIDE/STM32CubeIDE_1.18.0/STM32CubeIDE/plugins/com.st.stm32cube.ide.mcu.externaltools.gnu-tools-for-stm32.13.3.rel1.win32_1.0.0.202411081344/tools/bin/../lib/gcc/arm-none-eabi/13.3.1/../../../../arm-none-eabi/lib/thumb/v7e-m+fp/hard\libc_nano.a
END GROUP
START GROUP
LOAD D:/Mechatronics/STM32CubeIDE/STM32CubeIDE_1.18.0/STM32CubeIDE/plugins/com.st.stm32cube.ide.mcu.externaltools.gnu-tools-for-stm32.13.3.rel1.win32_1.0.0.202411081344/tools/bin/../lib/gcc/arm-none-eabi/13.3.1/thumb/v7e-m+fp/hard\libgcc.a
LOAD D:/Mechatronics/STM32CubeIDE/STM32CubeIDE_1.18.0/STM32CubeIDE/plugins/com.st.stm32cube.ide.mcu.externaltools.gnu-tools-for-stm32.13.3.rel1.win32_1.0.0.202411081344/tools/bin/../lib/gcc/arm-none-eabi/13.3.1/../../../../arm-none-eabi/lib/thumb/v7e-m+fp/hard\libc_nano.a
LOAD D:/Mechatronics/STM32CubeIDE/STM32CubeIDE_1.18.0/STM32CubeIDE/plugins/com.st.stm32cube.ide.mcu.externaltools.gnu-tools-for-stm32.13.3.rel1.win32_1.0.0.202411081344/tools/bin/../lib/gcc/arm-none-eabi/13.3.1/../../../../arm-none-eabi/lib/thumb/v7e-m+fp/hard\libnosys.a
END GROUP
START GROUP
LOAD D:/Mechatronics/STM32CubeIDE/STM32CubeIDE_1.18.0/STM32CubeIDE/plugins/com.st.stm32cube.ide.mcu.externaltools.gnu-tools-for-stm32.13.3.rel1.win32_1.0.0.202411081344/tools/bin/../lib/gcc/arm-none-eabi/13.3.1/thumb/v7e-m+fp/hard\libgcc.a
LOAD D:/Mechatronics/STM32CubeIDE/STM32CubeIDE_1.18.0/STM32CubeIDE/plugins/com.st.stm32cube.ide.mcu.externaltools.gnu-tools-for-stm32.13.3.rel1.win32_1.0.0.202411081344/tools/bin/../lib/gcc/arm-none-eabi/13.3.1/../../../../arm-none-eabi/lib/thumb/v7e-m+fp/hard\libc_nano.a
LOAD D:/Mechatronics/STM32CubeIDE/STM32CubeIDE_1.18.0/STM32CubeIDE/plugins/com.st.stm32cube.ide.mcu.externaltools.gnu-tools-for-stm32.13.3.rel1.win32_1.0.0.202411081344/tools/bin/../lib/gcc/arm-none-eabi/13.3.1/../../../../arm-none-eabi/lib/thumb/v7e-m+fp/hard\libnosys.a
END GROUP
LOAD D:/Mechatronics/STM32CubeIDE/STM32CubeIDE_1.18.0/STM32CubeIDE/plugins/com.st.stm32cube.ide.mcu.externaltools.gnu-tools-for-stm32.13.3.rel1.win32_1.0.0.202411081344/tools/bin/../lib/gcc/arm-none-eabi/13.3.1/thumb/v7e-m+fp/hard/crtend.o
LOAD D:/Mechatronics/STM32CubeIDE/STM32CubeIDE_1.18.0/STM32CubeIDE/plugins/com.st.stm32cube.ide.mcu.externaltools.gnu-tools-for-stm32.13.3.rel1.win32_1.0.0.202411081344/tools/bin/../lib/gcc/arm-none-eabi/13.3.1/thumb/v7e-m+fp/hard/crtn.o
                0x20020000                        _estack = (ORIGIN (RAM) + LENGTH (RAM))
                0x00000200                        _Min_Heap_Size = 0x200
                0x00000400                        _Min_Stack_Size = 0x400

.isr_vector     0x08000000      0x188
                0x08000000                        . = ALIGN (0x4)
 *(.isr_vector)
 .isr_vector    0x08000000      0x188 ./Core/Startup/startup_stm32f407vetx.o
                0x08000000                g_pfnVectors
                0x08000188                        . = ALIGN (0x4)

.text           0x08000188     0x77a0
                0x08000188                        . = ALIGN (0x4)
 *(.text)
 .text          0x08000188       0x40 D:/Mechatronics/STM32CubeIDE/STM32CubeIDE_1.18.0/STM32CubeIDE/plugins/com.st.stm32cube.ide.mcu.externaltools.gnu-tools-for-stm32.13.3.rel1.win32_1.0.0.202411081344/tools/bin/../lib/gcc/arm-none-eabi/13.3.1/thumb/v7e-m+fp/hard/crtbegin.o
 .text          0x080001c8      0x378 D:/Mechatronics/STM32CubeIDE/STM32CubeIDE_1.18.0/STM32CubeIDE/plugins/com.st.stm32cube.ide.mcu.externaltools.gnu-tools-for-stm32.13.3.rel1.win32_1.0.0.202411081344/tools/bin/../lib/gcc/arm-none-eabi/13.3.1/thumb/v7e-m+fp/hard\libgcc.a(_arm_addsubdf3.o)
                0x080001c8                __aeabi_drsub
                0x080001d0                __aeabi_dsub
                0x080001d0                __subdf3
                0x080001d4                __aeabi_dadd
                0x080001d4                __adddf3
                0x0800044c                __floatunsidf
                0x0800044c                __aeabi_ui2d
                0x0800046c                __floatsidf
                0x0800046c                __aeabi_i2d
                0x08000490                __aeabi_f2d
                0x08000490                __extendsfdf2
                0x080004d4                __floatundidf
                0x080004d4                __aeabi_ul2d
                0x080004e4                __floatdidf
                0x080004e4                __aeabi_l2d
 .text          0x08000540       0xa0 D:/Mechatronics/STM32CubeIDE/STM32CubeIDE_1.18.0/STM32CubeIDE/plugins/com.st.stm32cube.ide.mcu.externaltools.gnu-tools-for-stm32.13.3.rel1.win32_1.0.0.202411081344/tools/bin/../lib/gcc/arm-none-eabi/13.3.1/thumb/v7e-m+fp/hard\libgcc.a(_arm_truncdfsf2.o)
                0x08000540                __truncdfsf2
                0x08000540                __aeabi_d2f
 .text          0x080005e0       0x30 D:/Mechatronics/STM32CubeIDE/STM32CubeIDE_1.18.0/STM32CubeIDE/plugins/com.st.stm32cube.ide.mcu.externaltools.gnu-tools-for-stm32.13.3.rel1.win32_1.0.0.202411081344/tools/bin/../lib/gcc/arm-none-eabi/13.3.1/thumb/v7e-m+fp/hard\libgcc.a(_aeabi_uldivmod.o)
                0x080005e0                __aeabi_uldivmod
 .text          0x08000610      0x2f8 D:/Mechatronics/STM32CubeIDE/STM32CubeIDE_1.18.0/STM32CubeIDE/plugins/com.st.stm32cube.ide.mcu.externaltools.gnu-tools-for-stm32.13.3.rel1.win32_1.0.0.202411081344/tools/bin/../lib/gcc/arm-none-eabi/13.3.1/thumb/v7e-m+fp/hard\libgcc.a(_udivmoddi4.o)
                0x08000610                __udivmoddi4
 .text          0x08000908        0x4 D:/Mechatronics/STM32CubeIDE/STM32CubeIDE_1.18.0/STM32CubeIDE/plugins/com.st.stm32cube.ide.mcu.externaltools.gnu-tools-for-stm32.13.3.rel1.win32_1.0.0.202411081344/tools/bin/../lib/gcc/arm-none-eabi/13.3.1/thumb/v7e-m+fp/hard\libgcc.a(_dvmd_tls.o)
                0x08000908                __aeabi_idiv0
                0x08000908                __aeabi_ldiv0
 *(.text*)
 .text.MPU6050_Init
                0x0800090c       0xe4 ./Core/Src/MPU6050.o
                0x0800090c                MPU6050_Init
 .text.MPU6050_GetAccel
                0x080009f0       0xd8 ./Core/Src/MPU6050.o
                0x080009f0                MPU6050_GetAccel
 .text.MPU6050_GetGyro
                0x08000ac8       0xd4 ./Core/Src/MPU6050.o
                0x08000ac8                MPU6050_GetGyro
 .text.MPU6050_Calibrate
                0x08000b9c      0x188 ./Core/Src/MPU6050.o
                0x08000b9c                MPU6050_Calibrate
 .text.PID_Init
                0x08000d24       0x74 ./Core/Src/PID.o
                0x08000d24                PID_Init
 .text.PID_SetParameters
                0x08000d98       0x46 ./Core/Src/PID.o
                0x08000d98                PID_SetParameters
 *fill*         0x08000dde        0x2 
 .text.WT61_Init
                0x08000de0       0x24 ./Core/Src/WT61.o
                0x08000de0                WT61_Init
 .text.WT61_ResetAngle
                0x08000e04       0x30 ./Core/Src/WT61.o
                0x08000e04                WT61_ResetAngle
 .text.WT61_ReceiveDataPacket
                0x08000e34       0x20 ./Core/Src/WT61.o
                0x08000e34                WT61_ReceiveDataPacket
 .text.WT61_CheckProtocolHeader
                0x08000e54       0x68 ./Core/Src/WT61.o
                0x08000e54                WT61_CheckProtocolHeader
 .text.WT61_CheckDataField
                0x08000ebc       0x20 ./Core/Src/WT61.o
                0x08000ebc                WT61_CheckDataField
 .text.WT61_GetYawAngle
                0x08000edc       0x3c ./Core/Src/WT61.o
                0x08000edc                WT61_GetYawAngle
 .text.WT61_HandleAngleWrapAround
                0x08000f18       0x94 ./Core/Src/WT61.o
                0x08000f18                WT61_HandleAngleWrapAround
 .text.WT61_CalculateFullAngles
                0x08000fac       0xb8 ./Core/Src/WT61.o
                0x08000fac                WT61_CalculateFullAngles
 .text.main     0x08001064      0x230 ./Core/Src/main.o
                0x08001064                main
 .text.SystemClock_Config
                0x08001294       0xd0 ./Core/Src/main.o
                0x08001294                SystemClock_Config
 .text.MX_I2C1_Init
                0x08001364       0x5c ./Core/Src/main.o
 .text.MX_I2C2_Init
                0x080013c0       0x5c ./Core/Src/main.o
 .text.MX_TIM1_Init
                0x0800141c      0x144 ./Core/Src/main.o
 .text.MX_TIM2_Init
                0x08001560       0x98 ./Core/Src/main.o
 .text.MX_TIM3_Init
                0x080015f8      0x11c ./Core/Src/main.o
 .text.MX_TIM4_Init
                0x08001714       0x9c ./Core/Src/main.o
 .text.MX_TIM5_Init
                0x080017b0       0x9c ./Core/Src/main.o
 .text.MX_TIM8_Init
                0x0800184c      0x174 ./Core/Src/main.o
 .text.MX_USART1_UART_Init
                0x080019c0       0x54 ./Core/Src/main.o
 .text.MX_USART2_UART_Init
                0x08001a14       0x54 ./Core/Src/main.o
 .text.MX_USART6_UART_Init
                0x08001a68       0x54 ./Core/Src/main.o
 .text.MX_DMA_Init
                0x08001abc       0x7c ./Core/Src/main.o
 .text.MX_GPIO_Init
                0x08001b38      0x194 ./Core/Src/main.o
 .text.I2C_ResetDataBusToPullUp
                0x08001ccc      0x11c ./Core/Src/main.o
                0x08001ccc                I2C_ResetDataBusToPullUp
 .text.HAL_TIM_PeriodElapsedCallback
                0x08001de8       0x2c ./Core/Src/main.o
                0x08001de8                HAL_TIM_PeriodElapsedCallback
 .text.HAL_TIM_OC_DelayElapsedCallback
                0x08001e14       0x20 ./Core/Src/main.o
                0x08001e14                HAL_TIM_OC_DelayElapsedCallback
 .text.HAL_UART_RxCpltCallback
                0x08001e34       0x44 ./Core/Src/main.o
                0x08001e34                HAL_UART_RxCpltCallback
 .text.DRONE_ESCSetUp
                0x08001e78       0x30 ./Core/Src/main.o
                0x08001e78                DRONE_ESCSetUp
 .text.DRONE_SetStatus
                0x08001ea8       0xa0 ./Core/Src/main.o
                0x08001ea8                DRONE_SetStatus
 .text.DRONE_SetSpeed
                0x08001f48       0x8c ./Core/Src/main.o
                0x08001f48                DRONE_SetSpeed
 .text.Error_Handler
                0x08001fd4        0xc ./Core/Src/main.o
                0x08001fd4                Error_Handler
 .text.HAL_MspInit
                0x08001fe0       0x50 ./Core/Src/stm32f4xx_hal_msp.o
                0x08001fe0                HAL_MspInit
 .text.HAL_I2C_MspInit
                0x08002030      0x15c ./Core/Src/stm32f4xx_hal_msp.o
                0x08002030                HAL_I2C_MspInit
 .text.HAL_I2C_MspDeInit
                0x0800218c       0x7c ./Core/Src/stm32f4xx_hal_msp.o
                0x0800218c                HAL_I2C_MspDeInit
 .text.HAL_TIM_Base_MspInit
                0x08002208      0x138 ./Core/Src/stm32f4xx_hal_msp.o
                0x08002208                HAL_TIM_Base_MspInit
 .text.HAL_TIM_MspPostInit
                0x08002340       0xc4 ./Core/Src/stm32f4xx_hal_msp.o
                0x08002340                HAL_TIM_MspPostInit
 .text.HAL_UART_MspInit
                0x08002404      0x22c ./Core/Src/stm32f4xx_hal_msp.o
                0x08002404                HAL_UART_MspInit
 .text.NMI_Handler
                0x08002630        0x8 ./Core/Src/stm32f4xx_it.o
                0x08002630                NMI_Handler
 .text.HardFault_Handler
                0x08002638        0x8 ./Core/Src/stm32f4xx_it.o
                0x08002638                HardFault_Handler
 .text.MemManage_Handler
                0x08002640        0x8 ./Core/Src/stm32f4xx_it.o
                0x08002640                MemManage_Handler
 .text.BusFault_Handler
                0x08002648        0x8 ./Core/Src/stm32f4xx_it.o
                0x08002648                BusFault_Handler
 .text.UsageFault_Handler
                0x08002650        0x8 ./Core/Src/stm32f4xx_it.o
                0x08002650                UsageFault_Handler
 .text.SVC_Handler
                0x08002658        0xe ./Core/Src/stm32f4xx_it.o
                0x08002658                SVC_Handler
 .text.DebugMon_Handler
                0x08002666        0xe ./Core/Src/stm32f4xx_it.o
                0x08002666                DebugMon_Handler
 .text.PendSV_Handler
                0x08002674        0xe ./Core/Src/stm32f4xx_it.o
                0x08002674                PendSV_Handler
 .text.SysTick_Handler
                0x08002682        0xc ./Core/Src/stm32f4xx_it.o
                0x08002682                SysTick_Handler
 *fill*         0x0800268e        0x2 
 .text.DMA1_Stream2_IRQHandler
                0x08002690       0x14 ./Core/Src/stm32f4xx_it.o
                0x08002690                DMA1_Stream2_IRQHandler
 .text.DMA1_Stream5_IRQHandler
                0x080026a4       0x14 ./Core/Src/stm32f4xx_it.o
                0x080026a4                DMA1_Stream5_IRQHandler
 .text.TIM4_IRQHandler
                0x080026b8       0x14 ./Core/Src/stm32f4xx_it.o
                0x080026b8                TIM4_IRQHandler
 .text.TIM8_CC_IRQHandler
                0x080026cc       0x14 ./Core/Src/stm32f4xx_it.o
                0x080026cc                TIM8_CC_IRQHandler
 .text.DMA2_Stream2_IRQHandler
                0x080026e0       0x14 ./Core/Src/stm32f4xx_it.o
                0x080026e0                DMA2_Stream2_IRQHandler
 .text.SystemInit
                0x080026f4       0x24 ./Core/Src/system_stm32f4xx.o
                0x080026f4                SystemInit
 .text.Reset_Handler
                0x08002718       0x50 ./Core/Startup/startup_stm32f407vetx.o
                0x08002718                Reset_Handler
 .text.Default_Handler
                0x08002768        0x2 ./Core/Startup/startup_stm32f407vetx.o
                0x08002768                RTC_Alarm_IRQHandler
                0x08002768                HASH_RNG_IRQHandler
                0x08002768                EXTI2_IRQHandler
                0x08002768                TIM1_CC_IRQHandler
                0x08002768                DMA2_Stream5_IRQHandler
                0x08002768                PVD_IRQHandler
                0x08002768                SDIO_IRQHandler
                0x08002768                TAMP_STAMP_IRQHandler
                0x08002768                CAN2_RX1_IRQHandler
                0x08002768                EXTI3_IRQHandler
                0x08002768                TIM8_TRG_COM_TIM14_IRQHandler
                0x08002768                TIM1_UP_TIM10_IRQHandler
                0x08002768                TIM8_UP_TIM13_IRQHandler
                0x08002768                I2C3_ER_IRQHandler
                0x08002768                EXTI0_IRQHandler
                0x08002768                I2C2_EV_IRQHandler
                0x08002768                CAN1_RX0_IRQHandler
                0x08002768                FPU_IRQHandler
                0x08002768                OTG_HS_WKUP_IRQHandler
                0x08002768                CAN2_SCE_IRQHandler
                0x08002768                SPI1_IRQHandler
                0x08002768                TIM6_DAC_IRQHandler
                0x08002768                TIM1_BRK_TIM9_IRQHandler
                0x08002768                DCMI_IRQHandler
                0x08002768                CAN2_RX0_IRQHandler
                0x08002768                DMA2_Stream3_IRQHandler
                0x08002768                USART6_IRQHandler
                0x08002768                USART3_IRQHandler
                0x08002768                CAN1_RX1_IRQHandler
                0x08002768                UART5_IRQHandler
                0x08002768                DMA2_Stream0_IRQHandler
                0x08002768                I2C1_EV_IRQHandler
                0x08002768                DMA1_Stream6_IRQHandler
                0x08002768                DMA1_Stream1_IRQHandler
                0x08002768                UART4_IRQHandler
                0x08002768                TIM3_IRQHandler
                0x08002768                RCC_IRQHandler
                0x08002768                TIM8_BRK_TIM12_IRQHandler
                0x08002768                Default_Handler
                0x08002768                EXTI15_10_IRQHandler
                0x08002768                ADC_IRQHandler
                0x08002768                DMA1_Stream7_IRQHandler
                0x08002768                TIM7_IRQHandler
                0x08002768                CAN2_TX_IRQHandler
                0x08002768                TIM5_IRQHandler
                0x08002768                DMA2_Stream7_IRQHandler
                0x08002768                I2C3_EV_IRQHandler
                0x08002768                EXTI9_5_IRQHandler
                0x08002768                RTC_WKUP_IRQHandler
                0x08002768                ETH_WKUP_IRQHandler
                0x08002768                SPI2_IRQHandler
                0x08002768                OTG_HS_EP1_IN_IRQHandler
                0x08002768                DMA1_Stream0_IRQHandler
                0x08002768                CAN1_TX_IRQHandler
                0x08002768                EXTI4_IRQHandler
                0x08002768                FSMC_IRQHandler
                0x08002768                ETH_IRQHandler
                0x08002768                OTG_HS_EP1_OUT_IRQHandler
                0x08002768                WWDG_IRQHandler
                0x08002768                TIM2_IRQHandler
                0x08002768                OTG_FS_WKUP_IRQHandler
                0x08002768                TIM1_TRG_COM_TIM11_IRQHandler
                0x08002768                OTG_HS_IRQHandler
                0x08002768                EXTI1_IRQHandler
                0x08002768                USART2_IRQHandler
                0x08002768                I2C2_ER_IRQHandler
                0x08002768                DMA2_Stream1_IRQHandler
                0x08002768                CAN1_SCE_IRQHandler
                0x08002768                FLASH_IRQHandler
                0x08002768                DMA2_Stream4_IRQHandler
                0x08002768                USART1_IRQHandler
                0x08002768                OTG_FS_IRQHandler
                0x08002768                SPI3_IRQHandler
                0x08002768                DMA1_Stream4_IRQHandler
                0x08002768                I2C1_ER_IRQHandler
                0x08002768                DMA2_Stream6_IRQHandler
                0x08002768                DMA1_Stream3_IRQHandler
 *fill*         0x0800276a        0x2 
 .text.HAL_Init
                0x0800276c       0x44 ./Drivers/STM32F4xx_HAL_Driver/Src/stm32f4xx_hal.o
                0x0800276c                HAL_Init
 .text.HAL_InitTick
                0x080027b0       0x60 ./Drivers/STM32F4xx_HAL_Driver/Src/stm32f4xx_hal.o
                0x080027b0                HAL_InitTick
 .text.HAL_IncTick
                0x08002810       0x28 ./Drivers/STM32F4xx_HAL_Driver/Src/stm32f4xx_hal.o
                0x08002810                HAL_IncTick
 .text.HAL_GetTick
                0x08002838       0x18 ./Drivers/STM32F4xx_HAL_Driver/Src/stm32f4xx_hal.o
                0x08002838                HAL_GetTick
 .text.HAL_Delay
                0x08002850       0x48 ./Drivers/STM32F4xx_HAL_Driver/Src/stm32f4xx_hal.o
                0x08002850                HAL_Delay
 .text.__NVIC_SetPriorityGrouping
                0x08002898       0x48 ./Drivers/STM32F4xx_HAL_Driver/Src/stm32f4xx_hal_cortex.o
 .text.__NVIC_GetPriorityGrouping
                0x080028e0       0x1c ./Drivers/STM32F4xx_HAL_Driver/Src/stm32f4xx_hal_cortex.o
 .text.__NVIC_EnableIRQ
                0x080028fc       0x3c ./Drivers/STM32F4xx_HAL_Driver/Src/stm32f4xx_hal_cortex.o
 .text.__NVIC_SetPriority
                0x08002938       0x54 ./Drivers/STM32F4xx_HAL_Driver/Src/stm32f4xx_hal_cortex.o
 .text.NVIC_EncodePriority
                0x0800298c       0x66 ./Drivers/STM32F4xx_HAL_Driver/Src/stm32f4xx_hal_cortex.o
 *fill*         0x080029f2        0x2 
 .text.SysTick_Config
                0x080029f4       0x44 ./Drivers/STM32F4xx_HAL_Driver/Src/stm32f4xx_hal_cortex.o
 .text.HAL_NVIC_SetPriorityGrouping
                0x08002a38       0x16 ./Drivers/STM32F4xx_HAL_Driver/Src/stm32f4xx_hal_cortex.o
                0x08002a38                HAL_NVIC_SetPriorityGrouping
 .text.HAL_NVIC_SetPriority
                0x08002a4e       0x38 ./Drivers/STM32F4xx_HAL_Driver/Src/stm32f4xx_hal_cortex.o
                0x08002a4e                HAL_NVIC_SetPriority
 .text.HAL_NVIC_EnableIRQ
                0x08002a86       0x1c ./Drivers/STM32F4xx_HAL_Driver/Src/stm32f4xx_hal_cortex.o
                0x08002a86                HAL_NVIC_EnableIRQ
 .text.HAL_SYSTICK_Config
                0x08002aa2       0x18 ./Drivers/STM32F4xx_HAL_Driver/Src/stm32f4xx_hal_cortex.o
                0x08002aa2                HAL_SYSTICK_Config
 *fill*         0x08002aba        0x2 
 .text.HAL_DMA_Init
                0x08002abc      0x15c ./Drivers/STM32F4xx_HAL_Driver/Src/stm32f4xx_hal_dma.o
                0x08002abc                HAL_DMA_Init
 .text.HAL_DMA_DeInit
                0x08002c18       0xbc ./Drivers/STM32F4xx_HAL_Driver/Src/stm32f4xx_hal_dma.o
                0x08002c18                HAL_DMA_DeInit
 .text.HAL_DMA_Start_IT
                0x08002cd4       0xb0 ./Drivers/STM32F4xx_HAL_Driver/Src/stm32f4xx_hal_dma.o
                0x08002cd4                HAL_DMA_Start_IT
 .text.HAL_DMA_Abort
                0x08002d84       0xe0 ./Drivers/STM32F4xx_HAL_Driver/Src/stm32f4xx_hal_dma.o
                0x08002d84                HAL_DMA_Abort
 .text.HAL_DMA_IRQHandler
                0x08002e64      0x314 ./Drivers/STM32F4xx_HAL_Driver/Src/stm32f4xx_hal_dma.o
                0x08002e64                HAL_DMA_IRQHandler
 .text.DMA_SetConfig
                0x08003178       0x5c ./Drivers/STM32F4xx_HAL_Driver/Src/stm32f4xx_hal_dma.o
 .text.DMA_CalcBaseAndBitshift
                0x080031d4       0x6c ./Drivers/STM32F4xx_HAL_Driver/Src/stm32f4xx_hal_dma.o
 .text.DMA_CheckFifoParam
                0x08003240       0xf8 ./Drivers/STM32F4xx_HAL_Driver/Src/stm32f4xx_hal_dma.o
 .text.HAL_GPIO_Init
                0x08003338      0x338 ./Drivers/STM32F4xx_HAL_Driver/Src/stm32f4xx_hal_gpio.o
                0x08003338                HAL_GPIO_Init
 .text.HAL_GPIO_DeInit
                0x08003670      0x1f8 ./Drivers/STM32F4xx_HAL_Driver/Src/stm32f4xx_hal_gpio.o
                0x08003670                HAL_GPIO_DeInit
 .text.HAL_GPIO_ReadPin
                0x08003868       0x30 ./Drivers/STM32F4xx_HAL_Driver/Src/stm32f4xx_hal_gpio.o
                0x08003868                HAL_GPIO_ReadPin
 .text.HAL_GPIO_WritePin
                0x08003898       0x32 ./Drivers/STM32F4xx_HAL_Driver/Src/stm32f4xx_hal_gpio.o
                0x08003898                HAL_GPIO_WritePin
 .text.HAL_GPIO_TogglePin
                0x080038ca       0x34 ./Drivers/STM32F4xx_HAL_Driver/Src/stm32f4xx_hal_gpio.o
                0x080038ca                HAL_GPIO_TogglePin
 *fill*         0x080038fe        0x2 
 .text.HAL_I2C_Init
                0x08003900      0x288 ./Drivers/STM32F4xx_HAL_Driver/Src/stm32f4xx_hal_i2c.o
                0x08003900                HAL_I2C_Init
 .text.HAL_I2C_DeInit
                0x08003b88       0x5e ./Drivers/STM32F4xx_HAL_Driver/Src/stm32f4xx_hal_i2c.o
                0x08003b88                HAL_I2C_DeInit
 *fill*         0x08003be6        0x2 
 .text.HAL_I2C_Mem_Write
                0x08003be8      0x1f4 ./Drivers/STM32F4xx_HAL_Driver/Src/stm32f4xx_hal_i2c.o
                0x08003be8                HAL_I2C_Mem_Write
 .text.HAL_I2C_Mem_Read
                0x08003ddc      0x464 ./Drivers/STM32F4xx_HAL_Driver/Src/stm32f4xx_hal_i2c.o
                0x08003ddc                HAL_I2C_Mem_Read
 .text.HAL_I2C_IsDeviceReady
                0x08004240      0x25c ./Drivers/STM32F4xx_HAL_Driver/Src/stm32f4xx_hal_i2c.o
                0x08004240                HAL_I2C_IsDeviceReady
 .text.I2C_RequestMemoryWrite
                0x0800449c      0x12c ./Drivers/STM32F4xx_HAL_Driver/Src/stm32f4xx_hal_i2c.o
 .text.I2C_RequestMemoryRead
                0x080045c8      0x1d0 ./Drivers/STM32F4xx_HAL_Driver/Src/stm32f4xx_hal_i2c.o
 .text.I2C_WaitOnFlagUntilTimeout
                0x08004798       0xf4 ./Drivers/STM32F4xx_HAL_Driver/Src/stm32f4xx_hal_i2c.o
 .text.I2C_WaitOnMasterAddressFlagUntilTimeout
                0x0800488c      0x140 ./Drivers/STM32F4xx_HAL_Driver/Src/stm32f4xx_hal_i2c.o
 .text.I2C_WaitOnTXEFlagUntilTimeout
                0x080049cc       0x90 ./Drivers/STM32F4xx_HAL_Driver/Src/stm32f4xx_hal_i2c.o
 .text.I2C_WaitOnBTFFlagUntilTimeout
                0x08004a5c       0x90 ./Drivers/STM32F4xx_HAL_Driver/Src/stm32f4xx_hal_i2c.o
 .text.I2C_WaitOnRXNEFlagUntilTimeout
                0x08004aec       0xba ./Drivers/STM32F4xx_HAL_Driver/Src/stm32f4xx_hal_i2c.o
 .text.I2C_IsAcknowledgeFailed
                0x08004ba6       0x5e ./Drivers/STM32F4xx_HAL_Driver/Src/stm32f4xx_hal_i2c.o
 .text.HAL_RCC_OscConfig
                0x08004c04      0x4f0 ./Drivers/STM32F4xx_HAL_Driver/Src/stm32f4xx_hal_rcc.o
                0x08004c04                HAL_RCC_OscConfig
 .text.HAL_RCC_ClockConfig
                0x080050f4      0x1cc ./Drivers/STM32F4xx_HAL_Driver/Src/stm32f4xx_hal_rcc.o
                0x080050f4                HAL_RCC_ClockConfig
 .text.HAL_RCC_GetSysClockFreq
                0x080052c0      0x18c ./Drivers/STM32F4xx_HAL_Driver/Src/stm32f4xx_hal_rcc.o
                0x080052c0                HAL_RCC_GetSysClockFreq
 .text.HAL_RCC_GetHCLKFreq
                0x0800544c       0x18 ./Drivers/STM32F4xx_HAL_Driver/Src/stm32f4xx_hal_rcc.o
                0x0800544c                HAL_RCC_GetHCLKFreq
 .text.HAL_RCC_GetPCLK1Freq
                0x08005464       0x28 ./Drivers/STM32F4xx_HAL_Driver/Src/stm32f4xx_hal_rcc.o
                0x08005464                HAL_RCC_GetPCLK1Freq
 .text.HAL_RCC_GetPCLK2Freq
                0x0800548c       0x28 ./Drivers/STM32F4xx_HAL_Driver/Src/stm32f4xx_hal_rcc.o
                0x0800548c                HAL_RCC_GetPCLK2Freq
 .text.HAL_TIM_Base_Init
                0x080054b4       0x9e ./Drivers/STM32F4xx_HAL_Driver/Src/stm32f4xx_hal_tim.o
                0x080054b4                HAL_TIM_Base_Init
 *fill*         0x08005552        0x2 
 .text.HAL_TIM_Base_Start
                0x08005554       0xd0 ./Drivers/STM32F4xx_HAL_Driver/Src/stm32f4xx_hal_tim.o
                0x08005554                HAL_TIM_Base_Start
 .text.HAL_TIM_Base_Start_IT
                0x08005624       0xe0 ./Drivers/STM32F4xx_HAL_Driver/Src/stm32f4xx_hal_tim.o
                0x08005624                HAL_TIM_Base_Start_IT
 .text.HAL_TIM_Base_Stop_IT
                0x08005704       0x5e ./Drivers/STM32F4xx_HAL_Driver/Src/stm32f4xx_hal_tim.o
                0x08005704                HAL_TIM_Base_Stop_IT
 .text.HAL_TIM_OC_Init
                0x08005762       0x9e ./Drivers/STM32F4xx_HAL_Driver/Src/stm32f4xx_hal_tim.o
                0x08005762                HAL_TIM_OC_Init
 .text.HAL_TIM_OC_MspInit
                0x08005800       0x14 ./Drivers/STM32F4xx_HAL_Driver/Src/stm32f4xx_hal_tim.o
                0x08005800                HAL_TIM_OC_MspInit
 .text.HAL_TIM_OC_Start_IT
                0x08005814      0x22c ./Drivers/STM32F4xx_HAL_Driver/Src/stm32f4xx_hal_tim.o
                0x08005814                HAL_TIM_OC_Start_IT
 .text.HAL_TIM_PWM_Init
                0x08005a40       0x9e ./Drivers/STM32F4xx_HAL_Driver/Src/stm32f4xx_hal_tim.o
                0x08005a40                HAL_TIM_PWM_Init
 .text.HAL_TIM_PWM_MspInit
                0x08005ade       0x14 ./Drivers/STM32F4xx_HAL_Driver/Src/stm32f4xx_hal_tim.o
                0x08005ade                HAL_TIM_PWM_MspInit
 *fill*         0x08005af2        0x2 
 .text.HAL_TIM_PWM_Start
                0x08005af4      0x190 ./Drivers/STM32F4xx_HAL_Driver/Src/stm32f4xx_hal_tim.o
                0x08005af4                HAL_TIM_PWM_Start
 .text.HAL_TIM_IRQHandler
                0x08005c84      0x1e0 ./Drivers/STM32F4xx_HAL_Driver/Src/stm32f4xx_hal_tim.o
                0x08005c84                HAL_TIM_IRQHandler
 .text.HAL_TIM_OC_ConfigChannel
                0x08005e64       0xb8 ./Drivers/STM32F4xx_HAL_Driver/Src/stm32f4xx_hal_tim.o
                0x08005e64                HAL_TIM_OC_ConfigChannel
 .text.HAL_TIM_PWM_ConfigChannel
                0x08005f1c      0x184 ./Drivers/STM32F4xx_HAL_Driver/Src/stm32f4xx_hal_tim.o
                0x08005f1c                HAL_TIM_PWM_ConfigChannel
 .text.HAL_TIM_ConfigClockSource
                0x080060a0      0x18e ./Drivers/STM32F4xx_HAL_Driver/Src/stm32f4xx_hal_tim.o
                0x080060a0                HAL_TIM_ConfigClockSource
 .text.HAL_TIM_IC_CaptureCallback
                0x0800622e       0x14 ./Drivers/STM32F4xx_HAL_Driver/Src/stm32f4xx_hal_tim.o
                0x0800622e                HAL_TIM_IC_CaptureCallback
 .text.HAL_TIM_PWM_PulseFinishedCallback
                0x08006242       0x14 ./Drivers/STM32F4xx_HAL_Driver/Src/stm32f4xx_hal_tim.o
                0x08006242                HAL_TIM_PWM_PulseFinishedCallback
 .text.HAL_TIM_TriggerCallback
                0x08006256       0x14 ./Drivers/STM32F4xx_HAL_Driver/Src/stm32f4xx_hal_tim.o
                0x08006256                HAL_TIM_TriggerCallback
 *fill*         0x0800626a        0x2 
 .text.TIM_Base_SetConfig
                0x0800626c      0x158 ./Drivers/STM32F4xx_HAL_Driver/Src/stm32f4xx_hal_tim.o
                0x0800626c                TIM_Base_SetConfig
 .text.TIM_OC1_SetConfig
                0x080063c4       0xe0 ./Drivers/STM32F4xx_HAL_Driver/Src/stm32f4xx_hal_tim.o
 .text.TIM_OC2_SetConfig
                0x080064a4       0xec ./Drivers/STM32F4xx_HAL_Driver/Src/stm32f4xx_hal_tim.o
                0x080064a4                TIM_OC2_SetConfig
 .text.TIM_OC3_SetConfig
                0x08006590       0xe8 ./Drivers/STM32F4xx_HAL_Driver/Src/stm32f4xx_hal_tim.o
 .text.TIM_OC4_SetConfig
                0x08006678       0xac ./Drivers/STM32F4xx_HAL_Driver/Src/stm32f4xx_hal_tim.o
 .text.TIM_TI1_ConfigInputStage
                0x08006724       0x5e ./Drivers/STM32F4xx_HAL_Driver/Src/stm32f4xx_hal_tim.o
 .text.TIM_TI2_ConfigInputStage
                0x08006782       0x60 ./Drivers/STM32F4xx_HAL_Driver/Src/stm32f4xx_hal_tim.o
 .text.TIM_ITRx_SetConfig
                0x080067e2       0x36 ./Drivers/STM32F4xx_HAL_Driver/Src/stm32f4xx_hal_tim.o
 .text.TIM_ETR_SetConfig
                0x08006818       0x40 ./Drivers/STM32F4xx_HAL_Driver/Src/stm32f4xx_hal_tim.o
                0x08006818                TIM_ETR_SetConfig
 .text.TIM_CCxChannelCmd
                0x08006858       0x4a ./Drivers/STM32F4xx_HAL_Driver/Src/stm32f4xx_hal_tim.o
                0x08006858                TIM_CCxChannelCmd
 *fill*         0x080068a2        0x2 
 .text.HAL_TIMEx_MasterConfigSynchronization
                0x080068a4       0xf8 ./Drivers/STM32F4xx_HAL_Driver/Src/stm32f4xx_hal_tim_ex.o
                0x080068a4                HAL_TIMEx_MasterConfigSynchronization
 .text.HAL_TIMEx_ConfigBreakDeadTime
                0x0800699c       0xa4 ./Drivers/STM32F4xx_HAL_Driver/Src/stm32f4xx_hal_tim_ex.o
                0x0800699c                HAL_TIMEx_ConfigBreakDeadTime
 .text.HAL_TIMEx_CommutCallback
                0x08006a40       0x14 ./Drivers/STM32F4xx_HAL_Driver/Src/stm32f4xx_hal_tim_ex.o
                0x08006a40                HAL_TIMEx_CommutCallback
 .text.HAL_TIMEx_BreakCallback
                0x08006a54       0x14 ./Drivers/STM32F4xx_HAL_Driver/Src/stm32f4xx_hal_tim_ex.o
                0x08006a54                HAL_TIMEx_BreakCallback
 .text.HAL_UART_Init
                0x08006a68       0xa0 ./Drivers/STM32F4xx_HAL_Driver/Src/stm32f4xx_hal_uart.o
                0x08006a68                HAL_UART_Init
 .text.HAL_UART_Transmit
                0x08006b08      0x116 ./Drivers/STM32F4xx_HAL_Driver/Src/stm32f4xx_hal_uart.o
                0x08006b08                HAL_UART_Transmit
 .text.HAL_UART_Receive
                0x08006c1e      0x12e ./Drivers/STM32F4xx_HAL_Driver/Src/stm32f4xx_hal_uart.o
                0x08006c1e                HAL_UART_Receive
 .text.HAL_UART_Receive_DMA
                0x08006d4c       0x4a ./Drivers/STM32F4xx_HAL_Driver/Src/stm32f4xx_hal_uart.o
                0x08006d4c                HAL_UART_Receive_DMA
 .text.HAL_UART_DMAStop
                0x08006d96       0xfe ./Drivers/STM32F4xx_HAL_Driver/Src/stm32f4xx_hal_uart.o
                0x08006d96                HAL_UART_DMAStop
 .text.HAL_UART_RxHalfCpltCallback
                0x08006e94       0x14 ./Drivers/STM32F4xx_HAL_Driver/Src/stm32f4xx_hal_uart.o
                0x08006e94                HAL_UART_RxHalfCpltCallback
 .text.HAL_UART_ErrorCallback
                0x08006ea8       0x14 ./Drivers/STM32F4xx_HAL_Driver/Src/stm32f4xx_hal_uart.o
                0x08006ea8                HAL_UART_ErrorCallback
 .text.HAL_UARTEx_RxEventCallback
                0x08006ebc       0x18 ./Drivers/STM32F4xx_HAL_Driver/Src/stm32f4xx_hal_uart.o
                0x08006ebc                HAL_UARTEx_RxEventCallback
 .text.UART_DMAReceiveCplt
                0x08006ed4      0x12c ./Drivers/STM32F4xx_HAL_Driver/Src/stm32f4xx_hal_uart.o
 .text.UART_DMARxHalfCplt
                0x08007000       0x3c ./Drivers/STM32F4xx_HAL_Driver/Src/stm32f4xx_hal_uart.o
 .text.UART_DMAError
                0x0800703c       0x94 ./Drivers/STM32F4xx_HAL_Driver/Src/stm32f4xx_hal_uart.o
 .text.UART_WaitOnFlagUntilTimeout
                0x080070d0       0xb2 ./Drivers/STM32F4xx_HAL_Driver/Src/stm32f4xx_hal_uart.o
 *fill*         0x08007182        0x2 
 .text.UART_Start_Receive_DMA
                0x08007184      0x134 ./Drivers/STM32F4xx_HAL_Driver/Src/stm32f4xx_hal_uart.o
                0x08007184                UART_Start_Receive_DMA
 .text.UART_EndTxTransfer
                0x080072b8       0x50 ./Drivers/STM32F4xx_HAL_Driver/Src/stm32f4xx_hal_uart.o
 .text.UART_EndRxTransfer
                0x08007308       0xc6 ./Drivers/STM32F4xx_HAL_Driver/Src/stm32f4xx_hal_uart.o
 *fill*         0x080073ce        0x2 
 .text.UART_SetConfig
                0x080073d0      0x4e8 ./Drivers/STM32F4xx_HAL_Driver/Src/stm32f4xx_hal_uart.o
 .text.memset   0x080078b8       0x10 D:/Mechatronics/STM32CubeIDE/STM32CubeIDE_1.18.0/STM32CubeIDE/plugins/com.st.stm32cube.ide.mcu.externaltools.gnu-tools-for-stm32.13.3.rel1.win32_1.0.0.202411081344/tools/bin/../lib/gcc/arm-none-eabi/13.3.1/../../../../arm-none-eabi/lib/thumb/v7e-m+fp/hard\libc_nano.a(libc_a-memset.o)
                0x080078b8                memset
 .text.__libc_init_array
                0x080078c8       0x48 D:/Mechatronics/STM32CubeIDE/STM32CubeIDE_1.18.0/STM32CubeIDE/plugins/com.st.stm32cube.ide.mcu.externaltools.gnu-tools-for-stm32.13.3.rel1.win32_1.0.0.202411081344/tools/bin/../lib/gcc/arm-none-eabi/13.3.1/../../../../arm-none-eabi/lib/thumb/v7e-m+fp/hard\libc_nano.a(libc_a-init.o)
                0x080078c8                __libc_init_array
 *(.glue_7)
 .glue_7        0x08007910        0x0 linker stubs
 *(.glue_7t)
 .glue_7t       0x08007910        0x0 linker stubs
 *(.eh_frame)
 .eh_frame      0x08007910        0x0 D:/Mechatronics/STM32CubeIDE/STM32CubeIDE_1.18.0/STM32CubeIDE/plugins/com.st.stm32cube.ide.mcu.externaltools.gnu-tools-for-stm32.13.3.rel1.win32_1.0.0.202411081344/tools/bin/../lib/gcc/arm-none-eabi/13.3.1/thumb/v7e-m+fp/hard/crtbegin.o
 *(.init)
 .init          0x08007910        0x4 D:/Mechatronics/STM32CubeIDE/STM32CubeIDE_1.18.0/STM32CubeIDE/plugins/com.st.stm32cube.ide.mcu.externaltools.gnu-tools-for-stm32.13.3.rel1.win32_1.0.0.202411081344/tools/bin/../lib/gcc/arm-none-eabi/13.3.1/thumb/v7e-m+fp/hard/crti.o
                0x08007910                _init
 .init          0x08007914        0x8 D:/Mechatronics/STM32CubeIDE/STM32CubeIDE_1.18.0/STM32CubeIDE/plugins/com.st.stm32cube.ide.mcu.externaltools.gnu-tools-for-stm32.13.3.rel1.win32_1.0.0.202411081344/tools/bin/../lib/gcc/arm-none-eabi/13.3.1/thumb/v7e-m+fp/hard/crtn.o
 *(.fini)
 .fini          0x0800791c        0x4 D:/Mechatronics/STM32CubeIDE/STM32CubeIDE_1.18.0/STM32CubeIDE/plugins/com.st.stm32cube.ide.mcu.externaltools.gnu-tools-for-stm32.13.3.rel1.win32_1.0.0.202411081344/tools/bin/../lib/gcc/arm-none-eabi/13.3.1/thumb/v7e-m+fp/hard/crti.o
                0x0800791c                _fini
 .fini          0x08007920        0x8 D:/Mechatronics/STM32CubeIDE/STM32CubeIDE_1.18.0/STM32CubeIDE/plugins/com.st.stm32cube.ide.mcu.externaltools.gnu-tools-for-stm32.13.3.rel1.win32_1.0.0.202411081344/tools/bin/../lib/gcc/arm-none-eabi/13.3.1/thumb/v7e-m+fp/hard/crtn.o
                0x08007928                        . = ALIGN (0x4)
                0x08007928                        _etext = .

.vfp11_veneer   0x08007928        0x0
 .vfp11_veneer  0x08007928        0x0 linker stubs

.v4_bx          0x08007928        0x0
 .v4_bx         0x08007928        0x0 linker stubs

.iplt           0x08007928        0x0
 .iplt          0x08007928        0x0 D:/Mechatronics/STM32CubeIDE/STM32CubeIDE_1.18.0/STM32CubeIDE/plugins/com.st.stm32cube.ide.mcu.externaltools.gnu-tools-for-stm32.13.3.rel1.win32_1.0.0.202411081344/tools/bin/../lib/gcc/arm-none-eabi/13.3.1/thumb/v7e-m+fp/hard/crtbegin.o

.rodata         0x08007928       0x24
                0x08007928                        . = ALIGN (0x4)
 *(.rodata)
 *(.rodata*)
 .rodata.ANGLEZ_ZERO
                0x08007928        0x3 ./Core/Src/WT61.o
 *fill*         0x0800792b        0x1 
 .rodata.AHBPrescTable
                0x0800792c       0x10 ./Core/Src/system_stm32f4xx.o
                0x0800792c                AHBPrescTable
 .rodata.APBPrescTable
                0x0800793c        0x8 ./Core/Src/system_stm32f4xx.o
                0x0800793c                APBPrescTable
 .rodata.flagBitshiftOffset.0
                0x08007944        0x8 ./Drivers/STM32F4xx_HAL_Driver/Src/stm32f4xx_hal_dma.o
                0x0800794c                        . = ALIGN (0x4)

.ARM.extab      0x0800794c        0x0
                0x0800794c                        . = ALIGN (0x4)
 *(.ARM.extab* .gnu.linkonce.armextab.*)
                0x0800794c                        . = ALIGN (0x4)

.ARM            0x0800794c        0x8
                0x0800794c                        . = ALIGN (0x4)
                0x0800794c                        __exidx_start = .
 *(.ARM.exidx*)
 .ARM.exidx     0x0800794c        0x8 D:/Mechatronics/STM32CubeIDE/STM32CubeIDE_1.18.0/STM32CubeIDE/plugins/com.st.stm32cube.ide.mcu.externaltools.gnu-tools-for-stm32.13.3.rel1.win32_1.0.0.202411081344/tools/bin/../lib/gcc/arm-none-eabi/13.3.1/thumb/v7e-m+fp/hard\libgcc.a(_udivmoddi4.o)
                0x08007954                        __exidx_end = .
                0x08007954                        . = ALIGN (0x4)

.preinit_array  0x08007954        0x0
                0x08007954                        . = ALIGN (0x4)
                0x08007954                        PROVIDE (__preinit_array_start = .)
 *(.preinit_array*)
                0x08007954                        PROVIDE (__preinit_array_end = .)
                0x08007954                        . = ALIGN (0x4)

.init_array     0x08007954        0x4
                0x08007954                        . = ALIGN (0x4)
                0x08007954                        PROVIDE (__init_array_start = .)
 *(SORT_BY_NAME(.init_array.*))
 *(.init_array*)
 .init_array    0x08007954        0x4 D:/Mechatronics/STM32CubeIDE/STM32CubeIDE_1.18.0/STM32CubeIDE/plugins/com.st.stm32cube.ide.mcu.externaltools.gnu-tools-for-stm32.13.3.rel1.win32_1.0.0.202411081344/tools/bin/../lib/gcc/arm-none-eabi/13.3.1/thumb/v7e-m+fp/hard/crtbegin.o
                0x08007958                        PROVIDE (__init_array_end = .)
                0x08007958                        . = ALIGN (0x4)

.fini_array     0x08007958        0x4
                0x08007958                        . = ALIGN (0x4)
                [!provide]                        PROVIDE (__fini_array_start = .)
 *(SORT_BY_NAME(.fini_array.*))
 *(.fini_array*)
 .fini_array    0x08007958        0x4 D:/Mechatronics/STM32CubeIDE/STM32CubeIDE_1.18.0/STM32CubeIDE/plugins/com.st.stm32cube.ide.mcu.externaltools.gnu-tools-for-stm32.13.3.rel1.win32_1.0.0.202411081344/tools/bin/../lib/gcc/arm-none-eabi/13.3.1/thumb/v7e-m+fp/hard/crtbegin.o
                [!provide]                        PROVIDE (__fini_array_end = .)
                0x0800795c                        . = ALIGN (0x4)
                0x0800795c                        _sidata = LOADADDR (.data)

.rel.dyn        0x0800795c        0x0
 .rel.iplt      0x0800795c        0x0 D:/Mechatronics/STM32CubeIDE/STM32CubeIDE_1.18.0/STM32CubeIDE/plugins/com.st.stm32cube.ide.mcu.externaltools.gnu-tools-for-stm32.13.3.rel1.win32_1.0.0.202411081344/tools/bin/../lib/gcc/arm-none-eabi/13.3.1/thumb/v7e-m+fp/hard/crtbegin.o

.data           0x20000000        0xc load address 0x0800795c
                0x20000000                        . = ALIGN (0x4)
                0x20000000                        _sdata = .
 *(.data)
 *(.data*)
 .data.SystemCoreClock
                0x20000000        0x4 ./Core/Src/system_stm32f4xx.o
                0x20000000                SystemCoreClock
 .data.uwTickPrio
                0x20000004        0x4 ./Drivers/STM32F4xx_HAL_Driver/Src/stm32f4xx_hal.o
                0x20000004                uwTickPrio
 .data.uwTickFreq
                0x20000008        0x1 ./Drivers/STM32F4xx_HAL_Driver/Src/stm32f4xx_hal.o
                0x20000008                uwTickFreq
 *(.RamFunc)
 *(.RamFunc*)
                0x2000000c                        . = ALIGN (0x4)
 *fill*         0x20000009        0x3 
                0x2000000c                        _edata = .
                0x08007968                        _siccmram = LOADADDR (.ccmram)

.igot.plt       0x2000000c        0x0 load address 0x08007968
 .igot.plt      0x2000000c        0x0 D:/Mechatronics/STM32CubeIDE/STM32CubeIDE_1.18.0/STM32CubeIDE/plugins/com.st.stm32cube.ide.mcu.externaltools.gnu-tools-for-stm32.13.3.rel1.win32_1.0.0.202411081344/tools/bin/../lib/gcc/arm-none-eabi/13.3.1/thumb/v7e-m+fp/hard/crtbegin.o

.ccmram         0x10000000        0x0 load address 0x08007968
                0x10000000                        . = ALIGN (0x4)
                0x10000000                        _sccmram = .
 *(.ccmram)
 *(.ccmram*)
                0x10000000                        . = ALIGN (0x4)
                0x10000000                        _eccmram = .
                0x10000000                        . = ALIGN (0x4)

.bss            0x2000000c      0x5e4
                0x2000000c                        _sbss = .
                0x2000000c                        __bss_start__ = _sbss
 *(.bss)
 .bss           0x2000000c       0x1c D:/Mechatronics/STM32CubeIDE/STM32CubeIDE_1.18.0/STM32CubeIDE/plugins/com.st.stm32cube.ide.mcu.externaltools.gnu-tools-for-stm32.13.3.rel1.win32_1.0.0.202411081344/tools/bin/../lib/gcc/arm-none-eabi/13.3.1/thumb/v7e-m+fp/hard/crtbegin.o
 *(.bss*)
 .bss.mData     0x20000028        0x1 ./Core/Src/MPU6050.o
                0x20000028                mData
 *fill*         0x20000029        0x1 
 .bss.raw_ax    0x2000002a        0x2 ./Core/Src/MPU6050.o
                0x2000002a                raw_ax
 .bss.raw_ay    0x2000002c        0x2 ./Core/Src/MPU6050.o
                0x2000002c                raw_ay
 .bss.raw_az    0x2000002e        0x2 ./Core/Src/MPU6050.o
                0x2000002e                raw_az
 .bss.raw_gx    0x20000030        0x2 ./Core/Src/MPU6050.o
                0x20000030                raw_gx
 .bss.raw_gy    0x20000032        0x2 ./Core/Src/MPU6050.o
                0x20000032                raw_gy
 .bss.raw_gz    0x20000034        0x2 ./Core/Src/MPU6050.o
                0x20000034                raw_gz
 *fill*         0x20000036        0x2 
 .bss.gyroX     0x20000038        0x4 ./Core/Src/MPU6050.o
                0x20000038                gyroX
 .bss.gyroY     0x2000003c        0x4 ./Core/Src/MPU6050.o
                0x2000003c                gyroY
 .bss.gyroZ     0x20000040        0x4 ./Core/Src/MPU6050.o
                0x20000040                gyroZ
 .bss.gyroX_offsets
                0x20000044        0x4 ./Core/Src/MPU6050.o
                0x20000044                gyroX_offsets
 .bss.gyroY_offsets
                0x20000048        0x4 ./Core/Src/MPU6050.o
                0x20000048                gyroY_offsets
 .bss.gyroZ_offsets
                0x2000004c        0x4 ./Core/Src/MPU6050.o
                0x2000004c                gyroZ_offsets
 .bss.accelX    0x20000050        0x4 ./Core/Src/MPU6050.o
                0x20000050                accelX
 .bss.accelY    0x20000054        0x4 ./Core/Src/MPU6050.o
                0x20000054                accelY
 .bss.accelZ    0x20000058        0x4 ./Core/Src/MPU6050.o
                0x20000058                accelZ
 .bss.accelX_offsets
                0x2000005c        0x4 ./Core/Src/MPU6050.o
                0x2000005c                accelX_offsets
 .bss.accelY_offsets
                0x20000060        0x4 ./Core/Src/MPU6050.o
                0x20000060                accelY_offsets
 .bss.accelZ_offsets
                0x20000064        0x4 ./Core/Src/MPU6050.o
                0x20000064                accelZ_offsets
 .bss.angleX    0x20000068        0x4 ./Core/Src/MPU6050.o
                0x20000068                angleX
 .bss.angleY    0x2000006c        0x4 ./Core/Src/MPU6050.o
                0x2000006c                angleY
 .bss.check     0x20000070        0x1 ./Core/Src/MPU6050.o
                0x20000070                check
 .bss.status    0x20000071        0x1 ./Core/Src/MPU6050.o
                0x20000071                status
 *fill*         0x20000072        0x2 
 .bss.IMU_HI2C  0x20000074        0x4 ./Core/Src/MPU6050.o
                0x20000074                IMU_HI2C
 .bss.IMU_HTIM  0x20000078        0x4 ./Core/Src/MPU6050.o
                0x20000078                IMU_HTIM
 .bss.IMU_UART  0x2000007c        0x4 ./Core/Src/WT61.o
                0x2000007c                IMU_UART
 .bss.yaw_angle
                0x20000080        0x4 ./Core/Src/WT61.o
                0x20000080                yaw_angle
 .bss.prev_yaw_angle
                0x20000084        0x4 ./Core/Src/WT61.o
                0x20000084                prev_yaw_angle
 .bss.save_yaw_angle
                0x20000088        0x4 ./Core/Src/WT61.o
                0x20000088                save_yaw_angle
 .bss.pitch_angle
                0x2000008c        0x4 ./Core/Src/WT61.o
                0x2000008c                pitch_angle
 .bss.roll_angle
                0x20000090        0x4 ./Core/Src/WT61.o
                0x20000090                roll_angle
 .bss.data_packet
                0x20000094       0x28 ./Core/Src/WT61.o
                0x20000094                data_packet
 .bss.check_bit
                0x200000bc        0x1 ./Core/Src/WT61.o
                0x200000bc                check_bit
 .bss.handle    0x200000bd        0x1 ./Core/Src/WT61.o
                0x200000bd                handle
 *fill*         0x200000be        0x2 
 .bss.angleZ    0x200000c0        0x4 ./Core/Src/main.o
                0x200000c0                angleZ
 .bss.roll_controller
                0x200000c4       0x48 ./Core/Src/main.o
                0x200000c4                roll_controller
 .bss.pitch_controller
                0x2000010c       0x48 ./Core/Src/main.o
                0x2000010c                pitch_controller
 .bss.yaw_controller
                0x20000154       0x48 ./Core/Src/main.o
                0x20000154                yaw_controller
 .bss.hi2c1     0x2000019c       0x54 ./Core/Src/main.o
                0x2000019c                hi2c1
 .bss.hi2c2     0x200001f0       0x54 ./Core/Src/main.o
                0x200001f0                hi2c2
 .bss.hdma_i2c2_rx
                0x20000244       0x60 ./Core/Src/main.o
                0x20000244                hdma_i2c2_rx
 .bss.htim1     0x200002a4       0x48 ./Core/Src/main.o
                0x200002a4                htim1
 .bss.htim2     0x200002ec       0x48 ./Core/Src/main.o
                0x200002ec                htim2
 .bss.htim3     0x20000334       0x48 ./Core/Src/main.o
                0x20000334                htim3
 .bss.htim4     0x2000037c       0x48 ./Core/Src/main.o
                0x2000037c                htim4
 .bss.htim5     0x200003c4       0x48 ./Core/Src/main.o
                0x200003c4                htim5
 .bss.htim8     0x2000040c       0x48 ./Core/Src/main.o
                0x2000040c                htim8
 .bss.huart1    0x20000454       0x48 ./Core/Src/main.o
                0x20000454                huart1
 .bss.huart2    0x2000049c       0x48 ./Core/Src/main.o
                0x2000049c                huart2
 .bss.huart6    0x200004e4       0x48 ./Core/Src/main.o
                0x200004e4                huart6
 .bss.hdma_usart1_rx
                0x2000052c       0x60 ./Core/Src/main.o
                0x2000052c                hdma_usart1_rx
 .bss.hdma_usart2_rx
                0x2000058c       0x60 ./Core/Src/main.o
                0x2000058c                hdma_usart2_rx
 .bss.uwTick    0x200005ec        0x4 ./Drivers/STM32F4xx_HAL_Driver/Src/stm32f4xx_hal.o
                0x200005ec                uwTick
 *(COMMON)
                0x200005f0                        . = ALIGN (0x4)
                0x200005f0                        _ebss = .
                0x200005f0                        __bss_end__ = _ebss

._user_heap_stack
                0x200005f0      0x600
                0x200005f0                        . = ALIGN (0x8)
                [!provide]                        PROVIDE (end = .)
                0x200005f0                        PROVIDE (_end = .)
                0x200007f0                        . = (. + _Min_Heap_Size)
 *fill*         0x200005f0      0x200 
                0x20000bf0                        . = (. + _Min_Stack_Size)
 *fill*         0x200007f0      0x400 
                0x20000bf0                        . = ALIGN (0x8)

/DISCARD/
 libc.a(*)
 libm.a(*)
 libgcc.a(*)

.ARM.attributes
                0x00000000       0x30
 *(.ARM.attributes)
 .ARM.attributes
                0x00000000       0x22 D:/Mechatronics/STM32CubeIDE/STM32CubeIDE_1.18.0/STM32CubeIDE/plugins/com.st.stm32cube.ide.mcu.externaltools.gnu-tools-for-stm32.13.3.rel1.win32_1.0.0.202411081344/tools/bin/../lib/gcc/arm-none-eabi/13.3.1/thumb/v7e-m+fp/hard/crti.o
 .ARM.attributes
                0x00000022       0x34 D:/Mechatronics/STM32CubeIDE/STM32CubeIDE_1.18.0/STM32CubeIDE/plugins/com.st.stm32cube.ide.mcu.externaltools.gnu-tools-for-stm32.13.3.rel1.win32_1.0.0.202411081344/tools/bin/../lib/gcc/arm-none-eabi/13.3.1/thumb/v7e-m+fp/hard/crtbegin.o
 .ARM.attributes
                0x00000056       0x34 ./Core/Src/MPU6050.o
 .ARM.attributes
                0x0000008a       0x34 ./Core/Src/PID.o
 .ARM.attributes
                0x000000be       0x34 ./Core/Src/WT61.o
 .ARM.attributes
                0x000000f2       0x34 ./Core/Src/main.o
 .ARM.attributes
                0x00000126       0x34 ./Core/Src/stm32f4xx_hal_msp.o
 .ARM.attributes
                0x0000015a       0x34 ./Core/Src/stm32f4xx_it.o
 .ARM.attributes
                0x0000018e       0x34 ./Core/Src/system_stm32f4xx.o
 .ARM.attributes
                0x000001c2       0x21 ./Core/Startup/startup_stm32f407vetx.o
 .ARM.attributes
                0x000001e3       0x34 ./Drivers/STM32F4xx_HAL_Driver/Src/stm32f4xx_hal.o
 .ARM.attributes
                0x00000217       0x34 ./Drivers/STM32F4xx_HAL_Driver/Src/stm32f4xx_hal_cortex.o
 .ARM.attributes
                0x0000024b       0x34 ./Drivers/STM32F4xx_HAL_Driver/Src/stm32f4xx_hal_dma.o
 .ARM.attributes
                0x0000027f       0x34 ./Drivers/STM32F4xx_HAL_Driver/Src/stm32f4xx_hal_gpio.o
 .ARM.attributes
                0x000002b3       0x34 ./Drivers/STM32F4xx_HAL_Driver/Src/stm32f4xx_hal_i2c.o
 .ARM.attributes
                0x000002e7       0x34 ./Drivers/STM32F4xx_HAL_Driver/Src/stm32f4xx_hal_rcc.o
 .ARM.attributes
                0x0000031b       0x34 ./Drivers/STM32F4xx_HAL_Driver/Src/stm32f4xx_hal_tim.o
 .ARM.attributes
                0x0000034f       0x34 ./Drivers/STM32F4xx_HAL_Driver/Src/stm32f4xx_hal_tim_ex.o
 .ARM.attributes
                0x00000383       0x34 ./Drivers/STM32F4xx_HAL_Driver/Src/stm32f4xx_hal_uart.o
 .ARM.attributes
                0x000003b7       0x34 D:/Mechatronics/STM32CubeIDE/STM32CubeIDE_1.18.0/STM32CubeIDE/plugins/com.st.stm32cube.ide.mcu.externaltools.gnu-tools-for-stm32.13.3.rel1.win32_1.0.0.202411081344/tools/bin/../lib/gcc/arm-none-eabi/13.3.1/../../../../arm-none-eabi/lib/thumb/v7e-m+fp/hard\libc_nano.a(libc_a-memset.o)
 .ARM.attributes
                0x000003eb       0x34 D:/Mechatronics/STM32CubeIDE/STM32CubeIDE_1.18.0/STM32CubeIDE/plugins/com.st.stm32cube.ide.mcu.externaltools.gnu-tools-for-stm32.13.3.rel1.win32_1.0.0.202411081344/tools/bin/../lib/gcc/arm-none-eabi/13.3.1/../../../../arm-none-eabi/lib/thumb/v7e-m+fp/hard\libc_nano.a(libc_a-init.o)
 .ARM.attributes
                0x0000041f       0x22 D:/Mechatronics/STM32CubeIDE/STM32CubeIDE_1.18.0/STM32CubeIDE/plugins/com.st.stm32cube.ide.mcu.externaltools.gnu-tools-for-stm32.13.3.rel1.win32_1.0.0.202411081344/tools/bin/../lib/gcc/arm-none-eabi/13.3.1/thumb/v7e-m+fp/hard\libgcc.a(_arm_addsubdf3.o)
 .ARM.attributes
                0x00000441       0x22 D:/Mechatronics/STM32CubeIDE/STM32CubeIDE_1.18.0/STM32CubeIDE/plugins/com.st.stm32cube.ide.mcu.externaltools.gnu-tools-for-stm32.13.3.rel1.win32_1.0.0.202411081344/tools/bin/../lib/gcc/arm-none-eabi/13.3.1/thumb/v7e-m+fp/hard\libgcc.a(_arm_truncdfsf2.o)
 .ARM.attributes
                0x00000463       0x22 D:/Mechatronics/STM32CubeIDE/STM32CubeIDE_1.18.0/STM32CubeIDE/plugins/com.st.stm32cube.ide.mcu.externaltools.gnu-tools-for-stm32.13.3.rel1.win32_1.0.0.202411081344/tools/bin/../lib/gcc/arm-none-eabi/13.3.1/thumb/v7e-m+fp/hard\libgcc.a(_aeabi_uldivmod.o)
 .ARM.attributes
                0x00000485       0x34 D:/Mechatronics/STM32CubeIDE/STM32CubeIDE_1.18.0/STM32CubeIDE/plugins/com.st.stm32cube.ide.mcu.externaltools.gnu-tools-for-stm32.13.3.rel1.win32_1.0.0.202411081344/tools/bin/../lib/gcc/arm-none-eabi/13.3.1/thumb/v7e-m+fp/hard\libgcc.a(_udivmoddi4.o)
 .ARM.attributes
                0x000004b9       0x22 D:/Mechatronics/STM32CubeIDE/STM32CubeIDE_1.18.0/STM32CubeIDE/plugins/com.st.stm32cube.ide.mcu.externaltools.gnu-tools-for-stm32.13.3.rel1.win32_1.0.0.202411081344/tools/bin/../lib/gcc/arm-none-eabi/13.3.1/thumb/v7e-m+fp/hard\libgcc.a(_dvmd_tls.o)
 .ARM.attributes
                0x000004db       0x22 D:/Mechatronics/STM32CubeIDE/STM32CubeIDE_1.18.0/STM32CubeIDE/plugins/com.st.stm32cube.ide.mcu.externaltools.gnu-tools-for-stm32.13.3.rel1.win32_1.0.0.202411081344/tools/bin/../lib/gcc/arm-none-eabi/13.3.1/thumb/v7e-m+fp/hard/crtn.o
OUTPUT(Drone_V1.elf elf32-littlearm)
LOAD linker stubs
LOAD D:/Mechatronics/STM32CubeIDE/STM32CubeIDE_1.18.0/STM32CubeIDE/plugins/com.st.stm32cube.ide.mcu.externaltools.gnu-tools-for-stm32.13.3.rel1.win32_1.0.0.202411081344/tools/bin/../lib/gcc/arm-none-eabi/13.3.1/../../../../arm-none-eabi/lib/thumb/v7e-m+fp/hard\libc.a
LOAD D:/Mechatronics/STM32CubeIDE/STM32CubeIDE_1.18.0/STM32CubeIDE/plugins/com.st.stm32cube.ide.mcu.externaltools.gnu-tools-for-stm32.13.3.rel1.win32_1.0.0.202411081344/tools/bin/../lib/gcc/arm-none-eabi/13.3.1/../../../../arm-none-eabi/lib/thumb/v7e-m+fp/hard\libm.a
LOAD D:/Mechatronics/STM32CubeIDE/STM32CubeIDE_1.18.0/STM32CubeIDE/plugins/com.st.stm32cube.ide.mcu.externaltools.gnu-tools-for-stm32.13.3.rel1.win32_1.0.0.202411081344/tools/bin/../lib/gcc/arm-none-eabi/13.3.1/thumb/v7e-m+fp/hard\libgcc.a

.debug_info     0x00000000    0x119b4
 .debug_info    0x00000000      0xd78 ./Core/Src/MPU6050.o
 .debug_info    0x00000d78      0x218 ./Core/Src/PID.o
 .debug_info    0x00000f90      0x85b ./Core/Src/WT61.o
 .debug_info    0x000017eb     0x1fb2 ./Core/Src/main.o
 .debug_info    0x0000379d     0x1473 ./Core/Src/stm32f4xx_hal_msp.o
 .debug_info    0x00004c10      0x75d ./Core/Src/stm32f4xx_it.o
 .debug_info    0x0000536d      0x512 ./Core/Src/system_stm32f4xx.o
 .debug_info    0x0000587f       0x30 ./Core/Startup/startup_stm32f407vetx.o
 .debug_info    0x000058af      0x944 ./Drivers/STM32F4xx_HAL_Driver/Src/stm32f4xx_hal.o
 .debug_info    0x000061f3      0xd8c ./Drivers/STM32F4xx_HAL_Driver/Src/stm32f4xx_hal_cortex.o
 .debug_info    0x00006f7f      0x8e7 ./Drivers/STM32F4xx_HAL_Driver/Src/stm32f4xx_hal_dma.o
 .debug_info    0x00007866      0x6c3 ./Drivers/STM32F4xx_HAL_Driver/Src/stm32f4xx_hal_gpio.o
 .debug_info    0x00007f29     0x2415 ./Drivers/STM32F4xx_HAL_Driver/Src/stm32f4xx_hal_i2c.o
 .debug_info    0x0000a33e      0x8af ./Drivers/STM32F4xx_HAL_Driver/Src/stm32f4xx_hal_rcc.o
 .debug_info    0x0000abed     0x299d ./Drivers/STM32F4xx_HAL_Driver/Src/stm32f4xx_hal_tim.o
 .debug_info    0x0000d58a     0x14db ./Drivers/STM32F4xx_HAL_Driver/Src/stm32f4xx_hal_tim_ex.o
 .debug_info    0x0000ea65     0x2f4f ./Drivers/STM32F4xx_HAL_Driver/Src/stm32f4xx_hal_uart.o

.debug_abbrev   0x00000000     0x24b3
 .debug_abbrev  0x00000000      0x204 ./Core/Src/MPU6050.o
 .debug_abbrev  0x00000204       0xf8 ./Core/Src/PID.o
 .debug_abbrev  0x000002fc      0x228 ./Core/Src/WT61.o
 .debug_abbrev  0x00000524      0x36e ./Core/Src/main.o
 .debug_abbrev  0x00000892      0x260 ./Core/Src/stm32f4xx_hal_msp.o
 .debug_abbrev  0x00000af2      0x1ad ./Core/Src/stm32f4xx_it.o
 .debug_abbrev  0x00000c9f      0x11a ./Core/Src/system_stm32f4xx.o
 .debug_abbrev  0x00000db9       0x24 ./Core/Startup/startup_stm32f407vetx.o
 .debug_abbrev  0x00000ddd      0x214 ./Drivers/STM32F4xx_HAL_Driver/Src/stm32f4xx_hal.o
 .debug_abbrev  0x00000ff1      0x31d ./Drivers/STM32F4xx_HAL_Driver/Src/stm32f4xx_hal_cortex.o
 .debug_abbrev  0x0000130e      0x264 ./Drivers/STM32F4xx_HAL_Driver/Src/stm32f4xx_hal_dma.o
 .debug_abbrev  0x00001572      0x1d4 ./Drivers/STM32F4xx_HAL_Driver/Src/stm32f4xx_hal_gpio.o
 .debug_abbrev  0x00001746      0x2ad ./Drivers/STM32F4xx_HAL_Driver/Src/stm32f4xx_hal_i2c.o
 .debug_abbrev  0x000019f3      0x2b7 ./Drivers/STM32F4xx_HAL_Driver/Src/stm32f4xx_hal_rcc.o
 .debug_abbrev  0x00001caa      0x278 ./Drivers/STM32F4xx_HAL_Driver/Src/stm32f4xx_hal_tim.o
 .debug_abbrev  0x00001f22      0x283 ./Drivers/STM32F4xx_HAL_Driver/Src/stm32f4xx_hal_tim_ex.o
 .debug_abbrev  0x000021a5      0x30e ./Drivers/STM32F4xx_HAL_Driver/Src/stm32f4xx_hal_uart.o

.debug_aranges  0x00000000     0x1078
 .debug_aranges
                0x00000000       0x48 ./Core/Src/MPU6050.o
 .debug_aranges
                0x00000048       0x38 ./Core/Src/PID.o
 .debug_aranges
                0x00000080       0x70 ./Core/Src/WT61.o
 .debug_aranges
                0x000000f0       0xe0 ./Core/Src/main.o
 .debug_aranges
                0x000001d0       0x58 ./Core/Src/stm32f4xx_hal_msp.o
 .debug_aranges
                0x00000228       0x88 ./Core/Src/stm32f4xx_it.o
 .debug_aranges
                0x000002b0       0x28 ./Core/Src/system_stm32f4xx.o
 .debug_aranges
                0x000002d8       0x28 ./Core/Startup/startup_stm32f407vetx.o
 .debug_aranges
                0x00000300       0xf0 ./Drivers/STM32F4xx_HAL_Driver/Src/stm32f4xx_hal.o
 .debug_aranges
                0x000003f0      0x130 ./Drivers/STM32F4xx_HAL_Driver/Src/stm32f4xx_hal_cortex.o
 .debug_aranges
                0x00000520       0x90 ./Drivers/STM32F4xx_HAL_Driver/Src/stm32f4xx_hal_dma.o
 .debug_aranges
                0x000005b0       0x58 ./Drivers/STM32F4xx_HAL_Driver/Src/stm32f4xx_hal_gpio.o
 .debug_aranges
                0x00000608      0x2a8 ./Drivers/STM32F4xx_HAL_Driver/Src/stm32f4xx_hal_i2c.o
 .debug_aranges
                0x000008b0       0x88 ./Drivers/STM32F4xx_HAL_Driver/Src/stm32f4xx_hal_rcc.o
 .debug_aranges
                0x00000938      0x3d0 ./Drivers/STM32F4xx_HAL_Driver/Src/stm32f4xx_hal_tim.o
 .debug_aranges
                0x00000d08      0x168 ./Drivers/STM32F4xx_HAL_Driver/Src/stm32f4xx_hal_tim_ex.o
 .debug_aranges
                0x00000e70      0x208 ./Drivers/STM32F4xx_HAL_Driver/Src/stm32f4xx_hal_uart.o

.debug_rnglists
                0x00000000      0xd10
 .debug_rnglists
                0x00000000       0x37 ./Core/Src/MPU6050.o
 .debug_rnglists
                0x00000037       0x26 ./Core/Src/PID.o
 .debug_rnglists
                0x0000005d       0x52 ./Core/Src/WT61.o
 .debug_rnglists
                0x000000af       0xaf ./Core/Src/main.o
 .debug_rnglists
                0x0000015e       0x43 ./Core/Src/stm32f4xx_hal_msp.o
 .debug_rnglists
                0x000001a1       0x61 ./Core/Src/stm32f4xx_it.o
 .debug_rnglists
                0x00000202       0x1a ./Core/Src/system_stm32f4xx.o
 .debug_rnglists
                0x0000021c       0x19 ./Core/Startup/startup_stm32f407vetx.o
 .debug_rnglists
                0x00000235       0xaf ./Drivers/STM32F4xx_HAL_Driver/Src/stm32f4xx_hal.o
 .debug_rnglists
                0x000002e4       0xe0 ./Drivers/STM32F4xx_HAL_Driver/Src/stm32f4xx_hal_cortex.o
 .debug_rnglists
                0x000003c4       0x70 ./Drivers/STM32F4xx_HAL_Driver/Src/stm32f4xx_hal_dma.o
 .debug_rnglists
                0x00000434       0x3f ./Drivers/STM32F4xx_HAL_Driver/Src/stm32f4xx_hal_gpio.o
 .debug_rnglists
                0x00000473      0x23c ./Drivers/STM32F4xx_HAL_Driver/Src/stm32f4xx_hal_i2c.o
 .debug_rnglists
                0x000006af       0x66 ./Drivers/STM32F4xx_HAL_Driver/Src/stm32f4xx_hal_rcc.o
 .debug_rnglists
                0x00000715      0x31a ./Drivers/STM32F4xx_HAL_Driver/Src/stm32f4xx_hal_tim.o
 .debug_rnglists
                0x00000a2f      0x125 ./Drivers/STM32F4xx_HAL_Driver/Src/stm32f4xx_hal_tim_ex.o
 .debug_rnglists
                0x00000b54      0x1bc ./Drivers/STM32F4xx_HAL_Driver/Src/stm32f4xx_hal_uart.o

.debug_macro    0x00000000    0x21a6d
 .debug_macro   0x00000000      0x301 ./Core/Src/MPU6050.o
 .debug_macro   0x00000301      0xad8 ./Core/Src/MPU6050.o
 .debug_macro   0x00000dd9      0x2a1 ./Core/Src/MPU6050.o
 .debug_macro   0x0000107a       0x2e ./Core/Src/MPU6050.o
 .debug_macro   0x000010a8       0x2f ./Core/Src/MPU6050.o
 .debug_macro   0x000010d7       0x22 ./Core/Src/MPU6050.o
 .debug_macro   0x000010f9       0x8e ./Core/Src/MPU6050.o
 .debug_macro   0x00001187       0x51 ./Core/Src/MPU6050.o
 .debug_macro   0x000011d8      0x103 ./Core/Src/MPU6050.o
 .debug_macro   0x000012db       0x6a ./Core/Src/MPU6050.o
 .debug_macro   0x00001345      0x1df ./Core/Src/MPU6050.o
 .debug_macro   0x00001524       0x1c ./Core/Src/MPU6050.o
 .debug_macro   0x00001540       0x22 ./Core/Src/MPU6050.o
 .debug_macro   0x00001562       0xfb ./Core/Src/MPU6050.o
 .debug_macro   0x0000165d     0x1011 ./Core/Src/MPU6050.o
 .debug_macro   0x0000266e      0x11f ./Core/Src/MPU6050.o
 .debug_macro   0x0000278d    0x15e97 ./Core/Src/MPU6050.o
 .debug_macro   0x00018624       0x6d ./Core/Src/MPU6050.o
 .debug_macro   0x00018691     0x369a ./Core/Src/MPU6050.o
 .debug_macro   0x0001bd2b      0x190 ./Core/Src/MPU6050.o
 .debug_macro   0x0001bebb       0x5c ./Core/Src/MPU6050.o
 .debug_macro   0x0001bf17      0x980 ./Core/Src/MPU6050.o
 .debug_macro   0x0001c897      0x9e9 ./Core/Src/MPU6050.o
 .debug_macro   0x0001d280      0x115 ./Core/Src/MPU6050.o
 .debug_macro   0x0001d395      0x13e ./Core/Src/MPU6050.o
 .debug_macro   0x0001d4d3       0xa5 ./Core/Src/MPU6050.o
 .debug_macro   0x0001d578      0x174 ./Core/Src/MPU6050.o
 .debug_macro   0x0001d6ec      0x287 ./Core/Src/MPU6050.o
 .debug_macro   0x0001d973       0x5f ./Core/Src/MPU6050.o
 .debug_macro   0x0001d9d2      0x236 ./Core/Src/MPU6050.o
 .debug_macro   0x0001dc08      0x12c ./Core/Src/MPU6050.o
 .debug_macro   0x0001dd34      0x21e ./Core/Src/MPU6050.o
 .debug_macro   0x0001df52       0x2e ./Core/Src/MPU6050.o
 .debug_macro   0x0001df80      0x1b5 ./Core/Src/MPU6050.o
 .debug_macro   0x0001e135       0xd6 ./Core/Src/MPU6050.o
 .debug_macro   0x0001e20b      0x127 ./Core/Src/MPU6050.o
 .debug_macro   0x0001e332       0x7e ./Core/Src/MPU6050.o
 .debug_macro   0x0001e3b0       0x89 ./Core/Src/MPU6050.o
 .debug_macro   0x0001e439      0x8ed ./Core/Src/MPU6050.o
 .debug_macro   0x0001ed26       0x4d ./Core/Src/MPU6050.o
 .debug_macro   0x0001ed73      0x2aa ./Core/Src/MPU6050.o
 .debug_macro   0x0001f01d      0x12d ./Core/Src/MPU6050.o
 .debug_macro   0x0001f14a       0x7c ./Core/Src/MPU6050.o
 .debug_macro   0x0001f1c6       0x61 ./Core/Src/MPU6050.o
 .debug_macro   0x0001f227       0x2a ./Core/Src/MPU6050.o
 .debug_macro   0x0001f251       0x43 ./Core/Src/MPU6050.o
 .debug_macro   0x0001f294       0x34 ./Core/Src/MPU6050.o
 .debug_macro   0x0001f2c8      0x370 ./Core/Src/MPU6050.o
 .debug_macro   0x0001f638       0x16 ./Core/Src/MPU6050.o
 .debug_macro   0x0001f64e       0x4a ./Core/Src/MPU6050.o
 .debug_macro   0x0001f698       0x34 ./Core/Src/MPU6050.o
 .debug_macro   0x0001f6cc       0x10 ./Core/Src/MPU6050.o
 .debug_macro   0x0001f6dc       0x58 ./Core/Src/MPU6050.o
 .debug_macro   0x0001f734       0x8e ./Core/Src/MPU6050.o
 .debug_macro   0x0001f7c2       0x1c ./Core/Src/MPU6050.o
 .debug_macro   0x0001f7de      0x185 ./Core/Src/MPU6050.o
 .debug_macro   0x0001f963      0x19b ./Core/Src/MPU6050.o
 .debug_macro   0x0001fafe       0x22 ./Core/Src/MPU6050.o
 .debug_macro   0x0001fb20       0x1b ./Core/Src/PID.o
 .debug_macro   0x0001fb3b      0x216 ./Core/Src/WT61.o
 .debug_macro   0x0001fd51      0x32a ./Core/Src/main.o
 .debug_macro   0x0002007b       0x16 ./Core/Src/main.o
 .debug_macro   0x00020091       0x3c ./Core/Src/main.o
 .debug_macro   0x000200cd       0x10 ./Core/Src/main.o
 .debug_macro   0x000200dd       0x16 ./Core/Src/main.o
 .debug_macro   0x000200f3       0x16 ./Core/Src/main.o
 .debug_macro   0x00020109      0x146 ./Core/Src/main.o
 .debug_macro   0x0002024f       0x16 ./Core/Src/main.o
 .debug_macro   0x00020265       0x20 ./Core/Src/main.o
 .debug_macro   0x00020285      0x1f7 ./Core/Src/stm32f4xx_hal_msp.o
 .debug_macro   0x0002047c      0x201 ./Core/Src/stm32f4xx_it.o
 .debug_macro   0x0002067d      0x1e8 ./Core/Src/system_stm32f4xx.o
 .debug_macro   0x00020865      0x248 ./Drivers/STM32F4xx_HAL_Driver/Src/stm32f4xx_hal.o
 .debug_macro   0x00020aad      0x1e8 ./Drivers/STM32F4xx_HAL_Driver/Src/stm32f4xx_hal_cortex.o
 .debug_macro   0x00020c95      0x1ee ./Drivers/STM32F4xx_HAL_Driver/Src/stm32f4xx_hal_dma.o
 .debug_macro   0x00020e83      0x1ee ./Drivers/STM32F4xx_HAL_Driver/Src/stm32f4xx_hal_gpio.o
 .debug_macro   0x00021071      0x236 ./Drivers/STM32F4xx_HAL_Driver/Src/stm32f4xx_hal_i2c.o
 .debug_macro   0x000212a7      0x20c ./Drivers/STM32F4xx_HAL_Driver/Src/stm32f4xx_hal_rcc.o
 .debug_macro   0x000214b3      0x1e9 ./Drivers/STM32F4xx_HAL_Driver/Src/stm32f4xx_hal_tim.o
 .debug_macro   0x0002169c      0x1e8 ./Drivers/STM32F4xx_HAL_Driver/Src/stm32f4xx_hal_tim_ex.o
 .debug_macro   0x00021884      0x1e9 ./Drivers/STM32F4xx_HAL_Driver/Src/stm32f4xx_hal_uart.o

.debug_line     0x00000000    0x135fc
 .debug_line    0x00000000      0xc8d ./Core/Src/MPU6050.o
 .debug_line    0x00000c8d      0x188 ./Core/Src/PID.o
 .debug_line    0x00000e15      0x922 ./Core/Src/WT61.o
 .debug_line    0x00001737     0x11d7 ./Core/Src/main.o
 .debug_line    0x0000290e      0xa26 ./Core/Src/stm32f4xx_hal_msp.o
 .debug_line    0x00003334      0x86a ./Core/Src/stm32f4xx_it.o
 .debug_line    0x00003b9e      0x7c8 ./Core/Src/system_stm32f4xx.o
 .debug_line    0x00004366       0x7a ./Core/Startup/startup_stm32f407vetx.o
 .debug_line    0x000043e0      0xa35 ./Drivers/STM32F4xx_HAL_Driver/Src/stm32f4xx_hal.o
 .debug_line    0x00004e15      0xd05 ./Drivers/STM32F4xx_HAL_Driver/Src/stm32f4xx_hal_cortex.o
 .debug_line    0x00005b1a      0xfa1 ./Drivers/STM32F4xx_HAL_Driver/Src/stm32f4xx_hal_dma.o
 .debug_line    0x00006abb      0xb8d ./Drivers/STM32F4xx_HAL_Driver/Src/stm32f4xx_hal_gpio.o
 .debug_line    0x00007648     0x3ae7 ./Drivers/STM32F4xx_HAL_Driver/Src/stm32f4xx_hal_i2c.o
 .debug_line    0x0000b12f      0xe42 ./Drivers/STM32F4xx_HAL_Driver/Src/stm32f4xx_hal_rcc.o
 .debug_line    0x0000bf71     0x37b2 ./Drivers/STM32F4xx_HAL_Driver/Src/stm32f4xx_hal_tim.o
 .debug_line    0x0000f723     0x1995 ./Drivers/STM32F4xx_HAL_Driver/Src/stm32f4xx_hal_tim_ex.o
 .debug_line    0x000110b8     0x2544 ./Drivers/STM32F4xx_HAL_Driver/Src/stm32f4xx_hal_uart.o

.debug_str      0x00000000    0xce8a8
 .debug_str     0x00000000    0xce8a8 ./Core/Src/MPU6050.o
                              0xc9e6d (size before relaxing)
 .debug_str     0x000ce8a8     0x2f7b ./Core/Src/PID.o
 .debug_str     0x000ce8a8    0xc6003 ./Core/Src/WT61.o
 .debug_str     0x000ce8a8    0xcab9c ./Core/Src/main.o
 .debug_str     0x000ce8a8    0xc6a85 ./Core/Src/stm32f4xx_hal_msp.o
 .debug_str     0x000ce8a8    0xc5f6c ./Core/Src/stm32f4xx_it.o
 .debug_str     0x000ce8a8    0xc58c7 ./Core/Src/system_stm32f4xx.o
 .debug_str     0x000ce8a8       0x96 ./Core/Startup/startup_stm32f407vetx.o
 .debug_str     0x000ce8a8    0xc644b ./Drivers/STM32F4xx_HAL_Driver/Src/stm32f4xx_hal.o
 .debug_str     0x000ce8a8    0xc61c7 ./Drivers/STM32F4xx_HAL_Driver/Src/stm32f4xx_hal_cortex.o
 .debug_str     0x000ce8a8    0xc5ce1 ./Drivers/STM32F4xx_HAL_Driver/Src/stm32f4xx_hal_dma.o
 .debug_str     0x000ce8a8    0xc5a42 ./Drivers/STM32F4xx_HAL_Driver/Src/stm32f4xx_hal_gpio.o
 .debug_str     0x000ce8a8    0xc68e5 ./Drivers/STM32F4xx_HAL_Driver/Src/stm32f4xx_hal_i2c.o
 .debug_str     0x000ce8a8    0xc5cfb ./Drivers/STM32F4xx_HAL_Driver/Src/stm32f4xx_hal_rcc.o
 .debug_str     0x000ce8a8    0xc6c51 ./Drivers/STM32F4xx_HAL_Driver/Src/stm32f4xx_hal_tim.o
 .debug_str     0x000ce8a8    0xc645d ./Drivers/STM32F4xx_HAL_Driver/Src/stm32f4xx_hal_tim_ex.o
 .debug_str     0x000ce8a8    0xc62dc ./Drivers/STM32F4xx_HAL_Driver/Src/stm32f4xx_hal_uart.o

.comment        0x00000000       0x43
 .comment       0x00000000       0x43 ./Core/Src/MPU6050.o
                                 0x44 (size before relaxing)
 .comment       0x00000043       0x44 ./Core/Src/PID.o
 .comment       0x00000043       0x44 ./Core/Src/WT61.o
 .comment       0x00000043       0x44 ./Core/Src/main.o
 .comment       0x00000043       0x44 ./Core/Src/stm32f4xx_hal_msp.o
 .comment       0x00000043       0x44 ./Core/Src/stm32f4xx_it.o
 .comment       0x00000043       0x44 ./Core/Src/system_stm32f4xx.o
 .comment       0x00000043       0x44 ./Drivers/STM32F4xx_HAL_Driver/Src/stm32f4xx_hal.o
 .comment       0x00000043       0x44 ./Drivers/STM32F4xx_HAL_Driver/Src/stm32f4xx_hal_cortex.o
 .comment       0x00000043       0x44 ./Drivers/STM32F4xx_HAL_Driver/Src/stm32f4xx_hal_dma.o
 .comment       0x00000043       0x44 ./Drivers/STM32F4xx_HAL_Driver/Src/stm32f4xx_hal_gpio.o
 .comment       0x00000043       0x44 ./Drivers/STM32F4xx_HAL_Driver/Src/stm32f4xx_hal_i2c.o
 .comment       0x00000043       0x44 ./Drivers/STM32F4xx_HAL_Driver/Src/stm32f4xx_hal_rcc.o
 .comment       0x00000043       0x44 ./Drivers/STM32F4xx_HAL_Driver/Src/stm32f4xx_hal_tim.o
 .comment       0x00000043       0x44 ./Drivers/STM32F4xx_HAL_Driver/Src/stm32f4xx_hal_tim_ex.o
 .comment       0x00000043       0x44 ./Drivers/STM32F4xx_HAL_Driver/Src/stm32f4xx_hal_uart.o

.debug_frame    0x00000000     0x46dc
 .debug_frame   0x00000000      0x108 ./Core/Src/MPU6050.o
 .debug_frame   0x00000108       0xb0 ./Core/Src/PID.o
 .debug_frame   0x000001b8      0x15c ./Core/Src/WT61.o
 .debug_frame   0x00000314      0x354 ./Core/Src/main.o
 .debug_frame   0x00000668      0x134 ./Core/Src/stm32f4xx_hal_msp.o
 .debug_frame   0x0000079c      0x190 ./Core/Src/stm32f4xx_it.o
 .debug_frame   0x0000092c       0x58 ./Core/Src/system_stm32f4xx.o
 .debug_frame   0x00000984      0x374 ./Drivers/STM32F4xx_HAL_Driver/Src/stm32f4xx_hal.o
 .debug_frame   0x00000cf8      0x508 ./Drivers/STM32F4xx_HAL_Driver/Src/stm32f4xx_hal_cortex.o
 .debug_frame   0x00001200      0x250 ./Drivers/STM32F4xx_HAL_Driver/Src/stm32f4xx_hal_dma.o
 .debug_frame   0x00001450      0x14c ./Drivers/STM32F4xx_HAL_Driver/Src/stm32f4xx_hal_gpio.o
 .debug_frame   0x0000159c      0xc84 ./Drivers/STM32F4xx_HAL_Driver/Src/stm32f4xx_hal_i2c.o
 .debug_frame   0x00002220      0x1f4 ./Drivers/STM32F4xx_HAL_Driver/Src/stm32f4xx_hal_rcc.o
 .debug_frame   0x00002414     0x11c0 ./Drivers/STM32F4xx_HAL_Driver/Src/stm32f4xx_hal_tim.o
 .debug_frame   0x000035d4      0x638 ./Drivers/STM32F4xx_HAL_Driver/Src/stm32f4xx_hal_tim_ex.o
 .debug_frame   0x00003c0c      0x954 ./Drivers/STM32F4xx_HAL_Driver/Src/stm32f4xx_hal_uart.o
 .debug_frame   0x00004560       0x20 D:/Mechatronics/STM32CubeIDE/STM32CubeIDE_1.18.0/STM32CubeIDE/plugins/com.st.stm32cube.ide.mcu.externaltools.gnu-tools-for-stm32.13.3.rel1.win32_1.0.0.202411081344/tools/bin/../lib/gcc/arm-none-eabi/13.3.1/../../../../arm-none-eabi/lib/thumb/v7e-m+fp/hard\libc_nano.a(libc_a-memset.o)
 .debug_frame   0x00004580       0x2c D:/Mechatronics/STM32CubeIDE/STM32CubeIDE_1.18.0/STM32CubeIDE/plugins/com.st.stm32cube.ide.mcu.externaltools.gnu-tools-for-stm32.13.3.rel1.win32_1.0.0.202411081344/tools/bin/../lib/gcc/arm-none-eabi/13.3.1/../../../../arm-none-eabi/lib/thumb/v7e-m+fp/hard\libc_nano.a(libc_a-init.o)
 .debug_frame   0x000045ac       0xac D:/Mechatronics/STM32CubeIDE/STM32CubeIDE_1.18.0/STM32CubeIDE/plugins/com.st.stm32cube.ide.mcu.externaltools.gnu-tools-for-stm32.13.3.rel1.win32_1.0.0.202411081344/tools/bin/../lib/gcc/arm-none-eabi/13.3.1/thumb/v7e-m+fp/hard\libgcc.a(_arm_addsubdf3.o)
 .debug_frame   0x00004658       0x24 D:/Mechatronics/STM32CubeIDE/STM32CubeIDE_1.18.0/STM32CubeIDE/plugins/com.st.stm32cube.ide.mcu.externaltools.gnu-tools-for-stm32.13.3.rel1.win32_1.0.0.202411081344/tools/bin/../lib/gcc/arm-none-eabi/13.3.1/thumb/v7e-m+fp/hard\libgcc.a(_arm_truncdfsf2.o)
 .debug_frame   0x0000467c       0x2c D:/Mechatronics/STM32CubeIDE/STM32CubeIDE_1.18.0/STM32CubeIDE/plugins/com.st.stm32cube.ide.mcu.externaltools.gnu-tools-for-stm32.13.3.rel1.win32_1.0.0.202411081344/tools/bin/../lib/gcc/arm-none-eabi/13.3.1/thumb/v7e-m+fp/hard\libgcc.a(_aeabi_uldivmod.o)
 .debug_frame   0x000046a8       0x34 D:/Mechatronics/STM32CubeIDE/STM32CubeIDE_1.18.0/STM32CubeIDE/plugins/com.st.stm32cube.ide.mcu.externaltools.gnu-tools-for-stm32.13.3.rel1.win32_1.0.0.202411081344/tools/bin/../lib/gcc/arm-none-eabi/13.3.1/thumb/v7e-m+fp/hard\libgcc.a(_udivmoddi4.o)

.debug_line_str
                0x00000000       0x7a
 .debug_line_str
                0x00000000       0x7a ./Core/Startup/startup_stm32f407vetx.o
