Archive member included to satisfy reference by file (symbol)

D:/Mechatronics/STM32CubeIDE/STM32CubeIDE_1.18.0/STM32CubeIDE/plugins/com.st.stm32cube.ide.mcu.externaltools.gnu-tools-for-stm32.13.3.rel1.win32_1.0.0.202411081344/tools/bin/../lib/gcc/arm-none-eabi/13.3.1/../../../../arm-none-eabi/lib/thumb/v7e-m+fp/hard\libc_nano.a(libc_a-exit.o)
                              D:/Mechatronics/STM32CubeIDE/STM32CubeIDE_1.18.0/STM32CubeIDE/plugins/com.st.stm32cube.ide.mcu.externaltools.gnu-tools-for-stm32.13.3.rel1.win32_1.0.0.202411081344/tools/bin/../lib/gcc/arm-none-eabi/13.3.1/../../../../arm-none-eabi/lib/thumb/v7e-m+fp/hard/crt0.o (exit)
D:/Mechatronics/STM32CubeIDE/STM32CubeIDE_1.18.0/STM32CubeIDE/plugins/com.st.stm32cube.ide.mcu.externaltools.gnu-tools-for-stm32.13.3.rel1.win32_1.0.0.202411081344/tools/bin/../lib/gcc/arm-none-eabi/13.3.1/../../../../arm-none-eabi/lib/thumb/v7e-m+fp/hard\libc_nano.a(libc_a-findfp.o)
                              D:/Mechatronics/STM32CubeIDE/STM32CubeIDE_1.18.0/STM32CubeIDE/plugins/com.st.stm32cube.ide.mcu.externaltools.gnu-tools-for-stm32.13.3.rel1.win32_1.0.0.202411081344/tools/bin/../lib/gcc/arm-none-eabi/13.3.1/../../../../arm-none-eabi/lib/thumb/v7e-m+fp/hard\libc_nano.a(libc_a-exit.o) (__stdio_exit_handler)
D:/Mechatronics/STM32CubeIDE/STM32CubeIDE_1.18.0/STM32CubeIDE/plugins/com.st.stm32cube.ide.mcu.externaltools.gnu-tools-for-stm32.13.3.rel1.win32_1.0.0.202411081344/tools/bin/../lib/gcc/arm-none-eabi/13.3.1/../../../../arm-none-eabi/lib/thumb/v7e-m+fp/hard\libc_nano.a(libc_a-fwalk.o)
                              D:/Mechatronics/STM32CubeIDE/STM32CubeIDE_1.18.0/STM32CubeIDE/plugins/com.st.stm32cube.ide.mcu.externaltools.gnu-tools-for-stm32.13.3.rel1.win32_1.0.0.202411081344/tools/bin/../lib/gcc/arm-none-eabi/13.3.1/../../../../arm-none-eabi/lib/thumb/v7e-m+fp/hard\libc_nano.a(libc_a-findfp.o) (_fwalk_sglue)
D:/Mechatronics/STM32CubeIDE/STM32CubeIDE_1.18.0/STM32CubeIDE/plugins/com.st.stm32cube.ide.mcu.externaltools.gnu-tools-for-stm32.13.3.rel1.win32_1.0.0.202411081344/tools/bin/../lib/gcc/arm-none-eabi/13.3.1/../../../../arm-none-eabi/lib/thumb/v7e-m+fp/hard\libc_nano.a(libc_a-stdio.o)
                              D:/Mechatronics/STM32CubeIDE/STM32CubeIDE_1.18.0/STM32CubeIDE/plugins/com.st.stm32cube.ide.mcu.externaltools.gnu-tools-for-stm32.13.3.rel1.win32_1.0.0.202411081344/tools/bin/../lib/gcc/arm-none-eabi/13.3.1/../../../../arm-none-eabi/lib/thumb/v7e-m+fp/hard\libc_nano.a(libc_a-findfp.o) (__sread)
D:/Mechatronics/STM32CubeIDE/STM32CubeIDE_1.18.0/STM32CubeIDE/plugins/com.st.stm32cube.ide.mcu.externaltools.gnu-tools-for-stm32.13.3.rel1.win32_1.0.0.202411081344/tools/bin/../lib/gcc/arm-none-eabi/13.3.1/../../../../arm-none-eabi/lib/thumb/v7e-m+fp/hard\libc_nano.a(libc_a-memset.o)
                              D:/Mechatronics/STM32CubeIDE/STM32CubeIDE_1.18.0/STM32CubeIDE/plugins/com.st.stm32cube.ide.mcu.externaltools.gnu-tools-for-stm32.13.3.rel1.win32_1.0.0.202411081344/tools/bin/../lib/gcc/arm-none-eabi/13.3.1/../../../../arm-none-eabi/lib/thumb/v7e-m+fp/hard/crt0.o (memset)
D:/Mechatronics/STM32CubeIDE/STM32CubeIDE_1.18.0/STM32CubeIDE/plugins/com.st.stm32cube.ide.mcu.externaltools.gnu-tools-for-stm32.13.3.rel1.win32_1.0.0.202411081344/tools/bin/../lib/gcc/arm-none-eabi/13.3.1/../../../../arm-none-eabi/lib/thumb/v7e-m+fp/hard\libc_nano.a(libc_a-closer.o)
                              D:/Mechatronics/STM32CubeIDE/STM32CubeIDE_1.18.0/STM32CubeIDE/plugins/com.st.stm32cube.ide.mcu.externaltools.gnu-tools-for-stm32.13.3.rel1.win32_1.0.0.202411081344/tools/bin/../lib/gcc/arm-none-eabi/13.3.1/../../../../arm-none-eabi/lib/thumb/v7e-m+fp/hard\libc_nano.a(libc_a-stdio.o) (_close_r)
D:/Mechatronics/STM32CubeIDE/STM32CubeIDE_1.18.0/STM32CubeIDE/plugins/com.st.stm32cube.ide.mcu.externaltools.gnu-tools-for-stm32.13.3.rel1.win32_1.0.0.202411081344/tools/bin/../lib/gcc/arm-none-eabi/13.3.1/../../../../arm-none-eabi/lib/thumb/v7e-m+fp/hard\libc_nano.a(libc_a-reent.o)
                              D:/Mechatronics/STM32CubeIDE/STM32CubeIDE_1.18.0/STM32CubeIDE/plugins/com.st.stm32cube.ide.mcu.externaltools.gnu-tools-for-stm32.13.3.rel1.win32_1.0.0.202411081344/tools/bin/../lib/gcc/arm-none-eabi/13.3.1/../../../../arm-none-eabi/lib/thumb/v7e-m+fp/hard\libc_nano.a(libc_a-closer.o) (errno)
D:/Mechatronics/STM32CubeIDE/STM32CubeIDE_1.18.0/STM32CubeIDE/plugins/com.st.stm32cube.ide.mcu.externaltools.gnu-tools-for-stm32.13.3.rel1.win32_1.0.0.202411081344/tools/bin/../lib/gcc/arm-none-eabi/13.3.1/../../../../arm-none-eabi/lib/thumb/v7e-m+fp/hard\libc_nano.a(libc_a-impure.o)
                              D:/Mechatronics/STM32CubeIDE/STM32CubeIDE_1.18.0/STM32CubeIDE/plugins/com.st.stm32cube.ide.mcu.externaltools.gnu-tools-for-stm32.13.3.rel1.win32_1.0.0.202411081344/tools/bin/../lib/gcc/arm-none-eabi/13.3.1/../../../../arm-none-eabi/lib/thumb/v7e-m+fp/hard\libc_nano.a(libc_a-reent.o) (_impure_ptr)
[...]
Memory Configuration

Name             Origin             Length             Attributes
CCMRAM           0x10000000         0x00010000         xrw
RAM              0x20000000         0x00020000         xrw
FLASH            0x08000000         0x00080000         xr
*default*        0x00000000         0xffffffff

Linker script and memory map

LOAD D:/Mechatronics/STM32CubeIDE/STM32CubeIDE_1.18.0/STM32CubeIDE/plugins/com.st.stm32cube.ide.mcu.externaltools.gnu-tools-for-stm32.13.3.rel1.win32_1.0.0.202411081344/tools/bin/../lib/gcc/arm-none-eabi/13.3.1/thumb/v7e-m+fp/hard/crti.o
LOAD D:/Mechatronics/STM32CubeIDE/STM32CubeIDE_1.18.0/STM32CubeIDE/plugins/com.st.stm32cube.ide.mcu.externaltools.gnu-tools-for-stm32.13.3.rel1.win32_1.0.0.202411081344/tools/bin/../lib/gcc/arm-none-eabi/13.3.1/thumb/v7e-m+fp/hard/crtbegin.o
LOAD D:/Mechatronics/STM32CubeIDE/STM32CubeIDE_1.18.0/STM32CubeIDE/plugins/com.st.stm32cube.ide.mcu.externaltools.gnu-tools-for-stm32.13.3.rel1.win32_1.0.0.202411081344/tools/bin/../lib/gcc/arm-none-eabi/13.3.1/../../../../arm-none-eabi/lib/thumb/v7e-m+fp/hard/crt0.o
LOAD ./Core/Src/WT61.o
LOAD ./Core/Src/main.o
LOAD ./Core/Src/stm32f4xx_hal_msp.o
LOAD ./Core/Src/stm32f4xx_it.o
LOAD ./Core/Src/syscalls.o
LOAD ./Core/Src/sysmem.o
LOAD ./Core/Src/system_stm32f4xx.o
LOAD ./Core/Startup/startup_stm32f407vetx.o
LOAD ./Drivers/STM32F4xx_HAL_Driver/Src/stm32f4xx_hal.o
LOAD ./Drivers/STM32F4xx_HAL_Driver/Src/stm32f4xx_hal_cortex.o
LOAD ./Drivers/STM32F4xx_HAL_Driver/Src/stm32f4xx_hal_dma.o
LOAD ./Drivers/STM32F4xx_HAL_Driver/Src/stm32f4xx_hal_dma_ex.o
LOAD ./Drivers/STM32F4xx_HAL_Driver/Src/stm32f4xx_hal_exti.o
LOAD ./Drivers/STM32F4xx_HAL_Driver/Src/stm32f4xx_hal_flash.o
LOAD ./Drivers/STM32F4xx_HAL_Driver/Src/stm32f4xx_hal_flash_ex.o
LOAD ./Drivers/STM32F4xx_HAL_Driver/Src/stm32f4xx_hal_flash_ramfunc.o
LOAD ./Drivers/STM32F4xx_HAL_Driver/Src/stm32f4xx_hal_gpio.o
LOAD ./Drivers/STM32F4xx_HAL_Driver/Src/stm32f4xx_hal_pwr.o
LOAD ./Drivers/STM32F4xx_HAL_Driver/Src/stm32f4xx_hal_pwr_ex.o
LOAD ./Drivers/STM32F4xx_HAL_Driver/Src/stm32f4xx_hal_rcc.o
LOAD ./Drivers/STM32F4xx_HAL_Driver/Src/stm32f4xx_hal_rcc_ex.o
LOAD ./Drivers/STM32F4xx_HAL_Driver/Src/stm32f4xx_hal_tim.o
LOAD ./Drivers/STM32F4xx_HAL_Driver/Src/stm32f4xx_hal_tim_ex.o
LOAD ./Drivers/STM32F4xx_HAL_Driver/Src/stm32f4xx_hal_uart.o
START GROUP
LOAD D:/Mechatronics/STM32CubeIDE/STM32CubeIDE_1.18.0/STM32CubeIDE/plugins/com.st.stm32cube.ide.mcu.externaltools.gnu-tools-for-stm32.13.3.rel1.win32_1.0.0.202411081344/tools/bin/../lib/gcc/arm-none-eabi/13.3.1/../../../../arm-none-eabi/lib/thumb/v7e-m+fp/hard\libc_nano.a
LOAD D:/Mechatronics/STM32CubeIDE/STM32CubeIDE_1.18.0/STM32CubeIDE/plugins/com.st.stm32cube.ide.mcu.externaltools.gnu-tools-for-stm32.13.3.rel1.win32_1.0.0.202411081344/tools/bin/../lib/gcc/arm-none-eabi/13.3.1/../../../../arm-none-eabi/lib/thumb/v7e-m+fp/hard\libm.a
END GROUP
START GROUP
LOAD D:/Mechatronics/STM32CubeIDE/STM32CubeIDE_1.18.0/STM32CubeIDE/plugins/com.st.stm32cube.ide.mcu.externaltools.gnu-tools-for-stm32.13.3.rel1.win32_1.0.0.202411081344/tools/bin/../lib/gcc/arm-none-eabi/13.3.1/thumb/v7e-m+fp/hard\libgcc.a
LOAD D:/Mechatronics/STM32CubeIDE/STM32CubeIDE_1.18.0/STM32CubeIDE/plugins/com.st.stm32cube.ide.mcu.externaltools.gnu-tools-for-stm32.13.3.rel1.win32_1.0.0.202411081344/tools/bin/../lib/gcc/arm-none-eabi/13.3.1/../../../../arm-none-eabi/lib/thumb/v7e-m+fp/hard\libc_nano.a
END GROUP
START GROUP
LOAD D:/Mechatronics/STM32CubeIDE/STM32CubeIDE_1.18.0/STM32CubeIDE/plugins/com.st.stm32cube.ide.mcu.externaltools.gnu-tools-for-stm32.13.3.rel1.win32_1.0.0.202411081344/tools/bin/../lib/gcc/arm-none-eabi/13.3.1/thumb/v7e-m+fp/hard\libgcc.a
LOAD D:/Mechatronics/STM32CubeIDE/STM32CubeIDE_1.18.0/STM32CubeIDE/plugins/com.st.stm32cube.ide.mcu.externaltools.gnu-tools-for-stm32.13.3.rel1.win32_1.0.0.202411081344/tools/bin/../lib/gcc/arm-none-eabi/13.3.1/../../../../arm-none-eabi/lib/thumb/v7e-m+fp/hard\libc_nano.a
LOAD D:/Mechatronics/STM32CubeIDE/STM32CubeIDE_1.18.0/STM32CubeIDE/plugins/com.st.stm32cube.ide.mcu.externaltools.gnu-tools-for-stm32.13.3.rel1.win32_1.0.0.202411081344/tools/bin/../lib/gcc/arm-none-eabi/13.3.1/../../../../arm-none-eabi/lib/thumb/v7e-m+fp/hard\libnosys.a
END GROUP
START GROUP
LOAD D:/Mechatronics/STM32CubeIDE/STM32CubeIDE_1.18.0/STM32CubeIDE/plugins/com.st.stm32cube.ide.mcu.externaltools.gnu-tools-for-stm32.13.3.rel1.win32_1.0.0.202411081344/tools/bin/../lib/gcc/arm-none-eabi/13.3.1/thumb/v7e-m+fp/hard\libgcc.a
LOAD D:/Mechatronics/STM32CubeIDE/STM32CubeIDE_1.18.0/STM32CubeIDE/plugins/com.st.stm32cube.ide.mcu.externaltools.gnu-tools-for-stm32.13.3.rel1.win32_1.0.0.202411081344/tools/bin/../lib/gcc/arm-none-eabi/13.3.1/../../../../arm-none-eabi/lib/thumb/v7e-m+fp/hard\libc_nano.a
LOAD D:/Mechatronics/STM32CubeIDE/STM32CubeIDE_1.18.0/STM32CubeIDE/plugins/com.st.stm32cube.ide.mcu.externaltools.gnu-tools-for-stm32.13.3.rel1.win32_1.0.0.202411081344/tools/bin/../lib/gcc/arm-none-eabi/13.3.1/../../../../arm-none-eabi/lib/thumb/v7e-m+fp/hard\libnosys.a
END GROUP
LOAD D:/Mechatronics/STM32CubeIDE/STM32CubeIDE_1.18.0/STM32CubeIDE/plugins/com.st.stm32cube.ide.mcu.externaltools.gnu-tools-for-stm32.13.3.rel1.win32_1.0.0.202411081344/tools/bin/../lib/gcc/arm-none-eabi/13.3.1/thumb/v7e-m+fp/hard/crtend.o
LOAD D:/Mechatronics/STM32CubeIDE/STM32CubeIDE_1.18.0/STM32CubeIDE/plugins/com.st.stm32cube.ide.mcu.externaltools.gnu-tools-for-stm32.13.3.rel1.win32_1.0.0.202411081344/tools/bin/../lib/gcc/arm-none-eabi/13.3.1/thumb/v7e-m+fp/hard/crtn.o
                0x20020000                        _estack = (ORIGIN (RAM) + LENGTH (RAM))
                0x00000200                        _Min_Heap_Size = 0x200
                0x00000400                        _Min_Stack_Size = 0x400

.isr_vector     0x08000000      0x188
                0x08000000                        . = ALIGN (0x4)
 *(.isr_vector)
 .isr_vector    0x08000000      0x188 ./Core/Startup/startup_stm32f407vetx.o
                0x08000000                g_pfnVectors
                0x08000188                        . = ALIGN (0x4)

.text           0x08000188     0x3374
                0x08000188                        . = ALIGN (0x4)
 *(.text)
 .text          0x08000188       0x40 D:/Mechatronics/STM32CubeIDE/STM32CubeIDE_1.18.0/STM32CubeIDE/plugins/com.st.stm32cube.ide.mcu.externaltools.gnu-tools-for-stm32.13.3.rel1.win32_1.0.0.202411081344/tools/bin/../lib/gcc/arm-none-eabi/13.3.1/thumb/v7e-m+fp/hard/crtbegin.o
 .text          0x080001c8      0x378 D:/Mechatronics/STM32CubeIDE/STM32CubeIDE_1.18.0/STM32CubeIDE/plugins/com.st.stm32cube.ide.mcu.externaltools.gnu-tools-for-stm32.13.3.rel1.win32_1.0.0.202411081344/tools/bin/../lib/gcc/arm-none-eabi/13.3.1/thumb/v7e-m+fp/hard\libgcc.a(_arm_addsubdf3.o)
                0x080001c8                __aeabi_drsub
                0x080001d0                __aeabi_dsub
                0x080001d0                __subdf3
                0x080001d4                __aeabi_dadd
                0x080001d4                __adddf3
                0x0800044c                __floatunsidf
                0x0800044c                __aeabi_ui2d
                0x0800046c                __floatsidf
                0x0800046c                __aeabi_i2d
                0x08000490                __aeabi_f2d
                0x08000490                __extendsfdf2
                0x080004d4                __floatundidf
                0x080004d4                __aeabi_ul2d
                0x080004e4                __floatdidf
                0x080004e4                __aeabi_l2d
 .text          0x08000540       0x30 D:/Mechatronics/STM32CubeIDE/STM32CubeIDE_1.18.0/STM32CubeIDE/plugins/com.st.stm32cube.ide.mcu.externaltools.gnu-tools-for-stm32.13.3.rel1.win32_1.0.0.202411081344/tools/bin/../lib/gcc/arm-none-eabi/13.3.1/thumb/v7e-m+fp/hard\libgcc.a(_aeabi_uldivmod.o)
                0x08000540                __aeabi_uldivmod
 .text          0x08000570      0x2f8 D:/Mechatronics/STM32CubeIDE/STM32CubeIDE_1.18.0/STM32CubeIDE/plugins/com.st.stm32cube.ide.mcu.externaltools.gnu-tools-for-stm32.13.3.rel1.win32_1.0.0.202411081344/tools/bin/../lib/gcc/arm-none-eabi/13.3.1/thumb/v7e-m+fp/hard\libgcc.a(_udivmoddi4.o)
                0x08000570                __udivmoddi4
 .text          0x08000868        0x4 D:/Mechatronics/STM32CubeIDE/STM32CubeIDE_1.18.0/STM32CubeIDE/plugins/com.st.stm32cube.ide.mcu.externaltools.gnu-tools-for-stm32.13.3.rel1.win32_1.0.0.202411081344/tools/bin/../lib/gcc/arm-none-eabi/13.3.1/thumb/v7e-m+fp/hard\libgcc.a(_dvmd_tls.o)
                0x08000868                __aeabi_idiv0
                0x08000868                __aeabi_ldiv0
 *(.text*)
 .text.WT61_Init
                0x0800086c       0x24 ./Core/Src/WT61.o
                0x0800086c                WT61_Init
 .text.WT61_ResetAngle
                0x08000890       0x30 ./Core/Src/WT61.o
                0x08000890                WT61_ResetAngle
 .text.WT61_ReceiveDataPacket
                0x080008c0       0x20 ./Core/Src/WT61.o
                0x080008c0                WT61_ReceiveDataPacket
 .text.WT61_CheckProtocolHeader
                0x080008e0       0x68 ./Core/Src/WT61.o
                0x080008e0                WT61_CheckProtocolHeader
 .text.WT61_CheckDataField
                0x08000948       0x20 ./Core/Src/WT61.o
                0x08000948                WT61_CheckDataField
 .text.WT61_GetPitchAngle
                0x08000968       0x24 ./Core/Src/WT61.o
                0x08000968                WT61_GetPitchAngle
 .text.WT61_GetRollAngle
                0x0800098c       0x24 ./Core/Src/WT61.o
                0x0800098c                WT61_GetRollAngle
 .text.WT61_GetYawAngle
                0x080009b0       0x24 ./Core/Src/WT61.o
                0x080009b0                WT61_GetYawAngle
 .text.WT61_CalculateFullAngles
                0x080009d4       0xdc ./Core/Src/WT61.o
                0x080009d4                WT61_CalculateFullAngles
 .text.HAL_UART_RxCpltCallback
                0x08000ab0       0x68 ./Core/Src/WT61.o
                0x08000ab0                HAL_UART_RxCpltCallback
 .text.main     0x08000b18       0x6c ./Core/Src/main.o
                0x08000b18                main
 .text.SystemClock_Config
                0x08000b84       0xbc ./Core/Src/main.o
                0x08000b84                SystemClock_Config
 .text.MX_USART2_UART_Init
                0x08000c40       0x54 ./Core/Src/main.o
 .text.MX_DMA_Init
                0x08000c94       0x40 ./Core/Src/main.o
 .text.MX_GPIO_Init
                0x08000cd4       0x34 ./Core/Src/main.o
 .text.Error_Handler
                0x08000d08        0xc ./Core/Src/main.o
                0x08000d08                Error_Handler
 .text.HAL_MspInit
                0x08000d14       0x50 ./Core/Src/stm32f4xx_hal_msp.o
                0x08000d14                HAL_MspInit
 .text.HAL_UART_MspInit
                0x08000d64       0xf4 ./Core/Src/stm32f4xx_hal_msp.o
                0x08000d64                HAL_UART_MspInit
 .text.NMI_Handler
                0x08000e58        0x8 ./Core/Src/stm32f4xx_it.o
                0x08000e58                NMI_Handler
 .text.HardFault_Handler
                0x08000e60        0x8 ./Core/Src/stm32f4xx_it.o
                0x08000e60                HardFault_Handler
 .text.MemManage_Handler
                0x08000e68        0x8 ./Core/Src/stm32f4xx_it.o
                0x08000e68                MemManage_Handler
 .text.BusFault_Handler
                0x08000e70        0x8 ./Core/Src/stm32f4xx_it.o
                0x08000e70                BusFault_Handler
 .text.UsageFault_Handler
                0x08000e78        0x8 ./Core/Src/stm32f4xx_it.o
                0x08000e78                UsageFault_Handler
 .text.SVC_Handler
                0x08000e80        0xe ./Core/Src/stm32f4xx_it.o
                0x08000e80                SVC_Handler
 .text.DebugMon_Handler
                0x08000e8e        0xe ./Core/Src/stm32f4xx_it.o
                0x08000e8e                DebugMon_Handler
 .text.PendSV_Handler
                0x08000e9c        0xe ./Core/Src/stm32f4xx_it.o
                0x08000e9c                PendSV_Handler
 .text.SysTick_Handler
                0x08000eaa        0xc ./Core/Src/stm32f4xx_it.o
                0x08000eaa                SysTick_Handler
 *fill*         0x08000eb6        0x2 
 .text.DMA1_Stream5_IRQHandler
                0x08000eb8       0x14 ./Core/Src/stm32f4xx_it.o
                0x08000eb8                DMA1_Stream5_IRQHandler
 .text.SystemInit
                0x08000ecc       0x24 ./Core/Src/system_stm32f4xx.o
                0x08000ecc                SystemInit
 .text.Reset_Handler
                0x08000ef0       0x50 ./Core/Startup/startup_stm32f407vetx.o
                0x08000ef0                Reset_Handler
 .text.Default_Handler
                0x08000f40        0x2 ./Core/Startup/startup_stm32f407vetx.o
                0x08000f40                RTC_Alarm_IRQHandler
                0x08000f40                HASH_RNG_IRQHandler
                0x08000f40                EXTI2_IRQHandler
                0x08000f40                TIM8_CC_IRQHandler
                0x08000f40                TIM1_CC_IRQHandler
                0x08000f40                DMA2_Stream5_IRQHandler
                0x08000f40                PVD_IRQHandler
                0x08000f40                SDIO_IRQHandler
                0x08000f40                TAMP_STAMP_IRQHandler
                0x08000f40                CAN2_RX1_IRQHandler
                0x08000f40                EXTI3_IRQHandler
                0x08000f40                TIM8_TRG_COM_TIM14_IRQHandler
                0x08000f40                TIM1_UP_TIM10_IRQHandler
                0x08000f40                TIM8_UP_TIM13_IRQHandler
                0x08000f40                I2C3_ER_IRQHandler
                0x08000f40                EXTI0_IRQHandler
                0x08000f40                I2C2_EV_IRQHandler
                0x08000f40                DMA1_Stream2_IRQHandler
                0x08000f40                CAN1_RX0_IRQHandler
                0x08000f40                FPU_IRQHandler
                0x08000f40                OTG_HS_WKUP_IRQHandler
                0x08000f40                CAN2_SCE_IRQHandler
                0x08000f40                DMA2_Stream2_IRQHandler
                0x08000f40                SPI1_IRQHandler
                0x08000f40                TIM6_DAC_IRQHandler
                0x08000f40                TIM1_BRK_TIM9_IRQHandler
                0x08000f40                DCMI_IRQHandler
                0x08000f40                CAN2_RX0_IRQHandler
                0x08000f40                DMA2_Stream3_IRQHandler
                0x08000f40                USART6_IRQHandler
                0x08000f40                USART3_IRQHandler
                0x08000f40                CAN1_RX1_IRQHandler
                0x08000f40                UART5_IRQHandler
                0x08000f40                DMA2_Stream0_IRQHandler
                0x08000f40                TIM4_IRQHandler
                0x08000f40                I2C1_EV_IRQHandler
                0x08000f40                DMA1_Stream6_IRQHandler
                0x08000f40                DMA1_Stream1_IRQHandler
                0x08000f40                UART4_IRQHandler
                0x08000f40                TIM3_IRQHandler
                0x08000f40                RCC_IRQHandler
                0x08000f40                TIM8_BRK_TIM12_IRQHandler
                0x08000f40                Default_Handler
                0x08000f40                EXTI15_10_IRQHandler
                0x08000f40                ADC_IRQHandler
                0x08000f40                DMA1_Stream7_IRQHandler
                0x08000f40                TIM7_IRQHandler
                0x08000f40                CAN2_TX_IRQHandler
                0x08000f40                TIM5_IRQHandler
                0x08000f40                DMA2_Stream7_IRQHandler
                0x08000f40                I2C3_EV_IRQHandler
                0x08000f40                EXTI9_5_IRQHandler
                0x08000f40                RTC_WKUP_IRQHandler
                0x08000f40                ETH_WKUP_IRQHandler
                0x08000f40                SPI2_IRQHandler
                0x08000f40                OTG_HS_EP1_IN_IRQHandler
                0x08000f40                DMA1_Stream0_IRQHandler
                0x08000f40                CAN1_TX_IRQHandler
                0x08000f40                EXTI4_IRQHandler
                0x08000f40                FSMC_IRQHandler
                0x08000f40                ETH_IRQHandler
                0x08000f40                OTG_HS_EP1_OUT_IRQHandler
                0x08000f40                WWDG_IRQHandler
                0x08000f40                TIM2_IRQHandler
                0x08000f40                OTG_FS_WKUP_IRQHandler
                0x08000f40                TIM1_TRG_COM_TIM11_IRQHandler
                0x08000f40                OTG_HS_IRQHandler
                0x08000f40                EXTI1_IRQHandler
                0x08000f40                USART2_IRQHandler
                0x08000f40                I2C2_ER_IRQHandler
                0x08000f40                DMA2_Stream1_IRQHandler
                0x08000f40                CAN1_SCE_IRQHandler
                0x08000f40                FLASH_IRQHandler
                0x08000f40                DMA2_Stream4_IRQHandler
                0x08000f40                USART1_IRQHandler
                0x08000f40                OTG_FS_IRQHandler
                0x08000f40                SPI3_IRQHandler
                0x08000f40                DMA1_Stream4_IRQHandler
                0x08000f40                I2C1_ER_IRQHandler
                0x08000f40                DMA2_Stream6_IRQHandler
                0x08000f40                DMA1_Stream3_IRQHandler
 *fill*         0x08000f42        0x2 
 .text.HAL_Init
                0x08000f44       0x44 ./Drivers/STM32F4xx_HAL_Driver/Src/stm32f4xx_hal.o
                0x08000f44                HAL_Init
 .text.HAL_InitTick
                0x08000f88       0x60 ./Drivers/STM32F4xx_HAL_Driver/Src/stm32f4xx_hal.o
                0x08000f88                HAL_InitTick
 .text.HAL_IncTick
                0x08000fe8       0x28 ./Drivers/STM32F4xx_HAL_Driver/Src/stm32f4xx_hal.o
                0x08000fe8                HAL_IncTick
 .text.HAL_GetTick
                0x08001010       0x18 ./Drivers/STM32F4xx_HAL_Driver/Src/stm32f4xx_hal.o
                0x08001010                HAL_GetTick
 .text.HAL_Delay
                0x08001028       0x48 ./Drivers/STM32F4xx_HAL_Driver/Src/stm32f4xx_hal.o
                0x08001028                HAL_Delay
 .text.__NVIC_SetPriorityGrouping
                0x08001070       0x48 ./Drivers/STM32F4xx_HAL_Driver/Src/stm32f4xx_hal_cortex.o
 .text.__NVIC_GetPriorityGrouping
                0x080010b8       0x1c ./Drivers/STM32F4xx_HAL_Driver/Src/stm32f4xx_hal_cortex.o
 .text.__NVIC_EnableIRQ
                0x080010d4       0x3c ./Drivers/STM32F4xx_HAL_Driver/Src/stm32f4xx_hal_cortex.o
 .text.__NVIC_SetPriority
                0x08001110       0x54 ./Drivers/STM32F4xx_HAL_Driver/Src/stm32f4xx_hal_cortex.o
 .text.NVIC_EncodePriority
                0x08001164       0x66 ./Drivers/STM32F4xx_HAL_Driver/Src/stm32f4xx_hal_cortex.o
 *fill*         0x080011ca        0x2 
 .text.SysTick_Config
                0x080011cc       0x44 ./Drivers/STM32F4xx_HAL_Driver/Src/stm32f4xx_hal_cortex.o
 .text.HAL_NVIC_SetPriorityGrouping
                0x08001210       0x16 ./Drivers/STM32F4xx_HAL_Driver/Src/stm32f4xx_hal_cortex.o
                0x08001210                HAL_NVIC_SetPriorityGrouping
 .text.HAL_NVIC_SetPriority
                0x08001226       0x38 ./Drivers/STM32F4xx_HAL_Driver/Src/stm32f4xx_hal_cortex.o
                0x08001226                HAL_NVIC_SetPriority
 .text.HAL_NVIC_EnableIRQ
                0x0800125e       0x1c ./Drivers/STM32F4xx_HAL_Driver/Src/stm32f4xx_hal_cortex.o
                0x0800125e                HAL_NVIC_EnableIRQ
 .text.HAL_SYSTICK_Config
                0x0800127a       0x18 ./Drivers/STM32F4xx_HAL_Driver/Src/stm32f4xx_hal_cortex.o
                0x0800127a                HAL_SYSTICK_Config
 *fill*         0x08001292        0x2 
 .text.HAL_DMA_Init
                0x08001294      0x15c ./Drivers/STM32F4xx_HAL_Driver/Src/stm32f4xx_hal_dma.o
                0x08001294                HAL_DMA_Init
 .text.HAL_DMA_Start_IT
                0x080013f0       0xb0 ./Drivers/STM32F4xx_HAL_Driver/Src/stm32f4xx_hal_dma.o
                0x080013f0                HAL_DMA_Start_IT
 .text.HAL_DMA_Abort
                0x080014a0       0xe0 ./Drivers/STM32F4xx_HAL_Driver/Src/stm32f4xx_hal_dma.o
                0x080014a0                HAL_DMA_Abort
 .text.HAL_DMA_IRQHandler
                0x08001580      0x314 ./Drivers/STM32F4xx_HAL_Driver/Src/stm32f4xx_hal_dma.o
                0x08001580                HAL_DMA_IRQHandler
 .text.DMA_SetConfig
                0x08001894       0x5c ./Drivers/STM32F4xx_HAL_Driver/Src/stm32f4xx_hal_dma.o
 .text.DMA_CalcBaseAndBitshift
                0x080018f0       0x6c ./Drivers/STM32F4xx_HAL_Driver/Src/stm32f4xx_hal_dma.o
 .text.DMA_CheckFifoParam
                0x0800195c       0xf8 ./Drivers/STM32F4xx_HAL_Driver/Src/stm32f4xx_hal_dma.o
 .text.HAL_GPIO_Init
                0x08001a54      0x338 ./Drivers/STM32F4xx_HAL_Driver/Src/stm32f4xx_hal_gpio.o
                0x08001a54                HAL_GPIO_Init
 .text.HAL_RCC_OscConfig
                0x08001d8c      0x4f0 ./Drivers/STM32F4xx_HAL_Driver/Src/stm32f4xx_hal_rcc.o
                0x08001d8c                HAL_RCC_OscConfig
 .text.HAL_RCC_ClockConfig
                0x0800227c      0x1cc ./Drivers/STM32F4xx_HAL_Driver/Src/stm32f4xx_hal_rcc.o
                0x0800227c                HAL_RCC_ClockConfig
 .text.HAL_RCC_GetSysClockFreq
                0x08002448      0x18c ./Drivers/STM32F4xx_HAL_Driver/Src/stm32f4xx_hal_rcc.o
                0x08002448                HAL_RCC_GetSysClockFreq
 .text.HAL_RCC_GetHCLKFreq
                0x080025d4       0x18 ./Drivers/STM32F4xx_HAL_Driver/Src/stm32f4xx_hal_rcc.o
                0x080025d4                HAL_RCC_GetHCLKFreq
 .text.HAL_RCC_GetPCLK1Freq
                0x080025ec       0x28 ./Drivers/STM32F4xx_HAL_Driver/Src/stm32f4xx_hal_rcc.o
                0x080025ec                HAL_RCC_GetPCLK1Freq
 .text.HAL_RCC_GetPCLK2Freq
                0x08002614       0x28 ./Drivers/STM32F4xx_HAL_Driver/Src/stm32f4xx_hal_rcc.o
                0x08002614                HAL_RCC_GetPCLK2Freq
 .text.HAL_UART_Init
                0x0800263c       0xa0 ./Drivers/STM32F4xx_HAL_Driver/Src/stm32f4xx_hal_uart.o
                0x0800263c                HAL_UART_Init
 .text.HAL_UART_Transmit
                0x080026dc      0x116 ./Drivers/STM32F4xx_HAL_Driver/Src/stm32f4xx_hal_uart.o
                0x080026dc                HAL_UART_Transmit
 .text.HAL_UART_Receive
                0x080027f2      0x12e ./Drivers/STM32F4xx_HAL_Driver/Src/stm32f4xx_hal_uart.o
                0x080027f2                HAL_UART_Receive
 .text.HAL_UART_Receive_DMA
                0x08002920       0x4a ./Drivers/STM32F4xx_HAL_Driver/Src/stm32f4xx_hal_uart.o
                0x08002920                HAL_UART_Receive_DMA
 .text.HAL_UART_DMAStop
                0x0800296a       0xfe ./Drivers/STM32F4xx_HAL_Driver/Src/stm32f4xx_hal_uart.o
                0x0800296a                HAL_UART_DMAStop
 .text.HAL_UART_RxHalfCpltCallback
                0x08002a68       0x14 ./Drivers/STM32F4xx_HAL_Driver/Src/stm32f4xx_hal_uart.o
                0x08002a68                HAL_UART_RxHalfCpltCallback
 .text.HAL_UART_ErrorCallback
                0x08002a7c       0x14 ./Drivers/STM32F4xx_HAL_Driver/Src/stm32f4xx_hal_uart.o
                0x08002a7c                HAL_UART_ErrorCallback
 .text.HAL_UARTEx_RxEventCallback
                0x08002a90       0x18 ./Drivers/STM32F4xx_HAL_Driver/Src/stm32f4xx_hal_uart.o
                0x08002a90                HAL_UARTEx_RxEventCallback
 .text.UART_DMAReceiveCplt
                0x08002aa8      0x12c ./Drivers/STM32F4xx_HAL_Driver/Src/stm32f4xx_hal_uart.o
 .text.UART_DMARxHalfCplt
                0x08002bd4       0x3c ./Drivers/STM32F4xx_HAL_Driver/Src/stm32f4xx_hal_uart.o
 .text.UART_DMAError
                0x08002c10       0x94 ./Drivers/STM32F4xx_HAL_Driver/Src/stm32f4xx_hal_uart.o
 .text.UART_WaitOnFlagUntilTimeout
                0x08002ca4       0xb2 ./Drivers/STM32F4xx_HAL_Driver/Src/stm32f4xx_hal_uart.o
 *fill*         0x08002d56        0x2 
 .text.UART_Start_Receive_DMA
                0x08002d58      0x134 ./Drivers/STM32F4xx_HAL_Driver/Src/stm32f4xx_hal_uart.o
                0x08002d58                UART_Start_Receive_DMA
 .text.UART_EndTxTransfer
                0x08002e8c       0x50 ./Drivers/STM32F4xx_HAL_Driver/Src/stm32f4xx_hal_uart.o
 .text.UART_EndRxTransfer
                0x08002edc       0xc6 ./Drivers/STM32F4xx_HAL_Driver/Src/stm32f4xx_hal_uart.o
 *fill*         0x08002fa2        0x2 
 .text.UART_SetConfig
                0x08002fa4      0x4e8 ./Drivers/STM32F4xx_HAL_Driver/Src/stm32f4xx_hal_uart.o
 .text.memset   0x0800348c       0x10 D:/Mechatronics/STM32CubeIDE/STM32CubeIDE_1.18.0/STM32CubeIDE/plugins/com.st.stm32cube.ide.mcu.externaltools.gnu-tools-for-stm32.13.3.rel1.win32_1.0.0.202411081344/tools/bin/../lib/gcc/arm-none-eabi/13.3.1/../../../../arm-none-eabi/lib/thumb/v7e-m+fp/hard\libc_nano.a(libc_a-memset.o)
                0x0800348c                memset
 .text.__libc_init_array
                0x0800349c       0x48 D:/Mechatronics/STM32CubeIDE/STM32CubeIDE_1.18.0/STM32CubeIDE/plugins/com.st.stm32cube.ide.mcu.externaltools.gnu-tools-for-stm32.13.3.rel1.win32_1.0.0.202411081344/tools/bin/../lib/gcc/arm-none-eabi/13.3.1/../../../../arm-none-eabi/lib/thumb/v7e-m+fp/hard\libc_nano.a(libc_a-init.o)
                0x0800349c                __libc_init_array
 *(.glue_7)
 .glue_7        0x080034e4        0x0 linker stubs
 *(.glue_7t)
 .glue_7t       0x080034e4        0x0 linker stubs
 *(.eh_frame)
 .eh_frame      0x080034e4        0x0 D:/Mechatronics/STM32CubeIDE/STM32CubeIDE_1.18.0/STM32CubeIDE/plugins/com.st.stm32cube.ide.mcu.externaltools.gnu-tools-for-stm32.13.3.rel1.win32_1.0.0.202411081344/tools/bin/../lib/gcc/arm-none-eabi/13.3.1/thumb/v7e-m+fp/hard/crtbegin.o
 *(.init)
 .init          0x080034e4        0x4 D:/Mechatronics/STM32CubeIDE/STM32CubeIDE_1.18.0/STM32CubeIDE/plugins/com.st.stm32cube.ide.mcu.externaltools.gnu-tools-for-stm32.13.3.rel1.win32_1.0.0.202411081344/tools/bin/../lib/gcc/arm-none-eabi/13.3.1/thumb/v7e-m+fp/hard/crti.o
                0x080034e4                _init
 .init          0x080034e8        0x8 D:/Mechatronics/STM32CubeIDE/STM32CubeIDE_1.18.0/STM32CubeIDE/plugins/com.st.stm32cube.ide.mcu.externaltools.gnu-tools-for-stm32.13.3.rel1.win32_1.0.0.202411081344/tools/bin/../lib/gcc/arm-none-eabi/13.3.1/thumb/v7e-m+fp/hard/crtn.o
 *(.fini)
 .fini          0x080034f0        0x4 D:/Mechatronics/STM32CubeIDE/STM32CubeIDE_1.18.0/STM32CubeIDE/plugins/com.st.stm32cube.ide.mcu.externaltools.gnu-tools-for-stm32.13.3.rel1.win32_1.0.0.202411081344/tools/bin/../lib/gcc/arm-none-eabi/13.3.1/thumb/v7e-m+fp/hard/crti.o
                0x080034f0                _fini
 .fini          0x080034f4        0x8 D:/Mechatronics/STM32CubeIDE/STM32CubeIDE_1.18.0/STM32CubeIDE/plugins/com.st.stm32cube.ide.mcu.externaltools.gnu-tools-for-stm32.13.3.rel1.win32_1.0.0.202411081344/tools/bin/../lib/gcc/arm-none-eabi/13.3.1/thumb/v7e-m+fp/hard/crtn.o
                0x080034fc                        . = ALIGN (0x4)
                0x080034fc                        _etext = .

.vfp11_veneer   0x080034fc        0x0
 .vfp11_veneer  0x080034fc        0x0 linker stubs

.v4_bx          0x080034fc        0x0
 .v4_bx         0x080034fc        0x0 linker stubs

.iplt           0x080034fc        0x0
 .iplt          0x080034fc        0x0 D:/Mechatronics/STM32CubeIDE/STM32CubeIDE_1.18.0/STM32CubeIDE/plugins/com.st.stm32cube.ide.mcu.externaltools.gnu-tools-for-stm32.13.3.rel1.win32_1.0.0.202411081344/tools/bin/../lib/gcc/arm-none-eabi/13.3.1/thumb/v7e-m+fp/hard/crtbegin.o

.rodata         0x080034fc       0x24
                0x080034fc                        . = ALIGN (0x4)
 *(.rodata)
 *(.rodata*)
 .rodata.ANGLEZ_ZERO
                0x080034fc        0x3 ./Core/Src/WT61.o
 *fill*         0x080034ff        0x1 
 .rodata.AHBPrescTable
                0x08003500       0x10 ./Core/Src/system_stm32f4xx.o
                0x08003500                AHBPrescTable
 .rodata.APBPrescTable
                0x08003510        0x8 ./Core/Src/system_stm32f4xx.o
                0x08003510                APBPrescTable
 .rodata.flagBitshiftOffset.0
                0x08003518        0x8 ./Drivers/STM32F4xx_HAL_Driver/Src/stm32f4xx_hal_dma.o
                0x08003520                        . = ALIGN (0x4)

.ARM.extab      0x08003520        0x0
                0x08003520                        . = ALIGN (0x4)
 *(.ARM.extab* .gnu.linkonce.armextab.*)
                0x08003520                        . = ALIGN (0x4)

.ARM            0x08003520        0x8
                0x08003520                        . = ALIGN (0x4)
                0x08003520                        __exidx_start = .
 *(.ARM.exidx*)
 .ARM.exidx     0x08003520        0x8 D:/Mechatronics/STM32CubeIDE/STM32CubeIDE_1.18.0/STM32CubeIDE/plugins/com.st.stm32cube.ide.mcu.externaltools.gnu-tools-for-stm32.13.3.rel1.win32_1.0.0.202411081344/tools/bin/../lib/gcc/arm-none-eabi/13.3.1/thumb/v7e-m+fp/hard\libgcc.a(_udivmoddi4.o)
                0x08003528                        __exidx_end = .
                0x08003528                        . = ALIGN (0x4)

.preinit_array  0x08003528        0x0
                0x08003528                        . = ALIGN (0x4)
                0x08003528                        PROVIDE (__preinit_array_start = .)
 *(.preinit_array*)
                0x08003528                        PROVIDE (__preinit_array_end = .)
                0x08003528                        . = ALIGN (0x4)

.init_array     0x08003528        0x4
                0x08003528                        . = ALIGN (0x4)
                0x08003528                        PROVIDE (__init_array_start = .)
 *(SORT_BY_NAME(.init_array.*))
 *(.init_array*)
 .init_array    0x08003528        0x4 D:/Mechatronics/STM32CubeIDE/STM32CubeIDE_1.18.0/STM32CubeIDE/plugins/com.st.stm32cube.ide.mcu.externaltools.gnu-tools-for-stm32.13.3.rel1.win32_1.0.0.202411081344/tools/bin/../lib/gcc/arm-none-eabi/13.3.1/thumb/v7e-m+fp/hard/crtbegin.o
                0x0800352c                        PROVIDE (__init_array_end = .)
                0x0800352c                        . = ALIGN (0x4)

.fini_array     0x0800352c        0x4
                0x0800352c                        . = ALIGN (0x4)
                [!provide]                        PROVIDE (__fini_array_start = .)
 *(SORT_BY_NAME(.fini_array.*))
 *(.fini_array*)
 .fini_array    0x0800352c        0x4 D:/Mechatronics/STM32CubeIDE/STM32CubeIDE_1.18.0/STM32CubeIDE/plugins/com.st.stm32cube.ide.mcu.externaltools.gnu-tools-for-stm32.13.3.rel1.win32_1.0.0.202411081344/tools/bin/../lib/gcc/arm-none-eabi/13.3.1/thumb/v7e-m+fp/hard/crtbegin.o
                [!provide]                        PROVIDE (__fini_array_end = .)
                0x08003530                        . = ALIGN (0x4)
                0x08003530                        _sidata = LOADADDR (.data)

.rel.dyn        0x08003530        0x0
 .rel.iplt      0x08003530        0x0 D:/Mechatronics/STM32CubeIDE/STM32CubeIDE_1.18.0/STM32CubeIDE/plugins/com.st.stm32cube.ide.mcu.externaltools.gnu-tools-for-stm32.13.3.rel1.win32_1.0.0.202411081344/tools/bin/../lib/gcc/arm-none-eabi/13.3.1/thumb/v7e-m+fp/hard/crtbegin.o

.data           0x20000000        0xc load address 0x08003530
                0x20000000                        . = ALIGN (0x4)
                0x20000000                        _sdata = .
 *(.data)
 *(.data*)
 .data.SystemCoreClock
                0x20000000        0x4 ./Core/Src/system_stm32f4xx.o
                0x20000000                SystemCoreClock
 .data.uwTickPrio
                0x20000004        0x4 ./Drivers/STM32F4xx_HAL_Driver/Src/stm32f4xx_hal.o
                0x20000004                uwTickPrio
 .data.uwTickFreq
                0x20000008        0x1 ./Drivers/STM32F4xx_HAL_Driver/Src/stm32f4xx_hal.o
                0x20000008                uwTickFreq
 *(.RamFunc)
 *(.RamFunc*)
                0x2000000c                        . = ALIGN (0x4)
 *fill*         0x20000009        0x3 
                0x2000000c                        _edata = .
                0x0800353c                        _siccmram = LOADADDR (.ccmram)

.igot.plt       0x2000000c        0x0 load address 0x0800353c
 .igot.plt      0x2000000c        0x0 D:/Mechatronics/STM32CubeIDE/STM32CubeIDE_1.18.0/STM32CubeIDE/plugins/com.st.stm32cube.ide.mcu.externaltools.gnu-tools-for-stm32.13.3.rel1.win32_1.0.0.202411081344/tools/bin/../lib/gcc/arm-none-eabi/13.3.1/thumb/v7e-m+fp/hard/crtbegin.o

.ccmram         0x10000000        0x0 load address 0x0800353c
                0x10000000                        . = ALIGN (0x4)
                0x10000000                        _sccmram = .
 *(.ccmram)
 *(.ccmram*)
                0x10000000                        . = ALIGN (0x4)
                0x10000000                        _eccmram = .
                0x10000000                        . = ALIGN (0x4)

.bss            0x20000010      0x12c
                0x20000010                        _sbss = .
                0x20000010                        __bss_start__ = _sbss
 *(.bss)
 .bss           0x20000010       0x1c D:/Mechatronics/STM32CubeIDE/STM32CubeIDE_1.18.0/STM32CubeIDE/plugins/com.st.stm32cube.ide.mcu.externaltools.gnu-tools-for-stm32.13.3.rel1.win32_1.0.0.202411081344/tools/bin/../lib/gcc/arm-none-eabi/13.3.1/thumb/v7e-m+fp/hard/crtbegin.o
 *(.bss*)
 .bss.IMU_UART  0x2000002c        0x4 ./Core/Src/WT61.o
                0x2000002c                IMU_UART
 .bss.yaw_angle
                0x20000030        0x8 ./Core/Src/WT61.o
                0x20000030                yaw_angle
 .bss.pitch_angle
                0x20000038        0x8 ./Core/Src/WT61.o
                0x20000038                pitch_angle
 .bss.roll_angle
                0x20000040        0x8 ./Core/Src/WT61.o
                0x20000040                roll_angle
 .bss.data_packet
                0x20000048       0x28 ./Core/Src/WT61.o
                0x20000048                data_packet
 .bss.check_bit
                0x20000070        0x1 ./Core/Src/WT61.o
                0x20000070                check_bit
 .bss.handle    0x20000071        0x1 ./Core/Src/WT61.o
                0x20000071                handle
 *fill*         0x20000072        0x6 
 .bss.angleZ    0x20000078        0x8 ./Core/Src/main.o
                0x20000078                angleZ
 .bss.angleX    0x20000080        0x8 ./Core/Src/main.o
                0x20000080                angleX
 .bss.angleY    0x20000088        0x8 ./Core/Src/main.o
                0x20000088                angleY
 .bss.huart2    0x20000090       0x48 ./Core/Src/main.o
                0x20000090                huart2
 .bss.hdma_usart2_rx
                0x200000d8       0x60 ./Core/Src/main.o
                0x200000d8                hdma_usart2_rx
 .bss.uwTick    0x20000138        0x4 ./Drivers/STM32F4xx_HAL_Driver/Src/stm32f4xx_hal.o
                0x20000138                uwTick
 *(COMMON)
                0x2000013c                        . = ALIGN (0x4)
                0x2000013c                        _ebss = .
                0x2000013c                        __bss_end__ = _ebss

._user_heap_stack
                0x2000013c      0x604
                0x20000140                        . = ALIGN (0x8)
 *fill*         0x2000013c        0x4 
                [!provide]                        PROVIDE (end = .)
                0x20000140                        PROVIDE (_end = .)
                0x20000340                        . = (. + _Min_Heap_Size)
 *fill*         0x20000140      0x200 
                0x20000740                        . = (. + _Min_Stack_Size)
 *fill*         0x20000340      0x400 
                0x20000740                        . = ALIGN (0x8)

/DISCARD/
 libc.a(*)
 libm.a(*)
 libgcc.a(*)

.ARM.attributes
                0x00000000       0x30
 *(.ARM.attributes)
 .ARM.attributes
                0x00000000       0x22 D:/Mechatronics/STM32CubeIDE/STM32CubeIDE_1.18.0/STM32CubeIDE/plugins/com.st.stm32cube.ide.mcu.externaltools.gnu-tools-for-stm32.13.3.rel1.win32_1.0.0.202411081344/tools/bin/../lib/gcc/arm-none-eabi/13.3.1/thumb/v7e-m+fp/hard/crti.o
 .ARM.attributes
                0x00000022       0x34 D:/Mechatronics/STM32CubeIDE/STM32CubeIDE_1.18.0/STM32CubeIDE/plugins/com.st.stm32cube.ide.mcu.externaltools.gnu-tools-for-stm32.13.3.rel1.win32_1.0.0.202411081344/tools/bin/../lib/gcc/arm-none-eabi/13.3.1/thumb/v7e-m+fp/hard/crtbegin.o
 .ARM.attributes
                0x00000056       0x34 ./Core/Src/WT61.o
 .ARM.attributes
                0x0000008a       0x34 ./Core/Src/main.o
 .ARM.attributes
                0x000000be       0x34 ./Core/Src/stm32f4xx_hal_msp.o
 .ARM.attributes
                0x000000f2       0x34 ./Core/Src/stm32f4xx_it.o
 .ARM.attributes
                0x00000126       0x34 ./Core/Src/system_stm32f4xx.o
 .ARM.attributes
                0x0000015a       0x21 ./Core/Startup/startup_stm32f407vetx.o
 .ARM.attributes
                0x0000017b       0x34 ./Drivers/STM32F4xx_HAL_Driver/Src/stm32f4xx_hal.o
 .ARM.attributes
                0x000001af       0x34 ./Drivers/STM32F4xx_HAL_Driver/Src/stm32f4xx_hal_cortex.o
 .ARM.attributes
                0x000001e3       0x34 ./Drivers/STM32F4xx_HAL_Driver/Src/stm32f4xx_hal_dma.o
 .ARM.attributes
                0x00000217       0x34 ./Drivers/STM32F4xx_HAL_Driver/Src/stm32f4xx_hal_gpio.o
 .ARM.attributes
                0x0000024b       0x34 ./Drivers/STM32F4xx_HAL_Driver/Src/stm32f4xx_hal_rcc.o
 .ARM.attributes
                0x0000027f       0x34 ./Drivers/STM32F4xx_HAL_Driver/Src/stm32f4xx_hal_uart.o
 .ARM.attributes
                0x000002b3       0x34 D:/Mechatronics/STM32CubeIDE/STM32CubeIDE_1.18.0/STM32CubeIDE/plugins/com.st.stm32cube.ide.mcu.externaltools.gnu-tools-for-stm32.13.3.rel1.win32_1.0.0.202411081344/tools/bin/../lib/gcc/arm-none-eabi/13.3.1/../../../../arm-none-eabi/lib/thumb/v7e-m+fp/hard\libc_nano.a(libc_a-memset.o)
 .ARM.attributes
                0x000002e7       0x34 D:/Mechatronics/STM32CubeIDE/STM32CubeIDE_1.18.0/STM32CubeIDE/plugins/com.st.stm32cube.ide.mcu.externaltools.gnu-tools-for-stm32.13.3.rel1.win32_1.0.0.202411081344/tools/bin/../lib/gcc/arm-none-eabi/13.3.1/../../../../arm-none-eabi/lib/thumb/v7e-m+fp/hard\libc_nano.a(libc_a-init.o)
 .ARM.attributes
                0x0000031b       0x22 D:/Mechatronics/STM32CubeIDE/STM32CubeIDE_1.18.0/STM32CubeIDE/plugins/com.st.stm32cube.ide.mcu.externaltools.gnu-tools-for-stm32.13.3.rel1.win32_1.0.0.202411081344/tools/bin/../lib/gcc/arm-none-eabi/13.3.1/thumb/v7e-m+fp/hard\libgcc.a(_arm_addsubdf3.o)
 .ARM.attributes
                0x0000033d       0x22 D:/Mechatronics/STM32CubeIDE/STM32CubeIDE_1.18.0/STM32CubeIDE/plugins/com.st.stm32cube.ide.mcu.externaltools.gnu-tools-for-stm32.13.3.rel1.win32_1.0.0.202411081344/tools/bin/../lib/gcc/arm-none-eabi/13.3.1/thumb/v7e-m+fp/hard\libgcc.a(_aeabi_uldivmod.o)
 .ARM.attributes
                0x0000035f       0x34 D:/Mechatronics/STM32CubeIDE/STM32CubeIDE_1.18.0/STM32CubeIDE/plugins/com.st.stm32cube.ide.mcu.externaltools.gnu-tools-for-stm32.13.3.rel1.win32_1.0.0.202411081344/tools/bin/../lib/gcc/arm-none-eabi/13.3.1/thumb/v7e-m+fp/hard\libgcc.a(_udivmoddi4.o)
 .ARM.attributes
                0x00000393       0x22 D:/Mechatronics/STM32CubeIDE/STM32CubeIDE_1.18.0/STM32CubeIDE/plugins/com.st.stm32cube.ide.mcu.externaltools.gnu-tools-for-stm32.13.3.rel1.win32_1.0.0.202411081344/tools/bin/../lib/gcc/arm-none-eabi/13.3.1/thumb/v7e-m+fp/hard\libgcc.a(_dvmd_tls.o)
 .ARM.attributes
                0x000003b5       0x22 D:/Mechatronics/STM32CubeIDE/STM32CubeIDE_1.18.0/STM32CubeIDE/plugins/com.st.stm32cube.ide.mcu.externaltools.gnu-tools-for-stm32.13.3.rel1.win32_1.0.0.202411081344/tools/bin/../lib/gcc/arm-none-eabi/13.3.1/thumb/v7e-m+fp/hard/crtn.o
OUTPUT(wit-liked-imu.elf elf32-littlearm)
LOAD linker stubs
LOAD D:/Mechatronics/STM32CubeIDE/STM32CubeIDE_1.18.0/STM32CubeIDE/plugins/com.st.stm32cube.ide.mcu.externaltools.gnu-tools-for-stm32.13.3.rel1.win32_1.0.0.202411081344/tools/bin/../lib/gcc/arm-none-eabi/13.3.1/../../../../arm-none-eabi/lib/thumb/v7e-m+fp/hard\libc.a
LOAD D:/Mechatronics/STM32CubeIDE/STM32CubeIDE_1.18.0/STM32CubeIDE/plugins/com.st.stm32cube.ide.mcu.externaltools.gnu-tools-for-stm32.13.3.rel1.win32_1.0.0.202411081344/tools/bin/../lib/gcc/arm-none-eabi/13.3.1/../../../../arm-none-eabi/lib/thumb/v7e-m+fp/hard\libm.a
LOAD D:/Mechatronics/STM32CubeIDE/STM32CubeIDE_1.18.0/STM32CubeIDE/plugins/com.st.stm32cube.ide.mcu.externaltools.gnu-tools-for-stm32.13.3.rel1.win32_1.0.0.202411081344/tools/bin/../lib/gcc/arm-none-eabi/13.3.1/thumb/v7e-m+fp/hard\libgcc.a

.debug_info     0x00000000     0x867b
 .debug_info    0x00000000      0x861 ./Core/Src/WT61.o
 .debug_info    0x00000861      0xd60 ./Core/Src/main.o
 .debug_info    0x000015c1      0x957 ./Core/Src/stm32f4xx_hal_msp.o
 .debug_info    0x00001f18      0x3a9 ./Core/Src/stm32f4xx_it.o
 .debug_info    0x000022c1      0x512 ./Core/Src/system_stm32f4xx.o
 .debug_info    0x000027d3       0x30 ./Core/Startup/startup_stm32f407vetx.o
 .debug_info    0x00002803      0x944 ./Drivers/STM32F4xx_HAL_Driver/Src/stm32f4xx_hal.o
 .debug_info    0x00003147      0xd8c ./Drivers/STM32F4xx_HAL_Driver/Src/stm32f4xx_hal_cortex.o
 .debug_info    0x00003ed3      0x8e7 ./Drivers/STM32F4xx_HAL_Driver/Src/stm32f4xx_hal_dma.o
 .debug_info    0x000047ba      0x6c3 ./Drivers/STM32F4xx_HAL_Driver/Src/stm32f4xx_hal_gpio.o
 .debug_info    0x00004e7d      0x8af ./Drivers/STM32F4xx_HAL_Driver/Src/stm32f4xx_hal_rcc.o
 .debug_info    0x0000572c     0x2f4f ./Drivers/STM32F4xx_HAL_Driver/Src/stm32f4xx_hal_uart.o

.debug_abbrev   0x00000000     0x187b
 .debug_abbrev  0x00000000      0x20e ./Core/Src/WT61.o
 .debug_abbrev  0x0000020e      0x2ac ./Core/Src/main.o
 .debug_abbrev  0x000004ba      0x1ec ./Core/Src/stm32f4xx_hal_msp.o
 .debug_abbrev  0x000006a6      0x169 ./Core/Src/stm32f4xx_it.o
 .debug_abbrev  0x0000080f      0x11a ./Core/Src/system_stm32f4xx.o
 .debug_abbrev  0x00000929       0x24 ./Core/Startup/startup_stm32f407vetx.o
 .debug_abbrev  0x0000094d      0x214 ./Drivers/STM32F4xx_HAL_Driver/Src/stm32f4xx_hal.o
 .debug_abbrev  0x00000b61      0x31d ./Drivers/STM32F4xx_HAL_Driver/Src/stm32f4xx_hal_cortex.o
 .debug_abbrev  0x00000e7e      0x264 ./Drivers/STM32F4xx_HAL_Driver/Src/stm32f4xx_hal_dma.o
 .debug_abbrev  0x000010e2      0x1d4 ./Drivers/STM32F4xx_HAL_Driver/Src/stm32f4xx_hal_gpio.o
 .debug_abbrev  0x000012b6      0x2b7 ./Drivers/STM32F4xx_HAL_Driver/Src/stm32f4xx_hal_rcc.o
 .debug_abbrev  0x0000156d      0x30e ./Drivers/STM32F4xx_HAL_Driver/Src/stm32f4xx_hal_uart.o

.debug_aranges  0x00000000      0x738
 .debug_aranges
                0x00000000       0x70 ./Core/Src/WT61.o
 .debug_aranges
                0x00000070       0x48 ./Core/Src/main.o
 .debug_aranges
                0x000000b8       0x30 ./Core/Src/stm32f4xx_hal_msp.o
 .debug_aranges
                0x000000e8       0x68 ./Core/Src/stm32f4xx_it.o
 .debug_aranges
                0x00000150       0x28 ./Core/Src/system_stm32f4xx.o
 .debug_aranges
                0x00000178       0x28 ./Core/Startup/startup_stm32f407vetx.o
 .debug_aranges
                0x000001a0       0xf0 ./Drivers/STM32F4xx_HAL_Driver/Src/stm32f4xx_hal.o
 .debug_aranges
                0x00000290      0x130 ./Drivers/STM32F4xx_HAL_Driver/Src/stm32f4xx_hal_cortex.o
 .debug_aranges
                0x000003c0       0x90 ./Drivers/STM32F4xx_HAL_Driver/Src/stm32f4xx_hal_dma.o
 .debug_aranges
                0x00000450       0x58 ./Drivers/STM32F4xx_HAL_Driver/Src/stm32f4xx_hal_gpio.o
 .debug_aranges
                0x000004a8       0x88 ./Drivers/STM32F4xx_HAL_Driver/Src/stm32f4xx_hal_rcc.o
 .debug_aranges
                0x00000530      0x208 ./Drivers/STM32F4xx_HAL_Driver/Src/stm32f4xx_hal_uart.o

.debug_rnglists
                0x00000000      0x57f
 .debug_rnglists
                0x00000000       0x51 ./Core/Src/WT61.o
 .debug_rnglists
                0x00000051       0x32 ./Core/Src/main.o
 .debug_rnglists
                0x00000083       0x20 ./Core/Src/stm32f4xx_hal_msp.o
 .debug_rnglists
                0x000000a3       0x49 ./Core/Src/stm32f4xx_it.o
 .debug_rnglists
                0x000000ec       0x1a ./Core/Src/system_stm32f4xx.o
 .debug_rnglists
                0x00000106       0x19 ./Core/Startup/startup_stm32f407vetx.o
 .debug_rnglists
                0x0000011f       0xaf ./Drivers/STM32F4xx_HAL_Driver/Src/stm32f4xx_hal.o
 .debug_rnglists
                0x000001ce       0xe0 ./Drivers/STM32F4xx_HAL_Driver/Src/stm32f4xx_hal_cortex.o
 .debug_rnglists
                0x000002ae       0x70 ./Drivers/STM32F4xx_HAL_Driver/Src/stm32f4xx_hal_dma.o
 .debug_rnglists
                0x0000031e       0x3f ./Drivers/STM32F4xx_HAL_Driver/Src/stm32f4xx_hal_gpio.o
 .debug_rnglists
                0x0000035d       0x66 ./Drivers/STM32F4xx_HAL_Driver/Src/stm32f4xx_hal_rcc.o
 .debug_rnglists
                0x000003c3      0x1bc ./Drivers/STM32F4xx_HAL_Driver/Src/stm32f4xx_hal_uart.o

.debug_macro    0x00000000    0x1f695
 .debug_macro   0x00000000      0x1d6 ./Core/Src/WT61.o
 .debug_macro   0x000001d6      0xad8 ./Core/Src/WT61.o
 .debug_macro   0x00000cae      0x295 ./Core/Src/WT61.o
 .debug_macro   0x00000f43       0x2e ./Core/Src/WT61.o
 .debug_macro   0x00000f71       0x2f ./Core/Src/WT61.o
 .debug_macro   0x00000fa0       0x22 ./Core/Src/WT61.o
 .debug_macro   0x00000fc2       0x8e ./Core/Src/WT61.o
 .debug_macro   0x00001050       0x51 ./Core/Src/WT61.o
 .debug_macro   0x000010a1      0x103 ./Core/Src/WT61.o
 .debug_macro   0x000011a4       0x6a ./Core/Src/WT61.o
 .debug_macro   0x0000120e      0x1df ./Core/Src/WT61.o
 .debug_macro   0x000013ed       0x1c ./Core/Src/WT61.o
 .debug_macro   0x00001409       0x22 ./Core/Src/WT61.o
 .debug_macro   0x0000142b       0xfb ./Core/Src/WT61.o
 .debug_macro   0x00001526     0x1011 ./Core/Src/WT61.o
 .debug_macro   0x00002537      0x11f ./Core/Src/WT61.o
 .debug_macro   0x00002656    0x15e97 ./Core/Src/WT61.o
 .debug_macro   0x000184ed       0x6d ./Core/Src/WT61.o
 .debug_macro   0x0001855a     0x369a ./Core/Src/WT61.o
 .debug_macro   0x0001bbf4      0x190 ./Core/Src/WT61.o
 .debug_macro   0x0001bd84       0x5c ./Core/Src/WT61.o
 .debug_macro   0x0001bde0      0x980 ./Core/Src/WT61.o
 .debug_macro   0x0001c760      0x9e9 ./Core/Src/WT61.o
 .debug_macro   0x0001d149      0x115 ./Core/Src/WT61.o
 .debug_macro   0x0001d25e      0x13e ./Core/Src/WT61.o
 .debug_macro   0x0001d39c       0xa5 ./Core/Src/WT61.o
 .debug_macro   0x0001d441      0x174 ./Core/Src/WT61.o
 .debug_macro   0x0001d5b5      0x287 ./Core/Src/WT61.o
 .debug_macro   0x0001d83c       0x5f ./Core/Src/WT61.o
 .debug_macro   0x0001d89b      0x236 ./Core/Src/WT61.o
 .debug_macro   0x0001dad1      0x12c ./Core/Src/WT61.o
 .debug_macro   0x0001dbfd      0x21e ./Core/Src/WT61.o
 .debug_macro   0x0001de1b       0x2e ./Core/Src/WT61.o
 .debug_macro   0x0001de49      0x127 ./Core/Src/WT61.o
 .debug_macro   0x0001df70       0x7e ./Core/Src/WT61.o
 .debug_macro   0x0001dfee       0x89 ./Core/Src/WT61.o
 .debug_macro   0x0001e077      0x2aa ./Core/Src/WT61.o
 .debug_macro   0x0001e321      0x12d ./Core/Src/WT61.o
 .debug_macro   0x0001e44e       0x22 ./Core/Src/WT61.o
 .debug_macro   0x0001e470       0x16 ./Core/Src/WT61.o
 .debug_macro   0x0001e486      0x1d6 ./Core/Src/main.o
 .debug_macro   0x0001e65c      0x1c4 ./Core/Src/stm32f4xx_hal_msp.o
 .debug_macro   0x0001e820      0x1ce ./Core/Src/stm32f4xx_it.o
 .debug_macro   0x0001e9ee      0x1ba ./Core/Src/system_stm32f4xx.o
 .debug_macro   0x0001eba8      0x21a ./Drivers/STM32F4xx_HAL_Driver/Src/stm32f4xx_hal.o
 .debug_macro   0x0001edc2      0x1ba ./Drivers/STM32F4xx_HAL_Driver/Src/stm32f4xx_hal_cortex.o
 .debug_macro   0x0001ef7c      0x1c0 ./Drivers/STM32F4xx_HAL_Driver/Src/stm32f4xx_hal_dma.o
 .debug_macro   0x0001f13c      0x1c0 ./Drivers/STM32F4xx_HAL_Driver/Src/stm32f4xx_hal_gpio.o
 .debug_macro   0x0001f2fc      0x1de ./Drivers/STM32F4xx_HAL_Driver/Src/stm32f4xx_hal_rcc.o
 .debug_macro   0x0001f4da      0x1bb ./Drivers/STM32F4xx_HAL_Driver/Src/stm32f4xx_hal_uart.o

.debug_line     0x00000000     0x8b3d
 .debug_line    0x00000000      0x8bd ./Core/Src/WT61.o
 .debug_line    0x000008bd      0x7fc ./Core/Src/main.o
 .debug_line    0x000010b9      0x75a ./Core/Src/stm32f4xx_hal_msp.o
 .debug_line    0x00001813      0x7a8 ./Core/Src/stm32f4xx_it.o
 .debug_line    0x00001fbb      0x766 ./Core/Src/system_stm32f4xx.o
 .debug_line    0x00002721       0x7a ./Core/Startup/startup_stm32f407vetx.o
 .debug_line    0x0000279b      0x9d3 ./Drivers/STM32F4xx_HAL_Driver/Src/stm32f4xx_hal.o
 .debug_line    0x0000316e      0xca3 ./Drivers/STM32F4xx_HAL_Driver/Src/stm32f4xx_hal_cortex.o
 .debug_line    0x00003e11      0xf3f ./Drivers/STM32F4xx_HAL_Driver/Src/stm32f4xx_hal_dma.o
 .debug_line    0x00004d50      0xb2b ./Drivers/STM32F4xx_HAL_Driver/Src/stm32f4xx_hal_gpio.o
 .debug_line    0x0000587b      0xde0 ./Drivers/STM32F4xx_HAL_Driver/Src/stm32f4xx_hal_rcc.o
 .debug_line    0x0000665b     0x24e2 ./Drivers/STM32F4xx_HAL_Driver/Src/stm32f4xx_hal_uart.o

.debug_str      0x00000000    0xbf1fd
 .debug_str     0x00000000    0xbf1fd ./Core/Src/WT61.o
                              0xbd42d (size before relaxing)
 .debug_str     0x000bf1fd    0xbdab5 ./Core/Src/main.o
 .debug_str     0x000bf1fd    0xbd3b5 ./Core/Src/stm32f4xx_hal_msp.o
 .debug_str     0x000bf1fd    0xbd045 ./Core/Src/stm32f4xx_it.o
 .debug_str     0x000bf1fd    0xbced5 ./Core/Src/system_stm32f4xx.o
 .debug_str     0x000bf1fd       0x95 ./Core/Startup/startup_stm32f407vetx.o
 .debug_str     0x000bf1fd    0xbda59 ./Drivers/STM32F4xx_HAL_Driver/Src/stm32f4xx_hal.o
 .debug_str     0x000bf1fd    0xbd7d5 ./Drivers/STM32F4xx_HAL_Driver/Src/stm32f4xx_hal_cortex.o
 .debug_str     0x000bf1fd    0xbd2ef ./Drivers/STM32F4xx_HAL_Driver/Src/stm32f4xx_hal_dma.o
 .debug_str     0x000bf1fd    0xbd050 ./Drivers/STM32F4xx_HAL_Driver/Src/stm32f4xx_hal_gpio.o
 .debug_str     0x000bf1fd    0xbd309 ./Drivers/STM32F4xx_HAL_Driver/Src/stm32f4xx_hal_rcc.o
 .debug_str     0x000bf1fd    0xbd8ea ./Drivers/STM32F4xx_HAL_Driver/Src/stm32f4xx_hal_uart.o

.comment        0x00000000       0x43
 .comment       0x00000000       0x43 ./Core/Src/WT61.o
                                 0x44 (size before relaxing)
 .comment       0x00000043       0x44 ./Core/Src/main.o
 .comment       0x00000043       0x44 ./Core/Src/stm32f4xx_hal_msp.o
 .comment       0x00000043       0x44 ./Core/Src/stm32f4xx_it.o
 .comment       0x00000043       0x44 ./Core/Src/system_stm32f4xx.o
 .comment       0x00000043       0x44 ./Drivers/STM32F4xx_HAL_Driver/Src/stm32f4xx_hal.o
 .comment       0x00000043       0x44 ./Drivers/STM32F4xx_HAL_Driver/Src/stm32f4xx_hal_cortex.o
 .comment       0x00000043       0x44 ./Drivers/STM32F4xx_HAL_Driver/Src/stm32f4xx_hal_dma.o
 .comment       0x00000043       0x44 ./Drivers/STM32F4xx_HAL_Driver/Src/stm32f4xx_hal_gpio.o
 .comment       0x00000043       0x44 ./Drivers/STM32F4xx_HAL_Driver/Src/stm32f4xx_hal_rcc.o
 .comment       0x00000043       0x44 ./Drivers/STM32F4xx_HAL_Driver/Src/stm32f4xx_hal_uart.o

.debug_frame    0x00000000     0x1cec
 .debug_frame   0x00000000      0x16c ./Core/Src/WT61.o
 .debug_frame   0x0000016c       0xd0 ./Core/Src/main.o
 .debug_frame   0x0000023c       0x80 ./Core/Src/stm32f4xx_hal_msp.o
 .debug_frame   0x000002bc      0x120 ./Core/Src/stm32f4xx_it.o
 .debug_frame   0x000003dc       0x58 ./Core/Src/system_stm32f4xx.o
 .debug_frame   0x00000434      0x374 ./Drivers/STM32F4xx_HAL_Driver/Src/stm32f4xx_hal.o
 .debug_frame   0x000007a8      0x508 ./Drivers/STM32F4xx_HAL_Driver/Src/stm32f4xx_hal_cortex.o
 .debug_frame   0x00000cb0      0x250 ./Drivers/STM32F4xx_HAL_Driver/Src/stm32f4xx_hal_dma.o
 .debug_frame   0x00000f00      0x14c ./Drivers/STM32F4xx_HAL_Driver/Src/stm32f4xx_hal_gpio.o
 .debug_frame   0x0000104c      0x1f4 ./Drivers/STM32F4xx_HAL_Driver/Src/stm32f4xx_hal_rcc.o
 .debug_frame   0x00001240      0x954 ./Drivers/STM32F4xx_HAL_Driver/Src/stm32f4xx_hal_uart.o
 .debug_frame   0x00001b94       0x20 D:/Mechatronics/STM32CubeIDE/STM32CubeIDE_1.18.0/STM32CubeIDE/plugins/com.st.stm32cube.ide.mcu.externaltools.gnu-tools-for-stm32.13.3.rel1.win32_1.0.0.202411081344/tools/bin/../lib/gcc/arm-none-eabi/13.3.1/../../../../arm-none-eabi/lib/thumb/v7e-m+fp/hard\libc_nano.a(libc_a-memset.o)
 .debug_frame   0x00001bb4       0x2c D:/Mechatronics/STM32CubeIDE/STM32CubeIDE_1.18.0/STM32CubeIDE/plugins/com.st.stm32cube.ide.mcu.externaltools.gnu-tools-for-stm32.13.3.rel1.win32_1.0.0.202411081344/tools/bin/../lib/gcc/arm-none-eabi/13.3.1/../../../../arm-none-eabi/lib/thumb/v7e-m+fp/hard\libc_nano.a(libc_a-init.o)
 .debug_frame   0x00001be0       0xac D:/Mechatronics/STM32CubeIDE/STM32CubeIDE_1.18.0/STM32CubeIDE/plugins/com.st.stm32cube.ide.mcu.externaltools.gnu-tools-for-stm32.13.3.rel1.win32_1.0.0.202411081344/tools/bin/../lib/gcc/arm-none-eabi/13.3.1/thumb/v7e-m+fp/hard\libgcc.a(_arm_addsubdf3.o)
 .debug_frame   0x00001c8c       0x2c D:/Mechatronics/STM32CubeIDE/STM32CubeIDE_1.18.0/STM32CubeIDE/plugins/com.st.stm32cube.ide.mcu.externaltools.gnu-tools-for-stm32.13.3.rel1.win32_1.0.0.202411081344/tools/bin/../lib/gcc/arm-none-eabi/13.3.1/thumb/v7e-m+fp/hard\libgcc.a(_aeabi_uldivmod.o)
 .debug_frame   0x00001cb8       0x34 D:/Mechatronics/STM32CubeIDE/STM32CubeIDE_1.18.0/STM32CubeIDE/plugins/com.st.stm32cube.ide.mcu.externaltools.gnu-tools-for-stm32.13.3.rel1.win32_1.0.0.202411081344/tools/bin/../lib/gcc/arm-none-eabi/13.3.1/thumb/v7e-m+fp/hard\libgcc.a(_udivmoddi4.o)

.debug_line_str
                0x00000000       0x79
 .debug_line_str
                0x00000000       0x79 ./Core/Startup/startup_stm32f407vetx.o
